[run] benchmark=babilong model=/home/sagemaker-user/atma/checkpoints/foveal_babilong_2k_ft/polar_lm_output_kl tasks=['qa1', 'qa2', 'qa3', 'qa4', 'qa5', 'qa6', 'qa7', 'qa8', 'qa9', 'qa10'] lengths=['0k', '1k', '2k', '4k', '8k', '16k', '32k', '64k', '128k', '256k'] samples=10 gamma_clamp=/home/sagemaker-user/atma/gamma_diagnostics/results/re_evaluation/checkpoints/base/polar/hl-256.gamma-clamp.json
You are using version 1 of 'kernels-community/causal-conv1d', but version 2 is available.

Fetching 8 files:   0%|          | 0/8 [00:00<?, ?it/s]
Fetching 8 files: 100%|██████████| 8/8 [00:00<00:00, 1489.45it/s]

Fetching 4 files:   0%|          | 0/4 [00:00<?, ?it/s]
Fetching 4 files: 100%|██████████| 4/4 [00:00<00:00, 1335.45it/s]
Applied gamma clamp to 1 layer-head target(s): [{'layer': 2, 'head': 6, 'module': 'blocks.2.attn.base.mem', 'max_final_logit': 5.910336256510415, 'max_gamma': 0.9972960560854701, 'max_half_life_tokens': 256.00000000000006}]
[babilong] prompts = builtin-v1
[babilong] held-out rows = [90, 100); dataset = RMT-team/babilong@ee0d588794c7ac098062ee0d247c733d62e94fe2
[babilong]  qa1 @   0k: acc=60.0% (n=10)
[babilong]  qa2 @   0k: acc=80.0% (n=10)
[babilong]  qa3 @   0k: acc=30.0% (n=10)
[babilong]  qa4 @   0k: acc=80.0% (n=10)
[babilong]  qa5 @   0k: acc=70.0% (n=10)
[babilong]  qa6 @   0k: acc=40.0% (n=10)
[babilong]  qa7 @   0k: acc=90.0% (n=10)
[babilong]  qa8 @   0k: acc=10.0% (n=10)
[babilong]  qa9 @   0k: acc=80.0% (n=10)
[babilong] qa10 @   0k: acc=30.0% (n=10)
[babilong]  qa1 @   1k: acc=50.0% (n=10)
[babilong]  qa2 @   1k: acc=60.0% (n=10)
[babilong]  qa3 @   1k: acc=40.0% (n=10)
[babilong]  qa4 @   1k: acc=80.0% (n=10)
[babilong]  qa5 @   1k: acc=40.0% (n=10)
[babilong]  qa6 @   1k: acc=40.0% (n=10)
[babilong]  qa7 @   1k: acc=90.0% (n=10)
[babilong]  qa8 @   1k: acc=10.0% (n=10)
[babilong]  qa9 @   1k: acc=80.0% (n=10)
[babilong] qa10 @   1k: acc=30.0% (n=10)
[babilong]  qa1 @   2k: acc=60.0% (n=10)
[babilong]  qa2 @   2k: acc=60.0% (n=10)
[babilong]  qa3 @   2k: acc=30.0% (n=10)
[babilong]  qa4 @   2k: acc=90.0% (n=10)
[babilong]  qa5 @   2k: acc=60.0% (n=10)
[babilong]  qa6 @   2k: acc=40.0% (n=10)
[babilong]  qa7 @   2k: acc=90.0% (n=10)
[babilong]  qa8 @   2k: acc=10.0% (n=10)
[babilong]  qa9 @   2k: acc=80.0% (n=10)
[babilong] qa10 @   2k: acc=30.0% (n=10)
[babilong]  qa1 @   4k: acc=60.0% (n=10)
[babilong]  qa2 @   4k: acc=40.0% (n=10)
[babilong]  qa3 @   4k: acc=30.0% (n=10)
[babilong]  qa4 @   4k: acc=60.0% (n=10)
[babilong]  qa5 @   4k: acc=70.0% (n=10)
[babilong]  qa6 @   4k: acc=40.0% (n=10)
[babilong]  qa7 @   4k: acc=90.0% (n=10)
[babilong]  qa8 @   4k: acc=0.0% (n=10)
[babilong]  qa9 @   4k: acc=80.0% (n=10)
[babilong] qa10 @   4k: acc=30.0% (n=10)
[babilong]  qa1 @   8k: acc=60.0% (n=10)
[babilong]  qa2 @   8k: acc=60.0% (n=10)
[babilong]  qa3 @   8k: acc=30.0% (n=10)
[babilong]  qa4 @   8k: acc=70.0% (n=10)
[babilong]  qa5 @   8k: acc=70.0% (n=10)
[babilong]  qa6 @   8k: acc=40.0% (n=10)
[babilong]  qa7 @   8k: acc=90.0% (n=10)
[babilong]  qa8 @   8k: acc=0.0% (n=10)
[babilong]  qa9 @   8k: acc=80.0% (n=10)
[babilong] qa10 @   8k: acc=30.0% (n=10)
[babilong]  qa1 @  16k: acc=50.0% (n=10)
[babilong]  qa2 @  16k: acc=50.0% (n=10)
[babilong]  qa3 @  16k: acc=30.0% (n=10)
[babilong]  qa4 @  16k: acc=50.0% (n=10)
[babilong]  qa5 @  16k: acc=30.0% (n=10)
[babilong]  qa6 @  16k: acc=40.0% (n=10)
[babilong]  qa7 @  16k: acc=90.0% (n=10)
[babilong]  qa8 @  16k: acc=10.0% (n=10)
[babilong]  qa9 @  16k: acc=80.0% (n=10)
[babilong] qa10 @  16k: acc=30.0% (n=10)
[babilong]  qa1 @  32k: acc=40.0% (n=10)
[babilong]  qa2 @  32k: acc=30.0% (n=10)
[babilong]  qa3 @  32k: acc=30.0% (n=10)
[babilong]  qa4 @  32k: acc=40.0% (n=10)
[babilong]  qa5 @  32k: acc=30.0% (n=10)
[babilong]  qa6 @  32k: acc=40.0% (n=10)
[babilong]  qa7 @  32k: acc=90.0% (n=10)
[babilong]  qa8 @  32k: acc=40.0% (n=10)
[babilong]  qa9 @  32k: acc=80.0% (n=10)
[babilong] qa10 @  32k: acc=30.0% (n=10)
[babilong]  qa1 @  64k: acc=40.0% (n=10)
[babilong]  qa2 @  64k: acc=20.0% (n=10)
[babilong]  qa3 @  64k: acc=30.0% (n=10)
[babilong]  qa4 @  64k: acc=30.0% (n=10)
[babilong]  qa5 @  64k: acc=10.0% (n=10)
[babilong]  qa6 @  64k: acc=30.0% (n=10)
[babilong]  qa7 @  64k: acc=90.0% (n=10)
[babilong]  qa8 @  64k: acc=40.0% (n=10)
[babilong]  qa9 @  64k: acc=80.0% (n=10)
[babilong] qa10 @  64k: acc=30.0% (n=10)
[babilong]  qa1 @ 128k: acc=20.0% (n=10)
[babilong]  qa2 @ 128k: acc=20.0% (n=10)
[babilong]  qa3 @ 128k: acc=40.0% (n=10)
[babilong]  qa4 @ 128k: acc=20.0% (n=10)
[babilong]  qa5 @ 128k: acc=10.0% (n=10)
[babilong]  qa6 @ 128k: acc=40.0% (n=10)
[babilong]  qa7 @ 128k: acc=90.0% (n=10)
[babilong]  qa8 @ 128k: acc=40.0% (n=10)
[babilong]  qa9 @ 128k: acc=80.0% (n=10)
[babilong] qa10 @ 128k: acc=30.0% (n=10)
[babilong]  qa1 @ 256k: acc=40.0% (n=10)
[babilong]  qa2 @ 256k: acc=40.0% (n=10)
[babilong]  qa3 @ 256k: acc=20.0% (n=10)
[babilong]  qa4 @ 256k: acc=0.0% (n=10)
[babilong]  qa5 @ 256k: acc=0.0% (n=10)
[babilong]  qa6 @ 256k: acc=40.0% (n=10)
[babilong]  qa7 @ 256k: acc=90.0% (n=10)
[babilong]  qa8 @ 256k: acc=40.0% (n=10)
[babilong]  qa9 @ 256k: acc=80.0% (n=10)
[babilong] qa10 @ 256k: acc=30.0% (n=10)
[run] done in 1176.7s -> /home/sagemaker-user/atma/benchmarks/logs/foveal_cpt_clamped/babilong_babilong_direct_ft_polar_lm_output_kl_13cb70f4ef.log
