[run] benchmark=longdoc model=/home/sagemaker-user/.cache/huggingface/hub/models--ChavyvAkvar--atma-foveal-cpt-all/snapshots/e4cf2558793646c26d9e5a6c6eeadb4e1011cad3/nope/lm_output_kl/cpt tasks=[] lengths=['2k', '4k', '8k', '16k', '32k', '64k', '128k', '256k'] samples=100 gamma_clamp=/home/sagemaker-user/atma/gamma_diagnostics/results/re_evaluation/checkpoints/base/nope/hl-256.gamma-clamp.json
[longdoc] selected 1/4 from emozilla/pg19 after scanning 22 rows
[longdoc] selected 2/4 from emozilla/pg19 after scanning 38 rows
[longdoc] selected 3/4 from emozilla/pg19 after scanning 62 rows
[longdoc] selected 4/4 from emozilla/pg19 after scanning 81 rows
[longdoc]       pg19 context=   2k docs=4 nll=3.1335 bpb=1.1244
[longdoc]       pg19 context=   4k docs=4 nll=3.1227 bpb=1.1205
[longdoc]       pg19 context=   8k docs=4 nll=3.1206 bpb=1.1198
[longdoc]       pg19 context=  16k docs=4 nll=3.1101 bpb=1.1160
[longdoc]       pg19 context=  32k docs=4 nll=3.1297 bpb=1.1231
[longdoc]       pg19 context=  64k docs=4 nll=3.1325 bpb=1.1241
[longdoc]       pg19 context= 128k docs=4 nll=3.1330 bpb=1.1242
[longdoc]       pg19 context= 256k docs=4 nll=3.1283 bpb=1.1226
[longdoc] selected 1/4 from hoskinson-center/proof-pile after scanning 20081 rows
[longdoc] selected 2/4 from hoskinson-center/proof-pile after scanning 22803 rows
[longdoc] selected 3/4 from hoskinson-center/proof-pile after scanning 32629 rows
[longdoc] selected 4/4 from hoskinson-center/proof-pile after scanning 41384 rows
[longdoc] proof_pile context=   2k docs=4 nll=4.3526 bpb=2.3281
[longdoc] proof_pile context=   4k docs=4 nll=4.3638 bpb=2.3341
[longdoc] proof_pile context=   8k docs=4 nll=4.4032 bpb=2.3551
[longdoc] proof_pile context=  16k docs=4 nll=4.3230 bpb=2.3122
[longdoc] proof_pile context=  32k docs=4 nll=4.2714 bpb=2.2847
[longdoc] proof_pile context=  64k docs=4 nll=4.2846 bpb=2.2917
[longdoc] proof_pile context= 128k docs=4 nll=4.2397 bpb=2.2677
[longdoc] proof_pile context= 256k docs=4 nll=4.2942 bpb=2.2969
[longdoc] selected 1/4 from codelion/finepdfs-1B after scanning 1798 rows
[longdoc] selected 2/4 from codelion/finepdfs-1B after scanning 5936 rows
[longdoc] selected 3/4 from codelion/finepdfs-1B after scanning 8638 rows
[longdoc] selected 4/4 from codelion/finepdfs-1B after scanning 16812 rows
[longdoc]   finepdfs context=   2k docs=4 nll=1.0448 bpb=0.8805
[longdoc]   finepdfs context=   4k docs=4 nll=0.9993 bpb=0.8421
[longdoc]   finepdfs context=   8k docs=4 nll=0.9828 bpb=0.8282
[longdoc]   finepdfs context=  16k docs=4 nll=1.0401 bpb=0.8765
[longdoc]   finepdfs context=  32k docs=4 nll=1.0800 bpb=0.9102
[longdoc]   finepdfs context=  64k docs=4 nll=1.0628 bpb=0.8957
[longdoc]   finepdfs context= 128k docs=4 nll=1.0759 bpb=0.9067
[longdoc]   finepdfs context= 256k docs=4 nll=1.1295 bpb=0.9519

===LONGDOC_RESULTS_JSON===
{"benchmark": "longdoc", "protocol": "fixed-target-v1", "datasets": ["pg19", "proof_pile", "finepdfs"], "lengths": ["2k", "4k", "8k", "16k", "32k", "64k", "128k", "256k"], "target_tokens": 256, "requested_documents": 4, "dataset_revisions": {}, "results": {"pg19": {"dataset_id": "emozilla/pg19", "dataset_revision": null, "documents": 4, "scanned_rows": 81, "target_tokens_per_document": 256, "document_token_hashes": ["00bde9c6582a7e9886d4ed5082ad3ef42a9067ba6a03a90e986e4e7cdb19b7c9", "fc1130cc9d6c3c91c8fe1cf7a9b0d947e43f6b74ef26627d2bf6daddaade5e06", "c6123705c6272d4b956a15ecfcee7c87a4367dd13753d459c14a7a5e1e001c46", "1230885d2d8fbfb600ca80a93518251e079a90864361d70aff18aaa938389218"], "lengths": {"2k": {"documents": 4, "nll_nats_per_token": 3.1334518790245056, "perplexity": 22.95307418666454, "bits_per_byte": 1.124389181057675, "target_tokens": 1024, "target_bytes": 4117, "oom": false, "error": null}, "4k": {"documents": 4, "nll_nats_per_token": 3.1227232813835144, "perplexity": 22.708136159280095, "bits_per_byte": 1.1205393950768519, "target_tokens": 1024, "target_bytes": 4117, "oom": false, "error": null}, "8k": {"documents": 4, "nll_nats_per_token": 3.1205589175224304, "perplexity": 22.659040639474323, "bits_per_byte": 1.1197627476594891, "target_tokens": 1024, "target_bytes": 4117, "oom": false, "error": null}, "16k": {"documents": 4, "nll_nats_per_token": 3.1100816130638123, "perplexity": 22.422874325545628, "bits_per_byte": 1.1160031342252514, "target_tokens": 1024, "target_bytes": 4117, "oom": false, "error": null}, "32k": {"documents": 4, "nll_nats_per_token": 3.1297220587730408, "perplexity": 22.867622803942115, "bits_per_byte": 1.1230507946072206, "target_tokens": 1024, "target_bytes": 4117, "oom": false, "error": null}, "64k": {"documents": 4, "nll_nats_per_token": 3.1325212717056274, "perplexity": 22.931723823778498, "bits_per_byte": 1.124055247478492, "target_tokens": 1024, "target_bytes": 4117, "oom": false, "error": null}, "128k": {"documents": 4, "nll_nats_per_token": 3.13299959897995, "perplexity": 22.94269531650356, "bits_per_byte": 1.1242268875843615, "target_tokens": 1024, "target_bytes": 4117, "oom": false, "error": null}, "256k": {"documents": 4, "nll_nats_per_token": 3.12833571434021, "perplexity": 22.835942367448197, "bits_per_byte": 1.1225533270405639, "target_tokens": 1024, "target_bytes": 4117, "oom": false, "error": null}}}, "proof_pile": {"dataset_id": "hoskinson-center/proof-pile", "dataset_revision": null, "documents": 4, "scanned_rows": 41384, "target_tokens_per_document": 256, "document_token_hashes": ["f2025b1137849b4f6f83bd0f43405d7ccde08c4b5ce269351b5382b5b0592a33", "eca3e0e6c4c17034d268b7575d0debc6400bf869da07497f8f842fd52f037df6", "7caaf24aabf5d7d9fd41588a53f4f8da14ad7bf57265a16f95ae8dd4830f794f", "804a0a67afb3c893131fe0e63ccc52dc3fe6f99b7454e61f5446584c083fe433"], "lengths": {"2k": {"documents": 4, "nll_nats_per_token": 4.35260933637619, "perplexity": 77.6808942878453, "bits_per_byte": 2.3280939950127943, "target_tokens": 1024, "target_bytes": 2762, "oom": false, "error": null}, "4k": {"documents": 4, "nll_nats_per_token": 4.363813936710358, "perplexity": 78.55617207375849, "bits_per_byte": 2.3340870352189276, "target_tokens": 1024, "target_bytes": 2762, "oom": false, "error": null}, "8k": {"documents": 4, "nll_nats_per_token": 4.403189301490784, "perplexity": 81.71105472718168, "bits_per_byte": 2.355147861774308, "target_tokens": 1024, "target_bytes": 2762, "oom": false, "error": null}, "16k": {"documents": 4, "nll_nats_per_token": 4.322963058948517, "perplexity": 75.41174702364435, "bits_per_byte": 2.3122369963437355, "target_tokens": 1024, "target_bytes": 2762, "oom": false, "error": null}, "32k": {"documents": 4, "nll_nats_per_token": 4.271409869194031, "perplexity": 71.6225428862944, "bits_per_byte": 2.2846625778246827, "target_tokens": 1024, "target_bytes": 2762, "oom": false, "error": null}, "64k": {"documents": 4, "nll_nats_per_token": 4.284581422805786, "perplexity": 72.57216330880073, "bits_per_byte": 2.2917076885843923, "target_tokens": 1024, "target_bytes": 2762, "oom": false, "error": null}, "128k": {"documents": 4, "nll_nats_per_token": 4.239674985408783, "perplexity": 69.38529693969676, "bits_per_byte": 2.267688439632355, "target_tokens": 1024, "target_bytes": 2762, "oom": false, "error": null}, "256k": {"documents": 4, "nll_nats_per_token": 4.2942105531692505, "perplexity": 73.27434540600876, "bits_per_byte": 2.296858052158037, "target_tokens": 1024, "target_bytes": 2762, "oom": false, "error": null}}}, "finepdfs": {"dataset_id": "codelion/finepdfs-1B", "dataset_revision": null, "documents": 4, "scanned_rows": 16812, "target_tokens_per_document": 256, "document_token_hashes": ["22ad71e8536f2a4321ee782009fd1dc0fdd96a19958e129482bd486d375c6472", "d68f724500709050f5fdaf240abbd19cc71ca4edded7327decc742ea7aaa5593", "5dfc8640c79548c3f73221157074496c2c2622417810e51873f144b45aa6e264", "342c47ea005d6e5e23de811fd5e77bf39c0101ee9ae026db9dee6f088a13a3c4"], "lengths": {"2k": {"documents": 4, "nll_nats_per_token": 1.0448005348443985, "perplexity": 2.842831421283273, "bits_per_byte": 0.8804931178244529, "target_tokens": 1024, "target_bytes": 1753, "oom": false, "error": null}, "4k": {"documents": 4, "nll_nats_per_token": 0.9992516487836838, "perplexity": 2.7162483599156566, "bits_per_byte": 0.8421073404789212, "target_tokens": 1024, "target_bytes": 1753, "oom": false, "error": null}, "8k": {"documents": 4, "nll_nats_per_token": 0.982795238494873, "perplexity": 2.6719144514658244, "bits_per_byte": 0.8282388981110665, "target_tokens": 1024, "target_bytes": 1753, "oom": false, "error": null}, "16k": {"documents": 4, "nll_nats_per_token": 1.0400734543800354, "perplexity": 2.8294248403661064, "bits_per_byte": 0.8765094274668537, "target_tokens": 1024, "target_bytes": 1753, "oom": false, "error": null}, "32k": {"documents": 4, "nll_nats_per_token": 1.0800383388996124, "perplexity": 2.9447924490034003, "bits_per_byte": 0.91018935449654, "target_tokens": 1024, "target_bytes": 1753, "oom": false, "error": null}, "64k": {"documents": 4, "nll_nats_per_token": 1.0628298968076706, "perplexity": 2.894550689711526, "bits_per_byte": 0.8956871463476019, "target_tokens": 1024, "target_bytes": 1753, "oom": false, "error": null}, "128k": {"documents": 4, "nll_nats_per_token": 1.075885534286499, "perplexity": 2.932588658853192, "bits_per_byte": 0.9066896282238496, "target_tokens": 1024, "target_bytes": 1753, "oom": false, "error": null}, "256k": {"documents": 4, "nll_nats_per_token": 1.1295471787452698, "perplexity": 3.094255038393888, "bits_per_byte": 0.9519123353926654, "target_tokens": 1024, "target_bytes": 1753, "oom": false, "error": null}}}}, "elapsed_s": 178.4, "model_config": {"vocab_size": 50304, "num_hidden_layers": 16, "hidden_size": 1024, "head_dim": 128, "attn_kernel_size": 4, "conv_kernel_size": 3, "max_position_embeddings": 2048, "rms_norm_eps": 1e-06, "dtype": "torch.bfloat16", "tie_word_embeddings": false, "num_random_keys": 0, "attn_online": false, "attn_k_block": 512, "attn_kernel": "triton", "attn_type": "nope", "polar_variant": "full", "wall_gate_bias": null, "attn_window": 512, "mem_enabled": true, "mem_chunk": 128, "mem_gamma_bias": 3.9, "mem_beta_bias": 0.0, "mem_kernel": "auto", "is_foveal": true, "foveal_config": {"checkpoint": "ChavyvAkvar/atma-10b-L40S-mbs16-nope__reg-baseline__distr-0__mem-1__win-0", "train_glob": "finewebedu10B/finewebedu_train_*.bin", "output_dir": "foveal_cpt/output/nope/lm_output_kl", "hf_cache": null, "dataset_repo": "kjj0/finewebedu10B-gpt2", "dataset_train_template": "finewebedu_train_{index:06d}.bin", "dataset_validation_file": "finewebedu_val_000000.bin", "auto_download_data": true, "adaptation_mode": "lm_output_kl", "sequence_length": 32768, "batch_tokens": 524288, "microbatch_sequences": 1, "train_tokens": 1000000000, "index_dim": 16, "page_size": 64, "query_block_size": 64, "local_window": 512, "remote_capacity": 64, "top_p": 0.95, "min_remote_pages": 0, "max_remote_pages": 32, "handoff_start_tokens": 50000000, "handoff_end_tokens": 200000000, "initial_top_p": 0.98, "initial_min_remote_pages": 8, "initial_max_remote_pages": 64, "teacher_query_blocks": 4, "teacher_interval": 1, "index_loss_weight": 0.1, "teacher_mean_weight": 0.5, "activation_checkpointing": false, "compile_model": true, "flex_compile": true, "flex_kernel_options": {"BLOCK_M": 64, "BLOCK_N": 64, "PRESCALE_QK": true}, "xent_impl": "eager", "xent_token_chunk": 4096, "xent_vocab_chunk": 2048, "base_lr_scale": 0.1, "index_lr": 0.001, "weight_decay": 0.01, "cooldown_fraction": 0.7, "grad_clip": 1.0, "log_every": 10, "save_every": 250, "keep_last_checkpoints": 1, "seed": 1234, "calibration_sequence_length": 4096, "calibration_batch_tokens": 65536, "calibration_tokens": 20000000, "calibration_lr": 0.001}, "adaptation_mode": "lm_output_kl", "base_checkpoint": "ChavyvAkvar/atma-10b-L40S-mbs16-nope__reg-baseline__distr-0__mem-1__win-0", "sequence_length": 32768, "local_window": 512}}
===END===
[run] done in 178.4s -> /home/sagemaker-user/atma/benchmarks/logs/foveal_cpt_clamped/longdoc_longdoc_fixed_target_nope_lm_output_kl_13a3f3cf28.log
