[run] benchmark=longdoc model=/home/sagemaker-user/.cache/huggingface/hub/models--ChavyvAkvar--atma-foveal-cpt-all/snapshots/e4cf2558793646c26d9e5a6c6eeadb4e1011cad3/nope/lm_output_kl/cpt tasks=[] lengths=['2k', '4k', '8k', '16k', '32k', '64k', '128k', '256k'] samples=100 gamma_clamp=/home/sagemaker-user/atma/gamma_diagnostics/results/re_evaluation/checkpoints/base/nope/hl-256.gamma-clamp.json
You are using version 1 of 'kernels-community/causal-conv1d', but version 2 is available.

Fetching 8 files:   0%|          | 0/8 [00:00<?, ?it/s]
Fetching 8 files: 100%|██████████| 8/8 [00:00<00:00, 1413.71it/s]

Fetching 4 files:   0%|          | 0/4 [00:00<?, ?it/s]
Fetching 4 files: 100%|██████████| 4/4 [00:00<00:00, 1318.96it/s]

Fetching 4 files:   0%|          | 0/4 [00:00<?, ?it/s]
Fetching 4 files: 100%|██████████| 4/4 [00:00<00:00, 1330.68it/s]
Applied gamma clamp to 1 layer-head target(s): [{'layer': 2, 'head': 5, 'module': 'blocks.2.attn.base.mem', 'max_final_logit': 5.910336256510415, 'max_gamma': 0.9972960560854701, 'max_half_life_tokens': 256.00000000000006}]
[transformers] Token indices sequence length is longer than the specified maximum sequence length for this model (627620 > 262400). Running this sequence through the model will result in indexing errors
[longdoc] selected 1/4 from emozilla/pg19 after scanning 22 rows
[longdoc] selected 2/4 from emozilla/pg19 after scanning 38 rows
[longdoc] selected 3/4 from emozilla/pg19 after scanning 62 rows
[longdoc] selected 4/4 from emozilla/pg19 after scanning 81 rows
[longdoc]       pg19 context=   2k docs=4 nll=3.1335 bpb=1.1244
[longdoc]       pg19 context=   4k docs=4 nll=3.1227 bpb=1.1205
[longdoc]       pg19 context=   8k docs=4 nll=3.1206 bpb=1.1198
[longdoc]       pg19 context=  16k docs=4 nll=3.1101 bpb=1.1160
[longdoc]       pg19 context=  32k docs=4 nll=3.1297 bpb=1.1231
[longdoc]       pg19 context=  64k docs=4 nll=3.1325 bpb=1.1241
[longdoc]       pg19 context= 128k docs=4 nll=3.1330 bpb=1.1242
[longdoc]       pg19 context= 256k docs=4 nll=3.1283 bpb=1.1226
[longdoc] selected 1/4 from hoskinson-center/proof-pile after scanning 20081 rows
[longdoc] selected 2/4 from hoskinson-center/proof-pile after scanning 22803 rows
[longdoc] selected 3/4 from hoskinson-center/proof-pile after scanning 32629 rows
[longdoc] selected 4/4 from hoskinson-center/proof-pile after scanning 41384 rows
[longdoc] proof_pile context=   2k docs=4 nll=4.3526 bpb=2.3281
[longdoc] proof_pile context=   4k docs=4 nll=4.3638 bpb=2.3341
[longdoc] proof_pile context=   8k docs=4 nll=4.4032 bpb=2.3551
[longdoc] proof_pile context=  16k docs=4 nll=4.3230 bpb=2.3122
[longdoc] proof_pile context=  32k docs=4 nll=4.2714 bpb=2.2847
[longdoc] proof_pile context=  64k docs=4 nll=4.2846 bpb=2.2917
[longdoc] proof_pile context= 128k docs=4 nll=4.2397 bpb=2.2677
[longdoc] proof_pile context= 256k docs=4 nll=4.2942 bpb=2.2969
[longdoc] selected 1/4 from codelion/finepdfs-1B after scanning 1798 rows
[longdoc] selected 2/4 from codelion/finepdfs-1B after scanning 5936 rows
[longdoc] selected 3/4 from codelion/finepdfs-1B after scanning 8638 rows
[longdoc] selected 4/4 from codelion/finepdfs-1B after scanning 16812 rows
[longdoc]   finepdfs context=   2k docs=4 nll=1.0448 bpb=0.8805
[longdoc]   finepdfs context=   4k docs=4 nll=0.9993 bpb=0.8421
[longdoc]   finepdfs context=   8k docs=4 nll=0.9828 bpb=0.8282
[longdoc]   finepdfs context=  16k docs=4 nll=1.0401 bpb=0.8765
[longdoc]   finepdfs context=  32k docs=4 nll=1.0800 bpb=0.9102
[longdoc]   finepdfs context=  64k docs=4 nll=1.0628 bpb=0.8957
[longdoc]   finepdfs context= 128k docs=4 nll=1.0759 bpb=0.9067
[longdoc]   finepdfs context= 256k docs=4 nll=1.1295 bpb=0.9519
[run] done in 178.4s -> /home/sagemaker-user/atma/benchmarks/logs/foveal_cpt_clamped/longdoc_longdoc_fixed_target_nope_lm_output_kl_13a3f3cf28.log
