[run] benchmark=longdoc model=/home/sagemaker-user/.cache/huggingface/hub/models--ChavyvAkvar--atma-foveal-cpt-all/snapshots/e4cf2558793646c26d9e5a6c6eeadb4e1011cad3/polar/lm_output_kl/cpt tasks=[] lengths=['2k', '4k', '8k', '16k', '32k', '64k', '128k', '256k'] samples=100 gamma_clamp=/home/sagemaker-user/atma/gamma_diagnostics/results/re_evaluation/checkpoints/base/polar/hl-256.gamma-clamp.json
You are using version 1 of 'kernels-community/causal-conv1d', but version 2 is available.

Fetching 8 files:   0%|          | 0/8 [00:00<?, ?it/s]
Fetching 8 files: 100%|██████████| 8/8 [00:00<00:00, 1430.71it/s]

Fetching 4 files:   0%|          | 0/4 [00:00<?, ?it/s]
Fetching 4 files: 100%|██████████| 4/4 [00:00<00:00, 1395.54it/s]

Fetching 4 files:   0%|          | 0/4 [00:00<?, ?it/s]
Fetching 4 files: 100%|██████████| 4/4 [00:00<00:00, 1361.01it/s]
Applied gamma clamp to 1 layer-head target(s): [{'layer': 2, 'head': 6, 'module': 'blocks.2.attn.base.mem', 'max_final_logit': 5.910336256510415, 'max_gamma': 0.9972960560854701, 'max_half_life_tokens': 256.00000000000006}]
[transformers] Token indices sequence length is longer than the specified maximum sequence length for this model (627620 > 262400). Running this sequence through the model will result in indexing errors
[longdoc] selected 1/4 from emozilla/pg19 after scanning 22 rows
[longdoc] selected 2/4 from emozilla/pg19 after scanning 38 rows
[longdoc] selected 3/4 from emozilla/pg19 after scanning 62 rows
[longdoc] selected 4/4 from emozilla/pg19 after scanning 81 rows
[longdoc]       pg19 context=   2k docs=4 nll=3.1716 bpb=1.1381
[longdoc]       pg19 context=   4k docs=4 nll=3.1639 bpb=1.1353
[longdoc]       pg19 context=   8k docs=4 nll=3.1413 bpb=1.1272
[longdoc]       pg19 context=  16k docs=4 nll=3.1448 bpb=1.1285
[longdoc]       pg19 context=  32k docs=4 nll=3.1392 bpb=1.1264
[longdoc]       pg19 context=  64k docs=4 nll=3.1536 bpb=1.1316
[longdoc]       pg19 context= 128k docs=4 nll=3.1459 bpb=1.1289
[longdoc]       pg19 context= 256k docs=4 nll=3.1408 bpb=1.1270
[longdoc] selected 1/4 from hoskinson-center/proof-pile after scanning 20081 rows
[longdoc] selected 2/4 from hoskinson-center/proof-pile after scanning 22803 rows
[longdoc] selected 3/4 from hoskinson-center/proof-pile after scanning 32629 rows
[longdoc] selected 4/4 from hoskinson-center/proof-pile after scanning 41384 rows
[longdoc] proof_pile context=   2k docs=4 nll=4.2091 bpb=2.2514
[longdoc] proof_pile context=   4k docs=4 nll=4.2124 bpb=2.2531
[longdoc] proof_pile context=   8k docs=4 nll=4.3141 bpb=2.3075
[longdoc] proof_pile context=  16k docs=4 nll=4.2911 bpb=2.2952
[longdoc] proof_pile context=  32k docs=4 nll=4.2818 bpb=2.2902
[longdoc] proof_pile context=  64k docs=4 nll=4.2057 bpb=2.2495
[longdoc] proof_pile context= 128k docs=4 nll=4.1756 bpb=2.2334
[longdoc] proof_pile context= 256k docs=4 nll=4.1438 bpb=2.2164
[longdoc] selected 1/4 from codelion/finepdfs-1B after scanning 1798 rows
[longdoc] selected 2/4 from codelion/finepdfs-1B after scanning 5936 rows
[longdoc] selected 3/4 from codelion/finepdfs-1B after scanning 8638 rows
[longdoc] selected 4/4 from codelion/finepdfs-1B after scanning 16812 rows
[longdoc]   finepdfs context=   2k docs=4 nll=1.0546 bpb=0.8888
[longdoc]   finepdfs context=   4k docs=4 nll=1.0299 bpb=0.8680
[longdoc]   finepdfs context=   8k docs=4 nll=1.0806 bpb=0.9107
[longdoc]   finepdfs context=  16k docs=4 nll=1.1238 bpb=0.9470
[longdoc]   finepdfs context=  32k docs=4 nll=1.1314 bpb=0.9535
[longdoc]   finepdfs context=  64k docs=4 nll=1.1525 bpb=0.9712
[longdoc]   finepdfs context= 128k docs=4 nll=1.1296 bpb=0.9520
[longdoc]   finepdfs context= 256k docs=4 nll=1.1645 bpb=0.9814
[run] done in 175.0s -> /home/sagemaker-user/atma/benchmarks/logs/foveal_cpt_clamped/longdoc_longdoc_fixed_target_polar_lm_output_kl_cf561e1363.log
