[run] benchmark=retrieval model=/home/sagemaker-user/.cache/huggingface/hub/models--ChavyvAkvar--atma-foveal-cpt-all/snapshots/e4cf2558793646c26d9e5a6c6eeadb4e1011cad3/polar/lm_output_kl/cpt tasks=['passkey', 'niah'] lengths=['2k', '4k', '8k', '16k', '32k', '64k', '128k', '256k'] samples=10 gamma_clamp=/home/sagemaker-user/atma/gamma_diagnostics/results/re_evaluation/checkpoints/base/polar/hl-256.gamma-clamp.json
You are using version 1 of 'kernels-community/causal-conv1d', but version 2 is available.

Fetching 8 files:   0%|          | 0/8 [00:00<?, ?it/s]
Fetching 8 files: 100%|██████████| 8/8 [00:00<00:00, 1316.53it/s]

Fetching 4 files:   0%|          | 0/4 [00:00<?, ?it/s]
Fetching 4 files: 100%|██████████| 4/4 [00:00<00:00, 1443.70it/s]

Fetching 4 files:   0%|          | 0/4 [00:00<?, ?it/s]
Fetching 4 files: 100%|██████████| 4/4 [00:00<00:00, 1045.90it/s]
Applied gamma clamp to 1 layer-head target(s): [{'layer': 2, 'head': 6, 'module': 'blocks.2.attn.base.mem', 'max_final_logit': 5.910336256510415, 'max_gamma': 0.9972960560854701, 'max_half_life_tokens': 256.00000000000006}]
[retrieval] passkey len=  2k depth= 0.1: token_acc=100.0% exact=100.0% nll=0.1266
[retrieval] passkey len=  2k depth= 0.5: token_acc=100.0% exact=100.0% nll=0.2213
[retrieval] passkey len=  2k depth= 0.9: token_acc=96.0% exact=80.0% nll=0.2264
[retrieval] passkey len=  4k depth= 0.1: token_acc=36.0% exact=0.0% nll=2.3568
[retrieval] passkey len=  4k depth= 0.5: token_acc=92.0% exact=60.0% nll=0.5697
[retrieval] passkey len=  4k depth= 0.9: token_acc=96.0% exact=80.0% nll=0.2719
[retrieval] passkey len=  8k depth= 0.1: token_acc=0.0% exact=0.0% nll=5.5450
[retrieval] passkey len=  8k depth= 0.5: token_acc=68.0% exact=0.0% nll=2.2382
[retrieval] passkey len=  8k depth= 0.9: token_acc=20.0% exact=0.0% nll=4.1158
[retrieval] passkey len= 16k depth= 0.1: token_acc=8.0% exact=0.0% nll=4.5029
[retrieval] passkey len= 16k depth= 0.5: token_acc=0.0% exact=0.0% nll=5.4986
[retrieval] passkey len= 16k depth= 0.9: token_acc=0.0% exact=0.0% nll=5.1909
[retrieval] passkey len= 32k depth= 0.1: token_acc=0.0% exact=0.0% nll=5.4407
[retrieval] passkey len= 32k depth= 0.5: token_acc=0.0% exact=0.0% nll=5.6649
[retrieval] passkey len= 32k depth= 0.9: token_acc=26.0% exact=0.0% nll=3.6157
[retrieval] passkey len= 64k depth= 0.1: token_acc=0.0% exact=0.0% nll=6.1392
[retrieval] passkey len= 64k depth= 0.5: token_acc=0.0% exact=0.0% nll=6.1680
[retrieval] passkey len= 64k depth= 0.9: token_acc=16.0% exact=0.0% nll=5.1622
[retrieval] passkey len=128k depth= 0.1: token_acc=2.0% exact=0.0% nll=4.9785
[retrieval] passkey len=128k depth= 0.5: token_acc=0.0% exact=0.0% nll=5.2098
[retrieval] passkey len=128k depth= 0.9: token_acc=0.0% exact=0.0% nll=5.1903
[retrieval] passkey len=256k depth= 0.1: token_acc=0.0% exact=0.0% nll=5.4527
[retrieval] passkey len=256k depth= 0.5: token_acc=0.0% exact=0.0% nll=5.4704
[retrieval] passkey len=256k depth= 0.9: token_acc=0.0% exact=0.0% nll=5.4833
[retrieval]    niah len=  2k depth= 0.1: token_acc=100.0% exact=100.0% nll=0.1516
[retrieval]    niah len=  2k depth= 0.5: token_acc=100.0% exact=100.0% nll=0.2846
[retrieval]    niah len=  2k depth= 0.9: token_acc=98.0% exact=90.0% nll=0.3285
[retrieval]    niah len=  4k depth= 0.1: token_acc=76.0% exact=50.0% nll=1.4748
[retrieval]    niah len=  4k depth= 0.5: token_acc=92.0% exact=60.0% nll=0.6864
[retrieval]    niah len=  4k depth= 0.9: token_acc=100.0% exact=100.0% nll=0.1933
[retrieval]    niah len=  8k depth= 0.1: token_acc=0.0% exact=0.0% nll=4.5288
[retrieval]    niah len=  8k depth= 0.5: token_acc=10.0% exact=0.0% nll=3.6499
[retrieval]    niah len=  8k depth= 0.9: token_acc=22.0% exact=0.0% nll=3.5156
[retrieval]    niah len= 16k depth= 0.1: token_acc=2.0% exact=0.0% nll=4.9642
[retrieval]    niah len= 16k depth= 0.5: token_acc=0.0% exact=0.0% nll=5.3175
[retrieval]    niah len= 16k depth= 0.9: token_acc=2.0% exact=0.0% nll=4.3376
[retrieval]    niah len= 32k depth= 0.1: token_acc=0.0% exact=0.0% nll=5.3016
[retrieval]    niah len= 32k depth= 0.5: token_acc=0.0% exact=0.0% nll=5.3262
[retrieval]    niah len= 32k depth= 0.9: token_acc=20.0% exact=0.0% nll=2.8255
[retrieval]    niah len= 64k depth= 0.1: token_acc=0.0% exact=0.0% nll=5.9722
[retrieval]    niah len= 64k depth= 0.5: token_acc=0.0% exact=0.0% nll=5.9271
[retrieval]    niah len= 64k depth= 0.9: token_acc=0.0% exact=0.0% nll=5.9054
[retrieval]    niah len=128k depth= 0.1: token_acc=0.0% exact=0.0% nll=4.6086
[retrieval]    niah len=128k depth= 0.5: token_acc=0.0% exact=0.0% nll=4.6342
[retrieval]    niah len=128k depth= 0.9: token_acc=0.0% exact=0.0% nll=4.7132
[retrieval]    niah len=256k depth= 0.1: token_acc=0.0% exact=0.0% nll=5.1346
[retrieval]    niah len=256k depth= 0.5: token_acc=0.0% exact=0.0% nll=5.1549
[retrieval]    niah len=256k depth= 0.9: token_acc=0.0% exact=0.0% nll=5.1553
[run] done in 354.8s -> /home/sagemaker-user/atma/benchmarks/logs/foveal_cpt_clamped/retrieval_retrieval_real_polar_lm_output_kl_2fed83d22b.log
