[run] benchmark=retrieval model=/home/sagemaker-user/.cache/huggingface/hub/models--ChavyvAkvar--atma-foveal-cpt-all/snapshots/e4cf2558793646c26d9e5a6c6eeadb4e1011cad3/nope/lm_output_kl/cpt tasks=['passkey', 'niah'] lengths=['2k', '4k', '8k', '16k', '32k', '64k', '128k', '256k'] samples=10 gamma_clamp=/home/sagemaker-user/atma/gamma_diagnostics/results/re_evaluation/checkpoints/base/nope/hl-256.gamma-clamp.json
[retrieval] passkey len=  2k depth= 0.1: token_acc=98.0% exact=90.0% nll=0.5321
[retrieval] passkey len=  2k depth= 0.5: token_acc=98.0% exact=90.0% nll=0.5076
[retrieval] passkey len=  2k depth= 0.9: token_acc=98.0% exact=90.0% nll=0.3025
[retrieval] passkey len=  4k depth= 0.1: token_acc=84.0% exact=70.0% nll=1.1176
[retrieval] passkey len=  4k depth= 0.5: token_acc=86.0% exact=40.0% nll=1.0845
[retrieval] passkey len=  4k depth= 0.9: token_acc=96.0% exact=80.0% nll=0.3288
[retrieval] passkey len=  8k depth= 0.1: token_acc=78.0% exact=0.0% nll=1.5293
[retrieval] passkey len=  8k depth= 0.5: token_acc=72.0% exact=0.0% nll=1.3474
[retrieval] passkey len=  8k depth= 0.9: token_acc=94.0% exact=70.0% nll=0.9375
[retrieval] passkey len= 16k depth= 0.1: token_acc=78.0% exact=0.0% nll=1.5846
[retrieval] passkey len= 16k depth= 0.5: token_acc=74.0% exact=0.0% nll=1.5458
[retrieval] passkey len= 16k depth= 0.9: token_acc=76.0% exact=0.0% nll=1.5245
[retrieval] passkey len= 32k depth= 0.1: token_acc=76.0% exact=0.0% nll=1.4848
[retrieval] passkey len= 32k depth= 0.5: token_acc=72.0% exact=0.0% nll=1.5690
[retrieval] passkey len= 32k depth= 0.9: token_acc=72.0% exact=0.0% nll=1.4443
[retrieval] passkey len= 64k depth= 0.1: token_acc=80.0% exact=20.0% nll=1.4313
[retrieval] passkey len= 64k depth= 0.5: token_acc=74.0% exact=0.0% nll=1.6926
[retrieval] passkey len= 64k depth= 0.9: token_acc=86.0% exact=50.0% nll=1.0278
[retrieval] passkey len=128k depth= 0.1: token_acc=74.0% exact=0.0% nll=1.4375
[retrieval] passkey len=128k depth= 0.5: token_acc=82.0% exact=40.0% nll=1.1183
[retrieval] passkey len=128k depth= 0.9: token_acc=84.0% exact=50.0% nll=1.1257
[retrieval] passkey len=256k depth= 0.1: token_acc=74.0% exact=10.0% nll=1.4401
[retrieval] passkey len=256k depth= 0.5: token_acc=68.0% exact=0.0% nll=1.7589
[retrieval] passkey len=256k depth= 0.9: token_acc=78.0% exact=10.0% nll=1.4330
[retrieval]    niah len=  2k depth= 0.1: token_acc=100.0% exact=100.0% nll=0.7165
[retrieval]    niah len=  2k depth= 0.5: token_acc=100.0% exact=100.0% nll=0.4532
[retrieval]    niah len=  2k depth= 0.9: token_acc=100.0% exact=100.0% nll=0.3551
[retrieval]    niah len=  4k depth= 0.1: token_acc=68.0% exact=10.0% nll=1.6376
[retrieval]    niah len=  4k depth= 0.5: token_acc=100.0% exact=100.0% nll=0.3577
[retrieval]    niah len=  4k depth= 0.9: token_acc=100.0% exact=100.0% nll=0.3305
[retrieval]    niah len=  8k depth= 0.1: token_acc=22.0% exact=0.0% nll=2.4898
[retrieval]    niah len=  8k depth= 0.5: token_acc=74.0% exact=0.0% nll=1.8032
[retrieval]    niah len=  8k depth= 0.9: token_acc=100.0% exact=100.0% nll=0.5702
[retrieval]    niah len= 16k depth= 0.1: token_acc=80.0% exact=0.0% nll=1.7765
[retrieval]    niah len= 16k depth= 0.5: token_acc=78.0% exact=0.0% nll=1.7114
[retrieval]    niah len= 16k depth= 0.9: token_acc=80.0% exact=0.0% nll=1.7156
[retrieval]    niah len= 32k depth= 0.1: token_acc=56.0% exact=0.0% nll=1.9214
[retrieval]    niah len= 32k depth= 0.5: token_acc=80.0% exact=0.0% nll=1.6745
[retrieval]    niah len= 32k depth= 0.9: token_acc=52.0% exact=0.0% nll=2.0698
[retrieval]    niah len= 64k depth= 0.1: token_acc=80.0% exact=0.0% nll=1.6890
[retrieval]    niah len= 64k depth= 0.5: token_acc=50.0% exact=0.0% nll=2.1677
[retrieval]    niah len= 64k depth= 0.9: token_acc=70.0% exact=0.0% nll=1.9410
[retrieval]    niah len=128k depth= 0.1: token_acc=72.0% exact=0.0% nll=1.6993
[retrieval]    niah len=128k depth= 0.5: token_acc=94.0% exact=80.0% nll=1.0039
[retrieval]    niah len=128k depth= 0.9: token_acc=80.0% exact=0.0% nll=1.6657
[retrieval]    niah len=256k depth= 0.1: token_acc=80.0% exact=0.0% nll=1.6181
[retrieval]    niah len=256k depth= 0.5: token_acc=46.0% exact=0.0% nll=2.3297
[retrieval]    niah len=256k depth= 0.9: token_acc=66.0% exact=0.0% nll=1.7874

[retrieval] teacher-forced token accuracy %, per kind (rows=length, cols=depth):
  passkey:
    len     0.1    0.5    0.9
      2k   98.0   98.0   98.0
      4k   84.0   86.0   96.0
      8k   78.0   72.0   94.0
     16k   78.0   74.0   76.0
     32k   76.0   72.0   72.0
     64k   80.0   74.0   86.0
    128k   74.0   82.0   84.0
    256k   74.0   68.0   78.0
  niah:
    len     0.1    0.5    0.9
      2k  100.0  100.0  100.0
      4k   68.0  100.0  100.0
      8k   22.0   74.0  100.0
     16k   80.0   78.0   80.0
     32k   56.0   80.0   52.0
     64k   80.0   50.0   70.0
    128k   72.0   94.0   80.0
    256k   80.0   46.0   66.0

===RETRIEVAL_RESULTS_JSON===
{"benchmark": "retrieval", "protocol": "teacher-forced-needle-v2", "kinds": ["passkey", "niah"], "lengths": ["2k", "4k", "8k", "16k", "32k", "64k", "128k", "256k"], "depths": [0.1, 0.5, 0.9], "num_samples": 10, "value_tokens": 5, "seed": 1234, "paired_across_lengths_and_depths": true, "haystack": "synthetic-filler", "haystack_revision": null, "results": {"passkey": {"2k": {"0.1": 98.0, "0.5": 98.0, "0.9": 98.0}, "4k": {"0.1": 84.0, "0.5": 86.0, "0.9": 96.0}, "8k": {"0.1": 78.0, "0.5": 72.0, "0.9": 94.0}, "16k": {"0.1": 78.0, "0.5": 74.0, "0.9": 76.0}, "32k": {"0.1": 76.0, "0.5": 72.0, "0.9": 72.0}, "64k": {"0.1": 80.0, "0.5": 74.0, "0.9": 86.0}, "128k": {"0.1": 74.0, "0.5": 82.0, "0.9": 84.0}, "256k": {"0.1": 74.0, "0.5": 68.0, "0.9": 78.0}}, "niah": {"2k": {"0.1": 100.0, "0.5": 100.0, "0.9": 100.0}, "4k": {"0.1": 68.0, "0.5": 100.0, "0.9": 100.0}, "8k": {"0.1": 22.0, "0.5": 74.0, "0.9": 100.0}, "16k": {"0.1": 80.0, "0.5": 78.0, "0.9": 80.0}, "32k": {"0.1": 56.0, "0.5": 80.0, "0.9": 52.0}, "64k": {"0.1": 80.0, "0.5": 50.0, "0.9": 70.0}, "128k": {"0.1": 72.0, "0.5": 94.0, "0.9": 80.0}, "256k": {"0.1": 80.0, "0.5": 46.0, "0.9": 66.0}}}, "exact_results": {"passkey": {"2k": {"0.1": 90.0, "0.5": 90.0, "0.9": 90.0}, "4k": {"0.1": 70.0, "0.5": 40.0, "0.9": 80.0}, "8k": {"0.1": 0.0, "0.5": 0.0, "0.9": 70.0}, "16k": {"0.1": 0.0, "0.5": 0.0, "0.9": 0.0}, "32k": {"0.1": 0.0, "0.5": 0.0, "0.9": 0.0}, "64k": {"0.1": 20.0, "0.5": 0.0, "0.9": 50.0}, "128k": {"0.1": 0.0, "0.5": 40.0, "0.9": 50.0}, "256k": {"0.1": 10.0, "0.5": 0.0, "0.9": 10.0}}, "niah": {"2k": {"0.1": 100.0, "0.5": 100.0, "0.9": 100.0}, "4k": {"0.1": 10.0, "0.5": 100.0, "0.9": 100.0}, "8k": {"0.1": 0.0, "0.5": 0.0, "0.9": 100.0}, "16k": {"0.1": 0.0, "0.5": 0.0, "0.9": 0.0}, "32k": {"0.1": 0.0, "0.5": 0.0, "0.9": 0.0}, "64k": {"0.1": 0.0, "0.5": 0.0, "0.9": 0.0}, "128k": {"0.1": 0.0, "0.5": 80.0, "0.9": 0.0}, "256k": {"0.1": 0.0, "0.5": 0.0, "0.9": 0.0}}}, "nll_results": {"passkey": {"2k": {"0.1": 0.5320796322822571, "0.5": 0.5076403737068176, "0.9": 0.30253979086875915}, "4k": {"0.1": 1.1175788974761962, "0.5": 1.0845063161849975, "0.9": 0.3287865424156189}, "8k": {"0.1": 1.5292516136169434, "0.5": 1.3474418544769287, "0.9": 0.9374681186676025}, "16k": {"0.1": 1.584616756439209, "0.5": 1.5457606983184815, "0.9": 1.524482135772705}, "32k": {"0.1": 1.484751558303833, "0.5": 1.56904372215271, "0.9": 1.4443018817901612}, "64k": {"0.1": 1.4313253259658814, "0.5": 1.6925854682922363, "0.9": 1.0278155755996705}, "128k": {"0.1": 1.4374663925170899, "0.5": 1.118305287361145, "0.9": 1.1257201480865477}, "256k": {"0.1": 1.4401162338256837, "0.5": 1.758858880996704, "0.9": 1.4329768180847169}}, "niah": {"2k": {"0.1": 0.7164638328552246, "0.5": 0.4532446885108948, "0.9": 0.35513788342475894}, "4k": {"0.1": 1.6376486396789551, "0.5": 0.35774791955947877, "0.9": 0.3305290615558624}, "8k": {"0.1": 2.4898035812377928, "0.5": 1.803222713470459, "0.9": 0.570173282623291}, "16k": {"0.1": 1.776502676010132, "0.5": 1.711414613723755, "0.9": 1.7156192588806152}, "32k": {"0.1": 1.9214139556884766, "0.5": 1.6744789314270019, "0.9": 2.069828538894653}, "64k": {"0.1": 1.688954381942749, "0.5": 2.1676541709899904, "0.9": 1.9410014820098878}, "128k": {"0.1": 1.6992654514312744, "0.5": 1.0039314174652099, "0.9": 1.6657115459442138}, "256k": {"0.1": 1.618081398010254, "0.5": 2.3297199249267577, "0.9": 1.7873672866821289}}}, "oom_cells": [], "elapsed_s": 392.7, "unsupported_checkpoint": false, "model_config": {"vocab_size": 50304, "num_hidden_layers": 16, "hidden_size": 1024, "head_dim": 128, "attn_kernel_size": 4, "conv_kernel_size": 3, "max_position_embeddings": 2048, "rms_norm_eps": 1e-06, "dtype": "torch.bfloat16", "tie_word_embeddings": false, "num_random_keys": 0, "attn_online": false, "attn_k_block": 512, "attn_kernel": "triton", "attn_type": "nope", "polar_variant": "full", "wall_gate_bias": null, "attn_window": 512, "mem_enabled": true, "mem_chunk": 128, "mem_gamma_bias": 3.9, "mem_beta_bias": 0.0, "mem_kernel": "auto", "is_foveal": true, "foveal_config": {"checkpoint": "ChavyvAkvar/atma-10b-L40S-mbs16-nope__reg-baseline__distr-0__mem-1__win-0", "train_glob": "finewebedu10B/finewebedu_train_*.bin", "output_dir": "foveal_cpt/output/nope/lm_output_kl", "hf_cache": null, "dataset_repo": "kjj0/finewebedu10B-gpt2", "dataset_train_template": "finewebedu_train_{index:06d}.bin", "dataset_validation_file": "finewebedu_val_000000.bin", "auto_download_data": true, "adaptation_mode": "lm_output_kl", "sequence_length": 32768, "batch_tokens": 524288, "microbatch_sequences": 1, "train_tokens": 1000000000, "index_dim": 16, "page_size": 64, "query_block_size": 64, "local_window": 512, "remote_capacity": 64, "top_p": 0.95, "min_remote_pages": 0, "max_remote_pages": 32, "handoff_start_tokens": 50000000, "handoff_end_tokens": 200000000, "initial_top_p": 0.98, "initial_min_remote_pages": 8, "initial_max_remote_pages": 64, "teacher_query_blocks": 4, "teacher_interval": 1, "index_loss_weight": 0.1, "teacher_mean_weight": 0.5, "activation_checkpointing": false, "compile_model": true, "flex_compile": true, "flex_kernel_options": {"BLOCK_M": 64, "BLOCK_N": 64, "PRESCALE_QK": true}, "xent_impl": "eager", "xent_token_chunk": 4096, "xent_vocab_chunk": 2048, "base_lr_scale": 0.1, "index_lr": 0.001, "weight_decay": 0.01, "cooldown_fraction": 0.7, "grad_clip": 1.0, "log_every": 10, "save_every": 250, "keep_last_checkpoints": 1, "seed": 1234, "calibration_sequence_length": 4096, "calibration_batch_tokens": 65536, "calibration_tokens": 20000000, "calibration_lr": 0.001}, "adaptation_mode": "lm_output_kl", "base_checkpoint": "ChavyvAkvar/atma-10b-L40S-mbs16-nope__reg-baseline__distr-0__mem-1__win-0", "sequence_length": 32768, "local_window": 512}, "model_unsupported": [], "serving_metrics": null}
===END===
[run] done in 392.7s -> /home/sagemaker-user/atma/benchmarks/logs/foveal_cpt_clamped/retrieval_retrieval_synthetic_nope_lm_output_kl_326babc639.log
