[run] benchmark=retrieval model=/home/sagemaker-user/.cache/huggingface/hub/models--ChavyvAkvar--atma-foveal-cpt-all/snapshots/e4cf2558793646c26d9e5a6c6eeadb4e1011cad3/polar/lm_output_kl/cpt tasks=['passkey', 'niah'] lengths=['2k', '4k', '8k', '16k', '32k', '64k', '128k', '256k'] samples=10 gamma_clamp=/home/sagemaker-user/atma/gamma_diagnostics/results/re_evaluation/checkpoints/base/polar/hl-256.gamma-clamp.json
[retrieval] passkey len=  2k depth= 0.1: token_acc=100.0% exact=100.0% nll=0.1266
[retrieval] passkey len=  2k depth= 0.5: token_acc=100.0% exact=100.0% nll=0.2213
[retrieval] passkey len=  2k depth= 0.9: token_acc=96.0% exact=80.0% nll=0.2264
[retrieval] passkey len=  4k depth= 0.1: token_acc=36.0% exact=0.0% nll=2.3568
[retrieval] passkey len=  4k depth= 0.5: token_acc=92.0% exact=60.0% nll=0.5697
[retrieval] passkey len=  4k depth= 0.9: token_acc=96.0% exact=80.0% nll=0.2719
[retrieval] passkey len=  8k depth= 0.1: token_acc=0.0% exact=0.0% nll=5.5450
[retrieval] passkey len=  8k depth= 0.5: token_acc=68.0% exact=0.0% nll=2.2382
[retrieval] passkey len=  8k depth= 0.9: token_acc=20.0% exact=0.0% nll=4.1158
[retrieval] passkey len= 16k depth= 0.1: token_acc=8.0% exact=0.0% nll=4.5029
[retrieval] passkey len= 16k depth= 0.5: token_acc=0.0% exact=0.0% nll=5.4986
[retrieval] passkey len= 16k depth= 0.9: token_acc=0.0% exact=0.0% nll=5.1909
[retrieval] passkey len= 32k depth= 0.1: token_acc=0.0% exact=0.0% nll=5.4407
[retrieval] passkey len= 32k depth= 0.5: token_acc=0.0% exact=0.0% nll=5.6649
[retrieval] passkey len= 32k depth= 0.9: token_acc=26.0% exact=0.0% nll=3.6157
[retrieval] passkey len= 64k depth= 0.1: token_acc=0.0% exact=0.0% nll=6.1392
[retrieval] passkey len= 64k depth= 0.5: token_acc=0.0% exact=0.0% nll=6.1680
[retrieval] passkey len= 64k depth= 0.9: token_acc=16.0% exact=0.0% nll=5.1622
[retrieval] passkey len=128k depth= 0.1: token_acc=2.0% exact=0.0% nll=4.9785
[retrieval] passkey len=128k depth= 0.5: token_acc=0.0% exact=0.0% nll=5.2098
[retrieval] passkey len=128k depth= 0.9: token_acc=0.0% exact=0.0% nll=5.1903
[retrieval] passkey len=256k depth= 0.1: token_acc=0.0% exact=0.0% nll=5.4527
[retrieval] passkey len=256k depth= 0.5: token_acc=0.0% exact=0.0% nll=5.4704
[retrieval] passkey len=256k depth= 0.9: token_acc=0.0% exact=0.0% nll=5.4833
[retrieval]    niah len=  2k depth= 0.1: token_acc=100.0% exact=100.0% nll=0.1516
[retrieval]    niah len=  2k depth= 0.5: token_acc=100.0% exact=100.0% nll=0.2846
[retrieval]    niah len=  2k depth= 0.9: token_acc=98.0% exact=90.0% nll=0.3285
[retrieval]    niah len=  4k depth= 0.1: token_acc=76.0% exact=50.0% nll=1.4748
[retrieval]    niah len=  4k depth= 0.5: token_acc=92.0% exact=60.0% nll=0.6864
[retrieval]    niah len=  4k depth= 0.9: token_acc=100.0% exact=100.0% nll=0.1933
[retrieval]    niah len=  8k depth= 0.1: token_acc=0.0% exact=0.0% nll=4.5288
[retrieval]    niah len=  8k depth= 0.5: token_acc=10.0% exact=0.0% nll=3.6499
[retrieval]    niah len=  8k depth= 0.9: token_acc=22.0% exact=0.0% nll=3.5156
[retrieval]    niah len= 16k depth= 0.1: token_acc=2.0% exact=0.0% nll=4.9642
[retrieval]    niah len= 16k depth= 0.5: token_acc=0.0% exact=0.0% nll=5.3175
[retrieval]    niah len= 16k depth= 0.9: token_acc=2.0% exact=0.0% nll=4.3376
[run] benchmark=retrieval model=/home/sagemaker-user/.cache/huggingface/hub/models--ChavyvAkvar--atma-foveal-cpt-all/snapshots/e4cf2558793646c26d9e5a6c6eeadb4e1011cad3/polar/lm_output_kl/cpt tasks=['passkey', 'niah'] lengths=['2k', '4k', '8k', '16k', '32k', '64k', '128k', '256k'] samples=10 gamma_clamp=/home/sagemaker-user/atma/gamma_diagnostics/results/re_evaluation/checkpoints/base/polar/hl-256.gamma-clamp.json
[retrieval] passkey len=  2k depth= 0.1: token_acc=100.0% exact=100.0% nll=0.1266
[retrieval] passkey len=  2k depth= 0.5: token_acc=100.0% exact=100.0% nll=0.2213
[retrieval] passkey len=  2k depth= 0.9: token_acc=96.0% exact=80.0% nll=0.2264
[retrieval] passkey len=  4k depth= 0.1: token_acc=36.0% exact=0.0% nll=2.3568
[retrieval] passkey len=  4k depth= 0.5: token_acc=92.0% exact=60.0% nll=0.5697
[retrieval] passkey len=  4k depth= 0.9: token_acc=96.0% exact=80.0% nll=0.2719
[retrieval] passkey len=  8k depth= 0.1: token_acc=0.0% exact=0.0% nll=5.5450
[retrieval] passkey len=  8k depth= 0.5: token_acc=68.0% exact=0.0% nll=2.2382
[retrieval] passkey len=  8k depth= 0.9: token_acc=20.0% exact=0.0% nll=4.1158
[retrieval] passkey len= 16k depth= 0.1: token_acc=8.0% exact=0.0% nll=4.5029
[retrieval] passkey len= 16k depth= 0.5: token_acc=0.0% exact=0.0% nll=5.4986
[retrieval] passkey len= 16k depth= 0.9: token_acc=0.0% exact=0.0% nll=5.1909
[retrieval] passkey len= 32k depth= 0.1: token_acc=0.0% exact=0.0% nll=5.4407
[retrieval] passkey len= 32k depth= 0.5: token_acc=0.0% exact=0.0% nll=5.6649
[retrieval] passkey len= 32k depth= 0.9: token_acc=26.0% exact=0.0% nll=3.6157
[retrieval] passkey len= 64k depth= 0.1: token_acc=0.0% exact=0.0% nll=6.1392
[retrieval] passkey len= 64k depth= 0.5: token_acc=0.0% exact=0.0% nll=6.1680
[retrieval] passkey len= 64k depth= 0.9: token_acc=16.0% exact=0.0% nll=5.1622
[retrieval] passkey len=128k depth= 0.1: token_acc=2.0% exact=0.0% nll=4.9785
[retrieval] passkey len=128k depth= 0.5: token_acc=0.0% exact=0.0% nll=5.2098
[retrieval] passkey len=128k depth= 0.9: token_acc=0.0% exact=0.0% nll=5.1903
[retrieval] passkey len=256k depth= 0.1: token_acc=0.0% exact=0.0% nll=5.4527
[retrieval] passkey len=256k depth= 0.5: token_acc=0.0% exact=0.0% nll=5.4704
[retrieval] passkey len=256k depth= 0.9: token_acc=0.0% exact=0.0% nll=5.4833
[retrieval]    niah len=  2k depth= 0.1: token_acc=100.0% exact=100.0% nll=0.1516
[retrieval]    niah len=  2k depth= 0.5: token_acc=100.0% exact=100.0% nll=0.2846
[retrieval]    niah len=  2k depth= 0.9: token_acc=98.0% exact=90.0% nll=0.3285
[retrieval]    niah len=  4k depth= 0.1: token_acc=76.0% exact=50.0% nll=1.4748
[retrieval]    niah len=  4k depth= 0.5: token_acc=92.0% exact=60.0% nll=0.6864
[retrieval]    niah len=  4k depth= 0.9: token_acc=100.0% exact=100.0% nll=0.1933
[retrieval]    niah len=  8k depth= 0.1: token_acc=0.0% exact=0.0% nll=4.5288
[retrieval]    niah len=  8k depth= 0.5: token_acc=10.0% exact=0.0% nll=3.6499
[retrieval]    niah len=  8k depth= 0.9: token_acc=22.0% exact=0.0% nll=3.5156
[retrieval]    niah len= 16k depth= 0.1: token_acc=2.0% exact=0.0% nll=4.9642
[retrieval]    niah len= 16k depth= 0.5: token_acc=0.0% exact=0.0% nll=5.3175
[retrieval]    niah len= 16k depth= 0.9: token_acc=2.0% exact=0.0% nll=4.3376
[retrieval]    niah len= 32k depth= 0.1: token_acc=0.0% exact=0.0% nll=5.3016
[retrieval]    niah len= 32k depth= 0.5: token_acc=0.0% exact=0.0% nll=5.3262
[retrieval]    niah len= 32k depth= 0.9: token_acc=20.0% exact=0.0% nll=2.8255
[retrieval]    niah len= 64k depth= 0.1: token_acc=0.0% exact=0.0% nll=5.9722
[retrieval]    niah len= 64k depth= 0.5: token_acc=0.0% exact=0.0% nll=5.9271
[retrieval]    niah len= 64k depth= 0.9: token_acc=0.0% exact=0.0% nll=5.9054
[retrieval]    niah len=128k depth= 0.1: token_acc=0.0% exact=0.0% nll=4.6086
[retrieval]    niah len=128k depth= 0.5: token_acc=0.0% exact=0.0% nll=4.6342
[retrieval]    niah len=128k depth= 0.9: token_acc=0.0% exact=0.0% nll=4.7132
[retrieval]    niah len=256k depth= 0.1: token_acc=0.0% exact=0.0% nll=5.1346
[retrieval]    niah len=256k depth= 0.5: token_acc=0.0% exact=0.0% nll=5.1549
[retrieval]    niah len=256k depth= 0.9: token_acc=0.0% exact=0.0% nll=5.1553

[retrieval] teacher-forced token accuracy %, per kind (rows=length, cols=depth):
  passkey:
    len     0.1    0.5    0.9
      2k  100.0  100.0   96.0
      4k   36.0   92.0   96.0
      8k    0.0   68.0   20.0
     16k    8.0    0.0    0.0
     32k    0.0    0.0   26.0
     64k    0.0    0.0   16.0
    128k    2.0    0.0    0.0
    256k    0.0    0.0    0.0
  niah:
    len     0.1    0.5    0.9
      2k  100.0  100.0   98.0
      4k   76.0   92.0  100.0
      8k    0.0   10.0   22.0
     16k    2.0    0.0    2.0
     32k    0.0    0.0   20.0
     64k    0.0    0.0    0.0
    128k    0.0    0.0    0.0
    256k    0.0    0.0    0.0

===RETRIEVAL_RESULTS_JSON===
{"benchmark": "retrieval", "protocol": "teacher-forced-needle-v2", "kinds": ["passkey", "niah"], "lengths": ["2k", "4k", "8k", "16k", "32k", "64k", "128k", "256k"], "depths": [0.1, 0.5, 0.9], "num_samples": 10, "value_tokens": 5, "seed": 1234, "paired_across_lengths_and_depths": true, "haystack": "codelion/finepdfs-1B", "haystack_revision": null, "results": {"passkey": {"2k": {"0.1": 100.0, "0.5": 100.0, "0.9": 96.0}, "4k": {"0.1": 36.0, "0.5": 92.0, "0.9": 96.0}, "8k": {"0.1": 0.0, "0.5": 68.0, "0.9": 20.0}, "16k": {"0.1": 8.0, "0.5": 0.0, "0.9": 0.0}, "32k": {"0.1": 0.0, "0.5": 0.0, "0.9": 26.0}, "64k": {"0.1": 0.0, "0.5": 0.0, "0.9": 16.0}, "128k": {"0.1": 2.0, "0.5": 0.0, "0.9": 0.0}, "256k": {"0.1": 0.0, "0.5": 0.0, "0.9": 0.0}}, "niah": {"2k": {"0.1": 100.0, "0.5": 100.0, "0.9": 98.0}, "4k": {"0.1": 76.0, "0.5": 92.0, "0.9": 100.0}, "8k": {"0.1": 0.0, "0.5": 10.0, "0.9": 22.0}, "16k": {"0.1": 2.0, "0.5": 0.0, "0.9": 2.0}, "32k": {"0.1": 0.0, "0.5": 0.0, "0.9": 20.0}, "64k": {"0.1": 0.0, "0.5": 0.0, "0.9": 0.0}, "128k": {"0.1": 0.0, "0.5": 0.0, "0.9": 0.0}, "256k": {"0.1": 0.0, "0.5": 0.0, "0.9": 0.0}}}, "exact_results": {"passkey": {"2k": {"0.1": 100.0, "0.5": 100.0, "0.9": 80.0}, "4k": {"0.1": 0.0, "0.5": 60.0, "0.9": 80.0}, "8k": {"0.1": 0.0, "0.5": 0.0, "0.9": 0.0}, "16k": {"0.1": 0.0, "0.5": 0.0, "0.9": 0.0}, "32k": {"0.1": 0.0, "0.5": 0.0, "0.9": 0.0}, "64k": {"0.1": 0.0, "0.5": 0.0, "0.9": 0.0}, "128k": {"0.1": 0.0, "0.5": 0.0, "0.9": 0.0}, "256k": {"0.1": 0.0, "0.5": 0.0, "0.9": 0.0}}, "niah": {"2k": {"0.1": 100.0, "0.5": 100.0, "0.9": 90.0}, "4k": {"0.1": 50.0, "0.5": 60.0, "0.9": 100.0}, "8k": {"0.1": 0.0, "0.5": 0.0, "0.9": 0.0}, "16k": {"0.1": 0.0, "0.5": 0.0, "0.9": 0.0}, "32k": {"0.1": 0.0, "0.5": 0.0, "0.9": 0.0}, "64k": {"0.1": 0.0, "0.5": 0.0, "0.9": 0.0}, "128k": {"0.1": 0.0, "0.5": 0.0, "0.9": 0.0}, "256k": {"0.1": 0.0, "0.5": 0.0, "0.9": 0.0}}}, "nll_results": {"passkey": {"2k": {"0.1": 0.126629821062088, "0.5": 0.22127364873886107, "0.9": 0.22642879903316498}, "4k": {"0.1": 2.356805081367493, "0.5": 0.5697012281417847, "0.9": 0.27189788579940793}, "8k": {"0.1": 5.545036926269531, "0.5": 2.238158149719238, "0.9": 4.115793724060058}, "16k": {"0.1": 4.502943344116211, "0.5": 5.498589057922363, "0.9": 5.190901565551758}, "32k": {"0.1": 5.440666275024414, "0.5": 5.664879570007324, "0.9": 3.6157132530212404}, "64k": {"0.1": 6.139218711853028, "0.5": 6.167992820739746, "0.9": 5.16222110748291}, "128k": {"0.1": 4.97845417022705, "0.5": 5.2097772598266605, "0.9": 5.1903486251831055}, "256k": {"0.1": 5.452716140747071, "0.5": 5.470415954589844, "0.9": 5.483324584960937}}, "niah": {"2k": {"0.1": 0.15156524121761322, "0.5": 0.2846340882778168, "0.9": 0.32854007959365844}, "4k": {"0.1": 1.47484703540802, "0.5": 0.6863580226898194, "0.9": 0.19331012725830077}, "8k": {"0.1": 4.528799858093262, "0.5": 3.649867630004883, "0.9": 3.515635871887207}, "16k": {"0.1": 4.964182052612305, "0.5": 5.317486343383789, "0.9": 4.3376372528076175}, "32k": {"0.1": 5.30161937713623, "0.5": 5.3262162780761715, "0.9": 2.8255498695373533}, "64k": {"0.1": 5.972244796752929, "0.5": 5.92707088470459, "0.9": 5.90542366027832}, "128k": {"0.1": 4.608626785278321, "0.5": 4.634163665771484, "0.9": 4.713228378295899}, "256k": {"0.1": 5.134621238708496, "0.5": 5.154922943115235, "0.9": 5.155257453918457}}}, "oom_cells": [], "elapsed_s": 354.8, "unsupported_checkpoint": false, "model_config": {"vocab_size": 50304, "num_hidden_layers": 16, "hidden_size": 1024, "head_dim": 128, "attn_kernel_size": 4, "conv_kernel_size": 3, "max_position_embeddings": 2048, "rms_norm_eps": 1e-06, "dtype": "torch.bfloat16", "tie_word_embeddings": false, "num_random_keys": 0, "attn_online": false, "attn_k_block": 512, "attn_kernel": "triton", "attn_type": "polar", "polar_variant": "full", "wall_gate_bias": null, "attn_window": 512, "mem_enabled": true, "mem_chunk": 128, "mem_gamma_bias": 3.9, "mem_beta_bias": 0.0, "mem_kernel": "auto", "is_foveal": true, "foveal_config": {"checkpoint": "ChavyvAkvar/atma-10b-L40S-mbs16-polar__reg-baseline__distr-0__mem-1__win-0", "train_glob": "finewebedu10B/finewebedu_train_*.bin", "output_dir": "foveal_cpt/output/polar/lm_output_kl", "hf_cache": null, "dataset_repo": "kjj0/finewebedu10B-gpt2", "dataset_train_template": "finewebedu_train_{index:06d}.bin", "dataset_validation_file": "finewebedu_val_000000.bin", "auto_download_data": true, "adaptation_mode": "lm_output_kl", "sequence_length": 32768, "batch_tokens": 524288, "microbatch_sequences": 1, "train_tokens": 1000000000, "index_dim": 16, "page_size": 64, "query_block_size": 64, "local_window": 512, "remote_capacity": 64, "top_p": 0.95, "min_remote_pages": 0, "max_remote_pages": 32, "handoff_start_tokens": 50000000, "handoff_end_tokens": 200000000, "initial_top_p": 0.98, "initial_min_remote_pages": 8, "initial_max_remote_pages": 64, "teacher_query_blocks": 4, "teacher_interval": 1, "index_loss_weight": 0.1, "teacher_mean_weight": 0.5, "activation_checkpointing": false, "compile_model": true, "flex_compile": true, "flex_kernel_options": {"BLOCK_M": 64, "BLOCK_N": 64, "PRESCALE_QK": true}, "xent_impl": "eager", "xent_token_chunk": 4096, "xent_vocab_chunk": 2048, "base_lr_scale": 0.1, "index_lr": 0.001, "weight_decay": 0.01, "cooldown_fraction": 0.7, "grad_clip": 1.0, "log_every": 10, "save_every": 250, "keep_last_checkpoints": 1, "seed": 1234, "calibration_sequence_length": 4096, "calibration_batch_tokens": 65536, "calibration_tokens": 20000000, "calibration_lr": 0.001}, "adaptation_mode": "lm_output_kl", "base_checkpoint": "ChavyvAkvar/atma-10b-L40S-mbs16-polar__reg-baseline__distr-0__mem-1__win-0", "sequence_length": 32768, "local_window": 512}, "model_unsupported": [], "serving_metrics": null}
===END===
[run] done in 354.8s -> /home/sagemaker-user/atma/benchmarks/logs/foveal_cpt_clamped/retrieval_retrieval_real_polar_lm_output_kl_2fed83d22b.log
