You are using version 1 of 'kernels-community/causal-conv1d', but version 2 is available.
Fetching 8 files:   0%|          | 0/8 [00:00<?, ?it/s]Fetching 8 files: 100%|██████████| 8/8 [00:00<00:00, 1799.36it/s]
==========================================================================
Launching Full E1 Study (3 arms x 3 seeds = 9 fresh runs)
==========================================================================

[1/9] Checking run pat_e1_s1_nope_memory...
  Starting fresh training for pat_e1_s1_nope_memory...
================================================================================
[E1 Training] Starting run pat_e1_s1_nope_memory (arm=nope_memory, seed=20270912) on cuda (NVIDIA L40S)...
================================================================================
[E1 Training] Initializing matched model for arm=nope_memory with seed=20270912...
[E1 Training] Model parameters: 378,179,776 (378.18M)
[E1 Training] Target updates: 1900, accum_steps: 64, mbs: 4
step:0/1900 val_loss:10.82584 wall:35.0s step_avg:35025.4ms MFU:0.0%
step:125/1900 val_loss:4.30952 wall:1196.5s step_avg:9291.5ms MFU:41.6%
step:250/1900 val_loss:3.84318 wall:2313.9s step_avg:8939.3ms MFU:43.3%
step:375/1900 val_loss:3.68100 wall:3432.5s step_avg:8948.9ms MFU:43.2%
step:500/1900 val_loss:3.57564 wall:4557.6s step_avg:9000.6ms MFU:43.0%
step:625/1900 val_loss:3.49327 wall:5675.3s step_avg:8942.3ms MFU:43.3%
step:750/1900 val_loss:3.42987 wall:6797.0s step_avg:8973.3ms MFU:43.1%
step:875/1900 val_loss:3.38508 wall:7917.7s step_avg:8965.3ms MFU:43.2%
step:1000/1900 val_loss:3.33341 wall:9039.7s step_avg:8976.6ms MFU:43.1%
step:1125/1900 val_loss:3.29221 wall:10160.5s step_avg:8966.3ms MFU:43.2%
step:1250/1900 val_loss:3.26281 wall:11283.2s step_avg:8981.0ms MFU:43.1%
step:1375/1900 val_loss:3.22817 wall:12413.3s step_avg:9041.0ms MFU:42.8%
step:1500/1900 val_loss:3.19887 wall:13541.1s step_avg:9022.9ms MFU:42.9%
step:1625/1900 val_loss:3.17730 wall:14665.1s step_avg:8991.8ms MFU:43.0%
step:1750/1900 val_loss:3.15535 wall:15790.5s step_avg:9003.2ms MFU:43.0%
step:1875/1900 val_loss:3.14072 wall:16917.2s step_avg:9013.1ms MFU:42.9%
step:1900/1900 val_loss:3.14032 wall:17152.3s step_avg:1881.0ms MFU:205.7%
[E1 Training] Training complete in 17152.3s (4.76h)
[E1 Training] Saved checkpoint to: /home/sagemaker-user/atma/checkpoints/pat_feedback/pat_e1_s1_nope_memory
[E1 Training] Running full structured E1 evaluation on frozen fixtures with DirectScorer...
[E1 Training] Evaluation complete:
  Natural text exact retrieval (8K-64K mean): 5.69%
  BPB at 64K: 1.6178
  BPB at 2K:  1.4766
[E1 Training] DONE -> pat_e1_s1_nope_memory
[Master E1] Updated records (1/9 runs completed).

[2/9] Checking run pat_e1_s1_temperature_softmax_memory...
  Starting fresh training for pat_e1_s1_temperature_softmax_memory...
================================================================================
[E1 Training] Starting run pat_e1_s1_temperature_softmax_memory (arm=temperature_softmax_memory, seed=20270912) on cuda (NVIDIA L40S)...
================================================================================
[E1 Training] Initializing matched model for arm=temperature_softmax_memory with seed=20270912...
[E1 Training] Model parameters: 378,179,808 (378.18M)
[E1 Training] Target updates: 1900, accum_steps: 64, mbs: 4
step:0/1900 val_loss:10.82584 wall:29.3s step_avg:29328.6ms MFU:0.0%
step:125/1900 val_loss:4.32262 wall:1186.7s step_avg:9259.3ms MFU:41.8%
step:250/1900 val_loss:3.84483 wall:2308.5s step_avg:8974.1ms MFU:43.1%
step:375/1900 val_loss:3.68172 wall:3431.1s step_avg:8980.9ms MFU:43.1%
step:500/1900 val_loss:3.57861 wall:4554.0s step_avg:8983.5ms MFU:43.1%
step:625/1900 val_loss:3.49572 wall:5679.2s step_avg:9001.6ms MFU:43.0%
step:750/1900 val_loss:3.43145 wall:6806.1s step_avg:9014.7ms MFU:42.9%
step:875/1900 val_loss:3.38623 wall:7933.7s step_avg:9020.6ms MFU:42.9%
step:1000/1900 val_loss:3.33731 wall:9056.3s step_avg:8981.5ms MFU:43.1%
step:1125/1900 val_loss:3.29501 wall:10178.2s step_avg:8974.7ms MFU:43.1%
step:1250/1900 val_loss:3.26566 wall:11298.4s step_avg:8961.7ms MFU:43.2%
step:1375/1900 val_loss:3.23110 wall:12418.6s step_avg:8961.5ms MFU:43.2%
step:1500/1900 val_loss:3.20125 wall:13542.6s step_avg:8992.2ms MFU:43.0%
step:1625/1900 val_loss:3.17993 wall:14667.3s step_avg:8997.3ms MFU:43.0%
step:1750/1900 val_loss:3.15793 wall:15793.1s step_avg:9006.2ms MFU:43.0%
step:1875/1900 val_loss:3.14318 wall:16916.5s step_avg:8987.8ms MFU:43.1%
step:1900/1900 val_loss:3.14283 wall:17151.2s step_avg:1877.6ms MFU:206.1%
[E1 Training] Training complete in 17151.2s (4.76h)
[E1 Training] Saved checkpoint to: /home/sagemaker-user/atma/checkpoints/pat_feedback/pat_e1_s1_temperature_softmax_memory
[E1 Training] Running full structured E1 evaluation on frozen fixtures with DirectScorer...
Warning: You are sending unauthenticated requests to the HF Hub. Please set a HF_TOKEN to enable higher rate limits and faster downloads.
[E1 Training] Evaluation complete:
  Natural text exact retrieval (8K-64K mean): 5.69%
  BPB at 64K: 1.6201
  BPB at 2K:  1.4649
[E1 Training] DONE -> pat_e1_s1_temperature_softmax_memory
[Master E1] Updated records (2/9 runs completed).

[3/9] Checking run pat_e1_s1_polar_memory...
  Starting fresh training for pat_e1_s1_polar_memory...
================================================================================
[E1 Training] Starting run pat_e1_s1_polar_memory (arm=polar_memory, seed=20270912) on cuda (NVIDIA L40S)...
================================================================================
[E1 Training] Initializing matched model for arm=polar_memory with seed=20270912...
[E1 Training] Model parameters: 378,220,864 (378.22M)
[E1 Training] Target updates: 1900, accum_steps: 64, mbs: 4
step:0/1900 val_loss:10.82584 wall:30.3s step_avg:30255.4ms MFU:0.0%
step:125/1900 val_loss:4.47723 wall:1243.8s step_avg:9708.2ms MFU:39.9%
step:250/1900 val_loss:3.95371 wall:2410.6s step_avg:9334.7ms MFU:41.5%
step:375/1900 val_loss:3.75739 wall:3583.4s step_avg:9381.9ms MFU:41.2%
step:500/1900 val_loss:3.63750 wall:4756.6s step_avg:9385.9ms MFU:41.2%
step:625/1900 val_loss:3.54474 wall:5933.7s step_avg:9416.5ms MFU:41.1%
step:750/1900 val_loss:3.47350 wall:7113.4s step_avg:9438.3ms MFU:41.0%
step:875/1900 val_loss:3.42597 wall:8296.9s step_avg:9467.4ms MFU:40.9%
step:1000/1900 val_loss:3.37297 wall:9473.9s step_avg:9416.2ms MFU:41.1%
step:1125/1900 val_loss:3.32904 wall:10654.1s step_avg:9441.7ms MFU:41.0%
step:1250/1900 val_loss:3.29791 wall:11832.6s step_avg:9427.5ms MFU:41.0%
step:1375/1900 val_loss:3.26196 wall:13014.3s step_avg:9453.9ms MFU:40.9%
step:1500/1900 val_loss:3.23112 wall:14193.3s step_avg:9432.1ms MFU:41.0%
step:1625/1900 val_loss:3.20916 wall:15374.1s step_avg:9446.6ms MFU:41.0%
step:1750/1900 val_loss:3.18580 wall:16557.4s step_avg:9466.2ms MFU:40.9%
step:1875/1900 val_loss:3.17092 wall:17740.8s step_avg:9466.8ms MFU:40.9%
step:1900/1900 val_loss:3.17058 wall:17986.6s step_avg:1966.5ms MFU:196.8%
[E1 Training] Training complete in 17986.6s (5.00h)
[E1 Training] Saved checkpoint to: /home/sagemaker-user/atma/checkpoints/pat_feedback/pat_e1_s1_polar_memory
[E1 Training] Running full structured E1 evaluation on frozen fixtures with DirectScorer...
[E1 Training] Evaluation complete:
  Natural text exact retrieval (8K-64K mean): 36.25%
  BPB at 64K: 1.5882
  BPB at 2K:  1.6290
[E1 Training] DONE -> pat_e1_s1_polar_memory
[Master E1] Updated records (3/9 runs completed).
[Master E1] Available Triplet Contrasts:
  Triplet s1: Polar=36.25% | Temp=5.69% | NoPE=5.69% -> Contrast=+30.56%

[4/9] Checking run pat_e1_s2_nope_memory...
  Starting fresh training for pat_e1_s2_nope_memory...
================================================================================
[E1 Training] Starting run pat_e1_s2_nope_memory (arm=nope_memory, seed=20270913) on cuda (NVIDIA L40S)...
================================================================================
[E1 Training] Initializing matched model for arm=nope_memory with seed=20270913...
[E1 Training] Model parameters: 378,179,776 (378.18M)
[E1 Training] Target updates: 1900, accum_steps: 64, mbs: 4
step:0/1900 val_loss:10.82584 wall:10.8s step_avg:10829.9ms MFU:0.0%
step:125/1900 val_loss:4.29202 wall:1146.3s step_avg:9084.0ms MFU:42.6%
step:250/1900 val_loss:3.84327 wall:2285.9s step_avg:9116.2ms MFU:42.4%
step:375/1900 val_loss:3.68569 wall:3426.8s step_avg:9127.5ms MFU:42.4%
step:500/1900 val_loss:3.58058 wall:4565.9s step_avg:9112.8ms MFU:42.5%
step:625/1900 val_loss:3.49800 wall:5712.2s step_avg:9170.2ms MFU:42.2%
step:750/1900 val_loss:3.43485 wall:6859.1s step_avg:9175.8ms MFU:42.2%
step:875/1900 val_loss:3.39010 wall:8004.0s step_avg:9159.1ms MFU:42.2%
step:1000/1900 val_loss:3.33952 wall:9149.3s step_avg:9161.8ms MFU:42.2%
step:1125/1900 val_loss:3.29778 wall:10297.2s step_avg:9183.4ms MFU:42.1%
step:1250/1900 val_loss:3.26817 wall:11442.7s step_avg:9164.5ms MFU:42.2%
step:1375/1900 val_loss:3.23404 wall:12588.6s step_avg:9166.6ms MFU:42.2%
step:1500/1900 val_loss:3.20377 wall:13740.4s step_avg:9214.6ms MFU:42.0%
step:1625/1900 val_loss:3.18263 wall:14886.9s step_avg:9172.0ms MFU:42.2%
step:1750/1900 val_loss:3.16021 wall:16029.5s step_avg:9140.8ms MFU:42.3%
step:1875/1900 val_loss:3.14565 wall:17175.1s step_avg:9165.2ms MFU:42.2%
step:1900/1900 val_loss:3.14530 wall:17412.9s step_avg:1902.3ms MFU:203.4%
[E1 Training] Training complete in 17412.9s (4.84h)
[E1 Training] Saved checkpoint to: /home/sagemaker-user/atma/checkpoints/pat_feedback/pat_e1_s2_nope_memory
[E1 Training] Running full structured E1 evaluation on frozen fixtures with DirectScorer...
[E1 Training] Evaluation complete:
  Natural text exact retrieval (8K-64K mean): 16.67%
  BPB at 64K: 1.6250
  BPB at 2K:  1.4608
[E1 Training] DONE -> pat_e1_s2_nope_memory
[Master E1] Updated records (4/9 runs completed).
[Master E1] Available Triplet Contrasts:
  Triplet s1: Polar=36.25% | Temp=5.69% | NoPE=5.69% -> Contrast=+30.56%

[5/9] Checking run pat_e1_s2_temperature_softmax_memory...
  Starting fresh training for pat_e1_s2_temperature_softmax_memory...
================================================================================
[E1 Training] Starting run pat_e1_s2_temperature_softmax_memory (arm=temperature_softmax_memory, seed=20270913) on cuda (NVIDIA L40S)...
================================================================================
[E1 Training] Initializing matched model for arm=temperature_softmax_memory with seed=20270913...
[E1 Training] Model parameters: 378,179,808 (378.18M)
[E1 Training] Target updates: 1900, accum_steps: 64, mbs: 4
step:0/1900 val_loss:10.82584 wall:10.9s step_avg:10850.1ms MFU:0.0%
step:125/1900 val_loss:4.30449 wall:1152.2s step_avg:9130.7ms MFU:42.4%
step:250/1900 val_loss:3.85382 wall:2291.6s step_avg:9115.5ms MFU:42.4%
step:375/1900 val_loss:3.69137 wall:3439.7s step_avg:9184.7ms MFU:42.1%
step:500/1900 val_loss:3.58776 wall:4589.0s step_avg:9194.0ms MFU:42.1%
step:625/1900 val_loss:3.50386 wall:5737.5s step_avg:9188.4ms MFU:42.1%
step:750/1900 val_loss:3.44140 wall:6890.0s step_avg:9219.9ms MFU:42.0%
step:875/1900 val_loss:3.39689 wall:8039.3s step_avg:9194.4ms MFU:42.1%
step:1000/1900 val_loss:3.34547 wall:9183.5s step_avg:9153.4ms MFU:42.3%
step:1125/1900 val_loss:3.30383 wall:10329.4s step_avg:9167.7ms MFU:42.2%
step:1250/1900 val_loss:3.27608 wall:11474.5s step_avg:9160.2ms MFU:42.2%
step:1375/1900 val_loss:3.23969 wall:12617.2s step_avg:9142.0ms MFU:42.3%
step:1500/1900 val_loss:3.21025 wall:13764.1s step_avg:9175.4ms MFU:42.2%
step:1625/1900 val_loss:3.18899 wall:14911.1s step_avg:9175.7ms MFU:42.2%
step:1750/1900 val_loss:3.16663 wall:16055.5s step_avg:9155.2ms MFU:42.3%
step:1875/1900 val_loss:3.15205 wall:17197.5s step_avg:9135.8ms MFU:42.4%
step:1900/1900 val_loss:3.15169 wall:17435.1s step_avg:1901.1ms MFU:203.5%
[E1 Training] Training complete in 17435.1s (4.84h)
[E1 Training] Saved checkpoint to: /home/sagemaker-user/atma/checkpoints/pat_feedback/pat_e1_s2_temperature_softmax_memory
[E1 Training] Running full structured E1 evaluation on frozen fixtures with DirectScorer...
[E1 Training] Evaluation complete:
  Natural text exact retrieval (8K-64K mean): 13.33%
  BPB at 64K: 1.6788
  BPB at 2K:  1.5100
[E1 Training] DONE -> pat_e1_s2_temperature_softmax_memory
[Master E1] Updated records (5/9 runs completed).
[Master E1] Available Triplet Contrasts:
  Triplet s1: Polar=36.25% | Temp=5.69% | NoPE=5.69% -> Contrast=+30.56%

[6/9] Checking run pat_e1_s2_polar_memory...
  Starting fresh training for pat_e1_s2_polar_memory...
================================================================================
[E1 Training] Starting run pat_e1_s2_polar_memory (arm=polar_memory, seed=20270913) on cuda (NVIDIA L40S)...
================================================================================
[E1 Training] Initializing matched model for arm=polar_memory with seed=20270913...
[E1 Training] Model parameters: 378,220,864 (378.22M)
[E1 Training] Target updates: 1900, accum_steps: 64, mbs: 4
step:0/1900 val_loss:10.82584 wall:11.0s step_avg:11031.9ms MFU:0.0%
step:125/1900 val_loss:4.47474 wall:1177.7s step_avg:9333.5ms MFU:41.5%
step:250/1900 val_loss:3.95362 wall:2348.9s step_avg:9369.6ms MFU:41.3%
step:375/1900 val_loss:3.75770 wall:3524.5s step_avg:9404.9ms MFU:41.1%
step:500/1900 val_loss:3.64008 wall:4697.2s step_avg:9381.5ms MFU:41.2%
step:625/1900 val_loss:3.54735 wall:5871.4s step_avg:9393.8ms MFU:41.2%
step:750/1900 val_loss:3.47629 wall:7046.6s step_avg:9401.4ms MFU:41.2%
step:875/1900 val_loss:3.42727 wall:8226.0s step_avg:9434.6ms MFU:41.0%
step:1000/1900 val_loss:3.37444 wall:9403.3s step_avg:9418.5ms MFU:41.1%
step:1125/1900 val_loss:3.33182 wall:10576.3s step_avg:9384.5ms MFU:41.2%
step:1250/1900 val_loss:3.30020 wall:11748.6s step_avg:9378.0ms MFU:41.3%
step:1375/1900 val_loss:3.26446 wall:12927.4s step_avg:9430.8ms MFU:41.0%
step:1500/1900 val_loss:3.23326 wall:14103.7s step_avg:9410.1ms MFU:41.1%
step:1625/1900 val_loss:3.21120 wall:15277.1s step_avg:9387.3ms MFU:41.2%
step:1750/1900 val_loss:3.18802 wall:16451.6s step_avg:9395.9ms MFU:41.2%
step:1875/1900 val_loss:3.17283 wall:17627.2s step_avg:9404.5ms MFU:41.1%
step:1900/1900 val_loss:3.17245 wall:17873.5s step_avg:1970.4ms MFU:196.4%
[E1 Training] Training complete in 17873.5s (4.96h)
[E1 Training] Saved checkpoint to: /home/sagemaker-user/atma/checkpoints/pat_feedback/pat_e1_s2_polar_memory
[E1 Training] Running full structured E1 evaluation on frozen fixtures with DirectScorer...
[E1 Training] Evaluation complete:
  Natural text exact retrieval (8K-64K mean): 44.86%
  BPB at 64K: 1.5162
  BPB at 2K:  1.5385
[E1 Training] DONE -> pat_e1_s2_polar_memory
[Master E1] Updated records (6/9 runs completed).
[Master E1] Available Triplet Contrasts:
  Triplet s1: Polar=36.25% | Temp=5.69% | NoPE=5.69% -> Contrast=+30.56%
  Triplet s2: Polar=44.86% | Temp=13.33% | NoPE=16.67% -> Contrast=+31.53%

[7/9] Checking run pat_e1_s3_nope_memory...
  Starting fresh training for pat_e1_s3_nope_memory...
================================================================================
[E1 Training] Starting run pat_e1_s3_nope_memory (arm=nope_memory, seed=20270914) on cuda (NVIDIA L40S)...
================================================================================
[E1 Training] Initializing matched model for arm=nope_memory with seed=20270914...
[E1 Training] Model parameters: 378,179,776 (378.18M)
[E1 Training] Target updates: 1900, accum_steps: 64, mbs: 4
step:0/1900 val_loss:10.82584 wall:10.8s step_avg:10776.2ms MFU:0.0%
step:125/1900 val_loss:4.30638 wall:1135.5s step_avg:8997.7ms MFU:43.0%
step:250/1900 val_loss:3.84298 wall:2266.2s step_avg:9046.1ms MFU:42.8%
step:375/1900 val_loss:3.68354 wall:3400.7s step_avg:9075.3ms MFU:42.6%
step:500/1900 val_loss:3.57896 wall:4534.1s step_avg:9067.6ms MFU:42.7%
step:625/1900 val_loss:3.49636 wall:5668.0s step_avg:9071.4ms MFU:42.7%
step:750/1900 val_loss:3.43165 wall:6807.5s step_avg:9115.3ms MFU:42.5%
step:875/1900 val_loss:3.38634 wall:7942.1s step_avg:9077.4ms MFU:42.6%
step:1000/1900 val_loss:3.33633 wall:9079.5s step_avg:9098.9ms MFU:42.5%
step:1125/1900 val_loss:3.29454 wall:10210.0s step_avg:9044.2ms MFU:42.8%
step:1250/1900 val_loss:3.26520 wall:11347.2s step_avg:9097.4ms MFU:42.5%
step:1375/1900 val_loss:3.23112 wall:12483.0s step_avg:9086.3ms MFU:42.6%
step:1500/1900 val_loss:3.20119 wall:13619.7s step_avg:9094.0ms MFU:42.5%
step:1625/1900 val_loss:3.18061 wall:14757.2s step_avg:9099.5ms MFU:42.5%
step:1750/1900 val_loss:3.15789 wall:15893.3s step_avg:9089.0ms MFU:42.6%
step:1875/1900 val_loss:3.14346 wall:17027.6s step_avg:9074.5ms MFU:42.6%
step:1900/1900 val_loss:3.14307 wall:17262.8s step_avg:1881.9ms MFU:205.6%
[E1 Training] Training complete in 17262.8s (4.80h)
[E1 Training] Saved checkpoint to: /home/sagemaker-user/atma/checkpoints/pat_feedback/pat_e1_s3_nope_memory
[E1 Training] Running full structured E1 evaluation on frozen fixtures with DirectScorer...
[E1 Training] Evaluation complete:
  Natural text exact retrieval (8K-64K mean): 15.42%
  BPB at 64K: 1.6770
  BPB at 2K:  1.4673
[E1 Training] DONE -> pat_e1_s3_nope_memory
[Master E1] Updated records (7/9 runs completed).
[Master E1] Available Triplet Contrasts:
  Triplet s1: Polar=36.25% | Temp=5.69% | NoPE=5.69% -> Contrast=+30.56%
  Triplet s2: Polar=44.86% | Temp=13.33% | NoPE=16.67% -> Contrast=+31.53%

[8/9] Checking run pat_e1_s3_temperature_softmax_memory...
  Starting fresh training for pat_e1_s3_temperature_softmax_memory...
================================================================================
[E1 Training] Starting run pat_e1_s3_temperature_softmax_memory (arm=temperature_softmax_memory, seed=20270914) on cuda (NVIDIA L40S)...
================================================================================
[E1 Training] Initializing matched model for arm=temperature_softmax_memory with seed=20270914...
[E1 Training] Model parameters: 378,179,808 (378.18M)
[E1 Training] Target updates: 1900, accum_steps: 64, mbs: 4
step:0/1900 val_loss:10.82584 wall:10.8s step_avg:10820.7ms MFU:0.0%
step:125/1900 val_loss:4.32514 wall:1142.7s step_avg:9055.0ms MFU:42.7%
step:250/1900 val_loss:3.84689 wall:2274.2s step_avg:9052.1ms MFU:42.7%
step:375/1900 val_loss:3.68476 wall:3408.7s step_avg:9076.2ms MFU:42.6%
step:500/1900 val_loss:3.57996 wall:4544.6s step_avg:9087.3ms MFU:42.6%
step:625/1900 val_loss:3.49681 wall:5682.2s step_avg:9100.4ms MFU:42.5%
step:750/1900 val_loss:3.43363 wall:6817.6s step_avg:9083.1ms MFU:42.6%
step:875/1900 val_loss:3.38809 wall:7954.4s step_avg:9094.9ms MFU:42.5%
step:1000/1900 val_loss:3.33650 wall:9099.8s step_avg:9162.4ms MFU:42.2%
step:1125/1900 val_loss:3.29556 wall:10245.6s step_avg:9166.9ms MFU:42.2%
step:1250/1900 val_loss:3.26604 wall:11387.3s step_avg:9133.4ms MFU:42.4%
step:1375/1900 val_loss:3.23155 wall:12527.1s step_avg:9118.2ms MFU:42.4%
step:1500/1900 val_loss:3.20250 wall:13664.9s step_avg:9102.7ms MFU:42.5%
step:1625/1900 val_loss:3.18119 wall:14801.7s step_avg:9094.3ms MFU:42.5%
step:1750/1900 val_loss:3.15837 wall:15943.6s step_avg:9135.0ms MFU:42.4%
step:1875/1900 val_loss:3.14409 wall:17086.4s step_avg:9142.7ms MFU:42.3%
step:1900/1900 val_loss:3.14368 wall:17322.0s step_avg:1885.1ms MFU:205.3%
[E1 Training] Training complete in 17322.0s (4.81h)
[E1 Training] Saved checkpoint to: /home/sagemaker-user/atma/checkpoints/pat_feedback/pat_e1_s3_temperature_softmax_memory
[E1 Training] Running full structured E1 evaluation on frozen fixtures with DirectScorer...
[E1 Training] Evaluation complete:
  Natural text exact retrieval (8K-64K mean): 44.17%
  BPB at 64K: 1.4562
  BPB at 2K:  1.4766
[E1 Training] DONE -> pat_e1_s3_temperature_softmax_memory
[Master E1] Updated records (8/9 runs completed).
[Master E1] Available Triplet Contrasts:
  Triplet s1: Polar=36.25% | Temp=5.69% | NoPE=5.69% -> Contrast=+30.56%
  Triplet s2: Polar=44.86% | Temp=13.33% | NoPE=16.67% -> Contrast=+31.53%

[9/9] Checking run pat_e1_s3_polar_memory...
  Starting fresh training for pat_e1_s3_polar_memory...
================================================================================
[E1 Training] Starting run pat_e1_s3_polar_memory (arm=polar_memory, seed=20270914) on cuda (NVIDIA L40S)...
================================================================================
[E1 Training] Initializing matched model for arm=polar_memory with seed=20270914...
[E1 Training] Model parameters: 378,220,864 (378.22M)
[E1 Training] Target updates: 1900, accum_steps: 64, mbs: 4
step:0/1900 val_loss:10.82584 wall:11.0s step_avg:11040.5ms MFU:0.0%
step:125/1900 val_loss:4.47773 wall:1177.3s step_avg:9330.0ms MFU:41.5%
step:250/1900 val_loss:3.95470 wall:2344.1s step_avg:9334.8ms MFU:41.5%
step:375/1900 val_loss:3.75996 wall:3515.4s step_avg:9370.3ms MFU:41.3%
step:500/1900 val_loss:3.64047 wall:4685.6s step_avg:9361.6ms MFU:41.3%
step:625/1900 val_loss:3.54842 wall:5859.2s step_avg:9388.9ms MFU:41.2%
step:750/1900 val_loss:3.47981 wall:7032.2s step_avg:9384.0ms MFU:41.2%
step:875/1900 val_loss:3.43211 wall:8206.4s step_avg:9393.3ms MFU:41.2%
step:1000/1900 val_loss:3.37790 wall:9386.4s step_avg:9440.0ms MFU:41.0%
step:1125/1900 val_loss:3.33364 wall:10566.8s step_avg:9443.1ms MFU:41.0%
step:1250/1900 val_loss:3.30290 wall:11745.0s step_avg:9425.4ms MFU:41.1%
step:1375/1900 val_loss:3.26702 wall:12920.5s step_avg:9404.1ms MFU:41.2%
step:1500/1900 val_loss:3.23638 wall:14097.4s step_avg:9415.7ms MFU:41.1%
step:1625/1900 val_loss:3.21445 wall:15275.5s step_avg:9424.4ms MFU:41.1%
step:1750/1900 val_loss:3.19130 wall:16453.5s step_avg:9424.2ms MFU:41.1%
step:1875/1900 val_loss:3.17620 wall:17623.9s step_avg:9363.4ms MFU:41.3%
step:1900/1900 val_loss:3.17577 wall:17868.1s step_avg:1953.1ms MFU:198.1%
[E1 Training] Training complete in 17868.1s (4.96h)
[E1 Training] Saved checkpoint to: /home/sagemaker-user/atma/checkpoints/pat_feedback/pat_e1_s3_polar_memory
[E1 Training] Running full structured E1 evaluation on frozen fixtures with DirectScorer...
[E1 Training] Evaluation complete:
  Natural text exact retrieval (8K-64K mean): 48.61%
  BPB at 64K: 1.5627
  BPB at 2K:  1.6138
[E1 Training] DONE -> pat_e1_s3_polar_memory
[Master E1] Updated records (9/9 runs completed).
[Master E1] Available Triplet Contrasts:
  Triplet s1: Polar=36.25% | Temp=5.69% | NoPE=5.69% -> Contrast=+30.56%
  Triplet s2: Polar=44.86% | Temp=13.33% | NoPE=16.67% -> Contrast=+31.53%
  Triplet s3: Polar=48.61% | Temp=44.17% | NoPE=15.42% -> Contrast=+4.44%

All planned E1 runs executed successfully!
[Master E1] Updated records (9/9 runs completed).
[Master E1] Available Triplet Contrasts:
  Triplet s1: Polar=36.25% | Temp=5.69% | NoPE=5.69% -> Contrast=+30.56%
  Triplet s2: Polar=44.86% | Temp=13.33% | NoPE=16.67% -> Contrast=+31.53%
  Triplet s3: Polar=48.61% | Temp=44.17% | NoPE=15.42% -> Contrast=+4.44%
