================================================================================
[E1 Training] Starting run pat_e1_s2_temperature_softmax_memory (arm=temperature_softmax_memory, seed=20270913) on cuda (NVIDIA L40S)...
================================================================================
[E1 Training] Initializing matched model for arm=temperature_softmax_memory with seed=20270913...
[E1 Training] Model parameters: 378,179,808 (378.18M)

===CONFIG_JSON===
{"attn_type": "temperature_softmax", "reg_mode": "baseline", "distractor": false, "memory": true, "window": false, "vocab_size": 50304, "num_hidden_layers": 16, "hidden_size": 1024, "head_dim": 128, "window_size": 1024, "seq_len": 2048, "num_chunks": 10, "batch_size": 524288, "val_tokens": 2097152, "mbs": 4, "cooldown_frac": 0.7, "sketch_dim": 64, "sigr_alpha_on": 0.01, "dist_align_weight_on": 0.01, "mem_chunk": 128, "mem_gamma_bias": 3.9, "mem_beta_bias": 0.0, "mem_kernel": "auto", "fla_custom_op": true, "wall_gate_bias": null, "eval_lengths": [2048, 4096, 8192, 16384, 32768, 65536], "needle_distances": [2048, 4096, 8192, 16384, 32768, 65536], "clean_dataset": "codelion/finepdfs-100M", "val_data": "finewebedu10B/finewebedu_val_*.bin", "num_eval_docs": 16, "num_needle_trials": 16, "needle_val_len": 5, "run_id": "pat_e1_s2_temperature_softmax_memory", "num_random_keys": 0, "dist_align_loss_weight": 0.0, "sigr_alpha": 0.0, "attn_window": null, "mem_enabled": true, "runner": "ablation.train", "experiment_group": "pat_feedback_e1", "comparison_group": "pat_e1_triplet_s2", "declared_tokens": 996147200, "enabled": true, "seed": 20270913, "init_seed": 20270913, "data_seed": 20270913, "eval_seed": 20270916, "deterministic_algorithms": false, "polar_variant": "full", "optimizer_updates": 1900, "global_batch_tokens": 524288, "gradient_accumulation_steps": 64, "shared_tensor_hash_digest": "4cd15b9fee0b612665d0051c1e41a4a3a0b3214de2b8b4f43d1dca82767ce805", "num_params": 378179808, "host": "default", "device": "cuda"}
===END===
[E1 Training] Target updates: 1900, accum_steps: 64, mbs: 4
step:0/1900 val_loss:10.82584 wall:10.9s step_avg:10850.1ms MFU:0.0%
step:125/1900 val_loss:4.30449 wall:1152.2s step_avg:9130.7ms MFU:42.4%
step:250/1900 val_loss:3.85382 wall:2291.6s step_avg:9115.5ms MFU:42.4%
step:375/1900 val_loss:3.69137 wall:3439.7s step_avg:9184.7ms MFU:42.1%
step:500/1900 val_loss:3.58776 wall:4589.0s step_avg:9194.0ms MFU:42.1%
step:625/1900 val_loss:3.50386 wall:5737.5s step_avg:9188.4ms MFU:42.1%
step:750/1900 val_loss:3.44140 wall:6890.0s step_avg:9219.9ms MFU:42.0%
step:875/1900 val_loss:3.39689 wall:8039.3s step_avg:9194.4ms MFU:42.1%
step:1000/1900 val_loss:3.34547 wall:9183.5s step_avg:9153.4ms MFU:42.3%
step:1125/1900 val_loss:3.30383 wall:10329.4s step_avg:9167.7ms MFU:42.2%
step:1250/1900 val_loss:3.27608 wall:11474.5s step_avg:9160.2ms MFU:42.2%
step:1375/1900 val_loss:3.23969 wall:12617.2s step_avg:9142.0ms MFU:42.3%
step:1500/1900 val_loss:3.21025 wall:13764.1s step_avg:9175.4ms MFU:42.2%
step:1625/1900 val_loss:3.18899 wall:14911.1s step_avg:9175.7ms MFU:42.2%
step:1750/1900 val_loss:3.16663 wall:16055.5s step_avg:9155.2ms MFU:42.3%
step:1875/1900 val_loss:3.15205 wall:17197.5s step_avg:9135.8ms MFU:42.4%
step:1900/1900 val_loss:3.15169 wall:17435.1s step_avg:1901.1ms MFU:203.5%

===CURVE_JSON===
[{"step": 0, "val_loss": 10.82583999633789, "wall_s": 10.85, "mfu": 0.0}, {"step": 125, "val_loss": 4.304489380680025, "wall_s": 1152.19, "mfu": 42.38}, {"step": 250, "val_loss": 3.8538199374452233, "wall_s": 2291.62, "mfu": 42.45}, {"step": 375, "val_loss": 3.691370453685522, "wall_s": 3439.72, "mfu": 42.13}, {"step": 500, "val_loss": 3.587760167196393, "wall_s": 4588.97, "mfu": 42.09}, {"step": 625, "val_loss": 3.5038568237796426, "wall_s": 5737.53, "mfu": 42.11}, {"step": 750, "val_loss": 3.441399959847331, "wall_s": 6890.01, "mfu": 41.97}, {"step": 875, "val_loss": 3.3968914803117514, "wall_s": 8039.31, "mfu": 42.09}, {"step": 1000, "val_loss": 3.3454667245969176, "wall_s": 9183.48, "mfu": 42.27}, {"step": 1125, "val_loss": 3.303832160308957, "wall_s": 10329.44, "mfu": 42.21}, {"step": 1250, "val_loss": 3.276084582321346, "wall_s": 11474.47, "mfu": 42.24}, {"step": 1375, "val_loss": 3.2396927112713456, "wall_s": 12617.22, "mfu": 42.33}, {"step": 1500, "val_loss": 3.210248694755137, "wall_s": 13764.14, "mfu": 42.17}, {"step": 1625, "val_loss": 3.188985896296799, "wall_s": 14911.1, "mfu": 42.17}, {"step": 1750, "val_loss": 3.1666250322014093, "wall_s": 16055.5, "mfu": 42.27}, {"step": 1875, "val_loss": 3.1520514143630862, "wall_s": 17197.47, "mfu": 42.36}, {"step": 1900, "val_loss": 3.1516904830932617, "wall_s": 17435.11, "mfu": 203.54}]
===END===
[E1 Training] Training complete in 17435.1s (4.84h)
[E1 Training] Saved checkpoint to: /home/sagemaker-user/atma/checkpoints/pat_feedback/pat_e1_s2_temperature_softmax_memory
[E1 Training] Running full structured E1 evaluation on frozen fixtures with DirectScorer...

===E1_EVAL_JSON===
{"run_id": "pat_e1_temperature_softmax_memory_20270913", "arm": "temperature_softmax_memory", "seed": 20270913, "elapsed_sec": 369.13, "primary_natural_text_exact_mean_8k_to_64k": 13.333333333333334, "retrieval": {"synthetic": {"2048": {"exact_accuracy_percent": 75.0, "token_accuracy_percent": 95.0, "prompts": 180}, "8192": {"exact_accuracy_percent": 76.11111111111111, "token_accuracy_percent": 95.22222222222221, "prompts": 180}, "16384": {"exact_accuracy_percent": 66.11111111111111, "token_accuracy_percent": 92.88888888888889, "prompts": 180}, "32768": {"exact_accuracy_percent": 72.77777777777777, "token_accuracy_percent": 94.33333333333334, "prompts": 180}, "65536": {"exact_accuracy_percent": 66.66666666666666, "token_accuracy_percent": 92.77777777777779, "prompts": 180}}, "real": {"2048": {"exact_accuracy_percent": 68.33333333333333, "token_accuracy_percent": 93.44444444444444, "prompts": 180}, "8192": {"exact_accuracy_percent": 40.55555555555556, "token_accuracy_percent": 79.44444444444444, "prompts": 180}, "16384": {"exact_accuracy_percent": 11.11111111111111, "token_accuracy_percent": 52.11111111111111, "prompts": 180}, "32768": {"exact_accuracy_percent": 1.6666666666666667, "token_accuracy_percent": 28.444444444444443, "prompts": 180}, "65536": {"exact_accuracy_percent": 0.0, "token_accuracy_percent": 17.666666666666668, "prompts": 180}}}, "bpb": {"2048": {"mean_bpb": 1.510040410875255, "per_corpus": {"pg19": 1.3165266492732481, "proof_pile": 2.073733744342986, "finepdfs": 1.1398608390095306}}, "65536": {"mean_bpb": 1.6787659840136637, "per_corpus": {"pg19": 1.3365198965364173, "proof_pile": 2.4568002363335926, "finepdfs": 1.2429778191709808}}}}
===END===
[E1 Training] Evaluation complete:
  Natural text exact retrieval (8K-64K mean): 13.33%
  BPB at 64K: 1.6788
  BPB at 2K:  1.5100
[E1 Training] DONE -> pat_e1_s2_temperature_softmax_memory
