================================================================================
[E1 Training] Starting run pat_e1_s2_polar_memory (arm=polar_memory, seed=20270913) on cuda (NVIDIA L40S)...
================================================================================
[E1 Training] Initializing matched model for arm=polar_memory with seed=20270913...
[E1 Training] Model parameters: 378,220,864 (378.22M)

===CONFIG_JSON===
{"attn_type": "polar", "reg_mode": "baseline", "distractor": false, "memory": true, "window": false, "vocab_size": 50304, "num_hidden_layers": 16, "hidden_size": 1024, "head_dim": 128, "window_size": 1024, "seq_len": 2048, "num_chunks": 10, "batch_size": 524288, "val_tokens": 2097152, "mbs": 4, "cooldown_frac": 0.7, "sketch_dim": 64, "sigr_alpha_on": 0.01, "dist_align_weight_on": 0.01, "mem_chunk": 128, "mem_gamma_bias": 3.9, "mem_beta_bias": 0.0, "mem_kernel": "auto", "fla_custom_op": true, "wall_gate_bias": null, "eval_lengths": [2048, 4096, 8192, 16384, 32768, 65536], "needle_distances": [2048, 4096, 8192, 16384, 32768, 65536], "clean_dataset": "codelion/finepdfs-100M", "val_data": "finewebedu10B/finewebedu_val_*.bin", "num_eval_docs": 16, "num_needle_trials": 16, "needle_val_len": 5, "run_id": "pat_e1_s2_polar_memory", "num_random_keys": 0, "dist_align_loss_weight": 0.0, "sigr_alpha": 0.0, "attn_window": null, "mem_enabled": true, "runner": "ablation.train", "experiment_group": "pat_feedback_e1", "comparison_group": "pat_e1_triplet_s2", "declared_tokens": 996147200, "enabled": true, "seed": 20270913, "init_seed": 20270913, "data_seed": 20270913, "eval_seed": 20270916, "deterministic_algorithms": false, "polar_variant": "full", "optimizer_updates": 1900, "global_batch_tokens": 524288, "gradient_accumulation_steps": 64, "shared_tensor_hash_digest": "4cd15b9fee0b612665d0051c1e41a4a3a0b3214de2b8b4f43d1dca82767ce805", "num_params": 378220864, "host": "default", "device": "cuda"}
===END===
[E1 Training] Target updates: 1900, accum_steps: 64, mbs: 4
step:0/1900 val_loss:10.82584 wall:11.0s step_avg:11031.9ms MFU:0.0%
step:125/1900 val_loss:4.47474 wall:1177.7s step_avg:9333.5ms MFU:41.5%
step:250/1900 val_loss:3.95362 wall:2348.9s step_avg:9369.6ms MFU:41.3%
step:375/1900 val_loss:3.75770 wall:3524.5s step_avg:9404.9ms MFU:41.1%
step:500/1900 val_loss:3.64008 wall:4697.2s step_avg:9381.5ms MFU:41.2%
step:625/1900 val_loss:3.54735 wall:5871.4s step_avg:9393.8ms MFU:41.2%
step:750/1900 val_loss:3.47629 wall:7046.6s step_avg:9401.4ms MFU:41.2%
step:875/1900 val_loss:3.42727 wall:8226.0s step_avg:9434.6ms MFU:41.0%
step:1000/1900 val_loss:3.37444 wall:9403.3s step_avg:9418.5ms MFU:41.1%
step:1125/1900 val_loss:3.33182 wall:10576.3s step_avg:9384.5ms MFU:41.2%
step:1250/1900 val_loss:3.30020 wall:11748.6s step_avg:9378.0ms MFU:41.3%
step:1375/1900 val_loss:3.26446 wall:12927.4s step_avg:9430.8ms MFU:41.0%
step:1500/1900 val_loss:3.23326 wall:14103.7s step_avg:9410.1ms MFU:41.1%
step:1625/1900 val_loss:3.21120 wall:15277.1s step_avg:9387.3ms MFU:41.2%
step:1750/1900 val_loss:3.18802 wall:16451.6s step_avg:9395.9ms MFU:41.2%
step:1875/1900 val_loss:3.17283 wall:17627.2s step_avg:9404.5ms MFU:41.1%
step:1900/1900 val_loss:3.17245 wall:17873.5s step_avg:1970.4ms MFU:196.4%

===CURVE_JSON===
[{"step": 0, "val_loss": 10.82583999633789, "wall_s": 11.03, "mfu": 0.0}, {"step": 125, "val_loss": 4.474738166667521, "wall_s": 1177.72, "mfu": 41.46}, {"step": 250, "val_loss": 3.9536194931715727, "wall_s": 2348.92, "mfu": 41.3}, {"step": 375, "val_loss": 3.7577020805329084, "wall_s": 3524.54, "mfu": 41.15}, {"step": 500, "val_loss": 3.6400776505470276, "wall_s": 4697.22, "mfu": 41.25}, {"step": 625, "val_loss": 3.547348365187645, "wall_s": 5871.45, "mfu": 41.2}, {"step": 750, "val_loss": 3.4762851279228926, "wall_s": 7046.63, "mfu": 41.16}, {"step": 875, "val_loss": 3.4272720590233803, "wall_s": 8225.95, "mfu": 41.02}, {"step": 1000, "val_loss": 3.37443680036813, "wall_s": 9403.27, "mfu": 41.09}, {"step": 1125, "val_loss": 3.3318209517747164, "wall_s": 10576.33, "mfu": 41.24}, {"step": 1250, "val_loss": 3.3001992497593164, "wall_s": 11748.58, "mfu": 41.27}, {"step": 1375, "val_loss": 3.2644608337432146, "wall_s": 12927.43, "mfu": 41.03}, {"step": 1500, "val_loss": 3.2332551097497344, "wall_s": 14103.69, "mfu": 41.12}, {"step": 1625, "val_loss": 3.211195749230683, "wall_s": 15277.11, "mfu": 41.22}, {"step": 1750, "val_loss": 3.188015283085406, "wall_s": 16451.6, "mfu": 41.19}, {"step": 1875, "val_loss": 3.172830236144364, "wall_s": 17627.16, "mfu": 41.15}, {"step": 1900, "val_loss": 3.1724543552845716, "wall_s": 17873.46, "mfu": 196.4}]
===END===
[E1 Training] Training complete in 17873.5s (4.96h)
[E1 Training] Saved checkpoint to: /home/sagemaker-user/atma/checkpoints/pat_feedback/pat_e1_s2_polar_memory
[E1 Training] Running full structured E1 evaluation on frozen fixtures with DirectScorer...

===E1_EVAL_JSON===
{"run_id": "pat_e1_polar_memory_20270913", "arm": "polar_memory", "seed": 20270913, "elapsed_sec": 385.07, "primary_natural_text_exact_mean_8k_to_64k": 44.861111111111114, "retrieval": {"synthetic": {"2048": {"exact_accuracy_percent": 46.666666666666664, "token_accuracy_percent": 87.22222222222223, "prompts": 180}, "8192": {"exact_accuracy_percent": 32.77777777777778, "token_accuracy_percent": 83.77777777777777, "prompts": 180}, "16384": {"exact_accuracy_percent": 21.11111111111111, "token_accuracy_percent": 73.55555555555556, "prompts": 180}, "32768": {"exact_accuracy_percent": 16.11111111111111, "token_accuracy_percent": 68.88888888888889, "prompts": 180}, "65536": {"exact_accuracy_percent": 10.0, "token_accuracy_percent": 63.11111111111111, "prompts": 180}}, "real": {"2048": {"exact_accuracy_percent": 61.66666666666667, "token_accuracy_percent": 91.55555555555556, "prompts": 180}, "8192": {"exact_accuracy_percent": 53.888888888888886, "token_accuracy_percent": 87.1111111111111, "prompts": 180}, "16384": {"exact_accuracy_percent": 48.333333333333336, "token_accuracy_percent": 85.55555555555556, "prompts": 180}, "32768": {"exact_accuracy_percent": 38.88888888888889, "token_accuracy_percent": 84.11111111111111, "prompts": 180}, "65536": {"exact_accuracy_percent": 38.333333333333336, "token_accuracy_percent": 81.88888888888889, "prompts": 180}}}, "bpb": {"2048": {"mean_bpb": 1.5384515760497608, "per_corpus": {"pg19": 1.325834332044095, "proof_pile": 2.170484943478228, "finepdfs": 1.1190354526269592}}, "65536": {"mean_bpb": 1.5162202007887358, "per_corpus": {"pg19": 1.3343441190710925, "proof_pile": 2.1240598816929674, "finepdfs": 1.0902566016021473}}}}
===END===
[E1 Training] Evaluation complete:
  Natural text exact retrieval (8K-64K mean): 44.86%
  BPB at 64K: 1.5162
  BPB at 2K:  1.5385
[E1 Training] DONE -> pat_e1_s2_polar_memory
