================================================================================
[E1 Training] Starting run pat_e1_s1_polar_memory (arm=polar_memory, seed=20270912) on cuda (NVIDIA L40S)...
================================================================================
[E1 Training] Initializing matched model for arm=polar_memory with seed=20270912...
[E1 Training] Model parameters: 378,220,864 (378.22M)

===CONFIG_JSON===
{"attn_type": "polar", "reg_mode": "baseline", "distractor": false, "memory": true, "window": false, "vocab_size": 50304, "num_hidden_layers": 16, "hidden_size": 1024, "head_dim": 128, "window_size": 1024, "seq_len": 2048, "num_chunks": 10, "batch_size": 524288, "val_tokens": 2097152, "mbs": 4, "cooldown_frac": 0.7, "sketch_dim": 64, "sigr_alpha_on": 0.01, "dist_align_weight_on": 0.01, "mem_chunk": 128, "mem_gamma_bias": 3.9, "mem_beta_bias": 0.0, "mem_kernel": "auto", "fla_custom_op": true, "wall_gate_bias": null, "eval_lengths": [2048, 4096, 8192, 16384, 32768, 65536], "needle_distances": [2048, 4096, 8192, 16384, 32768, 65536], "clean_dataset": "codelion/finepdfs-100M", "val_data": "finewebedu10B/finewebedu_val_*.bin", "num_eval_docs": 16, "num_needle_trials": 16, "needle_val_len": 5, "run_id": "pat_e1_s1_polar_memory", "num_random_keys": 0, "dist_align_loss_weight": 0.0, "sigr_alpha": 0.0, "attn_window": null, "mem_enabled": true, "runner": "ablation.train", "experiment_group": "pat_feedback_e1", "comparison_group": "pat_e1_triplet_s1", "declared_tokens": 996147200, "enabled": true, "seed": 20270912, "init_seed": 20270912, "data_seed": 20270912, "eval_seed": 20270916, "deterministic_algorithms": false, "polar_variant": "full", "optimizer_updates": 1900, "global_batch_tokens": 524288, "gradient_accumulation_steps": 64, "shared_tensor_hash_digest": "fb9eb4a77fab9f277c4887ab3667135e678474953b56a7bb83eae646515340fa", "num_params": 378220864, "host": "default", "device": "cuda"}
===END===
[E1 Training] Target updates: 1900, accum_steps: 64, mbs: 4
step:0/1900 val_loss:10.82584 wall:30.3s step_avg:30255.4ms MFU:0.0%
step:125/1900 val_loss:4.47723 wall:1243.8s step_avg:9708.2ms MFU:39.9%
step:250/1900 val_loss:3.95371 wall:2410.6s step_avg:9334.7ms MFU:41.5%
step:375/1900 val_loss:3.75739 wall:3583.4s step_avg:9381.9ms MFU:41.2%
step:500/1900 val_loss:3.63750 wall:4756.6s step_avg:9385.9ms MFU:41.2%
step:625/1900 val_loss:3.54474 wall:5933.7s step_avg:9416.5ms MFU:41.1%
step:750/1900 val_loss:3.47350 wall:7113.4s step_avg:9438.3ms MFU:41.0%
step:875/1900 val_loss:3.42597 wall:8296.9s step_avg:9467.4ms MFU:40.9%
step:1000/1900 val_loss:3.37297 wall:9473.9s step_avg:9416.2ms MFU:41.1%
step:1125/1900 val_loss:3.32904 wall:10654.1s step_avg:9441.7ms MFU:41.0%
step:1250/1900 val_loss:3.29791 wall:11832.6s step_avg:9427.5ms MFU:41.0%
step:1375/1900 val_loss:3.26196 wall:13014.3s step_avg:9453.9ms MFU:40.9%
step:1500/1900 val_loss:3.23112 wall:14193.3s step_avg:9432.1ms MFU:41.0%
step:1625/1900 val_loss:3.20916 wall:15374.1s step_avg:9446.6ms MFU:41.0%
step:1750/1900 val_loss:3.18580 wall:16557.4s step_avg:9466.2ms MFU:40.9%
step:1875/1900 val_loss:3.17092 wall:17740.8s step_avg:9466.8ms MFU:40.9%
step:1900/1900 val_loss:3.17058 wall:17986.6s step_avg:1966.5ms MFU:196.8%

===CURVE_JSON===
[{"step": 0, "val_loss": 10.82583999633789, "wall_s": 30.26, "mfu": 0.0}, {"step": 125, "val_loss": 4.477233931422234, "wall_s": 1243.79, "mfu": 39.86}, {"step": 250, "val_loss": 3.9537053322419524, "wall_s": 2410.62, "mfu": 41.46}, {"step": 375, "val_loss": 3.7573919473215938, "wall_s": 3583.36, "mfu": 41.25}, {"step": 500, "val_loss": 3.637501518242061, "wall_s": 4756.6, "mfu": 41.23}, {"step": 625, "val_loss": 3.5447429474443197, "wall_s": 5933.66, "mfu": 41.1}, {"step": 750, "val_loss": 3.473504824563861, "wall_s": 7113.45, "mfu": 41.0}, {"step": 875, "val_loss": 3.425973216071725, "wall_s": 8296.88, "mfu": 40.88}, {"step": 1000, "val_loss": 3.3729747030884027, "wall_s": 9473.9, "mfu": 41.1}, {"step": 1125, "val_loss": 3.3290441036224365, "wall_s": 10654.12, "mfu": 40.99}, {"step": 1250, "val_loss": 3.2979097673669457, "wall_s": 11832.55, "mfu": 41.05}, {"step": 1375, "val_loss": 3.261958216316998, "wall_s": 13014.29, "mfu": 40.93}, {"step": 1500, "val_loss": 3.231115289963782, "wall_s": 14193.31, "mfu": 41.03}, {"step": 1625, "val_loss": 3.2091573206707835, "wall_s": 15374.13, "mfu": 40.97}, {"step": 1750, "val_loss": 3.18579956702888, "wall_s": 16557.4, "mfu": 40.88}, {"step": 1875, "val_loss": 3.170916073024273, "wall_s": 17740.75, "mfu": 40.88}, {"step": 1900, "val_loss": 3.1705779414623976, "wall_s": 17986.57, "mfu": 196.79}]
===END===
[E1 Training] Training complete in 17986.6s (5.00h)
[E1 Training] Saved checkpoint to: /home/sagemaker-user/atma/checkpoints/pat_feedback/pat_e1_s1_polar_memory
[E1 Training] Running full structured E1 evaluation on frozen fixtures with DirectScorer...

===E1_EVAL_JSON===
{"run_id": "pat_e1_polar_memory_20270912", "arm": "polar_memory", "seed": 20270912, "elapsed_sec": 387.71, "primary_natural_text_exact_mean_8k_to_64k": 36.25, "retrieval": {"synthetic": {"2048": {"exact_accuracy_percent": 59.44444444444444, "token_accuracy_percent": 90.44444444444444, "prompts": 180}, "8192": {"exact_accuracy_percent": 47.22222222222222, "token_accuracy_percent": 86.33333333333333, "prompts": 180}, "16384": {"exact_accuracy_percent": 38.88888888888889, "token_accuracy_percent": 82.77777777777777, "prompts": 180}, "32768": {"exact_accuracy_percent": 32.22222222222222, "token_accuracy_percent": 78.22222222222223, "prompts": 180}, "65536": {"exact_accuracy_percent": 22.77777777777778, "token_accuracy_percent": 75.77777777777777, "prompts": 180}}, "real": {"2048": {"exact_accuracy_percent": 62.22222222222222, "token_accuracy_percent": 92.11111111111111, "prompts": 180}, "8192": {"exact_accuracy_percent": 43.888888888888886, "token_accuracy_percent": 84.11111111111111, "prompts": 180}, "16384": {"exact_accuracy_percent": 37.77777777777778, "token_accuracy_percent": 82.0, "prompts": 180}, "32768": {"exact_accuracy_percent": 31.11111111111111, "token_accuracy_percent": 79.88888888888889, "prompts": 180}, "65536": {"exact_accuracy_percent": 32.22222222222222, "token_accuracy_percent": 79.44444444444444, "prompts": 180}}}, "bpb": {"2048": {"mean_bpb": 1.6290267167654928, "per_corpus": {"pg19": 1.3254075119927695, "proof_pile": 2.3423492243868753, "finepdfs": 1.2193234139168332}}, "65536": {"mean_bpb": 1.5882271921151319, "per_corpus": {"pg19": 1.362200448900278, "proof_pile": 2.3043670112487256, "finepdfs": 1.0981141161963923}}}}
===END===
[E1 Training] Evaluation complete:
  Natural text exact retrieval (8K-64K mean): 36.25%
  BPB at 64K: 1.5882
  BPB at 2K:  1.6290
[E1 Training] DONE -> pat_e1_s1_polar_memory
