================================================================================
[E1 Training] Starting run pat_e1_s1_temperature_softmax_memory (arm=temperature_softmax_memory, seed=20270912) on cuda (NVIDIA L40S)...
================================================================================
[E1 Training] Initializing matched model for arm=temperature_softmax_memory with seed=20270912...
[E1 Training] Model parameters: 378,179,808 (378.18M)

===CONFIG_JSON===
{"attn_type": "temperature_softmax", "reg_mode": "baseline", "distractor": false, "memory": true, "window": false, "vocab_size": 50304, "num_hidden_layers": 16, "hidden_size": 1024, "head_dim": 128, "window_size": 1024, "seq_len": 2048, "num_chunks": 10, "batch_size": 524288, "val_tokens": 2097152, "mbs": 4, "cooldown_frac": 0.7, "sketch_dim": 64, "sigr_alpha_on": 0.01, "dist_align_weight_on": 0.01, "mem_chunk": 128, "mem_gamma_bias": 3.9, "mem_beta_bias": 0.0, "mem_kernel": "auto", "fla_custom_op": true, "wall_gate_bias": null, "eval_lengths": [2048, 4096, 8192, 16384, 32768, 65536], "needle_distances": [2048, 4096, 8192, 16384, 32768, 65536], "clean_dataset": "codelion/finepdfs-100M", "val_data": "finewebedu10B/finewebedu_val_*.bin", "num_eval_docs": 16, "num_needle_trials": 16, "needle_val_len": 5, "run_id": "pat_e1_s1_temperature_softmax_memory", "num_random_keys": 0, "dist_align_loss_weight": 0.0, "sigr_alpha": 0.0, "attn_window": null, "mem_enabled": true, "runner": "ablation.train", "experiment_group": "pat_feedback_e1", "comparison_group": "pat_e1_triplet_s1", "declared_tokens": 996147200, "enabled": true, "seed": 20270912, "init_seed": 20270912, "data_seed": 20270912, "eval_seed": 20270916, "deterministic_algorithms": false, "polar_variant": "full", "optimizer_updates": 1900, "global_batch_tokens": 524288, "gradient_accumulation_steps": 64, "shared_tensor_hash_digest": "fb9eb4a77fab9f277c4887ab3667135e678474953b56a7bb83eae646515340fa", "num_params": 378179808, "host": "default", "device": "cuda"}
===END===
[E1 Training] Target updates: 1900, accum_steps: 64, mbs: 4
step:0/1900 val_loss:10.82584 wall:29.3s step_avg:29328.6ms MFU:0.0%
step:125/1900 val_loss:4.32262 wall:1186.7s step_avg:9259.3ms MFU:41.8%
step:250/1900 val_loss:3.84483 wall:2308.5s step_avg:8974.1ms MFU:43.1%
step:375/1900 val_loss:3.68172 wall:3431.1s step_avg:8980.9ms MFU:43.1%
step:500/1900 val_loss:3.57861 wall:4554.0s step_avg:8983.5ms MFU:43.1%
step:625/1900 val_loss:3.49572 wall:5679.2s step_avg:9001.6ms MFU:43.0%
step:750/1900 val_loss:3.43145 wall:6806.1s step_avg:9014.7ms MFU:42.9%
step:875/1900 val_loss:3.38623 wall:7933.7s step_avg:9020.6ms MFU:42.9%
step:1000/1900 val_loss:3.33731 wall:9056.3s step_avg:8981.5ms MFU:43.1%
step:1125/1900 val_loss:3.29501 wall:10178.2s step_avg:8974.7ms MFU:43.1%
step:1250/1900 val_loss:3.26566 wall:11298.4s step_avg:8961.7ms MFU:43.2%
step:1375/1900 val_loss:3.23110 wall:12418.6s step_avg:8961.5ms MFU:43.2%
step:1500/1900 val_loss:3.20125 wall:13542.6s step_avg:8992.2ms MFU:43.0%
step:1625/1900 val_loss:3.17993 wall:14667.3s step_avg:8997.3ms MFU:43.0%
step:1750/1900 val_loss:3.15793 wall:15793.1s step_avg:9006.2ms MFU:43.0%
step:1875/1900 val_loss:3.14318 wall:16916.5s step_avg:8987.8ms MFU:43.1%
step:1900/1900 val_loss:3.14283 wall:17151.2s step_avg:1877.6ms MFU:206.1%

===CURVE_JSON===
[{"step": 0, "val_loss": 10.82583999633789, "wall_s": 29.33, "mfu": 0.0}, {"step": 125, "val_loss": 4.322615493088961, "wall_s": 1186.74, "mfu": 41.79}, {"step": 250, "val_loss": 3.8448265781626105, "wall_s": 2308.5, "mfu": 43.12}, {"step": 375, "val_loss": 3.681724790483713, "wall_s": 3431.12, "mfu": 43.09}, {"step": 500, "val_loss": 3.578614879399538, "wall_s": 4554.05, "mfu": 43.07}, {"step": 625, "val_loss": 3.49571540299803, "wall_s": 5679.25, "mfu": 42.99}, {"step": 750, "val_loss": 3.4314482482150197, "wall_s": 6806.09, "mfu": 42.92}, {"step": 875, "val_loss": 3.386233980767429, "wall_s": 7933.66, "mfu": 42.9}, {"step": 1000, "val_loss": 3.3373087383806705, "wall_s": 9056.35, "mfu": 43.08}, {"step": 1125, "val_loss": 3.2950115259736776, "wall_s": 10178.19, "mfu": 43.12}, {"step": 1250, "val_loss": 3.2656551813706756, "wall_s": 11298.4, "mfu": 43.18}, {"step": 1375, "val_loss": 3.2310964595526457, "wall_s": 12418.59, "mfu": 43.18}, {"step": 1500, "val_loss": 3.2012542420998216, "wall_s": 13542.62, "mfu": 43.03}, {"step": 1625, "val_loss": 3.179925418458879, "wall_s": 14667.27, "mfu": 43.01}, {"step": 1750, "val_loss": 3.1579343657940626, "wall_s": 15793.05, "mfu": 42.96}, {"step": 1875, "val_loss": 3.1431786017492414, "wall_s": 16916.53, "mfu": 43.05}, {"step": 1900, "val_loss": 3.1428318498656154, "wall_s": 17151.22, "mfu": 206.09}]
===END===
[E1 Training] Training complete in 17151.2s (4.76h)
[E1 Training] Saved checkpoint to: /home/sagemaker-user/atma/checkpoints/pat_feedback/pat_e1_s1_temperature_softmax_memory
[E1 Training] Running full structured E1 evaluation on frozen fixtures with DirectScorer...

===E1_EVAL_JSON===
{"run_id": "pat_e1_temperature_softmax_memory_20270912", "arm": "temperature_softmax_memory", "seed": 20270912, "elapsed_sec": 367.8, "primary_natural_text_exact_mean_8k_to_64k": 5.694444444444445, "retrieval": {"synthetic": {"2048": {"exact_accuracy_percent": 71.11111111111111, "token_accuracy_percent": 94.11111111111111, "prompts": 180}, "8192": {"exact_accuracy_percent": 65.55555555555556, "token_accuracy_percent": 93.0, "prompts": 180}, "16384": {"exact_accuracy_percent": 58.333333333333336, "token_accuracy_percent": 90.0, "prompts": 180}, "32768": {"exact_accuracy_percent": 55.00000000000001, "token_accuracy_percent": 90.33333333333333, "prompts": 180}, "65536": {"exact_accuracy_percent": 47.22222222222222, "token_accuracy_percent": 87.0, "prompts": 180}}, "real": {"2048": {"exact_accuracy_percent": 72.22222222222221, "token_accuracy_percent": 93.33333333333333, "prompts": 180}, "8192": {"exact_accuracy_percent": 19.444444444444446, "token_accuracy_percent": 68.22222222222221, "prompts": 180}, "16384": {"exact_accuracy_percent": 3.3333333333333335, "token_accuracy_percent": 25.88888888888889, "prompts": 180}, "32768": {"exact_accuracy_percent": 0.0, "token_accuracy_percent": 10.222222222222223, "prompts": 180}, "65536": {"exact_accuracy_percent": 0.0, "token_accuracy_percent": 4.111111111111112, "prompts": 180}}}, "bpb": {"2048": {"mean_bpb": 1.4648948561583435, "per_corpus": {"pg19": 1.305743331193736, "proof_pile": 2.012684557759716, "finepdfs": 1.0762566795215782}}, "65536": {"mean_bpb": 1.6200794951350346, "per_corpus": {"pg19": 1.3153948815170904, "proof_pile": 2.3089533013869916, "finepdfs": 1.2358903025010213}}}}
===END===
[E1 Training] Evaluation complete:
  Natural text exact retrieval (8K-64K mean): 5.69%
  BPB at 64K: 1.6201
  BPB at 2K:  1.4649
[E1 Training] DONE -> pat_e1_s1_temperature_softmax_memory
