================================================================================
[E1 Training] Starting run pat_e1_s3_polar_memory (arm=polar_memory, seed=20270914) on cuda (NVIDIA L40S)...
================================================================================
[E1 Training] Initializing matched model for arm=polar_memory with seed=20270914...
[E1 Training] Model parameters: 378,220,864 (378.22M)

===CONFIG_JSON===
{"attn_type": "polar", "reg_mode": "baseline", "distractor": false, "memory": true, "window": false, "vocab_size": 50304, "num_hidden_layers": 16, "hidden_size": 1024, "head_dim": 128, "window_size": 1024, "seq_len": 2048, "num_chunks": 10, "batch_size": 524288, "val_tokens": 2097152, "mbs": 4, "cooldown_frac": 0.7, "sketch_dim": 64, "sigr_alpha_on": 0.01, "dist_align_weight_on": 0.01, "mem_chunk": 128, "mem_gamma_bias": 3.9, "mem_beta_bias": 0.0, "mem_kernel": "auto", "fla_custom_op": true, "wall_gate_bias": null, "eval_lengths": [2048, 4096, 8192, 16384, 32768, 65536], "needle_distances": [2048, 4096, 8192, 16384, 32768, 65536], "clean_dataset": "codelion/finepdfs-100M", "val_data": "finewebedu10B/finewebedu_val_*.bin", "num_eval_docs": 16, "num_needle_trials": 16, "needle_val_len": 5, "run_id": "pat_e1_s3_polar_memory", "num_random_keys": 0, "dist_align_loss_weight": 0.0, "sigr_alpha": 0.0, "attn_window": null, "mem_enabled": true, "runner": "ablation.train", "experiment_group": "pat_feedback_e1", "comparison_group": "pat_e1_triplet_s3", "declared_tokens": 996147200, "enabled": true, "seed": 20270914, "init_seed": 20270914, "data_seed": 20270914, "eval_seed": 20270916, "deterministic_algorithms": false, "polar_variant": "full", "optimizer_updates": 1900, "global_batch_tokens": 524288, "gradient_accumulation_steps": 64, "shared_tensor_hash_digest": "5e6d2f21344bb691968bd066c7d73ab19baef638ce260c33f32089c2b041de2e", "num_params": 378220864, "host": "default", "device": "cuda"}
===END===
[E1 Training] Target updates: 1900, accum_steps: 64, mbs: 4
step:0/1900 val_loss:10.82584 wall:11.0s step_avg:11040.5ms MFU:0.0%
step:125/1900 val_loss:4.47773 wall:1177.3s step_avg:9330.0ms MFU:41.5%
step:250/1900 val_loss:3.95470 wall:2344.1s step_avg:9334.8ms MFU:41.5%
step:375/1900 val_loss:3.75996 wall:3515.4s step_avg:9370.3ms MFU:41.3%
step:500/1900 val_loss:3.64047 wall:4685.6s step_avg:9361.6ms MFU:41.3%
step:625/1900 val_loss:3.54842 wall:5859.2s step_avg:9388.9ms MFU:41.2%
step:750/1900 val_loss:3.47981 wall:7032.2s step_avg:9384.0ms MFU:41.2%
step:875/1900 val_loss:3.43211 wall:8206.4s step_avg:9393.3ms MFU:41.2%
step:1000/1900 val_loss:3.37790 wall:9386.4s step_avg:9440.0ms MFU:41.0%
step:1125/1900 val_loss:3.33364 wall:10566.8s step_avg:9443.1ms MFU:41.0%
step:1250/1900 val_loss:3.30290 wall:11745.0s step_avg:9425.4ms MFU:41.1%
step:1375/1900 val_loss:3.26702 wall:12920.5s step_avg:9404.1ms MFU:41.2%
step:1500/1900 val_loss:3.23638 wall:14097.4s step_avg:9415.7ms MFU:41.1%
step:1625/1900 val_loss:3.21445 wall:15275.5s step_avg:9424.4ms MFU:41.1%
step:1750/1900 val_loss:3.19130 wall:16453.5s step_avg:9424.2ms MFU:41.1%
step:1875/1900 val_loss:3.17620 wall:17623.9s step_avg:9363.4ms MFU:41.3%
step:1900/1900 val_loss:3.17577 wall:17868.1s step_avg:1953.1ms MFU:198.1%

===CURVE_JSON===
[{"step": 0, "val_loss": 10.82583999633789, "wall_s": 11.04, "mfu": 0.0}, {"step": 125, "val_loss": 4.477730321697891, "wall_s": 1177.29, "mfu": 41.48}, {"step": 250, "val_loss": 3.95470280200243, "wall_s": 2344.14, "mfu": 41.46}, {"step": 375, "val_loss": 3.7599623557180166, "wall_s": 3515.43, "mfu": 41.3}, {"step": 500, "val_loss": 3.640466040931642, "wall_s": 4685.63, "mfu": 41.34}, {"step": 625, "val_loss": 3.548419527709484, "wall_s": 5859.24, "mfu": 41.22}, {"step": 750, "val_loss": 3.479812945239246, "wall_s": 7032.23, "mfu": 41.24}, {"step": 875, "val_loss": 3.432112453505397, "wall_s": 8206.4, "mfu": 41.2}, {"step": 1000, "val_loss": 3.377903886139393, "wall_s": 9386.4, "mfu": 40.99}, {"step": 1125, "val_loss": 3.3336361004039645, "wall_s": 10566.79, "mfu": 40.98}, {"step": 1250, "val_loss": 3.3028976703062654, "wall_s": 11744.97, "mfu": 41.06}, {"step": 1375, "val_loss": 3.2670185742899776, "wall_s": 12920.47, "mfu": 41.15}, {"step": 1500, "val_loss": 3.2363790813833475, "wall_s": 14097.43, "mfu": 41.1}, {"step": 1625, "val_loss": 3.2144503938034177, "wall_s": 15275.49, "mfu": 41.06}, {"step": 1750, "val_loss": 3.1913002906367183, "wall_s": 16453.51, "mfu": 41.06}, {"step": 1875, "val_loss": 3.1761964121833444, "wall_s": 17623.94, "mfu": 41.33}, {"step": 1900, "val_loss": 3.175772476941347, "wall_s": 17868.07, "mfu": 198.14}]
===END===
[E1 Training] Training complete in 17868.1s (4.96h)
[E1 Training] Saved checkpoint to: /home/sagemaker-user/atma/checkpoints/pat_feedback/pat_e1_s3_polar_memory
[E1 Training] Running full structured E1 evaluation on frozen fixtures with DirectScorer...

===E1_EVAL_JSON===
{"run_id": "pat_e1_polar_memory_20270914", "arm": "polar_memory", "seed": 20270914, "elapsed_sec": 386.02, "primary_natural_text_exact_mean_8k_to_64k": 48.611111111111114, "retrieval": {"synthetic": {"2048": {"exact_accuracy_percent": 53.888888888888886, "token_accuracy_percent": 89.44444444444444, "prompts": 180}, "8192": {"exact_accuracy_percent": 41.66666666666667, "token_accuracy_percent": 83.33333333333334, "prompts": 180}, "16384": {"exact_accuracy_percent": 37.77777777777778, "token_accuracy_percent": 79.0, "prompts": 180}, "32768": {"exact_accuracy_percent": 23.88888888888889, "token_accuracy_percent": 73.66666666666667, "prompts": 180}, "65536": {"exact_accuracy_percent": 20.0, "token_accuracy_percent": 62.0, "prompts": 180}}, "real": {"2048": {"exact_accuracy_percent": 59.44444444444444, "token_accuracy_percent": 90.44444444444444, "prompts": 180}, "8192": {"exact_accuracy_percent": 59.44444444444444, "token_accuracy_percent": 87.55555555555556, "prompts": 180}, "16384": {"exact_accuracy_percent": 48.333333333333336, "token_accuracy_percent": 86.66666666666667, "prompts": 180}, "32768": {"exact_accuracy_percent": 46.666666666666664, "token_accuracy_percent": 83.88888888888889, "prompts": 180}, "65536": {"exact_accuracy_percent": 40.0, "token_accuracy_percent": 82.11111111111111, "prompts": 180}}}, "bpb": {"2048": {"mean_bpb": 1.6137508872548316, "per_corpus": {"pg19": 1.3332449241941842, "proof_pile": 2.2050185396806468, "finepdfs": 1.3029891978896637}}, "65536": {"mean_bpb": 1.5626636034891055, "per_corpus": {"pg19": 1.3247854818373144, "proof_pile": 2.1490614978568203, "finepdfs": 1.214143830773182}}}}
===END===
[E1 Training] Evaluation complete:
  Natural text exact retrieval (8K-64K mean): 48.61%
  BPB at 64K: 1.5627
  BPB at 2K:  1.6138
[E1 Training] DONE -> pat_e1_s3_polar_memory
