[run] benchmark=babilong model=/home/sagemaker-user/atma/checkpoints/foveal_babilong_2k_ft/polar_lm_output_kl tasks=['qa1', 'qa2', 'qa3', 'qa4', 'qa5'] lengths=['0k', '1k', '2k', '4k', '8k', '16k', '32k', '64k', '128k', '256k'] samples=10 gamma_clamp=None
[babilong] prompts = builtin-v1
[babilong] held-out rows = [90, 100); dataset = RMT-team/babilong@ee0d588794c7ac098062ee0d247c733d62e94fe2
[babilong]  qa1 @   0k: acc=60.0% (n=10)
[babilong]  qa2 @   0k: acc=80.0% (n=10)
[babilong]  qa3 @   0k: acc=30.0% (n=10)
[babilong]  qa4 @   0k: acc=80.0% (n=10)
[babilong]  qa5 @   0k: acc=70.0% (n=10)
[babilong]  qa1 @   1k: acc=50.0% (n=10)
[babilong]  qa2 @   1k: acc=60.0% (n=10)
[babilong]  qa3 @   1k: acc=40.0% (n=10)
[babilong]  qa4 @   1k: acc=80.0% (n=10)
[babilong]  qa5 @   1k: acc=40.0% (n=10)
[babilong]  qa1 @   2k: acc=60.0% (n=10)
[babilong]  qa2 @   2k: acc=70.0% (n=10)
[babilong]  qa3 @   2k: acc=30.0% (n=10)
[babilong]  qa4 @   2k: acc=90.0% (n=10)
[babilong]  qa5 @   2k: acc=60.0% (n=10)
[babilong]  qa1 @   4k: acc=70.0% (n=10)
[babilong]  qa2 @   4k: acc=40.0% (n=10)
[babilong]  qa3 @   4k: acc=30.0% (n=10)
[babilong]  qa4 @   4k: acc=70.0% (n=10)
[babilong]  qa5 @   4k: acc=70.0% (n=10)
[babilong]  qa1 @   8k: acc=70.0% (n=10)
[babilong]  qa2 @   8k: acc=60.0% (n=10)
[babilong]  qa3 @   8k: acc=40.0% (n=10)
[babilong]  qa4 @   8k: acc=70.0% (n=10)
[babilong]  qa5 @   8k: acc=60.0% (n=10)
[babilong]  qa1 @  16k: acc=50.0% (n=10)
[babilong]  qa2 @  16k: acc=50.0% (n=10)
[babilong]  qa3 @  16k: acc=40.0% (n=10)
[babilong]  qa4 @  16k: acc=50.0% (n=10)
[babilong]  qa5 @  16k: acc=40.0% (n=10)
[babilong]  qa1 @  32k: acc=30.0% (n=10)
[babilong]  qa2 @  32k: acc=40.0% (n=10)
[babilong]  qa3 @  32k: acc=30.0% (n=10)
[babilong]  qa4 @  32k: acc=30.0% (n=10)
[babilong]  qa5 @  32k: acc=40.0% (n=10)
[babilong]  qa1 @  64k: acc=40.0% (n=10)
[babilong]  qa2 @  64k: acc=30.0% (n=10)
[babilong]  qa3 @  64k: acc=30.0% (n=10)
[babilong]  qa4 @  64k: acc=30.0% (n=10)
[babilong]  qa5 @  64k: acc=20.0% (n=10)
[babilong]  qa1 @ 128k: acc=40.0% (n=10)
[babilong]  qa2 @ 128k: acc=10.0% (n=10)
[babilong]  qa3 @ 128k: acc=30.0% (n=10)
[babilong]  qa4 @ 128k: acc=50.0% (n=10)
[babilong]  qa5 @ 128k: acc=10.0% (n=10)
[babilong]  qa1 @ 256k: acc=30.0% (n=10)
[babilong]  qa2 @ 256k: acc=30.0% (n=10)
[babilong]  qa3 @ 256k: acc=10.0% (n=10)
[babilong]  qa4 @ 256k: acc=0.0% (n=10)
[babilong]  qa5 @ 256k: acc=10.0% (n=10)

[babilong] results (accuracy %, rows=task, cols=length):
  task      0k      1k      2k      4k      8k     16k     32k     64k    128k    256k
   qa1    60.0    50.0    60.0    70.0    70.0    50.0    30.0    40.0    40.0    30.0
   qa2    80.0    60.0    70.0    40.0    60.0    50.0    40.0    30.0    10.0    30.0
   qa3    30.0    40.0    30.0    30.0    40.0    40.0    30.0    30.0    30.0    10.0
   qa4    80.0    80.0    90.0    70.0    70.0    50.0    30.0    30.0    50.0     0.0
   qa5    70.0    40.0    60.0    70.0    60.0    40.0    40.0    20.0    10.0    10.0
  mean    64.0    54.0    62.0    56.0    60.0    46.0    34.0    30.0    28.0    16.0

===BABILONG_RESULTS_JSON===
{"benchmark": "babilong", "protocol": "heldout-short-finetune-v1", "prompt_protocol": "builtin-v1", "generation_backend": "DirectScorer", "dataset_id": "RMT-team/babilong", "dataset_revision": "ee0d588794c7ac098062ee0d247c733d62e94fe2", "tasks": ["qa1", "qa2", "qa3", "qa4", "qa5"], "lengths": ["0k", "1k", "2k", "4k", "8k", "16k", "32k", "64k", "128k", "256k"], "num_samples": 10, "results": {"qa1": {"0k": 60.0, "1k": 50.0, "2k": 60.0, "4k": 70.0, "8k": 70.0, "16k": 50.0, "32k": 30.0, "64k": 40.0, "128k": 40.0, "256k": 30.0}, "qa2": {"0k": 80.0, "1k": 60.0, "2k": 70.0, "4k": 40.0, "8k": 60.0, "16k": 50.0, "32k": 40.0, "64k": 30.0, "128k": 10.0, "256k": 30.0}, "qa3": {"0k": 30.0, "1k": 40.0, "2k": 30.0, "4k": 30.0, "8k": 40.0, "16k": 40.0, "32k": 30.0, "64k": 30.0, "128k": 30.0, "256k": 10.0}, "qa4": {"0k": 80.0, "1k": 80.0, "2k": 90.0, "4k": 70.0, "8k": 70.0, "16k": 50.0, "32k": 30.0, "64k": 30.0, "128k": 50.0, "256k": 0.0}, "qa5": {"0k": 70.0, "1k": 40.0, "2k": 60.0, "4k": 70.0, "8k": 60.0, "16k": 40.0, "32k": 40.0, "64k": 20.0, "128k": 10.0, "256k": 10.0}}, "counts": {"qa1": {"0k": 10, "1k": 10, "2k": 10, "4k": 10, "8k": 10, "16k": 10, "32k": 10, "64k": 10, "128k": 10, "256k": 10}, "qa2": {"0k": 10, "1k": 10, "2k": 10, "4k": 10, "8k": 10, "16k": 10, "32k": 10, "64k": 10, "128k": 10, "256k": 10}, "qa3": {"0k": 10, "1k": 10, "2k": 10, "4k": 10, "8k": 10, "16k": 10, "32k": 10, "64k": 10, "128k": 10, "256k": 10}, "qa4": {"0k": 10, "1k": 10, "2k": 10, "4k": 10, "8k": 10, "16k": 10, "32k": 10, "64k": 10, "128k": 10, "256k": 10}, "qa5": {"0k": 10, "1k": 10, "2k": 10, "4k": 10, "8k": 10, "16k": 10, "32k": 10, "64k": 10, "128k": 10, "256k": 10}}, "macro_average": {"0k": 64.0, "1k": 54.0, "2k": 62.0, "4k": 56.0, "8k": 60.0, "16k": 46.0, "32k": 34.0, "64k": 30.0, "128k": 28.0, "256k": 16.0}, "macro_task_counts": {"0k": 5, "1k": 5, "2k": 5, "4k": 5, "8k": 5, "16k": 5, "32k": 5, "64k": 5, "128k": 5, "256k": 5}, "row_range": [90, 100], "row_ids": {"qa1": {"0k": [90, 91, 92, 93, 94, 95, 96, 97, 98, 99], "1k": [90, 91, 92, 93, 94, 95, 96, 97, 98, 99], "2k": [90, 91, 92, 93, 94, 95, 96, 97, 98, 99], "4k": [90, 91, 92, 93, 94, 95, 96, 97, 98, 99], "8k": [90, 91, 92, 93, 94, 95, 96, 97, 98, 99], "16k": [90, 91, 92, 93, 94, 95, 96, 97, 98, 99], "32k": [90, 91, 92, 93, 94, 95, 96, 97, 98, 99], "64k": [90, 91, 92, 93, 94, 95, 96, 97, 98, 99], "128k": [90, 91, 92, 93, 94, 95, 96, 97, 98, 99], "256k": [90, 91, 92, 93, 94, 95, 96, 97, 98, 99]}, "qa2": {"0k": [90, 91, 92, 93, 94, 95, 96, 97, 98, 99], "1k": [90, 91, 92, 93, 94, 95, 96, 97, 98, 99], "2k": [90, 91, 92, 93, 94, 95, 96, 97, 98, 99], "4k": [90, 91, 92, 93, 94, 95, 96, 97, 98, 99], "8k": [90, 91, 92, 93, 94, 95, 96, 97, 98, 99], "16k": [90, 91, 92, 93, 94, 95, 96, 97, 98, 99], "32k": [90, 91, 92, 93, 94, 95, 96, 97, 98, 99], "64k": [90, 91, 92, 93, 94, 95, 96, 97, 98, 99], "128k": [90, 91, 92, 93, 94, 95, 96, 97, 98, 99], "256k": [90, 91, 92, 93, 94, 95, 96, 97, 98, 99]}, "qa3": {"0k": [90, 91, 92, 93, 94, 95, 96, 97, 98, 99], "1k": [90, 91, 92, 93, 94, 95, 96, 97, 98, 99], "2k": [90, 91, 92, 93, 94, 95, 96, 97, 98, 99], "4k": [90, 91, 92, 93, 94, 95, 96, 97, 98, 99], "8k": [90, 91, 92, 93, 94, 95, 96, 97, 98, 99], "16k": [90, 91, 92, 93, 94, 95, 96, 97, 98, 99], "32k": [90, 91, 92, 93, 94, 95, 96, 97, 98, 99], "64k": [90, 91, 92, 93, 94, 95, 96, 97, 98, 99], "128k": [90, 91, 92, 93, 94, 95, 96, 97, 98, 99], "256k": [90, 91, 92, 93, 94, 95, 96, 97, 98, 99]}, "qa4": {"0k": [90, 91, 92, 93, 94, 95, 96, 97, 98, 99], "1k": [90, 91, 92, 93, 94, 95, 96, 97, 98, 99], "2k": [90, 91, 92, 93, 94, 95, 96, 97, 98, 99], "4k": [90, 91, 92, 93, 94, 95, 96, 97, 98, 99], "8k": [90, 91, 92, 93, 94, 95, 96, 97, 98, 99], "16k": [90, 91, 92, 93, 94, 95, 96, 97, 98, 99], "32k": [90, 91, 92, 93, 94, 95, 96, 97, 98, 99], "64k": [90, 91, 92, 93, 94, 95, 96, 97, 98, 99], "128k": [90, 91, 92, 93, 94, 95, 96, 97, 98, 99], "256k": [90, 91, 92, 93, 94, 95, 96, 97, 98, 99]}, "qa5": {"0k": [90, 91, 92, 93, 94, 95, 96, 97, 98, 99], "1k": [90, 91, 92, 93, 94, 95, 96, 97, 98, 99], "2k": [90, 91, 92, 93, 94, 95, 96, 97, 98, 99], "4k": [90, 91, 92, 93, 94, 95, 96, 97, 98, 99], "8k": [90, 91, 92, 93, 94, 95, 96, 97, 98, 99], "16k": [90, 91, 92, 93, 94, 95, 96, 97, 98, 99], "32k": [90, 91, 92, 93, 94, 95, 96, 97, 98, 99], "64k": [90, 91, 92, 93, 94, 95, 96, 97, 98, 99], "128k": [90, 91, 92, 93, 94, 95, 96, 97, 98, 99], "256k": [90, 91, 92, 93, 94, 95, 96, 97, 98, 99]}}, "oom_cells": [], "elapsed_s": 552.1, "unsupported_checkpoint": false, "model_config": {"is_foveal": true, "foveal_config": {"adaptation_mode": "lm_output_kl", "attn_k_block": 512, "attn_kernel": "triton", "attn_kernel_size": 4, "attn_online": false, "attn_type": "polar", "attn_window": 512, "base_checkpoint": "ChavyvAkvar/atma-10b-L40S-mbs16-polar__reg-baseline__distr-0__mem-1__win-0", "conv_kernel_size": 3, "dtype": "torch.bfloat16", "foveal_config": {"activation_checkpointing": false, "adaptation_mode": "lm_output_kl", "auto_download_data": true, "base_lr_scale": 0.1, "batch_tokens": 524288, "calibration_batch_tokens": 65536, "calibration_lr": 0.001, "calibration_sequence_length": 4096, "calibration_tokens": 20000000, "checkpoint": "ChavyvAkvar/atma-10b-L40S-mbs16-polar__reg-baseline__distr-0__mem-1__win-0", "compile_model": true, "cooldown_fraction": 0.7, "dataset_repo": "kjj0/finewebedu10B-gpt2", "dataset_train_template": "finewebedu_train_{index:06d}.bin", "dataset_validation_file": "finewebedu_val_000000.bin", "flex_compile": true, "flex_kernel_options": {"BLOCK_M": 64, "BLOCK_N": 64, "PRESCALE_QK": true}, "grad_clip": 1.0, "handoff_end_tokens": 200000000, "handoff_start_tokens": 50000000, "hf_cache": null, "index_dim": 16, "index_loss_weight": 0.1, "index_lr": 0.001, "initial_max_remote_pages": 64, "initial_min_remote_pages": 8, "initial_top_p": 0.98, "keep_last_checkpoints": 1, "local_window": 512, "log_every": 10, "max_remote_pages": 32, "microbatch_sequences": 1, "min_remote_pages": 0, "output_dir": "foveal_cpt/output/polar/lm_output_kl", "page_size": 64, "query_block_size": 64, "remote_capacity": 64, "save_every": 250, "seed": 1234, "sequence_length": 32768, "teacher_interval": 1, "teacher_mean_weight": 0.5, "teacher_query_blocks": 4, "top_p": 0.95, "train_glob": "finewebedu10B/finewebedu_train_*.bin", "train_tokens": 1000000000, "weight_decay": 0.01, "xent_impl": "eager", "xent_token_chunk": 4096, "xent_vocab_chunk": 2048}, "head_dim": 128, "hidden_size": 1024, "is_foveal": true, "local_window": 512, "max_position_embeddings": 2048, "mem_beta_bias": 0.0, "mem_chunk": 128, "mem_enabled": true, "mem_gamma_bias": 3.9, "mem_kernel": "auto", "num_hidden_layers": 16, "num_random_keys": 0, "polar_variant": "full", "rms_norm_eps": 1e-06, "sequence_length": 32768, "tie_word_embeddings": false, "vocab_size": 50304, "wall_gate_bias": null}, "adaptation_mode": "lm_output_kl", "base_checkpoint": null, "sequence_length": 32768, "local_window": 512, "attn_window": 512}, "model_unsupported": [], "serving_metrics": null}
===END===
[run] done in 552.1s -> /home/sagemaker-user/atma/benchmarks/logs/foveal_cpt/babilong_babilong_direct_ft_polar_lm_output_kl_98cfe3d8fb.log
