You are using version 1 of 'kernels-community/causal-conv1d', but version 2 is available.
[run] benchmark=babilong model=/home/sagemaker-user/atma/checkpoints/foveal_babilong_2k_ft/nope_local tasks=['qa1', 'qa2', 'qa3', 'qa4', 'qa5', 'qa6', 'qa7', 'qa8', 'qa9', 'qa10'] lengths=['0k', '1k', '2k', '4k', '8k', '16k', '32k', '64k', '128k', '256k'] samples=10 gamma_clamp=None

Fetching 8 files:   0%|          | 0/8 [00:00<?, ?it/s]
Fetching 8 files: 100%|██████████| 8/8 [00:00<00:00, 1554.31it/s]

Fetching 4 files:   0%|          | 0/4 [00:00<?, ?it/s]
Fetching 4 files: 100%|██████████| 4/4 [00:00<00:00, 1626.33it/s]
W0910 22:14:48.147000 44095 site-packages/torch/_dynamo/convert_frame.py:2008] [0/8] torch._dynamo hit config.recompile_limit (8)
W0910 22:14:48.147000 44095 site-packages/torch/_dynamo/convert_frame.py:2008] [0/8]    function: 'flex_attention' (/opt/conda/lib/python3.12/site-packages/torch/nn/attention/flex_attention.py:2365)
W0910 22:14:48.147000 44095 site-packages/torch/_dynamo/convert_frame.py:2008] [0/8]    last reason: 0/3: tensor 'key' size mismatch at index 2. expected 320, actual 512
W0910 22:14:48.147000 44095 site-packages/torch/_dynamo/convert_frame.py:2008] [0/8] To log all recompilation reasons, use TORCH_LOGS="recompiles".
W0910 22:14:48.147000 44095 site-packages/torch/_dynamo/convert_frame.py:2008] [0/8] To diagnose recompilation issues, see https://docs.pytorch.org/docs/main/user_guide/torch_compiler/compile/programming_model.recompilation.html
/opt/conda/lib/python3.12/site-packages/torch/nn/attention/flex_attention.py:2596: UserWarning: flex_attention called without torch.compile() - this will use an unfused implementation that materializes the full scores matrix instead of generating a fused kernel.

SOLUTION: Use torch.compile(flex_attention)(...)

If you want to debug your score_mod/mask_mod, you can set:
torch.nn.attention.flex_attention._FLEX_ATTENTION_DISABLE_COMPILE_DEBUG = True

This will allow you to use print statements or breakpoints. Note: This doesn't work with the backwards pass and may produce incorrect results.
  _warn_once(
[W910 22:23:38.611473461 CUDACachingAllocator.cpp:3934] memory allocation failed with OOM on device 0 while trying to allocate 32377929728 bytes (free: 11655249920, total: 47667740672).
[W910 22:23:38.711236555 CUDACachingAllocator.cpp:3934] memory allocation failed with OOM on device 0 while trying to allocate 32377929728 bytes (free: 12443779072, total: 47667740672).
[W910 22:23:39.563642981 CUDACachingAllocator.cpp:3934] memory allocation failed with OOM on device 0 while trying to allocate 32377929728 bytes (free: 12439584768, total: 47667740672).
[W910 22:23:39.565772466 CUDACachingAllocator.cpp:3934] memory allocation failed with OOM on device 0 while trying to allocate 32377929728 bytes (free: 12443779072, total: 47667740672).
[W910 22:23:40.377359482 CUDACachingAllocator.cpp:3934] memory allocation failed with OOM on device 0 while trying to allocate 32377929728 bytes (free: 12439584768, total: 47667740672).
[W910 22:23:40.379548120 CUDACachingAllocator.cpp:3934] memory allocation failed with OOM on device 0 while trying to allocate 32377929728 bytes (free: 12443779072, total: 47667740672).
[W910 22:23:41.171471447 CUDACachingAllocator.cpp:3934] memory allocation failed with OOM on device 0 while trying to allocate 32377929728 bytes (free: 12439584768, total: 47667740672).
[W910 22:23:41.173626264 CUDACachingAllocator.cpp:3934] memory allocation failed with OOM on device 0 while trying to allocate 32377929728 bytes (free: 12443779072, total: 47667740672).
[W910 22:23:42.948478526 CUDACachingAllocator.cpp:3934] memory allocation failed with OOM on device 0 while trying to allocate 32377929728 bytes (free: 12439584768, total: 47667740672).
[W910 22:23:42.950724126 CUDACachingAllocator.cpp:3934] memory allocation failed with OOM on device 0 while trying to allocate 32377929728 bytes (free: 12443779072, total: 47667740672).
[W910 22:23:42.727186954 CUDACachingAllocator.cpp:3934] memory allocation failed with OOM on device 0 while trying to allocate 32377929728 bytes (free: 12439584768, total: 47667740672).
[W910 22:23:42.729308349 CUDACachingAllocator.cpp:3934] memory allocation failed with OOM on device 0 while trying to allocate 32377929728 bytes (free: 12443779072, total: 47667740672).
[W910 22:23:43.521556680 CUDACachingAllocator.cpp:3934] memory allocation failed with OOM on device 0 while trying to allocate 32377929728 bytes (free: 12439584768, total: 47667740672).
[W910 22:23:43.523161174 CUDACachingAllocator.cpp:3934] memory allocation failed with OOM on device 0 while trying to allocate 32377929728 bytes (free: 12443779072, total: 47667740672).
[W910 22:23:44.304236398 CUDACachingAllocator.cpp:3934] memory allocation failed with OOM on device 0 while trying to allocate 32377929728 bytes (free: 12439584768, total: 47667740672).
[W910 22:23:44.306391151 CUDACachingAllocator.cpp:3934] memory allocation failed with OOM on device 0 while trying to allocate 32377929728 bytes (free: 12443779072, total: 47667740672).
[W910 22:23:45.093769978 CUDACachingAllocator.cpp:3934] memory allocation failed with OOM on device 0 while trying to allocate 32377929728 bytes (free: 12439584768, total: 47667740672).
[W910 22:23:45.096063987 CUDACachingAllocator.cpp:3934] memory allocation failed with OOM on device 0 while trying to allocate 32377929728 bytes (free: 12443779072, total: 47667740672).
[W910 22:23:45.877428927 CUDACachingAllocator.cpp:3934] memory allocation failed with OOM on device 0 while trying to allocate 32377929728 bytes (free: 12439584768, total: 47667740672).
[W910 22:23:45.879611860 CUDACachingAllocator.cpp:3934] memory allocation failed with OOM on device 0 while trying to allocate 32377929728 bytes (free: 12443779072, total: 47667740672).
[babilong] prompts = builtin-v1
[babilong] held-out rows = [90, 100); dataset = RMT-team/babilong@ee0d588794c7ac098062ee0d247c733d62e94fe2
[babilong]  qa1 @   0k: acc=90.0% (n=10)
[babilong]  qa2 @   0k: acc=60.0% (n=10)
[babilong]  qa3 @   0k: acc=40.0% (n=10)
[babilong]  qa4 @   0k: acc=80.0% (n=10)
[babilong]  qa5 @   0k: acc=80.0% (n=10)
[babilong]  qa6 @   0k: acc=50.0% (n=10)
[babilong]  qa7 @   0k: acc=70.0% (n=10)
[babilong]  qa8 @   0k: acc=60.0% (n=10)
[babilong]  qa9 @   0k: acc=70.0% (n=10)
[babilong] qa10 @   0k: acc=40.0% (n=10)
[babilong]  qa1 @   1k: acc=90.0% (n=10)
[babilong]  qa2 @   1k: acc=50.0% (n=10)
[babilong]  qa3 @   1k: acc=40.0% (n=10)
[babilong]  qa4 @   1k: acc=80.0% (n=10)
[babilong]  qa5 @   1k: acc=50.0% (n=10)
[babilong]  qa6 @   1k: acc=40.0% (n=10)
[babilong]  qa7 @   1k: acc=70.0% (n=10)
[babilong]  qa8 @   1k: acc=60.0% (n=10)
[babilong]  qa9 @   1k: acc=60.0% (n=10)
[babilong] qa10 @   1k: acc=40.0% (n=10)
[babilong]  qa1 @   2k: acc=60.0% (n=10)
[babilong]  qa2 @   2k: acc=50.0% (n=10)
[babilong]  qa3 @   2k: acc=40.0% (n=10)
[babilong]  qa4 @   2k: acc=80.0% (n=10)
[babilong]  qa5 @   2k: acc=100.0% (n=10)
[babilong]  qa6 @   2k: acc=40.0% (n=10)
[babilong]  qa7 @   2k: acc=70.0% (n=10)
[babilong]  qa8 @   2k: acc=60.0% (n=10)
[babilong]  qa9 @   2k: acc=60.0% (n=10)
[babilong] qa10 @   2k: acc=40.0% (n=10)
[babilong]  qa1 @   4k: acc=40.0% (n=10)
[babilong]  qa2 @   4k: acc=50.0% (n=10)
[babilong]  qa3 @   4k: acc=10.0% (n=10)
[babilong]  qa4 @   4k: acc=60.0% (n=10)
[babilong]  qa5 @   4k: acc=70.0% (n=10)
[babilong]  qa6 @   4k: acc=40.0% (n=10)
[babilong]  qa7 @   4k: acc=70.0% (n=10)
[babilong]  qa8 @   4k: acc=40.0% (n=10)
[babilong]  qa9 @   4k: acc=50.0% (n=10)
[babilong] qa10 @   4k: acc=40.0% (n=10)
[babilong]  qa1 @   8k: acc=40.0% (n=10)
[babilong]  qa2 @   8k: acc=40.0% (n=10)
[babilong]  qa3 @   8k: acc=20.0% (n=10)
[babilong]  qa4 @   8k: acc=70.0% (n=10)
[babilong]  qa5 @   8k: acc=70.0% (n=10)
[babilong]  qa6 @   8k: acc=40.0% (n=10)
[babilong]  qa7 @   8k: acc=70.0% (n=10)
[babilong]  qa8 @   8k: acc=40.0% (n=10)
[babilong]  qa9 @   8k: acc=50.0% (n=10)
[babilong] qa10 @   8k: acc=40.0% (n=10)
[babilong]  qa1 @  16k: acc=30.0% (n=10)
[babilong]  qa2 @  16k: acc=20.0% (n=10)
[babilong]  qa3 @  16k: acc=30.0% (n=10)
[babilong]  qa4 @  16k: acc=60.0% (n=10)
[babilong]  qa5 @  16k: acc=30.0% (n=10)
[babilong]  qa6 @  16k: acc=40.0% (n=10)
[babilong]  qa7 @  16k: acc=70.0% (n=10)
[babilong]  qa8 @  16k: acc=20.0% (n=10)
[babilong]  qa9 @  16k: acc=60.0% (n=10)
[babilong] qa10 @  16k: acc=40.0% (n=10)
[babilong] OOM qa1@32k: CUDA out of memory. Tried to allocate 30.15 GiB. GPU 0 has a total capacity of 44.39 GiB of which 11.59 GiB is free. Including non-PyTorch memory, this process has 32.80 GiB memory in use. Of the allocated memory 32.04 GiB is allocated by PyTorch, and 266.41 MiB is reserved by PyTorch but unallocated. If reserved but unallocated memory is large try setting PYTORCH_CUDA_ALLOC_CONF=expandable_segments:True to avoid fragmentation.  See documentation for Memory Management  (https://docs.pytorch.org/docs/stable/notes/cuda.html#optimizing-memory-usage-with-pytorch-cuda-alloc-conf)
[babilong] OOM qa2@32k: CUDA out of memory. Tried to allocate 30.15 GiB. GPU 0 has a total capacity of 44.39 GiB of which 11.59 GiB is free. Including non-PyTorch memory, this process has 32.80 GiB memory in use. Of the allocated memory 2.13 GiB is allocated by PyTorch, and 30.17 GiB is reserved by PyTorch but unallocated. If reserved but unallocated memory is large try setting PYTORCH_CUDA_ALLOC_CONF=expandable_segments:True to avoid fragmentation.  See documentation for Memory Management  (https://docs.pytorch.org/docs/stable/notes/cuda.html#optimizing-memory-usage-with-pytorch-cuda-alloc-conf)
[babilong] OOM qa3@32k: CUDA out of memory. Tried to allocate 30.15 GiB. GPU 0 has a total capacity of 44.39 GiB of which 11.59 GiB is free. Including non-PyTorch memory, this process has 32.80 GiB memory in use. Of the allocated memory 2.13 GiB is allocated by PyTorch, and 30.17 GiB is reserved by PyTorch but unallocated. If reserved but unallocated memory is large try setting PYTORCH_CUDA_ALLOC_CONF=expandable_segments:True to avoid fragmentation.  See documentation for Memory Management  (https://docs.pytorch.org/docs/stable/notes/cuda.html#optimizing-memory-usage-with-pytorch-cuda-alloc-conf)
[babilong] OOM qa4@32k: CUDA out of memory. Tried to allocate 30.15 GiB. GPU 0 has a total capacity of 44.39 GiB of which 11.59 GiB is free. Including non-PyTorch memory, this process has 32.80 GiB memory in use. Of the allocated memory 2.13 GiB is allocated by PyTorch, and 30.17 GiB is reserved by PyTorch but unallocated. If reserved but unallocated memory is large try setting PYTORCH_CUDA_ALLOC_CONF=expandable_segments:True to avoid fragmentation.  See documentation for Memory Management  (https://docs.pytorch.org/docs/stable/notes/cuda.html#optimizing-memory-usage-with-pytorch-cuda-alloc-conf)
[babilong] OOM qa5@32k: CUDA out of memory. Tried to allocate 30.15 GiB. GPU 0 has a total capacity of 44.39 GiB of which 11.59 GiB is free. Including non-PyTorch memory, this process has 32.80 GiB memory in use. Of the allocated memory 2.13 GiB is allocated by PyTorch, and 30.17 GiB is reserved by PyTorch but unallocated. If reserved but unallocated memory is large try setting PYTORCH_CUDA_ALLOC_CONF=expandable_segments:True to avoid fragmentation.  See documentation for Memory Management  (https://docs.pytorch.org/docs/stable/notes/cuda.html#optimizing-memory-usage-with-pytorch-cuda-alloc-conf)
[babilong] OOM qa6@32k: CUDA out of memory. Tried to allocate 30.15 GiB. GPU 0 has a total capacity of 44.39 GiB of which 11.59 GiB is free. Including non-PyTorch memory, this process has 32.80 GiB memory in use. Of the allocated memory 2.13 GiB is allocated by PyTorch, and 30.17 GiB is reserved by PyTorch but unallocated. If reserved but unallocated memory is large try setting PYTORCH_CUDA_ALLOC_CONF=expandable_segments:True to avoid fragmentation.  See documentation for Memory Management  (https://docs.pytorch.org/docs/stable/notes/cuda.html#optimizing-memory-usage-with-pytorch-cuda-alloc-conf)
[babilong] OOM qa7@32k: CUDA out of memory. Tried to allocate 30.15 GiB. GPU 0 has a total capacity of 44.39 GiB of which 11.59 GiB is free. Including non-PyTorch memory, this process has 32.80 GiB memory in use. Of the allocated memory 2.13 GiB is allocated by PyTorch, and 30.17 GiB is reserved by PyTorch but unallocated. If reserved but unallocated memory is large try setting PYTORCH_CUDA_ALLOC_CONF=expandable_segments:True to avoid fragmentation.  See documentation for Memory Management  (https://docs.pytorch.org/docs/stable/notes/cuda.html#optimizing-memory-usage-with-pytorch-cuda-alloc-conf)
[babilong] OOM qa8@32k: CUDA out of memory. Tried to allocate 30.15 GiB. GPU 0 has a total capacity of 44.39 GiB of which 11.59 GiB is free. Including non-PyTorch memory, this process has 32.80 GiB memory in use. Of the allocated memory 2.13 GiB is allocated by PyTorch, and 30.17 GiB is reserved by PyTorch but unallocated. If reserved but unallocated memory is large try setting PYTORCH_CUDA_ALLOC_CONF=expandable_segments:True to avoid fragmentation.  See documentation for Memory Management  (https://docs.pytorch.org/docs/stable/notes/cuda.html#optimizing-memory-usage-with-pytorch-cuda-alloc-conf)
[babilong] OOM qa9@32k: CUDA out of memory. Tried to allocate 30.15 GiB. GPU 0 has a total capacity of 44.39 GiB of which 11.59 GiB is free. Including non-PyTorch memory, this process has 32.80 GiB memory in use. Of the allocated memory 2.13 GiB is allocated by PyTorch, and 30.17 GiB is reserved by PyTorch but unallocated. If reserved but unallocated memory is large try setting PYTORCH_CUDA_ALLOC_CONF=expandable_segments:True to avoid fragmentation.  See documentation for Memory Management  (https://docs.pytorch.org/docs/stable/notes/cuda.html#optimizing-memory-usage-with-pytorch-cuda-alloc-conf)
[babilong] OOM qa10@32k: CUDA out of memory. Tried to allocate 30.15 GiB. GPU 0 has a total capacity of 44.39 GiB of which 11.59 GiB is free. Including non-PyTorch memory, this process has 32.80 GiB memory in use. Of the allocated memory 2.13 GiB is allocated by PyTorch, and 30.17 GiB is reserved by PyTorch but unallocated. If reserved but unallocated memory is large try setting PYTORCH_CUDA_ALLOC_CONF=expandable_segments:True to avoid fragmentation.  See documentation for Memory Management  (https://docs.pytorch.org/docs/stable/notes/cuda.html#optimizing-memory-usage-with-pytorch-cuda-alloc-conf)[W910 22:23:46.861881906 CUDACachingAllocator.cpp:3934] memory allocation failed with OOM on device 0 while trying to allocate 130287665152 bytes (free: 12441681920, total: 47667740672).
[W910 22:23:46.880767927 CUDACachingAllocator.cpp:3934] memory allocation failed with OOM on device 0 while trying to allocate 130287665152 bytes (free: 12712214528, total: 47667740672).
[W910 22:23:47.732515242 CUDACachingAllocator.cpp:3934] memory allocation failed with OOM on device 0 while trying to allocate 130287665152 bytes (free: 12710117376, total: 47667740672).
[W910 22:23:47.760784777 CUDACachingAllocator.cpp:3934] memory allocation failed with OOM on device 0 while trying to allocate 130287665152 bytes (free: 12712214528, total: 47667740672).
[W910 22:23:48.609860217 CUDACachingAllocator.cpp:3934] memory allocation failed with OOM on device 0 while trying to allocate 130287665152 bytes (free: 12710117376, total: 47667740672).
[W910 22:23:48.630675112 CUDACachingAllocator.cpp:3934] memory allocation failed with OOM on device 0 while trying to allocate 130287665152 bytes (free: 12712214528, total: 47667740672).
[W910 22:23:49.476979222 CUDACachingAllocator.cpp:3934] memory allocation failed with OOM on device 0 while trying to allocate 130287665152 bytes (free: 12710117376, total: 47667740672).
[W910 22:23:49.500737893 CUDACachingAllocator.cpp:3934] memory allocation failed with OOM on device 0 while trying to allocate 130287665152 bytes (free: 12712214528, total: 47667740672).
[W910 22:23:50.338560129 CUDACachingAllocator.cpp:3934] memory allocation failed with OOM on device 0 while trying to allocate 130287665152 bytes (free: 12710117376, total: 47667740672).
[W910 22:23:50.360499352 CUDACachingAllocator.cpp:3934] memory allocation failed with OOM on device 0 while trying to allocate 130287665152 bytes (free: 12712214528, total: 47667740672).
[W910 22:23:51.215703296 CUDACachingAllocator.cpp:3934] memory allocation failed with OOM on device 0 while trying to allocate 130287665152 bytes (free: 12710117376, total: 47667740672).
[W910 22:23:51.240805775 CUDACachingAllocator.cpp:3934] memory allocation failed with OOM on device 0 while trying to allocate 130287665152 bytes (free: 12712214528, total: 47667740672).
[W910 22:23:52.108193811 CUDACachingAllocator.cpp:3934] memory allocation failed with OOM on device 0 while trying to allocate 130287665152 bytes (free: 12710117376, total: 47667740672).
[W910 22:23:52.130775472 CUDACachingAllocator.cpp:3934] memory allocation failed with OOM on device 0 while trying to allocate 130287665152 bytes (free: 12712214528, total: 47667740672).
[W910 22:23:53.013309980 CUDACachingAllocator.cpp:3934] memory allocation failed with OOM on device 0 while trying to allocate 130287665152 bytes (free: 12710117376, total: 47667740672).
[W910 22:23:53.040830134 CUDACachingAllocator.cpp:3934] memory allocation failed with OOM on device 0 while trying to allocate 130287665152 bytes (free: 12712214528, total: 47667740672).
[W910 22:23:53.905106883 CUDACachingAllocator.cpp:3934] memory allocation failed with OOM on device 0 while trying to allocate 130287665152 bytes (free: 12710117376, total: 47667740672).
[W910 22:23:53.930868464 CUDACachingAllocator.cpp:3934] memory allocation failed with OOM on device 0 while trying to allocate 130287665152 bytes (free: 12712214528, total: 47667740672).
[W910 22:23:54.801807091 CUDACachingAllocator.cpp:3934] memory allocation failed with OOM on device 0 while trying to allocate 130287665152 bytes (free: 12710117376, total: 47667740672).
[W910 22:23:54.820929200 CUDACachingAllocator.cpp:3934] memory allocation failed with OOM on device 0 while trying to allocate 130287665152 bytes (free: 12712214528, total: 47667740672).
[W910 22:23:56.991914562 CUDACachingAllocator.cpp:3934] memory allocation failed with OOM on device 0 while trying to allocate 522717233152 bytes (free: 12712214528, total: 47667740672).
[W910 22:23:56.011277061 CUDACachingAllocator.cpp:3934] memory allocation failed with OOM on device 0 while trying to allocate 522717233152 bytes (free: 12714311680, total: 47667740672).
[W910 22:23:57.066402687 CUDACachingAllocator.cpp:3934] memory allocation failed with OOM on device 0 while trying to allocate 522717233152 bytes (free: 12712214528, total: 47667740672).
[W910 22:23:57.111206644 CUDACachingAllocator.cpp:3934] memory allocation failed with OOM on device 0 while trying to allocate 522717233152 bytes (free: 12714311680, total: 47667740672).
[W910 22:23:58.152761270 CUDACachingAllocator.cpp:3934] memory allocation failed with OOM on device 0 while trying to allocate 522717233152 bytes (free: 12712214528, total: 47667740672).
[W910 22:23:58.191220455 CUDACachingAllocator.cpp:3934] memory allocation failed with OOM on device 0 while trying to allocate 522717233152 bytes (free: 12714311680, total: 47667740672).
[W910 22:23:59.238848052 CUDACachingAllocator.cpp:3934] memory allocation failed with OOM on device 0 while trying to allocate 522717233152 bytes (free: 12712214528, total: 47667740672).
[W910 22:23:59.281292838 CUDACachingAllocator.cpp:3934] memory allocation failed with OOM on device 0 while trying to allocate 522717233152 bytes (free: 12714311680, total: 47667740672).

[babilong] OOM qa1@64k: CUDA out of memory. Tried to allocate 121.34 GiB. GPU 0 has a total capacity of 44.39 GiB of which 11.84 GiB is free. Including non-PyTorch memory, this process has 32.55 GiB memory in use. Of the allocated memory 2.97 GiB is allocated by PyTorch, and 29.08 GiB is reserved by PyTorch but unallocated. If reserved but unallocated memory is large try setting PYTORCH_CUDA_ALLOC_CONF=expandable_segments:True to avoid fragmentation.  See documentation for Memory Management  (https://docs.pytorch.org/docs/stable/notes/cuda.html#optimizing-memory-usage-with-pytorch-cuda-alloc-conf)
[babilong] OOM qa2@64k: CUDA out of memory. Tried to allocate 121.34 GiB. GPU 0 has a total capacity of 44.39 GiB of which 11.84 GiB is free. Including non-PyTorch memory, this process has 32.55 GiB memory in use. Of the allocated memory 2.97 GiB is allocated by PyTorch, and 29.08 GiB is reserved by PyTorch but unallocated. If reserved but unallocated memory is large try setting PYTORCH_CUDA_ALLOC_CONF=expandable_segments:True to avoid fragmentation.  See documentation for Memory Management  (https://docs.pytorch.org/docs/stable/notes/cuda.html#optimizing-memory-usage-with-pytorch-cuda-alloc-conf)
[babilong] OOM qa3@64k: CUDA out of memory. Tried to allocate 121.34 GiB. GPU 0 has a total capacity of 44.39 GiB of which 11.84 GiB is free. Including non-PyTorch memory, this process has 32.55 GiB memory in use. Of the allocated memory 2.97 GiB is allocated by PyTorch, and 29.08 GiB is reserved by PyTorch but unallocated. If reserved but unallocated memory is large try setting PYTORCH_CUDA_ALLOC_CONF=expandable_segments:True to avoid fragmentation.  See documentation for Memory Management  (https://docs.pytorch.org/docs/stable/notes/cuda.html#optimizing-memory-usage-with-pytorch-cuda-alloc-conf)
[babilong] OOM qa4@64k: CUDA out of memory. Tried to allocate 121.34 GiB. GPU 0 has a total capacity of 44.39 GiB of which 11.84 GiB is free. Including non-PyTorch memory, this process has 32.55 GiB memory in use. Of the allocated memory 2.97 GiB is allocated by PyTorch, and 29.08 GiB is reserved by PyTorch but unallocated. If reserved but unallocated memory is large try setting PYTORCH_CUDA_ALLOC_CONF=expandable_segments:True to avoid fragmentation.  See documentation for Memory Management  (https://docs.pytorch.org/docs/stable/notes/cuda.html#optimizing-memory-usage-with-pytorch-cuda-alloc-conf)
[babilong] OOM qa5@64k: CUDA out of memory. Tried to allocate 121.34 GiB. GPU 0 has a total capacity of 44.39 GiB of which 11.84 GiB is free. Including non-PyTorch memory, this process has 32.55 GiB memory in use. Of the allocated memory 2.97 GiB is allocated by PyTorch, and 29.08 GiB is reserved by PyTorch but unallocated. If reserved but unallocated memory is large try setting PYTORCH_CUDA_ALLOC_CONF=expandable_segments:True to avoid fragmentation.  See documentation for Memory Management  (https://docs.pytorch.org/docs/stable/notes/cuda.html#optimizing-memory-usage-with-pytorch-cuda-alloc-conf)
[babilong] OOM qa6@64k: CUDA out of memory. Tried to allocate 121.34 GiB. GPU 0 has a total capacity of 44.39 GiB of which 11.84 GiB is free. Including non-PyTorch memory, this process has 32.55 GiB memory in use. Of the allocated memory 2.97 GiB is allocated by PyTorch, and 29.08 GiB is reserved by PyTorch but unallocated. If reserved but unallocated memory is large try setting PYTORCH_CUDA_ALLOC_CONF=expandable_segments:True to avoid fragmentation.  See documentation for Memory Management  (https://docs.pytorch.org/docs/stable/notes/cuda.html#optimizing-memory-usage-with-pytorch-cuda-alloc-conf)
[babilong] OOM qa7@64k: CUDA out of memory. Tried to allocate 121.34 GiB. GPU 0 has a total capacity of 44.39 GiB of which 11.84 GiB is free. Including non-PyTorch memory, this process has 32.55 GiB memory in use. Of the allocated memory 2.97 GiB is allocated by PyTorch, and 29.08 GiB is reserved by PyTorch but unallocated. If reserved but unallocated memory is large try setting PYTORCH_CUDA_ALLOC_CONF=expandable_segments:True to avoid fragmentation.  See documentation for Memory Management  (https://docs.pytorch.org/docs/stable/notes/cuda.html#optimizing-memory-usage-with-pytorch-cuda-alloc-conf)
[babilong] OOM qa8@64k: CUDA out of memory. Tried to allocate 121.34 GiB. GPU 0 has a total capacity of 44.39 GiB of which 11.84 GiB is free. Including non-PyTorch memory, this process has 32.55 GiB memory in use. Of the allocated memory 2.97 GiB is allocated by PyTorch, and 29.08 GiB is reserved by PyTorch but unallocated. If reserved but unallocated memory is large try setting PYTORCH_CUDA_ALLOC_CONF=expandable_segments:True to avoid fragmentation.  See documentation for Memory Management  (https://docs.pytorch.org/docs/stable/notes/cuda.html#optimizing-memory-usage-with-pytorch-cuda-alloc-conf)
[babilong] OOM qa9@64k: CUDA out of memory. Tried to allocate 121.34 GiB. GPU 0 has a total capacity of 44.39 GiB of which 11.84 GiB is free. Including non-PyTorch memory, this process has 32.55 GiB memory in use. Of the allocated memory 2.97 GiB is allocated by PyTorch, and 29.08 GiB is reserved by PyTorch but unallocated. If reserved but unallocated memory is large try setting PYTORCH_CUDA_ALLOC_CONF=expandable_segments:True to avoid fragmentation.  See documentation for Memory Management  (https://docs.pytorch.org/docs/stable/notes/cuda.html#optimizing-memory-usage-with-pytorch-cuda-alloc-conf)
[babilong] OOM qa10@64k: CUDA out of memory. Tried to allocate 121.34 GiB. GPU 0 has a total capacity of 44.39 GiB of which 11.84 GiB is free. Including non-PyTorch memory, this process has 32.55 GiB memory in use. Of the allocated memory 2.97 GiB is allocated by PyTorch, and 29.08 GiB is reserved by PyTorch but unallocated. If reserved but unallocated memory is large try setting PYTORCH_CUDA_ALLOC_CONF=expandable_segments:True to avoid fragmentation.  See documentation for Memory Management  (https://docs.pytorch.org/docs/stable/notes/cuda.html#optimizing-memory-usage-with-pytorch-cuda-alloc-conf)
[babilong] OOM qa1@128k: CUDA out of memory. Tried to allocate 486.82 GiB. GPU 0 has a total capacity of 44.39 GiB of which 11.84 GiB is free. Including non-PyTorch memory, this process has 32.54 GiB memory in use. Of the allocated memory 4.75 GiB is allocated by PyTorch, and 27.30 GiB is reserved by PyTorch but unallocated. If reserved but unallocated memory is large try setting PYTORCH_CUDA_ALLOC_CONF=expandable_segments:True to avoid fragmentation.  See documentation for Memory Management  (https://docs.pytorch.org/docs/stable/notes/cuda.html#optimizing-memory-usage-with-pytorch-cuda-alloc-conf)
[babilong] OOM qa2@128k: CUDA out of memory. Tried to allocate 486.82 GiB. GPU 0 has a total capacity of 44.39 GiB of which 11.84 GiB is free. Including non-PyTorch memory, this process has 32.54 GiB memory in use. Of the allocated memory 4.75 GiB is allocated by PyTorch, and 27.30 GiB is reserved by PyTorch but unallocated. If reserved but unallocated memory is large try setting PYTORCH_CUDA_ALLOC_CONF=expandable_segments:True to avoid fragmentation.  See documentation for Memory Management  (https://docs.pytorch.org/docs/stable/notes/cuda.html#optimizing-memory-usage-with-pytorch-cuda-alloc-conf)
[babilong] OOM qa3@128k: CUDA out of memory. Tried to allocate 486.82 GiB. GPU 0 has a total capacity of 44.39 GiB of which 11.84 GiB is free. Including non-PyTorch memory, this process has 32.54 GiB memory in use. Of the allocated memory 4.75 GiB is allocated by PyTorch, and 27.30 GiB is reserved by PyTorch but unallocated. If reserved but unallocated memory is large try setting PYTORCH_CUDA_ALLOC_CONF=expandable_segments:True to avoid fragmentation.  See documentation for Memory Management  (https://docs.pytorch.org/docs/stable/notes/cuda.html#optimizing-memory-usage-with-pytorch-cuda-alloc-conf)
[babilong] OOM qa4@128k: CUDA out of memory. Tried to allocate 486.82 GiB. GPU 0 has a total capacity of 44.39 GiB of which 11.84 GiB is free. Including non-PyTorch memory, this process has 32.54 GiB memory in use. Of the allocated memory 4.75 GiB is allocated by PyTorch, and 27.30 GiB is reserved by PyTorch but unallocated. If reserved but unallocated memory is large try setting PYTORCH_CUDA_ALLOC_CONF=expandable_segments:True to avoid fragmentation.  See documentation for Memory Management  (https://docs.pytorch.org/docs/stable/notes/cuda.html#optimizing-memory-usage-with-pytorch-cuda-alloc-conf)[W910 22:24:00.313585948 CUDACachingAllocator.cpp:3934] memory allocation failed with OOM on device 0 while trying to allocate 522717233152 bytes (free: 12712214528, total: 47667740672).
[W910 22:24:00.361390382 CUDACachingAllocator.cpp:3934] memory allocation failed with OOM on device 0 while trying to allocate 522717233152 bytes (free: 12714311680, total: 47667740672).
[W910 22:24:01.388697769 CUDACachingAllocator.cpp:3934] memory allocation failed with OOM on device 0 while trying to allocate 522717233152 bytes (free: 12712214528, total: 47667740672).
[W910 22:24:01.431321163 CUDACachingAllocator.cpp:3934] memory allocation failed with OOM on device 0 while trying to allocate 522717233152 bytes (free: 12714311680, total: 47667740672).
[W910 22:24:02.463243876 CUDACachingAllocator.cpp:3934] memory allocation failed with OOM on device 0 while trying to allocate 522717233152 bytes (free: 12712214528, total: 47667740672).
[W910 22:24:02.501412069 CUDACachingAllocator.cpp:3934] memory allocation failed with OOM on device 0 while trying to allocate 522717233152 bytes (free: 12714311680, total: 47667740672).
[W910 22:24:03.557385062 CUDACachingAllocator.cpp:3934] memory allocation failed with OOM on device 0 while trying to allocate 522717233152 bytes (free: 12712214528, total: 47667740672).
[W910 22:24:03.600829540 CUDACachingAllocator.cpp:3934] memory allocation failed with OOM on device 0 while trying to allocate 522717233152 bytes (free: 12714311680, total: 47667740672).
[W910 22:24:04.641365513 CUDACachingAllocator.cpp:3934] memory allocation failed with OOM on device 0 while trying to allocate 522717233152 bytes (free: 12712214528, total: 47667740672).
[W910 22:24:04.681132524 CUDACachingAllocator.cpp:3934] memory allocation failed with OOM on device 0 while trying to allocate 522717233152 bytes (free: 12714311680, total: 47667740672).
[W910 22:24:05.722633308 CUDACachingAllocator.cpp:3934] memory allocation failed with OOM on device 0 while trying to allocate 522717233152 bytes (free: 12712214528, total: 47667740672).
[W910 22:24:05.761109164 CUDACachingAllocator.cpp:3934] memory allocation failed with OOM on device 0 while trying to allocate 522717233152 bytes (free: 12714311680, total: 47667740672).
[W910 22:24:07.248778855 CUDACachingAllocator.cpp:3934] memory allocation failed with OOM on device 0 while trying to allocate 2094008369152 bytes (free: 12712214528, total: 47667740672).
[W910 22:24:07.275064199 CUDACachingAllocator.cpp:3934] memory allocation failed with OOM on device 0 while trying to allocate 2094008369152 bytes (free: 12779323392, total: 47667740672).
[W910 22:24:08.687217798 CUDACachingAllocator.cpp:3934] memory allocation failed with OOM on device 0 while trying to allocate 2094008369152 bytes (free: 12779323392, total: 47667740672).
[W910 22:24:08.688970343 CUDACachingAllocator.cpp:3934] memory allocation failed with OOM on device 0 while trying to allocate 2094008369152 bytes (free: 12779323392, total: 47667740672).
[W910 22:24:10.128370649 CUDACachingAllocator.cpp:3934] memory allocation failed with OOM on device 0 while trying to allocate 2094008369152 bytes (free: 12779323392, total: 47667740672).
[W910 22:24:10.130161005 CUDACachingAllocator.cpp:3934] memory allocation failed with OOM on device 0 while trying to allocate 2094008369152 bytes (free: 12779323392, total: 47667740672).
[W910 22:24:11.689199274 CUDACachingAllocator.cpp:3934] memory allocation failed with OOM on device 0 while trying to allocate 2092959793152 bytes (free: 12779323392, total: 47667740672).
[W910 22:24:11.691303674 CUDACachingAllocator.cpp:3934] memory allocation failed with OOM on device 0 while trying to allocate 2092959793152 bytes (free: 12779323392, total: 47667740672).
[W910 22:24:13.078209975 CUDACachingAllocator.cpp:3934] memory allocation failed with OOM on device 0 while trying to allocate 2094008369152 bytes (free: 12779323392, total: 47667740672).
[W910 22:24:13.080042514 CUDACachingAllocator.cpp:3934] memory allocation failed with OOM on device 0 while trying to allocate 2094008369152 bytes (free: 12779323392, total: 47667740672).
[W910 22:24:14.471510811 CUDACachingAllocator.cpp:3934] memory allocation failed with OOM on device 0 while trying to allocate 2094008369152 bytes (free: 12779323392, total: 47667740672).
[W910 22:24:14.473358590 CUDACachingAllocator.cpp:3934] memory allocation failed with OOM on device 0 while trying to allocate 2094008369152 bytes (free: 12779323392, total: 47667740672).
[W910 22:24:15.839210742 CUDACachingAllocator.cpp:3934] memory allocation failed with OOM on device 0 while trying to allocate 2094008369152 bytes (free: 12779323392, total: 47667740672).
[W910 22:24:15.841029649 CUDACachingAllocator.cpp:3934] memory allocation failed with OOM on device 0 while trying to allocate 2094008369152 bytes (free: 12779323392, total: 47667740672).
[W910 22:24:17.224813967 CUDACachingAllocator.cpp:3934] memory allocation failed with OOM on device 0 while trying to allocate 2094008369152 bytes (free: 12779323392, total: 47667740672).
[W910 22:24:17.226597344 CUDACachingAllocator.cpp:3934] memory allocation failed with OOM on device 0 while trying to allocate 2094008369152 bytes (free: 12779323392, total: 47667740672).

[babilong] OOM qa5@128k: CUDA out of memory. Tried to allocate 486.82 GiB. GPU 0 has a total capacity of 44.39 GiB of which 11.84 GiB is free. Including non-PyTorch memory, this process has 32.54 GiB memory in use. Of the allocated memory 4.75 GiB is allocated by PyTorch, and 27.30 GiB is reserved by PyTorch but unallocated. If reserved but unallocated memory is large try setting PYTORCH_CUDA_ALLOC_CONF=expandable_segments:True to avoid fragmentation.  See documentation for Memory Management  (https://docs.pytorch.org/docs/stable/notes/cuda.html#optimizing-memory-usage-with-pytorch-cuda-alloc-conf)
[babilong] OOM qa6@128k: CUDA out of memory. Tried to allocate 486.82 GiB. GPU 0 has a total capacity of 44.39 GiB of which 11.84 GiB is free. Including non-PyTorch memory, this process has 32.54 GiB memory in use. Of the allocated memory 4.75 GiB is allocated by PyTorch, and 27.30 GiB is reserved by PyTorch but unallocated. If reserved but unallocated memory is large try setting PYTORCH_CUDA_ALLOC_CONF=expandable_segments:True to avoid fragmentation.  See documentation for Memory Management  (https://docs.pytorch.org/docs/stable/notes/cuda.html#optimizing-memory-usage-with-pytorch-cuda-alloc-conf)
[babilong] OOM qa7@128k: CUDA out of memory. Tried to allocate 486.82 GiB. GPU 0 has a total capacity of 44.39 GiB of which 11.84 GiB is free. Including non-PyTorch memory, this process has 32.54 GiB memory in use. Of the allocated memory 4.75 GiB is allocated by PyTorch, and 27.30 GiB is reserved by PyTorch but unallocated. If reserved but unallocated memory is large try setting PYTORCH_CUDA_ALLOC_CONF=expandable_segments:True to avoid fragmentation.  See documentation for Memory Management  (https://docs.pytorch.org/docs/stable/notes/cuda.html#optimizing-memory-usage-with-pytorch-cuda-alloc-conf)
[babilong] OOM qa8@128k: CUDA out of memory. Tried to allocate 486.82 GiB. GPU 0 has a total capacity of 44.39 GiB of which 11.84 GiB is free. Including non-PyTorch memory, this process has 32.54 GiB memory in use. Of the allocated memory 4.75 GiB is allocated by PyTorch, and 27.30 GiB is reserved by PyTorch but unallocated. If reserved but unallocated memory is large try setting PYTORCH_CUDA_ALLOC_CONF=expandable_segments:True to avoid fragmentation.  See documentation for Memory Management  (https://docs.pytorch.org/docs/stable/notes/cuda.html#optimizing-memory-usage-with-pytorch-cuda-alloc-conf)
[babilong] OOM qa9@128k: CUDA out of memory. Tried to allocate 486.82 GiB. GPU 0 has a total capacity of 44.39 GiB of which 11.84 GiB is free. Including non-PyTorch memory, this process has 32.54 GiB memory in use. Of the allocated memory 4.75 GiB is allocated by PyTorch, and 27.30 GiB is reserved by PyTorch but unallocated. If reserved but unallocated memory is large try setting PYTORCH_CUDA_ALLOC_CONF=expandable_segments:True to avoid fragmentation.  See documentation for Memory Management  (https://docs.pytorch.org/docs/stable/notes/cuda.html#optimizing-memory-usage-with-pytorch-cuda-alloc-conf)
[babilong] OOM qa10@128k: CUDA out of memory. Tried to allocate 486.82 GiB. GPU 0 has a total capacity of 44.39 GiB of which 11.84 GiB is free. Including non-PyTorch memory, this process has 32.54 GiB memory in use. Of the allocated memory 4.75 GiB is allocated by PyTorch, and 27.30 GiB is reserved by PyTorch but unallocated. If reserved but unallocated memory is large try setting PYTORCH_CUDA_ALLOC_CONF=expandable_segments:True to avoid fragmentation.  See documentation for Memory Management  (https://docs.pytorch.org/docs/stable/notes/cuda.html#optimizing-memory-usage-with-pytorch-cuda-alloc-conf)
[babilong] OOM qa1@256k: CUDA out of memory. Tried to allocate 1950.20 GiB. GPU 0 has a total capacity of 44.39 GiB of which 11.90 GiB is free. Including non-PyTorch memory, this process has 32.48 GiB memory in use. Of the allocated memory 8.68 GiB is allocated by PyTorch, and 23.31 GiB is reserved by PyTorch but unallocated. If reserved but unallocated memory is large try setting PYTORCH_CUDA_ALLOC_CONF=expandable_segments:True to avoid fragmentation.  See documentation for Memory Management  (https://docs.pytorch.org/docs/stable/notes/cuda.html#optimizing-memory-usage-with-pytorch-cuda-alloc-conf)
[babilong] OOM qa2@256k: CUDA out of memory. Tried to allocate 1950.20 GiB. GPU 0 has a total capacity of 44.39 GiB of which 11.90 GiB is free. Including non-PyTorch memory, this process has 32.48 GiB memory in use. Of the allocated memory 8.68 GiB is allocated by PyTorch, and 23.31 GiB is reserved by PyTorch but unallocated. If reserved but unallocated memory is large try setting PYTORCH_CUDA_ALLOC_CONF=expandable_segments:True to avoid fragmentation.  See documentation for Memory Management  (https://docs.pytorch.org/docs/stable/notes/cuda.html#optimizing-memory-usage-with-pytorch-cuda-alloc-conf)
[babilong] OOM qa3@256k: CUDA out of memory. Tried to allocate 1950.20 GiB. GPU 0 has a total capacity of 44.39 GiB of which 11.90 GiB is free. Including non-PyTorch memory, this process has 32.48 GiB memory in use. Of the allocated memory 8.68 GiB is allocated by PyTorch, and 23.31 GiB is reserved by PyTorch but unallocated. If reserved but unallocated memory is large try setting PYTORCH_CUDA_ALLOC_CONF=expandable_segments:True to avoid fragmentation.  See documentation for Memory Management  (https://docs.pytorch.org/docs/stable/notes/cuda.html#optimizing-memory-usage-with-pytorch-cuda-alloc-conf)
[babilong] OOM qa4@256k: CUDA out of memory. Tried to allocate 1949.22 GiB. GPU 0 has a total capacity of 44.39 GiB of which 11.90 GiB is free. Including non-PyTorch memory, this process has 32.48 GiB memory in use. Of the allocated memory 8.68 GiB is allocated by PyTorch, and 23.31 GiB is reserved by PyTorch but unallocated. If reserved but unallocated memory is large try setting PYTORCH_CUDA_ALLOC_CONF=expandable_segments:True to avoid fragmentation.  See documentation for Memory Management  (https://docs.pytorch.org/docs/stable/notes/cuda.html#optimizing-memory-usage-with-pytorch-cuda-alloc-conf)
[babilong] OOM qa5@256k: CUDA out of memory. Tried to allocate 1950.20 GiB. GPU 0 has a total capacity of 44.39 GiB of which 11.90 GiB is free. Including non-PyTorch memory, this process has 32.48 GiB memory in use. Of the allocated memory 8.68 GiB is allocated by PyTorch, and 23.31 GiB is reserved by PyTorch but unallocated. If reserved but unallocated memory is large try setting PYTORCH_CUDA_ALLOC_CONF=expandable_segments:True to avoid fragmentation.  See documentation for Memory Management  (https://docs.pytorch.org/docs/stable/notes/cuda.html#optimizing-memory-usage-with-pytorch-cuda-alloc-conf)
[babilong] OOM qa6@256k: CUDA out of memory. Tried to allocate 1950.20 GiB. GPU 0 has a total capacity of 44.39 GiB of which 11.90 GiB is free. Including non-PyTorch memory, this process has 32.48 GiB memory in use. Of the allocated memory 8.68 GiB is allocated by PyTorch, and 23.31 GiB is reserved by PyTorch but unallocated. If reserved but unallocated memory is large try setting PYTORCH_CUDA_ALLOC_CONF=expandable_segments:True to avoid fragmentation.  See documentation for Memory Management  (https://docs.pytorch.org/docs/stable/notes/cuda.html#optimizing-memory-usage-with-pytorch-cuda-alloc-conf)
[babilong] OOM qa7@256k: CUDA out of memory. Tried to allocate 1950.20 GiB. GPU 0 has a total capacity of 44.39 GiB of which 11.90 GiB is free. Including non-PyTorch memory, this process has 32.48 GiB memory in use. Of the allocated memory 8.68 GiB is allocated by PyTorch, and 23.31 GiB is reserved by PyTorch but unallocated. If reserved but unallocated memory is large try setting PYTORCH_CUDA_ALLOC_CONF=expandable_segments:True to avoid fragmentation.  See documentation for Memory Management  (https://docs.pytorch.org/docs/stable/notes/cuda.html#optimizing-memory-usage-with-pytorch-cuda-alloc-conf)
[babilong] OOM qa8@256k: CUDA out of memory. Tried to allocate 1950.20 GiB. GPU 0 has a total capacity of 44.39 GiB of which 11.90 GiB is free. Including non-PyTorch memory, this process has 32.48 GiB memory in use. Of the allocated memory 8.68 GiB is allocated by PyTorch, and 23.31 GiB is reserved by PyTorch but unallocated. If reserved but unallocated memory is large try setting PYTORCH_CUDA_ALLOC_CONF=expandable_segments:True to avoid fragmentation.  See documentation for Memory Management  (https://docs.pytorch.org/docs/stable/notes/cuda.html#optimizing-memory-usage-with-pytorch-cuda-alloc-conf)[W910 22:24:18.593619834 CUDACachingAllocator.cpp:3934] memory allocation failed with OOM on device 0 while trying to allocate 2094008369152 bytes (free: 12779323392, total: 47667740672).
[W910 22:24:18.595487164 CUDACachingAllocator.cpp:3934] memory allocation failed with OOM on device 0 while trying to allocate 2094008369152 bytes (free: 12779323392, total: 47667740672).
[W910 22:24:20.962548277 CUDACachingAllocator.cpp:3934] memory allocation failed with OOM on device 0 while trying to allocate 2094008369152 bytes (free: 12779323392, total: 47667740672).
[W910 22:24:20.964350934 CUDACachingAllocator.cpp:3934] memory allocation failed with OOM on device 0 while trying to allocate 2094008369152 bytes (free: 12779323392, total: 47667740672).

[babilong] OOM qa9@256k: CUDA out of memory. Tried to allocate 1950.20 GiB. GPU 0 has a total capacity of 44.39 GiB of which 11.90 GiB is free. Including non-PyTorch memory, this process has 32.48 GiB memory in use. Of the allocated memory 8.68 GiB is allocated by PyTorch, and 23.31 GiB is reserved by PyTorch but unallocated. If reserved but unallocated memory is large try setting PYTORCH_CUDA_ALLOC_CONF=expandable_segments:True to avoid fragmentation.  See documentation for Memory Management  (https://docs.pytorch.org/docs/stable/notes/cuda.html#optimizing-memory-usage-with-pytorch-cuda-alloc-conf)
[babilong] OOM qa10@256k: CUDA out of memory. Tried to allocate 1950.20 GiB. GPU 0 has a total capacity of 44.39 GiB of which 11.90 GiB is free. Including non-PyTorch memory, this process has 32.48 GiB memory in use. Of the allocated memory 8.68 GiB is allocated by PyTorch, and 23.31 GiB is reserved by PyTorch but unallocated. If reserved but unallocated memory is large try setting PYTORCH_CUDA_ALLOC_CONF=expandable_segments:True to avoid fragmentation.  See documentation for Memory Management  (https://docs.pytorch.org/docs/stable/notes/cuda.html#optimizing-memory-usage-with-pytorch-cuda-alloc-conf)
[run] done in 589.8s -> /home/sagemaker-user/atma/benchmarks/logs/foveal_cpt/babilong_babilong_direct_ft_nope_local_930816bea2.log
