Warning: You are sending unauthenticated requests to the HF Hub. Please set a HF_TOKEN to enable higher rate limits and faster downloads.
You are using version 1 of 'kernels-community/causal-conv1d', but version 2 is available.
[run] benchmark=babilong model=/home/sagemaker-user/atma/checkpoints/foveal_babilong_2k_ft/polar_lm_output_kl tasks=['qa1', 'qa2', 'qa3', 'qa4', 'qa5'] lengths=['0k', '1k', '2k', '4k', '8k', '16k', '32k', '64k', '128k', '256k'] samples=10 gamma_clamp=None

Fetching 8 files:   0%|          | 0/8 [00:00<?, ?it/s]
Fetching 8 files: 100%|██████████| 8/8 [00:00<00:00, 1864.55it/s]

Fetching 4 files:   0%|          | 0/4 [00:00<?, ?it/s]
Fetching 4 files: 100%|██████████| 4/4 [00:00<00:00, 1920.69it/s]
[babilong] prompts = builtin-v1
[babilong] held-out rows = [90, 100); dataset = RMT-team/babilong@ee0d588794c7ac098062ee0d247c733d62e94fe2
[babilong]  qa1 @   0k: acc=60.0% (n=10)
[babilong]  qa2 @   0k: acc=80.0% (n=10)
[babilong]  qa3 @   0k: acc=30.0% (n=10)
[babilong]  qa4 @   0k: acc=80.0% (n=10)
[babilong]  qa5 @   0k: acc=70.0% (n=10)
[babilong]  qa1 @   1k: acc=50.0% (n=10)
[babilong]  qa2 @   1k: acc=60.0% (n=10)
[babilong]  qa3 @   1k: acc=40.0% (n=10)
[babilong]  qa4 @   1k: acc=80.0% (n=10)
[babilong]  qa5 @   1k: acc=40.0% (n=10)
[babilong]  qa1 @   2k: acc=60.0% (n=10)
[babilong]  qa2 @   2k: acc=70.0% (n=10)
[babilong]  qa3 @   2k: acc=30.0% (n=10)
[babilong]  qa4 @   2k: acc=90.0% (n=10)
[babilong]  qa5 @   2k: acc=60.0% (n=10)
[babilong]  qa1 @   4k: acc=70.0% (n=10)
[babilong]  qa2 @   4k: acc=40.0% (n=10)
[babilong]  qa3 @   4k: acc=30.0% (n=10)
[babilong]  qa4 @   4k: acc=70.0% (n=10)
[babilong]  qa5 @   4k: acc=70.0% (n=10)
[babilong]  qa1 @   8k: acc=70.0% (n=10)
[babilong]  qa2 @   8k: acc=60.0% (n=10)
[babilong]  qa3 @   8k: acc=40.0% (n=10)
[babilong]  qa4 @   8k: acc=70.0% (n=10)
[babilong]  qa5 @   8k: acc=60.0% (n=10)
[babilong]  qa1 @  16k: acc=50.0% (n=10)
[babilong]  qa2 @  16k: acc=50.0% (n=10)
[babilong]  qa3 @  16k: acc=40.0% (n=10)
[babilong]  qa4 @  16k: acc=50.0% (n=10)
[babilong]  qa5 @  16k: acc=40.0% (n=10)
[babilong]  qa1 @  32k: acc=30.0% (n=10)
[babilong]  qa2 @  32k: acc=40.0% (n=10)
[babilong]  qa3 @  32k: acc=30.0% (n=10)
[babilong]  qa4 @  32k: acc=30.0% (n=10)
[babilong]  qa5 @  32k: acc=40.0% (n=10)
[babilong]  qa1 @  64k: acc=40.0% (n=10)
[babilong]  qa2 @  64k: acc=30.0% (n=10)
[babilong]  qa3 @  64k: acc=30.0% (n=10)
[babilong]  qa4 @  64k: acc=30.0% (n=10)
[babilong]  qa5 @  64k: acc=20.0% (n=10)
[babilong]  qa1 @ 128k: acc=40.0% (n=10)
[babilong]  qa2 @ 128k: acc=10.0% (n=10)
[babilong]  qa3 @ 128k: acc=30.0% (n=10)
[babilong]  qa4 @ 128k: acc=50.0% (n=10)
[babilong]  qa5 @ 128k: acc=10.0% (n=10)
[babilong]  qa1 @ 256k: acc=30.0% (n=10)
[babilong]  qa2 @ 256k: acc=30.0% (n=10)
[babilong]  qa3 @ 256k: acc=10.0% (n=10)
[babilong]  qa4 @ 256k: acc=0.0% (n=10)
[babilong]  qa5 @ 256k: acc=10.0% (n=10)
[run] done in 552.1s -> /home/sagemaker-user/atma/benchmarks/logs/foveal_cpt/babilong_babilong_direct_ft_polar_lm_output_kl_98cfe3d8fb.log
