You are using version 1 of 'kernels-community/causal-conv1d', but version 2 is available.
Warning: You are sending unauthenticated requests to the HF Hub. Please set a HF_TOKEN to enable higher rate limits and faster downloads.
[run] benchmark=longdoc model=/home/sagemaker-user/.cache/huggingface/hub/models--ChavyvAkvar--atma-foveal-cpt-all/snapshots/e4cf2558793646c26d9e5a6c6eeadb4e1011cad3/nope/lm_output/cpt tasks=[] lengths=['2k', '4k', '8k', '16k', '32k', '64k', '128k', '256k'] samples=100 gamma_clamp=None

Fetching 8 files:   0%|          | 0/8 [00:00<?, ?it/s]
Fetching 8 files: 100%|██████████| 8/8 [00:00<00:00, 1910.95it/s]

Fetching 4 files:   0%|          | 0/4 [00:00<?, ?it/s]
Fetching 4 files: 100%|██████████| 4/4 [00:00<00:00, 1938.89it/s]

Fetching 4 files:   0%|          | 0/4 [00:00<?, ?it/s]
Fetching 4 files: 100%|██████████| 4/4 [00:00<00:00, 1733.72it/s]
[transformers] Token indices sequence length is longer than the specified maximum sequence length for this model (627620 > 262400). Running this sequence through the model will result in indexing errors
[longdoc] selected 1/4 from emozilla/pg19 after scanning 22 rows
[longdoc] selected 2/4 from emozilla/pg19 after scanning 38 rows
[longdoc] selected 3/4 from emozilla/pg19 after scanning 62 rows
[longdoc] selected 4/4 from emozilla/pg19 after scanning 81 rows
[longdoc]       pg19 context=   2k docs=4 nll=3.1001 bpb=1.1124
[longdoc]       pg19 context=   4k docs=4 nll=3.0957 bpb=1.1109
[longdoc]       pg19 context=   8k docs=4 nll=3.0452 bpb=1.0927
[longdoc]       pg19 context=  16k docs=4 nll=3.0509 bpb=1.0948
[longdoc]       pg19 context=  32k docs=4 nll=3.0522 bpb=1.0952
[longdoc]       pg19 context=  64k docs=4 nll=3.0547 bpb=1.0961
[longdoc]       pg19 context= 128k docs=4 nll=3.0650 bpb=1.0998
[longdoc]       pg19 context= 256k docs=4 nll=3.0875 bpb=1.1079
[longdoc] selected 1/4 from hoskinson-center/proof-pile after scanning 20081 rows
[longdoc] selected 2/4 from hoskinson-center/proof-pile after scanning 22803 rows
[longdoc] selected 3/4 from hoskinson-center/proof-pile after scanning 32629 rows
[longdoc] selected 4/4 from hoskinson-center/proof-pile after scanning 41384 rows
[longdoc] proof_pile context=   2k docs=4 nll=4.2478 bpb=2.2720
[longdoc] proof_pile context=   4k docs=4 nll=4.2600 bpb=2.2786
[longdoc] proof_pile context=   8k docs=4 nll=4.2889 bpb=2.2940
[longdoc] proof_pile context=  16k docs=4 nll=4.2152 bpb=2.2546
[longdoc] proof_pile context=  32k docs=4 nll=4.2481 bpb=2.2722
[longdoc] proof_pile context=  64k docs=4 nll=4.3524 bpb=2.3280
[longdoc] proof_pile context= 128k docs=4 nll=4.3641 bpb=2.3342
[longdoc] proof_pile context= 256k docs=4 nll=4.3387 bpb=2.3206
[longdoc] selected 1/4 from codelion/finepdfs-1B after scanning 1798 rows
[longdoc] selected 2/4 from codelion/finepdfs-1B after scanning 5936 rows
[longdoc] selected 3/4 from codelion/finepdfs-1B after scanning 8638 rows
[longdoc] selected 4/4 from codelion/finepdfs-1B after scanning 16812 rows
[longdoc]   finepdfs context=   2k docs=4 nll=1.0617 bpb=0.8948
[longdoc]   finepdfs context=   4k docs=4 nll=0.9929 bpb=0.8368
[longdoc]   finepdfs context=   8k docs=4 nll=1.1483 bpb=0.9677
[longdoc]   finepdfs context=  16k docs=4 nll=1.1760 bpb=0.9910
[longdoc]   finepdfs context=  32k docs=4 nll=1.2088 bpb=1.0187
[longdoc]   finepdfs context=  64k docs=4 nll=1.2533 bpb=1.0562
[longdoc]   finepdfs context= 128k docs=4 nll=1.2549 bpb=1.0575
[longdoc]   finepdfs context= 256k docs=4 nll=1.2543 bpb=1.0571
[run] done in 181.9s -> /home/sagemaker-user/atma/benchmarks/logs/foveal_cpt/longdoc_longdoc_fixed_target_nope_lm_output_fdf192ccb7.log
