[run] benchmark=longdoc model=/home/sagemaker-user/.cache/huggingface/hub/models--ChavyvAkvar--atma-foveal-cpt-all/snapshots/e4cf2558793646c26d9e5a6c6eeadb4e1011cad3/nope/lm_output/cpt tasks=[] lengths=['2k', '4k', '8k', '16k', '32k', '64k', '128k', '256k'] samples=100 gamma_clamp=None
[longdoc] selected 1/4 from emozilla/pg19 after scanning 22 rows
[longdoc] selected 2/4 from emozilla/pg19 after scanning 38 rows
[longdoc] selected 3/4 from emozilla/pg19 after scanning 62 rows
[longdoc] selected 4/4 from emozilla/pg19 after scanning 81 rows
[longdoc]       pg19 context=   2k docs=4 nll=3.1001 bpb=1.1124
[longdoc]       pg19 context=   4k docs=4 nll=3.0957 bpb=1.1109
[longdoc]       pg19 context=   8k docs=4 nll=3.0452 bpb=1.0927
[longdoc]       pg19 context=  16k docs=4 nll=3.0509 bpb=1.0948
[longdoc]       pg19 context=  32k docs=4 nll=3.0522 bpb=1.0952
[longdoc]       pg19 context=  64k docs=4 nll=3.0547 bpb=1.0961
[longdoc]       pg19 context= 128k docs=4 nll=3.0650 bpb=1.0998
[longdoc]       pg19 context= 256k docs=4 nll=3.0875 bpb=1.1079
[longdoc] selected 1/4 from hoskinson-center/proof-pile after scanning 20081 rows
[longdoc] selected 2/4 from hoskinson-center/proof-pile after scanning 22803 rows
[longdoc] selected 3/4 from hoskinson-center/proof-pile after scanning 32629 rows
[longdoc] selected 4/4 from hoskinson-center/proof-pile after scanning 41384 rows
[longdoc] proof_pile context=   2k docs=4 nll=4.2478 bpb=2.2720
[longdoc] proof_pile context=   4k docs=4 nll=4.2600 bpb=2.2786
[longdoc] proof_pile context=   8k docs=4 nll=4.2889 bpb=2.2940
[longdoc] proof_pile context=  16k docs=4 nll=4.2152 bpb=2.2546
[longdoc] proof_pile context=  32k docs=4 nll=4.2481 bpb=2.2722
[longdoc] proof_pile context=  64k docs=4 nll=4.3524 bpb=2.3280
[longdoc] proof_pile context= 128k docs=4 nll=4.3641 bpb=2.3342
[longdoc] proof_pile context= 256k docs=4 nll=4.3387 bpb=2.3206
[longdoc] selected 1/4 from codelion/finepdfs-1B after scanning 1798 rows
[longdoc] selected 2/4 from codelion/finepdfs-1B after scanning 5936 rows
[longdoc] selected 3/4 from codelion/finepdfs-1B after scanning 8638 rows
[longdoc] selected 4/4 from codelion/finepdfs-1B after scanning 16812 rows
[longdoc]   finepdfs context=   2k docs=4 nll=1.0617 bpb=0.8948
[longdoc]   finepdfs context=   4k docs=4 nll=0.9929 bpb=0.8368
[longdoc]   finepdfs context=   8k docs=4 nll=1.1483 bpb=0.9677
[longdoc]   finepdfs context=  16k docs=4 nll=1.1760 bpb=0.9910
[longdoc]   finepdfs context=  32k docs=4 nll=1.2088 bpb=1.0187
[longdoc]   finepdfs context=  64k docs=4 nll=1.2533 bpb=1.0562
[longdoc]   finepdfs context= 128k docs=4 nll=1.2549 bpb=1.0575
[longdoc]   finepdfs context= 256k docs=4 nll=1.2543 bpb=1.0571

===LONGDOC_RESULTS_JSON===
{"benchmark": "longdoc", "protocol": "fixed-target-v1", "datasets": ["pg19", "proof_pile", "finepdfs"], "lengths": ["2k", "4k", "8k", "16k", "32k", "64k", "128k", "256k"], "target_tokens": 256, "requested_documents": 4, "dataset_revisions": {}, "results": {"pg19": {"dataset_id": "emozilla/pg19", "dataset_revision": null, "documents": 4, "scanned_rows": 81, "target_tokens_per_document": 256, "document_token_hashes": ["00bde9c6582a7e9886d4ed5082ad3ef42a9067ba6a03a90e986e4e7cdb19b7c9", "fc1130cc9d6c3c91c8fe1cf7a9b0d947e43f6b74ef26627d2bf6daddaade5e06", "c6123705c6272d4b956a15ecfcee7c87a4367dd13753d459c14a7a5e1e001c46", "1230885d2d8fbfb600ca80a93518251e079a90864361d70aff18aaa938389218"], "lengths": {"2k": {"documents": 4, "nll_nats_per_token": 3.1000694632530212, "perplexity": 22.19949327690344, "bits_per_byte": 1.1124104341101675, "target_tokens": 1024, "target_bytes": 4117, "oom": false, "error": null}, "4k": {"documents": 4, "nll_nats_per_token": 3.0957448482513428, "perplexity": 22.103696307056826, "bits_per_byte": 1.1108586150595297, "target_tokens": 1024, "target_bytes": 4117, "oom": false, "error": null}, "8k": {"documents": 4, "nll_nats_per_token": 3.0451982021331787, "perplexity": 21.01419584858927, "bits_per_byte": 1.0927207580799905, "target_tokens": 1024, "target_bytes": 4117, "oom": false, "error": null}, "16k": {"documents": 4, "nll_nats_per_token": 3.050937235355377, "perplexity": 21.135143746738382, "bits_per_byte": 1.0947801185277979, "target_tokens": 1024, "target_bytes": 4117, "oom": false, "error": null}, "32k": {"documents": 4, "nll_nats_per_token": 3.0521830320358276, "perplexity": 21.161490246442348, "bits_per_byte": 1.0952271527773654, "target_tokens": 1024, "target_bytes": 4117, "oom": false, "error": null}, "64k": {"documents": 4, "nll_nats_per_token": 3.0546873807907104, "perplexity": 21.214552413545775, "bits_per_byte": 1.0961257983459907, "target_tokens": 1024, "target_bytes": 4117, "oom": false, "error": null}, "128k": {"documents": 4, "nll_nats_per_token": 3.0649598836898804, "perplexity": 21.43360213290451, "bits_per_byte": 1.0998119220102882, "target_tokens": 1024, "target_bytes": 4117, "oom": false, "error": null}, "256k": {"documents": 4, "nll_nats_per_token": 3.0875131487846375, "perplexity": 21.92249215422943, "bits_per_byte": 1.1079048011254335, "target_tokens": 1024, "target_bytes": 4117, "oom": false, "error": null}}}, "proof_pile": {"dataset_id": "hoskinson-center/proof-pile", "dataset_revision": null, "documents": 4, "scanned_rows": 41384, "target_tokens_per_document": 256, "document_token_hashes": ["f2025b1137849b4f6f83bd0f43405d7ccde08c4b5ce269351b5382b5b0592a33", "eca3e0e6c4c17034d268b7575d0debc6400bf869da07497f8f842fd52f037df6", "7caaf24aabf5d7d9fd41588a53f4f8da14ad7bf57265a16f95ae8dd4830f794f", "804a0a67afb3c893131fe0e63ccc52dc3fe6f99b7454e61f5446584c083fe433"], "lengths": {"2k": {"documents": 4, "nll_nats_per_token": 4.247799277305603, "perplexity": 69.95129941684726, "bits_per_byte": 2.272033905470662, "target_tokens": 1024, "target_bytes": 2762, "oom": false, "error": null}, "4k": {"documents": 4, "nll_nats_per_token": 4.260014772415161, "perplexity": 70.81102949647598, "bits_per_byte": 2.278567646179482, "target_tokens": 1024, "target_bytes": 2762, "oom": false, "error": null}, "8k": {"documents": 4, "nll_nats_per_token": 4.2888824343681335, "perplexity": 72.88496923103214, "bits_per_byte": 2.2940081843139537, "target_tokens": 1024, "target_bytes": 2762, "oom": false, "error": null}, "16k": {"documents": 4, "nll_nats_per_token": 4.215178430080414, "perplexity": 67.70624562405538, "bits_per_byte": 2.2545858891962633, "target_tokens": 1024, "target_bytes": 2762, "oom": false, "error": null}, "32k": {"documents": 4, "nll_nats_per_token": 4.248074114322662, "perplexity": 69.97052726545967, "bits_per_byte": 2.2721809084198297, "target_tokens": 1024, "target_bytes": 2762, "oom": false, "error": null}, "64k": {"documents": 4, "nll_nats_per_token": 4.352408409118652, "perplexity": 77.66528764674527, "bits_per_byte": 2.3279865244117004, "target_tokens": 1024, "target_bytes": 2762, "oom": false, "error": null}, "128k": {"documents": 4, "nll_nats_per_token": 4.364095151424408, "perplexity": 78.5782663316947, "bits_per_byte": 2.3342374494271634, "target_tokens": 1024, "target_bytes": 2762, "oom": false, "error": null}, "256k": {"documents": 4, "nll_nats_per_token": 4.338663995265961, "perplexity": 76.6051261301018, "bits_per_byte": 2.320635006073493, "target_tokens": 1024, "target_bytes": 2762, "oom": false, "error": null}}}, "finepdfs": {"dataset_id": "codelion/finepdfs-1B", "dataset_revision": null, "documents": 4, "scanned_rows": 16812, "target_tokens_per_document": 256, "document_token_hashes": ["22ad71e8536f2a4321ee782009fd1dc0fdd96a19958e129482bd486d375c6472", "d68f724500709050f5fdaf240abbd19cc71ca4edded7327decc742ea7aaa5593", "5dfc8640c79548c3f73221157074496c2c2622417810e51873f144b45aa6e264", "342c47ea005d6e5e23de811fd5e77bf39c0101ee9ae026db9dee6f088a13a3c4"], "lengths": {"2k": {"documents": 4, "nll_nats_per_token": 1.0617233514785767, "perplexity": 2.8913495096180784, "bits_per_byte": 0.894754618545084, "target_tokens": 1024, "target_bytes": 1753, "oom": false, "error": null}, "4k": {"documents": 4, "nll_nats_per_token": 0.9929215908050537, "perplexity": 2.6991086552070724, "bits_per_byte": 0.836772760049707, "target_tokens": 1024, "target_bytes": 1753, "oom": false, "error": null}, "8k": {"documents": 4, "nll_nats_per_token": 1.1483325362205505, "perplexity": 3.1529311255407584, "bits_per_byte": 0.9677434700650076, "target_tokens": 1024, "target_bytes": 1753, "oom": false, "error": null}, "16k": {"documents": 4, "nll_nats_per_token": 1.1759664118289948, "perplexity": 3.241273836104847, "bits_per_byte": 0.9910315872515822, "target_tokens": 1024, "target_bytes": 1753, "oom": false, "error": null}, "32k": {"documents": 4, "nll_nats_per_token": 1.208839774131775, "perplexity": 3.3495961091369737, "bits_per_byte": 1.0187352189994914, "target_tokens": 1024, "target_bytes": 1753, "oom": false, "error": null}, "64k": {"documents": 4, "nll_nats_per_token": 1.2532622516155243, "perplexity": 3.5017479272395193, "bits_per_byte": 1.0561717290286312, "target_tokens": 1024, "target_bytes": 1753, "oom": false, "error": null}, "128k": {"documents": 4, "nll_nats_per_token": 1.2548909485340118, "perplexity": 3.5074558602826493, "bits_per_byte": 1.0575442938196358, "target_tokens": 1024, "target_bytes": 1753, "oom": false, "error": null}, "256k": {"documents": 4, "nll_nats_per_token": 1.2543297857046127, "perplexity": 3.5054881585802646, "bits_per_byte": 1.057071380576594, "target_tokens": 1024, "target_bytes": 1753, "oom": false, "error": null}}}}, "elapsed_s": 181.9, "model_config": {"vocab_size": 50304, "num_hidden_layers": 16, "hidden_size": 1024, "head_dim": 128, "attn_kernel_size": 4, "conv_kernel_size": 3, "max_position_embeddings": 2048, "rms_norm_eps": 1e-06, "dtype": "torch.bfloat16", "tie_word_embeddings": false, "num_random_keys": 0, "attn_online": false, "attn_k_block": 512, "attn_kernel": "triton", "attn_type": "nope", "polar_variant": "full", "wall_gate_bias": null, "attn_window": 512, "mem_enabled": true, "mem_chunk": 128, "mem_gamma_bias": 3.9, "mem_beta_bias": 0.0, "mem_kernel": "auto", "is_foveal": true, "foveal_config": {"checkpoint": "ChavyvAkvar/atma-10b-L40S-mbs16-nope__reg-baseline__distr-0__mem-1__win-0", "train_glob": "finewebedu10B/finewebedu_train_*.bin", "output_dir": "foveal_cpt/output/nope/lm_output", "hf_cache": null, "dataset_repo": "kjj0/finewebedu10B-gpt2", "dataset_train_template": "finewebedu_train_{index:06d}.bin", "dataset_validation_file": "finewebedu_val_000000.bin", "auto_download_data": true, "adaptation_mode": "lm_output", "sequence_length": 32768, "batch_tokens": 524288, "microbatch_sequences": 1, "train_tokens": 1000000000, "index_dim": 16, "page_size": 64, "query_block_size": 64, "local_window": 512, "remote_capacity": 64, "top_p": 0.95, "min_remote_pages": 0, "max_remote_pages": 32, "handoff_start_tokens": 50000000, "handoff_end_tokens": 200000000, "initial_top_p": 0.98, "initial_min_remote_pages": 8, "initial_max_remote_pages": 64, "teacher_query_blocks": 4, "teacher_interval": 1, "index_loss_weight": 0.1, "teacher_mean_weight": 0.5, "activation_checkpointing": false, "compile_model": true, "flex_compile": true, "flex_kernel_options": {"BLOCK_M": 64, "BLOCK_N": 64, "PRESCALE_QK": true}, "xent_impl": "eager", "xent_token_chunk": 4096, "xent_vocab_chunk": 2048, "base_lr_scale": 0.1, "index_lr": 0.001, "weight_decay": 0.01, "cooldown_fraction": 0.7, "grad_clip": 1.0, "log_every": 10, "save_every": 250, "keep_last_checkpoints": 1, "seed": 1234, "calibration_sequence_length": 4096, "calibration_batch_tokens": 65536, "calibration_tokens": 20000000, "calibration_lr": 0.001}, "adaptation_mode": "lm_output", "base_checkpoint": "ChavyvAkvar/atma-10b-L40S-mbs16-nope__reg-baseline__distr-0__mem-1__win-0", "sequence_length": 32768, "local_window": 512}}
===END===
[run] done in 181.9s -> /home/sagemaker-user/atma/benchmarks/logs/foveal_cpt/longdoc_longdoc_fixed_target_nope_lm_output_fdf192ccb7.log
