[run] benchmark=longdoc model=/home/sagemaker-user/.cache/huggingface/hub/models--ChavyvAkvar--atma-foveal-cpt-all/snapshots/e4cf2558793646c26d9e5a6c6eeadb4e1011cad3/nope/kl/cpt tasks=[] lengths=['2k', '4k', '8k', '16k', '32k', '64k', '128k', '256k'] samples=100 gamma_clamp=None
[longdoc] selected 1/4 from emozilla/pg19 after scanning 22 rows
[longdoc] selected 2/4 from emozilla/pg19 after scanning 38 rows
[longdoc] selected 3/4 from emozilla/pg19 after scanning 62 rows
[longdoc] selected 4/4 from emozilla/pg19 after scanning 81 rows
[longdoc]       pg19 context=   2k docs=4 nll=3.1079 bpb=1.1152
[longdoc]       pg19 context=   4k docs=4 nll=3.0936 bpb=1.1101
[longdoc]       pg19 context=   8k docs=4 nll=3.0748 bpb=1.1034
[longdoc]       pg19 context=  16k docs=4 nll=3.0721 bpb=1.1024
[longdoc]       pg19 context=  32k docs=4 nll=3.0705 bpb=1.1018
[longdoc]       pg19 context=  64k docs=4 nll=3.0814 bpb=1.1057
[longdoc]       pg19 context= 128k docs=4 nll=3.0700 bpb=1.1016
[longdoc]       pg19 context= 256k docs=4 nll=3.0958 bpb=1.1109
[longdoc] selected 1/4 from hoskinson-center/proof-pile after scanning 20081 rows
[longdoc] selected 2/4 from hoskinson-center/proof-pile after scanning 22803 rows
[longdoc] selected 3/4 from hoskinson-center/proof-pile after scanning 32629 rows
[longdoc] selected 4/4 from hoskinson-center/proof-pile after scanning 41384 rows
[longdoc] proof_pile context=   2k docs=4 nll=4.2713 bpb=2.2846
[longdoc] proof_pile context=   4k docs=4 nll=4.2369 bpb=2.2662
[longdoc] proof_pile context=   8k docs=4 nll=4.2824 bpb=2.2906
[longdoc] proof_pile context=  16k docs=4 nll=4.2058 bpb=2.2496
[longdoc] proof_pile context=  32k docs=4 nll=4.2277 bpb=2.2613
[longdoc] proof_pile context=  64k docs=4 nll=4.1632 bpb=2.2268
[longdoc] proof_pile context= 128k docs=4 nll=4.1970 bpb=2.2449
[longdoc] proof_pile context= 256k docs=4 nll=4.2046 bpb=2.2489
[longdoc] selected 1/4 from codelion/finepdfs-1B after scanning 1798 rows
[longdoc] selected 2/4 from codelion/finepdfs-1B after scanning 5936 rows
[longdoc] selected 3/4 from codelion/finepdfs-1B after scanning 8638 rows
[longdoc] selected 4/4 from codelion/finepdfs-1B after scanning 16812 rows
[longdoc]   finepdfs context=   2k docs=4 nll=1.0195 bpb=0.8592
[longdoc]   finepdfs context=   4k docs=4 nll=0.9653 bpb=0.8135
[longdoc]   finepdfs context=   8k docs=4 nll=0.9697 bpb=0.8172
[longdoc]   finepdfs context=  16k docs=4 nll=0.9785 bpb=0.8246
[longdoc]   finepdfs context=  32k docs=4 nll=0.9478 bpb=0.7987
[longdoc]   finepdfs context=  64k docs=4 nll=0.9768 bpb=0.8232
[longdoc]   finepdfs context= 128k docs=4 nll=1.0446 bpb=0.8803
[longdoc]   finepdfs context= 256k docs=4 nll=1.1996 bpb=1.0109

===LONGDOC_RESULTS_JSON===
{"benchmark": "longdoc", "protocol": "fixed-target-v1", "datasets": ["pg19", "proof_pile", "finepdfs"], "lengths": ["2k", "4k", "8k", "16k", "32k", "64k", "128k", "256k"], "target_tokens": 256, "requested_documents": 4, "dataset_revisions": {}, "results": {"pg19": {"dataset_id": "emozilla/pg19", "dataset_revision": null, "documents": 4, "scanned_rows": 81, "target_tokens_per_document": 256, "document_token_hashes": ["00bde9c6582a7e9886d4ed5082ad3ef42a9067ba6a03a90e986e4e7cdb19b7c9", "fc1130cc9d6c3c91c8fe1cf7a9b0d947e43f6b74ef26627d2bf6daddaade5e06", "c6123705c6272d4b956a15ecfcee7c87a4367dd13753d459c14a7a5e1e001c46", "1230885d2d8fbfb600ca80a93518251e079a90864361d70aff18aaa938389218"], "lengths": {"2k": {"documents": 4, "nll_nats_per_token": 3.107899844646454, "perplexity": 22.374006135437494, "bits_per_byte": 1.1152202414607344, "target_tokens": 1024, "target_bytes": 4117, "oom": false, "error": null}, "4k": {"documents": 4, "nll_nats_per_token": 3.0935590863227844, "perplexity": 22.055435651554163, "bits_per_byte": 1.110074289287275, "target_tokens": 1024, "target_bytes": 4117, "oom": false, "error": null}, "8k": {"documents": 4, "nll_nats_per_token": 3.0748215317726135, "perplexity": 21.64601844022787, "bits_per_byte": 1.1033506169830272, "target_tokens": 1024, "target_bytes": 4117, "oom": false, "error": null}, "16k": {"documents": 4, "nll_nats_per_token": 3.07206654548645, "perplexity": 21.58646602698255, "bits_per_byte": 1.102362034137744, "target_tokens": 1024, "target_bytes": 4117, "oom": false, "error": null}, "32k": {"documents": 4, "nll_nats_per_token": 3.070530414581299, "perplexity": 21.553331845121445, "bits_per_byte": 1.1018108180868442, "target_tokens": 1024, "target_bytes": 4117, "oom": false, "error": null}, "64k": {"documents": 4, "nll_nats_per_token": 3.0814226865768433, "perplexity": 21.78937981357269, "bits_per_byte": 1.1057193359967283, "target_tokens": 1024, "target_bytes": 4117, "oom": false, "error": null}, "128k": {"documents": 4, "nll_nats_per_token": 3.0700036883354187, "perplexity": 21.541982128911567, "bits_per_byte": 1.1016218107827234, "target_tokens": 1024, "target_bytes": 4117, "oom": false, "error": null}, "256k": {"documents": 4, "nll_nats_per_token": 3.0958393812179565, "perplexity": 22.105785933809614, "bits_per_byte": 1.110892536705375, "target_tokens": 1024, "target_bytes": 4117, "oom": false, "error": null}}}, "proof_pile": {"dataset_id": "hoskinson-center/proof-pile", "dataset_revision": null, "documents": 4, "scanned_rows": 41384, "target_tokens_per_document": 256, "document_token_hashes": ["f2025b1137849b4f6f83bd0f43405d7ccde08c4b5ce269351b5382b5b0592a33", "eca3e0e6c4c17034d268b7575d0debc6400bf869da07497f8f842fd52f037df6", "7caaf24aabf5d7d9fd41588a53f4f8da14ad7bf57265a16f95ae8dd4830f794f", "804a0a67afb3c893131fe0e63ccc52dc3fe6f99b7454e61f5446584c083fe433"], "lengths": {"2k": {"documents": 4, "nll_nats_per_token": 4.271261692047119, "perplexity": 71.61193084848512, "bits_per_byte": 2.2845833218429803, "target_tokens": 1024, "target_bytes": 2762, "oom": false, "error": null}, "4k": {"documents": 4, "nll_nats_per_token": 4.2369256019592285, "perplexity": 69.19479215799912, "bits_per_byte": 2.2662178681649365, "target_tokens": 1024, "target_bytes": 2762, "oom": false, "error": null}, "8k": {"documents": 4, "nll_nats_per_token": 4.282449185848236, "perplexity": 72.41758711520492, "bits_per_byte": 2.2905672122233898, "target_tokens": 1024, "target_bytes": 2762, "oom": false, "error": null}, "16k": {"documents": 4, "nll_nats_per_token": 4.205774545669556, "perplexity": 67.07252828872134, "bits_per_byte": 2.249556003641466, "target_tokens": 1024, "target_bytes": 2762, "oom": false, "error": null}, "32k": {"documents": 4, "nll_nats_per_token": 4.227675914764404, "perplexity": 68.55771290910612, "bits_per_byte": 2.2612704585653547, "target_tokens": 1024, "target_bytes": 2762, "oom": false, "error": null}, "64k": {"documents": 4, "nll_nats_per_token": 4.163210988044739, "perplexity": 64.27758614976017, "bits_per_byte": 2.226789898242442, "target_tokens": 1024, "target_bytes": 2762, "oom": false, "error": null}, "128k": {"documents": 4, "nll_nats_per_token": 4.196981430053711, "perplexity": 66.48533719582419, "bits_per_byte": 2.2448528019340173, "target_tokens": 1024, "target_bytes": 2762, "oom": false, "error": null}, "256k": {"documents": 4, "nll_nats_per_token": 4.204563498497009, "perplexity": 66.99134945859973, "bits_per_byte": 2.2489082469897217, "target_tokens": 1024, "target_bytes": 2762, "oom": false, "error": null}}}, "finepdfs": {"dataset_id": "codelion/finepdfs-1B", "dataset_revision": null, "documents": 4, "scanned_rows": 16812, "target_tokens_per_document": 256, "document_token_hashes": ["22ad71e8536f2a4321ee782009fd1dc0fdd96a19958e129482bd486d375c6472", "d68f724500709050f5fdaf240abbd19cc71ca4edded7327decc742ea7aaa5593", "5dfc8640c79548c3f73221157074496c2c2622417810e51873f144b45aa6e264", "342c47ea005d6e5e23de811fd5e77bf39c0101ee9ae026db9dee6f088a13a3c4"], "lengths": {"2k": {"documents": 4, "nll_nats_per_token": 1.0194898694753647, "perplexity": 2.7717804334416978, "bits_per_byte": 0.8591628581990489, "target_tokens": 1024, "target_bytes": 1753, "oom": false, "error": null}, "4k": {"documents": 4, "nll_nats_per_token": 0.9652937203645706, "perplexity": 2.625558723295426, "bits_per_byte": 0.8134897036463966, "target_tokens": 1024, "target_bytes": 1753, "oom": false, "error": null}, "8k": {"documents": 4, "nll_nats_per_token": 0.9697052985429764, "perplexity": 2.637167167818533, "bits_per_byte": 0.8172075082371163, "target_tokens": 1024, "target_bytes": 1753, "oom": false, "error": null}, "16k": {"documents": 4, "nll_nats_per_token": 0.978512167930603, "perplexity": 2.6604949261022774, "bits_per_byte": 0.8246293917706454, "target_tokens": 1024, "target_bytes": 1753, "oom": false, "error": null}, "32k": {"documents": 4, "nll_nats_per_token": 0.9477814137935638, "perplexity": 2.579979398421151, "bits_per_byte": 0.7987314173527359, "target_tokens": 1024, "target_bytes": 1753, "oom": false, "error": null}, "64k": {"documents": 4, "nll_nats_per_token": 0.9768216162919998, "perplexity": 2.656001021704466, "bits_per_byte": 0.8232046996562422, "target_tokens": 1024, "target_bytes": 1753, "oom": false, "error": null}, "128k": {"documents": 4, "nll_nats_per_token": 1.0446105599403381, "perplexity": 2.8422914059530595, "bits_per_byte": 0.880333018752902, "target_tokens": 1024, "target_bytes": 1753, "oom": false, "error": null}, "256k": {"documents": 4, "nll_nats_per_token": 1.1995642334222794, "perplexity": 3.3186704419343784, "bits_per_byte": 1.0109183683314087, "target_tokens": 1024, "target_bytes": 1753, "oom": false, "error": null}}}}, "elapsed_s": 168.6, "model_config": {"vocab_size": 50304, "num_hidden_layers": 16, "hidden_size": 1024, "head_dim": 128, "attn_kernel_size": 4, "conv_kernel_size": 3, "max_position_embeddings": 2048, "rms_norm_eps": 1e-06, "dtype": "torch.bfloat16", "tie_word_embeddings": false, "num_random_keys": 0, "attn_online": false, "attn_k_block": 512, "attn_kernel": "triton", "attn_type": "nope", "polar_variant": "full", "wall_gate_bias": null, "attn_window": 512, "mem_enabled": true, "mem_chunk": 128, "mem_gamma_bias": 3.9, "mem_beta_bias": 0.0, "mem_kernel": "auto", "is_foveal": true, "foveal_config": {"checkpoint": "ChavyvAkvar/atma-10b-L40S-mbs16-nope__reg-baseline__distr-0__mem-1__win-0", "train_glob": "finewebedu10B/finewebedu_train_*.bin", "output_dir": "foveal_cpt/output/nope/kl", "hf_cache": null, "dataset_repo": "kjj0/finewebedu10B-gpt2", "dataset_train_template": "finewebedu_train_{index:06d}.bin", "dataset_validation_file": "finewebedu_val_000000.bin", "auto_download_data": true, "adaptation_mode": "kl", "sequence_length": 32768, "batch_tokens": 524288, "microbatch_sequences": 1, "train_tokens": 1000000000, "index_dim": 16, "page_size": 64, "query_block_size": 64, "local_window": 512, "remote_capacity": 64, "top_p": 0.95, "min_remote_pages": 0, "max_remote_pages": 32, "handoff_start_tokens": 50000000, "handoff_end_tokens": 200000000, "initial_top_p": 0.98, "initial_min_remote_pages": 8, "initial_max_remote_pages": 64, "teacher_query_blocks": 4, "teacher_interval": 1, "index_loss_weight": 0.1, "teacher_mean_weight": 0.5, "activation_checkpointing": false, "compile_model": true, "flex_compile": true, "flex_kernel_options": {"BLOCK_M": 64, "BLOCK_N": 64, "PRESCALE_QK": true}, "xent_impl": "eager", "xent_token_chunk": 4096, "xent_vocab_chunk": 2048, "base_lr_scale": 0.1, "index_lr": 0.001, "weight_decay": 0.01, "cooldown_fraction": 0.7, "grad_clip": 1.0, "log_every": 10, "save_every": 250, "keep_last_checkpoints": 1, "seed": 1234, "calibration_sequence_length": 4096, "calibration_batch_tokens": 65536, "calibration_tokens": 20000000, "calibration_lr": 0.001}, "adaptation_mode": "kl", "base_checkpoint": "ChavyvAkvar/atma-10b-L40S-mbs16-nope__reg-baseline__distr-0__mem-1__win-0", "sequence_length": 32768, "local_window": 512}}
===END===
[run] done in 168.6s -> /home/sagemaker-user/atma/benchmarks/logs/foveal_cpt/longdoc_longdoc_fixed_target_nope_kl_60a84f6921.log
