[run] benchmark=longdoc model=/home/sagemaker-user/.cache/huggingface/hub/models--ChavyvAkvar--atma-foveal-cpt-all/snapshots/e4cf2558793646c26d9e5a6c6eeadb4e1011cad3/polar/lm_output_kl/cpt tasks=[] lengths=['2k', '4k', '8k', '16k', '32k', '64k', '128k', '256k'] samples=100 gamma_clamp=None
[longdoc] selected 1/4 from emozilla/pg19 after scanning 22 rows
[longdoc] selected 2/4 from emozilla/pg19 after scanning 38 rows
[longdoc] selected 3/4 from emozilla/pg19 after scanning 62 rows
[longdoc] selected 4/4 from emozilla/pg19 after scanning 81 rows
[longdoc]       pg19 context=   2k docs=4 nll=3.1698 bpb=1.1374
[longdoc]       pg19 context=   4k docs=4 nll=3.1599 bpb=1.1339
[longdoc]       pg19 context=   8k docs=4 nll=3.1373 bpb=1.1258
[longdoc]       pg19 context=  16k docs=4 nll=3.1408 bpb=1.1270
[longdoc]       pg19 context=  32k docs=4 nll=3.1449 bpb=1.1285
[longdoc]       pg19 context=  64k docs=4 nll=3.1695 bpb=1.1373
[longdoc]       pg19 context= 128k docs=4 nll=3.1812 bpb=1.1415
[longdoc]       pg19 context= 256k docs=4 nll=3.1966 bpb=1.1470
[longdoc] selected 1/4 from hoskinson-center/proof-pile after scanning 20081 rows
[longdoc] selected 2/4 from hoskinson-center/proof-pile after scanning 22803 rows
[longdoc] selected 3/4 from hoskinson-center/proof-pile after scanning 32629 rows
[longdoc] selected 4/4 from hoskinson-center/proof-pile after scanning 41384 rows
[longdoc] proof_pile context=   2k docs=4 nll=4.1975 bpb=2.2451
[longdoc] proof_pile context=   4k docs=4 nll=4.2047 bpb=2.2490
[longdoc] proof_pile context=   8k docs=4 nll=4.3003 bpb=2.3001
[longdoc] proof_pile context=  16k docs=4 nll=4.3014 bpb=2.3007
[longdoc] proof_pile context=  32k docs=4 nll=4.2961 bpb=2.2979
[longdoc] proof_pile context=  64k docs=4 nll=4.3087 bpb=2.3046
[longdoc] proof_pile context= 128k docs=4 nll=4.2460 bpb=2.2711
[longdoc] proof_pile context= 256k docs=4 nll=4.2335 bpb=2.2644
[longdoc] selected 1/4 from codelion/finepdfs-1B after scanning 1798 rows
[longdoc] selected 2/4 from codelion/finepdfs-1B after scanning 5936 rows
[longdoc] selected 3/4 from codelion/finepdfs-1B after scanning 8638 rows
[longdoc] selected 4/4 from codelion/finepdfs-1B after scanning 16812 rows
[longdoc]   finepdfs context=   2k docs=4 nll=1.0483 bpb=0.8835
[longdoc]   finepdfs context=   4k docs=4 nll=1.0025 bpb=0.8449
[longdoc]   finepdfs context=   8k docs=4 nll=1.0522 bpb=0.8867
[longdoc]   finepdfs context=  16k docs=4 nll=1.0774 bpb=0.9079
[longdoc]   finepdfs context=  32k docs=4 nll=1.0995 bpb=0.9266
[longdoc]   finepdfs context=  64k docs=4 nll=1.1039 bpb=0.9303
[longdoc]   finepdfs context= 128k docs=4 nll=1.1485 bpb=0.9679
[longdoc]   finepdfs context= 256k docs=4 nll=1.1950 bpb=1.0071

===LONGDOC_RESULTS_JSON===
{"benchmark": "longdoc", "protocol": "fixed-target-v1", "datasets": ["pg19", "proof_pile", "finepdfs"], "lengths": ["2k", "4k", "8k", "16k", "32k", "64k", "128k", "256k"], "target_tokens": 256, "requested_documents": 4, "dataset_revisions": {}, "results": {"pg19": {"dataset_id": "emozilla/pg19", "dataset_revision": null, "documents": 4, "scanned_rows": 81, "target_tokens_per_document": 256, "document_token_hashes": ["00bde9c6582a7e9886d4ed5082ad3ef42a9067ba6a03a90e986e4e7cdb19b7c9", "fc1130cc9d6c3c91c8fe1cf7a9b0d947e43f6b74ef26627d2bf6daddaade5e06", "c6123705c6272d4b956a15ecfcee7c87a4367dd13753d459c14a7a5e1e001c46", "1230885d2d8fbfb600ca80a93518251e079a90864361d70aff18aaa938389218"], "lengths": {"2k": {"documents": 4, "nll_nats_per_token": 3.1698209643363953, "perplexity": 23.80322234920519, "bits_per_byte": 1.1374396466874144, "target_tokens": 1024, "target_bytes": 4117, "oom": false, "error": null}, "4k": {"documents": 4, "nll_nats_per_token": 3.159871459007263, "perplexity": 23.567566335985624, "bits_per_byte": 1.133869425544451, "target_tokens": 1024, "target_bytes": 4117, "oom": false, "error": null}, "8k": {"documents": 4, "nll_nats_per_token": 3.1372671127319336, "perplexity": 23.040812794210108, "bits_per_byte": 1.125758216763171, "target_tokens": 1024, "target_bytes": 4117, "oom": false, "error": null}, "16k": {"documents": 4, "nll_nats_per_token": 3.140757739543915, "perplexity": 23.121380206698564, "bits_per_byte": 1.1270107724666028, "target_tokens": 1024, "target_bytes": 4117, "oom": false, "error": null}, "32k": {"documents": 4, "nll_nats_per_token": 3.1448857188224792, "perplexity": 23.2170220530505, "bits_per_byte": 1.1284920319273013, "target_tokens": 1024, "target_bytes": 4117, "oom": false, "error": null}, "64k": {"documents": 4, "nll_nats_per_token": 3.1695414185523987, "perplexity": 23.796569188726743, "bits_per_byte": 1.1373393361457909, "target_tokens": 1024, "target_bytes": 4117, "oom": false, "error": null}, "128k": {"documents": 4, "nll_nats_per_token": 3.1811732053756714, "perplexity": 24.074981888179245, "bits_per_byte": 1.141513217145211, "target_tokens": 1024, "target_bytes": 4117, "oom": false, "error": null}, "256k": {"documents": 4, "nll_nats_per_token": 3.196572184562683, "perplexity": 24.448581174460646, "bits_per_byte": 1.147038894980927, "target_tokens": 1024, "target_bytes": 4117, "oom": false, "error": null}}}, "proof_pile": {"dataset_id": "hoskinson-center/proof-pile", "dataset_revision": null, "documents": 4, "scanned_rows": 41384, "target_tokens_per_document": 256, "document_token_hashes": ["f2025b1137849b4f6f83bd0f43405d7ccde08c4b5ce269351b5382b5b0592a33", "eca3e0e6c4c17034d268b7575d0debc6400bf869da07497f8f842fd52f037df6", "7caaf24aabf5d7d9fd41588a53f4f8da14ad7bf57265a16f95ae8dd4830f794f", "804a0a67afb3c893131fe0e63ccc52dc3fe6f99b7454e61f5446584c083fe433"], "lengths": {"2k": {"documents": 4, "nll_nats_per_token": 4.197506010532379, "perplexity": 66.52022325530767, "bits_per_byte": 2.2451333859625637, "target_tokens": 1024, "target_bytes": 2762, "oom": false, "error": null}, "4k": {"documents": 4, "nll_nats_per_token": 4.204688787460327, "perplexity": 66.9997432611391, "bits_per_byte": 2.2489752606958917, "target_tokens": 1024, "target_bytes": 2762, "oom": false, "error": null}, "8k": {"documents": 4, "nll_nats_per_token": 4.300305247306824, "perplexity": 73.72229379700843, "bits_per_byte": 2.3001179405896823, "target_tokens": 1024, "target_bytes": 2762, "oom": false, "error": null}, "16k": {"documents": 4, "nll_nats_per_token": 4.301351845264435, "perplexity": 73.79949178971084, "bits_per_byte": 2.3006777377669625, "target_tokens": 1024, "target_bytes": 2762, "oom": false, "error": null}, "32k": {"documents": 4, "nll_nats_per_token": 4.296106994152069, "perplexity": 73.41343772612706, "bits_per_byte": 2.297872407576314, "target_tokens": 1024, "target_bytes": 2762, "oom": false, "error": null}, "64k": {"documents": 4, "nll_nats_per_token": 4.308659553527832, "perplexity": 74.34077229690125, "bits_per_byte": 2.3045864349209055, "target_tokens": 1024, "target_bytes": 2762, "oom": false, "error": null}, "128k": {"documents": 4, "nll_nats_per_token": 4.245959997177124, "perplexity": 69.82275763028298, "bits_per_byte": 2.2710501238602907, "target_tokens": 1024, "target_bytes": 2762, "oom": false, "error": null}, "256k": {"documents": 4, "nll_nats_per_token": 4.23351925611496, "perplexity": 68.95949175008961, "bits_per_byte": 2.2643959051326235, "target_tokens": 1024, "target_bytes": 2762, "oom": false, "error": null}}}, "finepdfs": {"dataset_id": "codelion/finepdfs-1B", "dataset_revision": null, "documents": 4, "scanned_rows": 16812, "target_tokens_per_document": 256, "document_token_hashes": ["22ad71e8536f2a4321ee782009fd1dc0fdd96a19958e129482bd486d375c6472", "d68f724500709050f5fdaf240abbd19cc71ca4edded7327decc742ea7aaa5593", "5dfc8640c79548c3f73221157074496c2c2622417810e51873f144b45aa6e264", "342c47ea005d6e5e23de811fd5e77bf39c0101ee9ae026db9dee6f088a13a3c4"], "lengths": {"2k": {"documents": 4, "nll_nats_per_token": 1.0483285188674927, "perplexity": 2.8528785978359315, "bits_per_byte": 0.8834662840399465, "target_tokens": 1024, "target_bytes": 1753, "oom": false, "error": null}, "4k": {"documents": 4, "nll_nats_per_token": 1.0025445371866226, "perplexity": 2.7252074051122115, "bits_per_byte": 0.844882382680621, "target_tokens": 1024, "target_bytes": 1753, "oom": false, "error": null}, "8k": {"documents": 4, "nll_nats_per_token": 1.052201732993126, "perplexity": 2.8639498343138525, "bits_per_byte": 0.8867303887831438, "target_tokens": 1024, "target_bytes": 1753, "oom": false, "error": null}, "16k": {"documents": 4, "nll_nats_per_token": 1.07738097012043, "perplexity": 2.936977437770555, "bits_per_byte": 0.9079498888343789, "target_tokens": 1024, "target_bytes": 1753, "oom": false, "error": null}, "32k": {"documents": 4, "nll_nats_per_token": 1.0994939059019089, "perplexity": 3.0026460179175114, "bits_per_byte": 0.9265853002082693, "target_tokens": 1024, "target_bytes": 1753, "oom": false, "error": null}, "64k": {"documents": 4, "nll_nats_per_token": 1.1039079576730728, "perplexity": 3.0159291475347803, "bits_per_byte": 0.930305189389614, "target_tokens": 1024, "target_bytes": 1753, "oom": false, "error": null}, "128k": {"documents": 4, "nll_nats_per_token": 1.1484718322753906, "perplexity": 3.1533703469979266, "bits_per_byte": 0.9678608601442968, "target_tokens": 1024, "target_bytes": 1753, "oom": false, "error": null}, "256k": {"documents": 4, "nll_nats_per_token": 1.1949894428253174, "perplexity": 3.3035228944493107, "bits_per_byte": 1.0070630184327674, "target_tokens": 1024, "target_bytes": 1753, "oom": false, "error": null}}}}, "elapsed_s": 155.9, "model_config": {"vocab_size": 50304, "num_hidden_layers": 16, "hidden_size": 1024, "head_dim": 128, "attn_kernel_size": 4, "conv_kernel_size": 3, "max_position_embeddings": 2048, "rms_norm_eps": 1e-06, "dtype": "torch.bfloat16", "tie_word_embeddings": false, "num_random_keys": 0, "attn_online": false, "attn_k_block": 512, "attn_kernel": "triton", "attn_type": "polar", "polar_variant": "full", "wall_gate_bias": null, "attn_window": 512, "mem_enabled": true, "mem_chunk": 128, "mem_gamma_bias": 3.9, "mem_beta_bias": 0.0, "mem_kernel": "auto", "is_foveal": true, "foveal_config": {"checkpoint": "ChavyvAkvar/atma-10b-L40S-mbs16-polar__reg-baseline__distr-0__mem-1__win-0", "train_glob": "finewebedu10B/finewebedu_train_*.bin", "output_dir": "foveal_cpt/output/polar/lm_output_kl", "hf_cache": null, "dataset_repo": "kjj0/finewebedu10B-gpt2", "dataset_train_template": "finewebedu_train_{index:06d}.bin", "dataset_validation_file": "finewebedu_val_000000.bin", "auto_download_data": true, "adaptation_mode": "lm_output_kl", "sequence_length": 32768, "batch_tokens": 524288, "microbatch_sequences": 1, "train_tokens": 1000000000, "index_dim": 16, "page_size": 64, "query_block_size": 64, "local_window": 512, "remote_capacity": 64, "top_p": 0.95, "min_remote_pages": 0, "max_remote_pages": 32, "handoff_start_tokens": 50000000, "handoff_end_tokens": 200000000, "initial_top_p": 0.98, "initial_min_remote_pages": 8, "initial_max_remote_pages": 64, "teacher_query_blocks": 4, "teacher_interval": 1, "index_loss_weight": 0.1, "teacher_mean_weight": 0.5, "activation_checkpointing": false, "compile_model": true, "flex_compile": true, "flex_kernel_options": {"BLOCK_M": 64, "BLOCK_N": 64, "PRESCALE_QK": true}, "xent_impl": "eager", "xent_token_chunk": 4096, "xent_vocab_chunk": 2048, "base_lr_scale": 0.1, "index_lr": 0.001, "weight_decay": 0.01, "cooldown_fraction": 0.7, "grad_clip": 1.0, "log_every": 10, "save_every": 250, "keep_last_checkpoints": 1, "seed": 1234, "calibration_sequence_length": 4096, "calibration_batch_tokens": 65536, "calibration_tokens": 20000000, "calibration_lr": 0.001}, "adaptation_mode": "lm_output_kl", "base_checkpoint": "ChavyvAkvar/atma-10b-L40S-mbs16-polar__reg-baseline__distr-0__mem-1__win-0", "sequence_length": 32768, "local_window": 512}}
===END===
[run] done in 155.9s -> /home/sagemaker-user/atma/benchmarks/logs/foveal_cpt/longdoc_longdoc_fixed_target_polar_lm_output_kl_fb535f4bbf.log
