[run] benchmark=longdoc model=/home/sagemaker-user/.cache/huggingface/hub/models--ChavyvAkvar--atma-foveal-cpt-all/snapshots/e4cf2558793646c26d9e5a6c6eeadb4e1011cad3/rope/local/cpt tasks=[] lengths=['2k', '4k', '8k', '16k', '32k', '64k', '128k', '256k'] samples=100 gamma_clamp=None
[longdoc] selected 1/4 from emozilla/pg19 after scanning 22 rows
[longdoc] selected 2/4 from emozilla/pg19 after scanning 38 rows
[longdoc] selected 3/4 from emozilla/pg19 after scanning 62 rows
[longdoc] selected 4/4 from emozilla/pg19 after scanning 81 rows
[longdoc]       pg19 context=   2k docs=4 nll=3.1316 bpb=1.1237
[longdoc]       pg19 context=   4k docs=4 nll=3.1309 bpb=1.1235
[longdoc]       pg19 context=   8k docs=4 nll=3.1295 bpb=1.1230
[longdoc]       pg19 context=  16k docs=4 nll=3.1295 bpb=1.1230
[longdoc]       pg19 context=  32k docs=4 nll=3.1293 bpb=1.1229
[longdoc]       pg19 context=  64k docs=4 nll=3.1300 bpb=1.1231
[longdoc]       pg19 context= 128k docs=4 nll=3.1317 bpb=1.1238
[longdoc]       pg19 context= 256k docs=4 nll=3.1296 bpb=1.1230
[longdoc] selected 1/4 from hoskinson-center/proof-pile after scanning 20081 rows
[longdoc] selected 2/4 from hoskinson-center/proof-pile after scanning 22803 rows
[longdoc] selected 3/4 from hoskinson-center/proof-pile after scanning 32629 rows
[longdoc] selected 4/4 from hoskinson-center/proof-pile after scanning 41384 rows
[longdoc] proof_pile context=   2k docs=4 nll=4.0940 bpb=2.1898
[longdoc] proof_pile context=   4k docs=4 nll=4.0876 bpb=2.1863
[longdoc] proof_pile context=   8k docs=4 nll=4.0832 bpb=2.1840
[longdoc] proof_pile context=  16k docs=4 nll=4.0850 bpb=2.1850
[longdoc] proof_pile context=  32k docs=4 nll=4.0837 bpb=2.1843
[longdoc] proof_pile context=  64k docs=4 nll=4.0847 bpb=2.1848
[longdoc] proof_pile context= 128k docs=4 nll=4.0853 bpb=2.1851
[longdoc] proof_pile context= 256k docs=4 nll=4.0850 bpb=2.1850
[longdoc] selected 1/4 from codelion/finepdfs-1B after scanning 1798 rows
[longdoc] selected 2/4 from codelion/finepdfs-1B after scanning 5936 rows
[longdoc] selected 3/4 from codelion/finepdfs-1B after scanning 8638 rows
[longdoc] selected 4/4 from codelion/finepdfs-1B after scanning 16812 rows
[longdoc]   finepdfs context=   2k docs=4 nll=1.2390 bpb=1.0441
[longdoc]   finepdfs context=   4k docs=4 nll=1.2390 bpb=1.0441
[longdoc]   finepdfs context=   8k docs=4 nll=1.2414 bpb=1.0462
[longdoc]   finepdfs context=  16k docs=4 nll=1.2417 bpb=1.0465
[longdoc]   finepdfs context=  32k docs=4 nll=1.2417 bpb=1.0464
[longdoc]   finepdfs context=  64k docs=4 nll=1.2445 bpb=1.0488
[longdoc]   finepdfs context= 128k docs=4 nll=1.2453 bpb=1.0495
[longdoc]   finepdfs context= 256k docs=4 nll=1.2464 bpb=1.0504

===LONGDOC_RESULTS_JSON===
{"benchmark": "longdoc", "protocol": "fixed-target-v1", "datasets": ["pg19", "proof_pile", "finepdfs"], "lengths": ["2k", "4k", "8k", "16k", "32k", "64k", "128k", "256k"], "target_tokens": 256, "requested_documents": 4, "dataset_revisions": {}, "results": {"pg19": {"dataset_id": "emozilla/pg19", "dataset_revision": null, "documents": 4, "scanned_rows": 81, "target_tokens_per_document": 256, "document_token_hashes": ["00bde9c6582a7e9886d4ed5082ad3ef42a9067ba6a03a90e986e4e7cdb19b7c9", "fc1130cc9d6c3c91c8fe1cf7a9b0d947e43f6b74ef26627d2bf6daddaade5e06", "c6123705c6272d4b956a15ecfcee7c87a4367dd13753d459c14a7a5e1e001c46", "1230885d2d8fbfb600ca80a93518251e079a90864361d70aff18aaa938389218"], "lengths": {"2k": {"documents": 4, "nll_nats_per_token": 3.131572961807251, "perplexity": 22.909987750984985, "bits_per_byte": 1.123714961611279, "target_tokens": 1024, "target_bytes": 4117, "oom": false, "error": null}, "4k": {"documents": 4, "nll_nats_per_token": 3.130942225456238, "perplexity": 22.895542145072458, "bits_per_byte": 1.123488631941458, "target_tokens": 1024, "target_bytes": 4117, "oom": false, "error": null}, "8k": {"documents": 4, "nll_nats_per_token": 3.1294723749160767, "perplexity": 22.8619138404285, "bits_per_byte": 1.1229611995413655, "target_tokens": 1024, "target_bytes": 4117, "oom": false, "error": null}, "16k": {"documents": 4, "nll_nats_per_token": 3.1295008063316345, "perplexity": 22.862563846241596, "bits_per_byte": 1.1229714017009291, "target_tokens": 1024, "target_bytes": 4117, "oom": false, "error": null}, "32k": {"documents": 4, "nll_nats_per_token": 3.1292781829833984, "perplexity": 22.857474672234382, "bits_per_byte": 1.1228915168666087, "target_tokens": 1024, "target_bytes": 4117, "oom": false, "error": null}, "64k": {"documents": 4, "nll_nats_per_token": 3.129966616630554, "perplexity": 22.873215944676854, "bits_per_byte": 1.1231385502900098, "target_tokens": 1024, "target_bytes": 4117, "oom": false, "error": null}, "128k": {"documents": 4, "nll_nats_per_token": 3.1316742300987244, "perplexity": 22.912307923780187, "bits_per_byte": 1.1237513001209203, "target_tokens": 1024, "target_bytes": 4117, "oom": false, "error": null}, "256k": {"documents": 4, "nll_nats_per_token": 3.129558563232422, "perplexity": 22.863884355207293, "bits_per_byte": 1.1229921268426846, "target_tokens": 1024, "target_bytes": 4117, "oom": false, "error": null}}}, "proof_pile": {"dataset_id": "hoskinson-center/proof-pile", "dataset_revision": null, "documents": 4, "scanned_rows": 41384, "target_tokens_per_document": 256, "document_token_hashes": ["f2025b1137849b4f6f83bd0f43405d7ccde08c4b5ce269351b5382b5b0592a33", "eca3e0e6c4c17034d268b7575d0debc6400bf869da07497f8f842fd52f037df6", "7caaf24aabf5d7d9fd41588a53f4f8da14ad7bf57265a16f95ae8dd4830f794f", "804a0a67afb3c893131fe0e63ccc52dc3fe6f99b7454e61f5446584c083fe433"], "lengths": {"2k": {"documents": 4, "nll_nats_per_token": 4.094019293785095, "perplexity": 59.98048706742225, "bits_per_byte": 2.1897811167365075, "target_tokens": 1024, "target_bytes": 2762, "oom": false, "error": null}, "4k": {"documents": 4, "nll_nats_per_token": 4.087568819522858, "perplexity": 59.59482965319139, "bits_per_byte": 2.186330931058368, "target_tokens": 1024, "target_bytes": 2762, "oom": false, "error": null}, "8k": {"documents": 4, "nll_nats_per_token": 4.083208739757538, "perplexity": 59.33555707759533, "bits_per_byte": 2.183998841331274, "target_tokens": 1024, "target_bytes": 2762, "oom": false, "error": null}, "16k": {"documents": 4, "nll_nats_per_token": 4.085023581981659, "perplexity": 59.44333952645795, "bits_per_byte": 2.18496955176204, "target_tokens": 1024, "target_bytes": 2762, "oom": false, "error": null}, "32k": {"documents": 4, "nll_nats_per_token": 4.083710968494415, "perplexity": 59.365364583944924, "bits_per_byte": 2.1842674700126206, "target_tokens": 1024, "target_bytes": 2762, "oom": false, "error": null}, "64k": {"documents": 4, "nll_nats_per_token": 4.0847344398498535, "perplexity": 59.42615443713205, "bits_per_byte": 2.1848148973906647, "target_tokens": 1024, "target_bytes": 2762, "oom": false, "error": null}, "128k": {"documents": 4, "nll_nats_per_token": 4.08530467748642, "perplexity": 59.460051130655174, "bits_per_byte": 2.185119902208424, "target_tokens": 1024, "target_bytes": 2762, "oom": false, "error": null}, "256k": {"documents": 4, "nll_nats_per_token": 4.084992170333862, "perplexity": 59.4414723425387, "bits_per_byte": 2.184952750514109, "target_tokens": 1024, "target_bytes": 2762, "oom": false, "error": null}}}, "finepdfs": {"dataset_id": "codelion/finepdfs-1B", "dataset_revision": null, "documents": 4, "scanned_rows": 16812, "target_tokens_per_document": 256, "document_token_hashes": ["22ad71e8536f2a4321ee782009fd1dc0fdd96a19958e129482bd486d375c6472", "d68f724500709050f5fdaf240abbd19cc71ca4edded7327decc742ea7aaa5593", "5dfc8640c79548c3f73221157074496c2c2622417810e51873f144b45aa6e264", "342c47ea005d6e5e23de811fd5e77bf39c0101ee9ae026db9dee6f088a13a3c4"], "lengths": {"2k": {"documents": 4, "nll_nats_per_token": 1.2389805018901825, "perplexity": 3.4520922685984945, "bits_per_byte": 1.0441359557644765, "target_tokens": 1024, "target_bytes": 1753, "oom": false, "error": null}, "4k": {"documents": 4, "nll_nats_per_token": 1.2389570772647858, "perplexity": 3.4520114055773643, "bits_per_byte": 1.044116214942414, "target_tokens": 1024, "target_bytes": 1753, "oom": false, "error": null}, "8k": {"documents": 4, "nll_nats_per_token": 1.2413937598466873, "perplexity": 3.4604331179949006, "bits_per_byte": 1.0461696999590602, "target_tokens": 1024, "target_bytes": 1753, "oom": false, "error": null}, "16k": {"documents": 4, "nll_nats_per_token": 1.241742566227913, "perplexity": 3.4616403496810797, "bits_per_byte": 1.0464636523527273, "target_tokens": 1024, "target_bytes": 1753, "oom": false, "error": null}, "32k": {"documents": 4, "nll_nats_per_token": 1.241723656654358, "perplexity": 3.4615748921571554, "bits_per_byte": 1.0464477165364439, "target_tokens": 1024, "target_bytes": 1753, "oom": false, "error": null}, "64k": {"documents": 4, "nll_nats_per_token": 1.244493916630745, "perplexity": 3.471177649462042, "bits_per_byte": 1.0487823199008617, "target_tokens": 1024, "target_bytes": 1753, "oom": false, "error": null}, "128k": {"documents": 4, "nll_nats_per_token": 1.2453170418739319, "perplexity": 3.4740360396540733, "bits_per_byte": 1.04947599882575, "target_tokens": 1024, "target_bytes": 1753, "oom": false, "error": null}, "256k": {"documents": 4, "nll_nats_per_token": 1.2463685870170593, "perplexity": 3.4776910667548244, "bits_per_byte": 1.0503621758813002, "target_tokens": 1024, "target_bytes": 1753, "oom": false, "error": null}}}}, "elapsed_s": 170.5, "model_config": {"vocab_size": 50304, "num_hidden_layers": 16, "hidden_size": 1024, "head_dim": 128, "attn_kernel_size": 4, "conv_kernel_size": 3, "max_position_embeddings": 2048, "rms_norm_eps": 1e-06, "dtype": "torch.bfloat16", "tie_word_embeddings": false, "num_random_keys": 0, "attn_online": false, "attn_k_block": 512, "attn_kernel": "triton", "attn_type": "rope", "polar_variant": "full", "wall_gate_bias": null, "attn_window": 512, "mem_enabled": true, "mem_chunk": 128, "mem_gamma_bias": 3.9, "mem_beta_bias": 0.0, "mem_kernel": "auto", "is_foveal": true, "foveal_config": {"checkpoint": "ChavyvAkvar/atma-10b-L40S-mbs16-rope__reg-baseline__distr-0__mem-1__win-0", "train_glob": "finewebedu10B/finewebedu_train_*.bin", "output_dir": "foveal_cpt/output/rope/local", "hf_cache": null, "dataset_repo": "kjj0/finewebedu10B-gpt2", "dataset_train_template": "finewebedu_train_{index:06d}.bin", "dataset_validation_file": "finewebedu_val_000000.bin", "auto_download_data": true, "adaptation_mode": "local", "sequence_length": 32768, "batch_tokens": 524288, "microbatch_sequences": 1, "train_tokens": 1000000000, "index_dim": 16, "page_size": 64, "query_block_size": 64, "local_window": 512, "remote_capacity": 1, "top_p": 1.0, "min_remote_pages": 0, "max_remote_pages": 0, "handoff_start_tokens": 50000000, "handoff_end_tokens": 200000000, "initial_top_p": 1.0, "initial_min_remote_pages": 0, "initial_max_remote_pages": 0, "teacher_query_blocks": 4, "teacher_interval": 1, "index_loss_weight": 0.1, "teacher_mean_weight": 0.5, "activation_checkpointing": false, "compile_model": true, "flex_compile": true, "flex_kernel_options": {"BLOCK_M": 64, "BLOCK_N": 64, "PRESCALE_QK": true}, "xent_impl": "eager", "xent_token_chunk": 4096, "xent_vocab_chunk": 2048, "base_lr_scale": 0.1, "index_lr": 0.001, "weight_decay": 0.01, "cooldown_fraction": 0.7, "grad_clip": 1.0, "log_every": 10, "save_every": 250, "keep_last_checkpoints": 1, "seed": 1234, "calibration_sequence_length": 4096, "calibration_batch_tokens": 65536, "calibration_tokens": 20000000, "calibration_lr": 0.001}, "adaptation_mode": "local", "base_checkpoint": "ChavyvAkvar/atma-10b-L40S-mbs16-rope__reg-baseline__distr-0__mem-1__win-0", "sequence_length": 32768, "local_window": 512}}
===END===
[run] done in 170.5s -> /home/sagemaker-user/atma/benchmarks/logs/foveal_cpt/longdoc_longdoc_fixed_target_rope_local_f9417c9e39.log
