[run] benchmark=longdoc model=/home/sagemaker-user/.cache/huggingface/hub/models--ChavyvAkvar--atma-foveal-cpt-all/snapshots/e4cf2558793646c26d9e5a6c6eeadb4e1011cad3/nope/lm_output_kl/cpt tasks=[] lengths=['2k', '4k', '8k', '16k', '32k', '64k', '128k', '256k'] samples=100 gamma_clamp=None
[longdoc] selected 1/4 from emozilla/pg19 after scanning 22 rows
[longdoc] selected 2/4 from emozilla/pg19 after scanning 38 rows
[longdoc] selected 3/4 from emozilla/pg19 after scanning 62 rows
[longdoc] selected 4/4 from emozilla/pg19 after scanning 81 rows
[longdoc]       pg19 context=   2k docs=4 nll=3.1033 bpb=1.1136
[longdoc]       pg19 context=   4k docs=4 nll=3.0862 bpb=1.1074
[longdoc]       pg19 context=   8k docs=4 nll=3.0758 bpb=1.1037
[longdoc]       pg19 context=  16k docs=4 nll=3.0725 bpb=1.1025
[longdoc]       pg19 context=  32k docs=4 nll=3.0588 bpb=1.0976
[longdoc]       pg19 context=  64k docs=4 nll=3.0871 bpb=1.1077
[longdoc]       pg19 context= 128k docs=4 nll=3.1400 bpb=1.1267
[longdoc]       pg19 context= 256k docs=4 nll=3.2078 bpb=1.1511
[longdoc] selected 1/4 from hoskinson-center/proof-pile after scanning 20081 rows
[longdoc] selected 2/4 from hoskinson-center/proof-pile after scanning 22803 rows
[longdoc] selected 3/4 from hoskinson-center/proof-pile after scanning 32629 rows
[longdoc] selected 4/4 from hoskinson-center/proof-pile after scanning 41384 rows
[longdoc] proof_pile context=   2k docs=4 nll=4.2855 bpb=2.2922
[longdoc] proof_pile context=   4k docs=4 nll=4.2453 bpb=2.2707
[longdoc] proof_pile context=   8k docs=4 nll=4.2686 bpb=2.2832
[longdoc] proof_pile context=  16k docs=4 nll=4.1976 bpb=2.2452
[longdoc] proof_pile context=  32k docs=4 nll=4.2145 bpb=2.2542
[longdoc] proof_pile context=  64k docs=4 nll=4.2216 bpb=2.2580
[longdoc] proof_pile context= 128k docs=4 nll=4.4726 bpb=2.3923
[longdoc] proof_pile context= 256k docs=4 nll=4.9763 bpb=2.6617
[longdoc] selected 1/4 from codelion/finepdfs-1B after scanning 1798 rows
[longdoc] selected 2/4 from codelion/finepdfs-1B after scanning 5936 rows
[longdoc] selected 3/4 from codelion/finepdfs-1B after scanning 8638 rows
[longdoc] selected 4/4 from codelion/finepdfs-1B after scanning 16812 rows
[longdoc]   finepdfs context=   2k docs=4 nll=1.0428 bpb=0.8788
[longdoc]   finepdfs context=   4k docs=4 nll=0.9828 bpb=0.8283
[longdoc]   finepdfs context=   8k docs=4 nll=0.9727 bpb=0.8197
[longdoc]   finepdfs context=  16k docs=4 nll=0.9944 bpb=0.8380
[longdoc]   finepdfs context=  32k docs=4 nll=1.0071 bpb=0.8487
[longdoc]   finepdfs context=  64k docs=4 nll=0.9904 bpb=0.8347
[longdoc]   finepdfs context= 128k docs=4 nll=1.0131 bpb=0.8538
[longdoc]   finepdfs context= 256k docs=4 nll=1.1016 bpb=0.9284

===LONGDOC_RESULTS_JSON===
{"benchmark": "longdoc", "protocol": "fixed-target-v1", "datasets": ["pg19", "proof_pile", "finepdfs"], "lengths": ["2k", "4k", "8k", "16k", "32k", "64k", "128k", "256k"], "target_tokens": 256, "requested_documents": 4, "dataset_revisions": {}, "results": {"pg19": {"dataset_id": "emozilla/pg19", "dataset_revision": null, "documents": 4, "scanned_rows": 81, "target_tokens_per_document": 256, "document_token_hashes": ["00bde9c6582a7e9886d4ed5082ad3ef42a9067ba6a03a90e986e4e7cdb19b7c9", "fc1130cc9d6c3c91c8fe1cf7a9b0d947e43f6b74ef26627d2bf6daddaade5e06", "c6123705c6272d4b956a15ecfcee7c87a4367dd13753d459c14a7a5e1e001c46", "1230885d2d8fbfb600ca80a93518251e079a90864361d70aff18aaa938389218"], "lengths": {"2k": {"documents": 4, "nll_nats_per_token": 3.1032791137695312, "perplexity": 22.270860362399546, "bits_per_byte": 1.1135621659557713, "target_tokens": 1024, "target_bytes": 4117, "oom": false, "error": null}, "4k": {"documents": 4, "nll_nats_per_token": 3.0862410068511963, "perplexity": 21.894621364233547, "bits_per_byte": 1.1074483133024338, "target_tokens": 1024, "target_bytes": 4117, "oom": false, "error": null}, "8k": {"documents": 4, "nll_nats_per_token": 3.0758341550827026, "perplexity": 21.667948804796282, "bits_per_byte": 1.1037139806912661, "target_tokens": 1024, "target_bytes": 4117, "oom": false, "error": null}, "16k": {"documents": 4, "nll_nats_per_token": 3.072457730770111, "perplexity": 21.594911986678415, "bits_per_byte": 1.102502404731491, "target_tokens": 1024, "target_bytes": 4117, "oom": false, "error": null}, "32k": {"documents": 4, "nll_nats_per_token": 3.0588481426239014, "perplexity": 21.30300500100414, "bits_per_byte": 1.0976188213030413, "target_tokens": 1024, "target_bytes": 4117, "oom": false, "error": null}, "64k": {"documents": 4, "nll_nats_per_token": 3.087075114250183, "perplexity": 21.912891448458424, "bits_per_byte": 1.10774761942599, "target_tokens": 1024, "target_bytes": 4117, "oom": false, "error": null}, "128k": {"documents": 4, "nll_nats_per_token": 3.1399625539779663, "perplexity": 23.1030017270127, "bits_per_byte": 1.126725432821443, "target_tokens": 1024, "target_bytes": 4117, "oom": false, "error": null}, "256k": {"documents": 4, "nll_nats_per_token": 3.2077857851982117, "perplexity": 24.724280703084357, "bits_per_byte": 1.15106271654324, "target_tokens": 1024, "target_bytes": 4117, "oom": false, "error": null}}}, "proof_pile": {"dataset_id": "hoskinson-center/proof-pile", "dataset_revision": null, "documents": 4, "scanned_rows": 41384, "target_tokens_per_document": 256, "document_token_hashes": ["f2025b1137849b4f6f83bd0f43405d7ccde08c4b5ce269351b5382b5b0592a33", "eca3e0e6c4c17034d268b7575d0debc6400bf869da07497f8f842fd52f037df6", "7caaf24aabf5d7d9fd41588a53f4f8da14ad7bf57265a16f95ae8dd4830f794f", "804a0a67afb3c893131fe0e63ccc52dc3fe6f99b7454e61f5446584c083fe433"], "lengths": {"2k": {"documents": 4, "nll_nats_per_token": 4.285522282123566, "perplexity": 72.64047563596674, "bits_per_byte": 2.2922109289991863, "target_tokens": 1024, "target_bytes": 2762, "oom": false, "error": null}, "4k": {"documents": 4, "nll_nats_per_token": 4.245306074619293, "perplexity": 69.77711387938425, "bits_per_byte": 2.2707003582226153, "target_tokens": 1024, "target_bytes": 2762, "oom": false, "error": null}, "8k": {"documents": 4, "nll_nats_per_token": 4.268582820892334, "perplexity": 71.42034843946314, "bits_per_byte": 2.283150465510861, "target_tokens": 1024, "target_bytes": 2762, "oom": false, "error": null}, "16k": {"documents": 4, "nll_nats_per_token": 4.197631478309631, "perplexity": 66.52856992346983, "bits_per_byte": 2.2452004953115114, "target_tokens": 1024, "target_bytes": 2762, "oom": false, "error": null}, "32k": {"documents": 4, "nll_nats_per_token": 4.214479327201843, "perplexity": 67.65892853452631, "bits_per_byte": 2.254211957816781, "target_tokens": 1024, "target_bytes": 2762, "oom": false, "error": null}, "64k": {"documents": 4, "nll_nats_per_token": 4.221576929092407, "perplexity": 68.14085290415007, "bits_per_byte": 2.258008274707047, "target_tokens": 1024, "target_bytes": 2762, "oom": false, "error": null}, "128k": {"documents": 4, "nll_nats_per_token": 4.472588300704956, "perplexity": 87.58312134829167, "bits_per_byte": 2.3922675251404044, "target_tokens": 1024, "target_bytes": 2762, "oom": false, "error": null}, "256k": {"documents": 4, "nll_nats_per_token": 4.976329207420349, "perplexity": 144.9413542878887, "bits_per_byte": 2.661705025576131, "target_tokens": 1024, "target_bytes": 2762, "oom": false, "error": null}}}, "finepdfs": {"dataset_id": "codelion/finepdfs-1B", "dataset_revision": null, "documents": 4, "scanned_rows": 16812, "target_tokens_per_document": 256, "document_token_hashes": ["22ad71e8536f2a4321ee782009fd1dc0fdd96a19958e129482bd486d375c6472", "d68f724500709050f5fdaf240abbd19cc71ca4edded7327decc742ea7aaa5593", "5dfc8640c79548c3f73221157074496c2c2622417810e51873f144b45aa6e264", "342c47ea005d6e5e23de811fd5e77bf39c0101ee9ae026db9dee6f088a13a3c4"], "lengths": {"2k": {"documents": 4, "nll_nats_per_token": 1.042803794145584, "perplexity": 2.8371606874611244, "bits_per_byte": 0.8788103885524509, "target_tokens": 1024, "target_bytes": 1753, "oom": false, "error": null}, "4k": {"documents": 4, "nll_nats_per_token": 0.9828168153762817, "perplexity": 2.671972103669053, "bits_per_byte": 0.828257081769048, "target_tokens": 1024, "target_bytes": 1753, "oom": false, "error": null}, "8k": {"documents": 4, "nll_nats_per_token": 0.9727091789245605, "perplexity": 2.6451008124309685, "bits_per_byte": 0.8197389923956179, "target_tokens": 1024, "target_bytes": 1753, "oom": false, "error": null}, "16k": {"documents": 4, "nll_nats_per_token": 0.9944046884775162, "perplexity": 2.70311466689034, "bits_per_byte": 0.8380226228226612, "target_tokens": 1024, "target_bytes": 1753, "oom": false, "error": null}, "32k": {"documents": 4, "nll_nats_per_token": 1.0071263909339905, "perplexity": 2.7377225562752003, "bits_per_byte": 0.848743684964541, "target_tokens": 1024, "target_bytes": 1753, "oom": false, "error": null}, "64k": {"documents": 4, "nll_nats_per_token": 0.9904363751411438, "perplexity": 2.6924091164460866, "bits_per_byte": 0.8346783743603773, "target_tokens": 1024, "target_bytes": 1753, "oom": false, "error": null}, "128k": {"documents": 4, "nll_nats_per_token": 1.0130854845046997, "perplexity": 2.7540856072124527, "bits_per_byte": 0.8537656395888875, "target_tokens": 1024, "target_bytes": 1753, "oom": false, "error": null}, "256k": {"documents": 4, "nll_nats_per_token": 1.1016455590724945, "perplexity": 3.009113626271912, "bits_per_byte": 0.9283985801076025, "target_tokens": 1024, "target_bytes": 1753, "oom": false, "error": null}}}}, "elapsed_s": 166.5, "model_config": {"vocab_size": 50304, "num_hidden_layers": 16, "hidden_size": 1024, "head_dim": 128, "attn_kernel_size": 4, "conv_kernel_size": 3, "max_position_embeddings": 2048, "rms_norm_eps": 1e-06, "dtype": "torch.bfloat16", "tie_word_embeddings": false, "num_random_keys": 0, "attn_online": false, "attn_k_block": 512, "attn_kernel": "triton", "attn_type": "nope", "polar_variant": "full", "wall_gate_bias": null, "attn_window": 512, "mem_enabled": true, "mem_chunk": 128, "mem_gamma_bias": 3.9, "mem_beta_bias": 0.0, "mem_kernel": "auto", "is_foveal": true, "foveal_config": {"checkpoint": "ChavyvAkvar/atma-10b-L40S-mbs16-nope__reg-baseline__distr-0__mem-1__win-0", "train_glob": "finewebedu10B/finewebedu_train_*.bin", "output_dir": "foveal_cpt/output/nope/lm_output_kl", "hf_cache": null, "dataset_repo": "kjj0/finewebedu10B-gpt2", "dataset_train_template": "finewebedu_train_{index:06d}.bin", "dataset_validation_file": "finewebedu_val_000000.bin", "auto_download_data": true, "adaptation_mode": "lm_output_kl", "sequence_length": 32768, "batch_tokens": 524288, "microbatch_sequences": 1, "train_tokens": 1000000000, "index_dim": 16, "page_size": 64, "query_block_size": 64, "local_window": 512, "remote_capacity": 64, "top_p": 0.95, "min_remote_pages": 0, "max_remote_pages": 32, "handoff_start_tokens": 50000000, "handoff_end_tokens": 200000000, "initial_top_p": 0.98, "initial_min_remote_pages": 8, "initial_max_remote_pages": 64, "teacher_query_blocks": 4, "teacher_interval": 1, "index_loss_weight": 0.1, "teacher_mean_weight": 0.5, "activation_checkpointing": false, "compile_model": true, "flex_compile": true, "flex_kernel_options": {"BLOCK_M": 64, "BLOCK_N": 64, "PRESCALE_QK": true}, "xent_impl": "eager", "xent_token_chunk": 4096, "xent_vocab_chunk": 2048, "base_lr_scale": 0.1, "index_lr": 0.001, "weight_decay": 0.01, "cooldown_fraction": 0.7, "grad_clip": 1.0, "log_every": 10, "save_every": 250, "keep_last_checkpoints": 1, "seed": 1234, "calibration_sequence_length": 4096, "calibration_batch_tokens": 65536, "calibration_tokens": 20000000, "calibration_lr": 0.001}, "adaptation_mode": "lm_output_kl", "base_checkpoint": "ChavyvAkvar/atma-10b-L40S-mbs16-nope__reg-baseline__distr-0__mem-1__win-0", "sequence_length": 32768, "local_window": 512}}
===END===
[run] done in 166.5s -> /home/sagemaker-user/atma/benchmarks/logs/foveal_cpt/longdoc_longdoc_fixed_target_nope_lm_output_kl_4ffadccdce.log
