You are using version 1 of 'kernels-community/causal-conv1d', but version 2 is available.
Warning: You are sending unauthenticated requests to the HF Hub. Please set a HF_TOKEN to enable higher rate limits and faster downloads.
[run] benchmark=longdoc model=/home/sagemaker-user/.cache/huggingface/hub/models--ChavyvAkvar--atma-foveal-cpt-all/snapshots/e4cf2558793646c26d9e5a6c6eeadb4e1011cad3/rope/local/cpt tasks=[] lengths=['2k', '4k', '8k', '16k', '32k', '64k', '128k', '256k'] samples=100 gamma_clamp=None

Fetching 8 files:   0%|          | 0/8 [00:00<?, ?it/s]
Fetching 8 files: 100%|██████████| 8/8 [00:00<00:00, 1818.77it/s]

Fetching 4 files:   0%|          | 0/4 [00:00<?, ?it/s]
Fetching 4 files: 100%|██████████| 4/4 [00:00<00:00, 1949.71it/s]

Fetching 4 files:   0%|          | 0/4 [00:00<?, ?it/s]
Fetching 4 files: 100%|██████████| 4/4 [00:00<00:00, 1866.42it/s]
[transformers] Token indices sequence length is longer than the specified maximum sequence length for this model (627620 > 262400). Running this sequence through the model will result in indexing errors
[longdoc] selected 1/4 from emozilla/pg19 after scanning 22 rows
[longdoc] selected 2/4 from emozilla/pg19 after scanning 38 rows
[longdoc] selected 3/4 from emozilla/pg19 after scanning 62 rows
[longdoc] selected 4/4 from emozilla/pg19 after scanning 81 rows
[longdoc]       pg19 context=   2k docs=4 nll=3.1316 bpb=1.1237
[longdoc]       pg19 context=   4k docs=4 nll=3.1309 bpb=1.1235
[longdoc]       pg19 context=   8k docs=4 nll=3.1295 bpb=1.1230
[longdoc]       pg19 context=  16k docs=4 nll=3.1295 bpb=1.1230
[longdoc]       pg19 context=  32k docs=4 nll=3.1293 bpb=1.1229
[longdoc]       pg19 context=  64k docs=4 nll=3.1300 bpb=1.1231
[longdoc]       pg19 context= 128k docs=4 nll=3.1317 bpb=1.1238
[longdoc]       pg19 context= 256k docs=4 nll=3.1296 bpb=1.1230
[longdoc] selected 1/4 from hoskinson-center/proof-pile after scanning 20081 rows
[longdoc] selected 2/4 from hoskinson-center/proof-pile after scanning 22803 rows
[longdoc] selected 3/4 from hoskinson-center/proof-pile after scanning 32629 rows
[longdoc] selected 4/4 from hoskinson-center/proof-pile after scanning 41384 rows
[longdoc] proof_pile context=   2k docs=4 nll=4.0940 bpb=2.1898
[longdoc] proof_pile context=   4k docs=4 nll=4.0876 bpb=2.1863
[longdoc] proof_pile context=   8k docs=4 nll=4.0832 bpb=2.1840
[longdoc] proof_pile context=  16k docs=4 nll=4.0850 bpb=2.1850
[longdoc] proof_pile context=  32k docs=4 nll=4.0837 bpb=2.1843
[longdoc] proof_pile context=  64k docs=4 nll=4.0847 bpb=2.1848
[longdoc] proof_pile context= 128k docs=4 nll=4.0853 bpb=2.1851
[longdoc] proof_pile context= 256k docs=4 nll=4.0850 bpb=2.1850
[longdoc] selected 1/4 from codelion/finepdfs-1B after scanning 1798 rows
[longdoc] selected 2/4 from codelion/finepdfs-1B after scanning 5936 rows
[longdoc] selected 3/4 from codelion/finepdfs-1B after scanning 8638 rows
[longdoc] selected 4/4 from codelion/finepdfs-1B after scanning 16812 rows
[longdoc]   finepdfs context=   2k docs=4 nll=1.2390 bpb=1.0441
[longdoc]   finepdfs context=   4k docs=4 nll=1.2390 bpb=1.0441
[longdoc]   finepdfs context=   8k docs=4 nll=1.2414 bpb=1.0462
[longdoc]   finepdfs context=  16k docs=4 nll=1.2417 bpb=1.0465
[longdoc]   finepdfs context=  32k docs=4 nll=1.2417 bpb=1.0464
[longdoc]   finepdfs context=  64k docs=4 nll=1.2445 bpb=1.0488
[longdoc]   finepdfs context= 128k docs=4 nll=1.2453 bpb=1.0495
[longdoc]   finepdfs context= 256k docs=4 nll=1.2464 bpb=1.0504
[run] done in 170.5s -> /home/sagemaker-user/atma/benchmarks/logs/foveal_cpt/longdoc_longdoc_fixed_target_rope_local_f9417c9e39.log
