You are using version 1 of 'kernels-community/causal-conv1d', but version 2 is available.
Warning: You are sending unauthenticated requests to the HF Hub. Please set a HF_TOKEN to enable higher rate limits and faster downloads.
[run] benchmark=longdoc model=/home/sagemaker-user/.cache/huggingface/hub/models--ChavyvAkvar--atma-foveal-cpt-all/snapshots/e4cf2558793646c26d9e5a6c6eeadb4e1011cad3/rope/lm_output_kl/cpt tasks=[] lengths=['2k', '4k', '8k', '16k', '32k', '64k', '128k', '256k'] samples=100 gamma_clamp=None

Fetching 8 files:   0%|          | 0/8 [00:00<?, ?it/s]
Fetching 8 files: 100%|██████████| 8/8 [00:00<00:00, 1891.88it/s]

Fetching 4 files:   0%|          | 0/4 [00:00<?, ?it/s]
Fetching 4 files: 100%|██████████| 4/4 [00:00<00:00, 1960.18it/s]

Fetching 4 files:   0%|          | 0/4 [00:00<?, ?it/s]
Fetching 4 files: 100%|██████████| 4/4 [00:00<00:00, 1857.32it/s]
[transformers] Token indices sequence length is longer than the specified maximum sequence length for this model (627620 > 262400). Running this sequence through the model will result in indexing errors
[longdoc] selected 1/4 from emozilla/pg19 after scanning 22 rows
[longdoc] selected 2/4 from emozilla/pg19 after scanning 38 rows
[longdoc] selected 3/4 from emozilla/pg19 after scanning 62 rows
[longdoc] selected 4/4 from emozilla/pg19 after scanning 81 rows
[longdoc]       pg19 context=   2k docs=4 nll=3.1117 bpb=1.1166
[longdoc]       pg19 context=   4k docs=4 nll=3.1124 bpb=1.1168
[longdoc]       pg19 context=   8k docs=4 nll=3.0972 bpb=1.1114
[longdoc]       pg19 context=  16k docs=4 nll=3.1075 bpb=1.1151
[longdoc]       pg19 context=  32k docs=4 nll=3.1123 bpb=1.1168
[longdoc]       pg19 context=  64k docs=4 nll=3.1167 bpb=1.1184
[longdoc]       pg19 context= 128k docs=4 nll=3.1269 bpb=1.1220
[longdoc]       pg19 context= 256k docs=4 nll=3.1123 bpb=1.1168
[longdoc] selected 1/4 from hoskinson-center/proof-pile after scanning 20081 rows
[longdoc] selected 2/4 from hoskinson-center/proof-pile after scanning 22803 rows
[longdoc] selected 3/4 from hoskinson-center/proof-pile after scanning 32629 rows
[longdoc] selected 4/4 from hoskinson-center/proof-pile after scanning 41384 rows
[longdoc] proof_pile context=   2k docs=4 nll=4.1261 bpb=2.2069
[longdoc] proof_pile context=   4k docs=4 nll=4.2122 bpb=2.2530
[longdoc] proof_pile context=   8k docs=4 nll=4.2414 bpb=2.2686
[longdoc] proof_pile context=  16k docs=4 nll=4.1716 bpb=2.2313
[longdoc] proof_pile context=  32k docs=4 nll=4.1565 bpb=2.2232
[longdoc] proof_pile context=  64k docs=4 nll=3.9793 bpb=2.1284
[longdoc] proof_pile context= 128k docs=4 nll=4.0990 bpb=2.1924
[longdoc] proof_pile context= 256k docs=4 nll=4.1783 bpb=2.2349
[longdoc] selected 1/4 from codelion/finepdfs-1B after scanning 1798 rows
[longdoc] selected 2/4 from codelion/finepdfs-1B after scanning 5936 rows
[longdoc] selected 3/4 from codelion/finepdfs-1B after scanning 8638 rows
[longdoc] selected 4/4 from codelion/finepdfs-1B after scanning 16812 rows
[longdoc]   finepdfs context=   2k docs=4 nll=1.1279 bpb=0.9505
[longdoc]   finepdfs context=   4k docs=4 nll=1.1820 bpb=0.9961
[longdoc]   finepdfs context=   8k docs=4 nll=1.1816 bpb=0.9958
[longdoc]   finepdfs context=  16k docs=4 nll=1.2650 bpb=1.0661
[longdoc]   finepdfs context=  32k docs=4 nll=1.2757 bpb=1.0750
[longdoc]   finepdfs context=  64k docs=4 nll=1.2741 bpb=1.0737
[longdoc]   finepdfs context= 128k docs=4 nll=1.2696 bpb=1.0700
[longdoc]   finepdfs context= 256k docs=4 nll=1.2827 bpb=1.0810
[run] done in 163.2s -> /home/sagemaker-user/atma/benchmarks/logs/foveal_cpt/longdoc_longdoc_fixed_target_rope_lm_output_kl_86827e17e4.log
