You are using version 1 of 'kernels-community/causal-conv1d', but version 2 is available.
[run] benchmark=longdoc model=/home/sagemaker-user/.cache/huggingface/hub/models--ChavyvAkvar--atma-foveal-cpt-all/snapshots/e4cf2558793646c26d9e5a6c6eeadb4e1011cad3/polar/lm_output_kl/cpt tasks=[] lengths=['2k'] samples=100 gamma_clamp=None

Fetching 8 files:   0%|          | 0/8 [00:00<?, ?it/s]
Fetching 8 files: 100%|██████████| 8/8 [00:00<00:00, 1470.98it/s]

Fetching 4 files:   0%|          | 0/4 [00:00<?, ?it/s]
Fetching 4 files: 100%|██████████| 4/4 [00:00<00:00, 1366.89it/s]
Warning: You are sending unauthenticated requests to the HF Hub. Please set a HF_TOKEN to enable higher rate limits and faster downloads.

Fetching 4 files:   0%|          | 0/4 [00:00<?, ?it/s]
Fetching 4 files: 100%|██████████| 4/4 [00:00<00:00, 1691.08it/s]
[transformers] Token indices sequence length is longer than the specified maximum sequence length for this model (61281 > 2304). Running this sequence through the model will result in indexing errors
[longdoc] selected 1/1 from emozilla/pg19 after scanning 1 rows
[longdoc]       pg19 context=   2k docs=1 nll=2.7908 bpb=0.9997
[longdoc] selected 1/1 from hoskinson-center/proof-pile after scanning 1 rows
[longdoc] proof_pile context=   2k docs=1 nll=4.2146 bpb=1.8248

Generating train split: 0 examples [00:00, ? examples/s]
Generating train split: 1000 examples [00:00, 5538.22 examples/s]
Generating train split: 2000 examples [00:00, 7423.77 examples/s]
Generating train split: 4000 examples [00:00, 10159.19 examples/s]
Generating train split: 6000 examples [00:00, 11159.99 examples/s]
Generating train split: 8000 examples [00:00, 13272.05 examples/s]
Generating train split: 10000 examples [00:00, 14540.93 examples/s]
Generating train split: 12000 examples [00:00, 14237.13 examples/s]
Generating train split: 14000 examples [00:01, 13834.29 examples/s]
Generating train split: 16000 examples [00:01, 14087.67 examples/s]
Generating train split: 18000 examples [00:01, 14734.35 examples/s]
Generating train split: 21696 examples [00:01, 16717.96 examples/s]
Generating train split: 23696 examples [00:01, 17322.30 examples/s]
Generating train split: 25696 examples [00:01, 17506.42 examples/s]
Generating train split: 28696 examples [00:01, 18652.49 examples/s]
Generating train split: 31696 examples [00:02, 18837.63 examples/s]
Generating train split: 33696 examples [00:02, 18626.17 examples/s]
Generating train split: 35696 examples [00:02, 18326.60 examples/s]
Generating train split: 37696 examples [00:02, 17968.10 examples/s]
Generating train split: 39696 examples [00:02, 17652.71 examples/s]
Generating train split: 42392 examples [00:02, 17120.32 examples/s]
Generating train split: 44392 examples [00:02, 17118.70 examples/s]
Generating train split: 46392 examples [00:02, 16590.09 examples/s]
Generating train split: 48392 examples [00:03, 16080.75 examples/s]
Generating train split: 50392 examples [00:03, 16136.43 examples/s]
Generating train split: 54392 examples [00:03, 17656.50 examples/s]
Generating train split: 56392 examples [00:03, 17097.61 examples/s]
Generating train split: 60392 examples [00:03, 18189.68 examples/s]
Generating train split: 63088 examples [00:03, 18073.49 examples/s]
Generating train split: 65088 examples [00:03, 18069.33 examples/s]
Generating train split: 68088 examples [00:04, 17939.99 examples/s]
Generating train split: 71088 examples [00:04, 19040.77 examples/s]
Generating train split: 74088 examples [00:04, 18222.59 examples/s]
Generating train split: 77088 examples [00:04, 18877.63 examples/s]
Generating train split: 79088 examples [00:04, 17855.42 examples/s]
Generating train split: 82088 examples [00:04, 19294.10 examples/s]
Generating train split: 85784 examples [00:05, 18119.25 examples/s]
Generating train split: 87784 examples [00:05, 17747.27 examples/s]
Generating train split: 90784 examples [00:05, 17774.91 examples/s]
Generating train split: 93784 examples [00:05, 18617.69 examples/s]
Generating train split: 96784 examples [00:05, 19782.92 examples/s]
Generating train split: 99784 examples [00:05, 18587.06 examples/s]
Generating train split: 102784 examples [00:06, 19580.71 examples/s]
Generating train split: 105480 examples [00:06, 17514.72 examples/s]
Generating train split: 107480 examples [00:06, 17214.07 examples/s]
Generating train split: 109480 examples [00:06, 16842.66 examples/s]
Generating train split: 111480 examples [00:06, 17224.57 examples/s]
Generating train split: 113480 examples [00:06, 17409.36 examples/s]
Generating train split: 115480 examples [00:06, 17266.17 examples/s]
Generating train split: 117480 examples [00:06, 16061.81 examples/s]
Generating train split: 120480 examples [00:07, 16665.04 examples/s]
Generating train split: 122480 examples [00:07, 17314.80 examples/s]
Generating train split: 125176 examples [00:07, 17273.62 examples/s]
Generating train split: 128176 examples [00:07, 17751.49 examples/s]
Generating train split: 131176 examples [00:07, 18738.64 examples/s]
Generating train split: 133176 examples [00:07, 18280.71 examples/s]
Generating train split: 135176 examples [00:07, 18250.57 examples/s]
Generating train split: 138176 examples [00:08, 18801.59 examples/s]
Generating train split: 140176 examples [00:08, 17873.03 examples/s]
Generating train split: 143176 examples [00:08, 18584.03 examples/s]
Generating train split: 145872 examples [00:08, 18069.56 examples/s]
Generating train split: 147872 examples [00:08, 17874.65 examples/s]
Generating train split: 150872 examples [00:08, 17743.69 examples/s]
Generating train split: 153872 examples [00:08, 17954.19 examples/s]
Generating train split: 156872 examples [00:09, 18378.16 examples/s]
Generating train split: 159872 examples [00:09, 19202.40 examples/s]
Generating train split: 161872 examples [00:09, 18570.46 examples/s]
Generating train split: 163872 examples [00:09, 17281.45 examples/s]
Generating train split: 166567 examples [00:09, 17670.89 examples/s]
Generating train split: 169567 examples [00:09, 18373.19 examples/s]
Generating train split: 171567 examples [00:09, 18045.33 examples/s]
Generating train split: 173567 examples [00:10, 17983.40 examples/s]
Generating train split: 175567 examples [00:10, 16959.23 examples/s]
Generating train split: 177567 examples [00:10, 16292.21 examples/s]
Generating train split: 179567 examples [00:10, 17037.87 examples/s]
Generating train split: 181567 examples [00:10, 17477.97 examples/s]
Generating train split: 183567 examples [00:10, 17318.90 examples/s]
Generating train split: 186262 examples [00:10, 19870.39 examples/s]
Generating train split: 186262 examples [00:10, 17393.69 examples/s]
[longdoc] selected 1/1 from codelion/finepdfs-1B after scanning 3 rows
[longdoc]   finepdfs context=   2k docs=1 nll=3.8989 bpb=1.7756
[run] done in 48.0s -> /home/sagemaker-user/atma/benchmarks/logs/foveal_cpt/longdoc_longdoc_fixed_target_polar_lm_output_kl_5f96df63aa.log
