[run] benchmark=retrieval model=/home/sagemaker-user/.cache/huggingface/hub/models--ChavyvAkvar--atma-foveal-cpt-all/snapshots/e4cf2558793646c26d9e5a6c6eeadb4e1011cad3/nope/lm_output_kl/cpt tasks=['passkey', 'niah'] lengths=['2k', '4k', '8k', '16k', '32k', '64k', '128k', '256k'] samples=10 gamma_clamp=None
[retrieval] passkey len=  2k depth= 0.1: token_acc=98.0% exact=90.0% nll=0.2321
[retrieval] passkey len=  2k depth= 0.5: token_acc=94.0% exact=70.0% nll=0.6370
[retrieval] passkey len=  2k depth= 0.9: token_acc=98.0% exact=90.0% nll=0.2350
[retrieval] passkey len=  4k depth= 0.1: token_acc=98.0% exact=90.0% nll=0.2038
[retrieval] passkey len=  4k depth= 0.5: token_acc=78.0% exact=0.0% nll=1.2507
[retrieval] passkey len=  4k depth= 0.9: token_acc=96.0% exact=80.0% nll=0.2668
[retrieval] passkey len=  8k depth= 0.1: token_acc=78.0% exact=0.0% nll=1.5395
[retrieval] passkey len=  8k depth= 0.5: token_acc=74.0% exact=0.0% nll=1.2947
[retrieval] passkey len=  8k depth= 0.9: token_acc=98.0% exact=90.0% nll=0.5706
[retrieval] passkey len= 16k depth= 0.1: token_acc=78.0% exact=0.0% nll=1.4531
[retrieval] passkey len= 16k depth= 0.5: token_acc=76.0% exact=0.0% nll=1.4574
[retrieval] passkey len= 16k depth= 0.9: token_acc=76.0% exact=10.0% nll=1.3924
[retrieval] passkey len= 32k depth= 0.1: token_acc=78.0% exact=0.0% nll=1.3970
[retrieval] passkey len= 32k depth= 0.5: token_acc=78.0% exact=0.0% nll=1.3817
[retrieval] passkey len= 32k depth= 0.9: token_acc=76.0% exact=0.0% nll=1.4130
[retrieval] passkey len= 64k depth= 0.1: token_acc=76.0% exact=0.0% nll=1.5962
[retrieval] passkey len= 64k depth= 0.5: token_acc=78.0% exact=0.0% nll=1.3460
[retrieval] passkey len= 64k depth= 0.9: token_acc=88.0% exact=60.0% nll=0.7794
[retrieval] passkey len=128k depth= 0.1: token_acc=76.0% exact=0.0% nll=1.3823
[retrieval] passkey len=128k depth= 0.5: token_acc=72.0% exact=0.0% nll=1.3859
[retrieval] passkey len=128k depth= 0.9: token_acc=94.0% exact=70.0% nll=0.6222
[retrieval] passkey len=256k depth= 0.1: token_acc=76.0% exact=0.0% nll=1.5343
[retrieval] passkey len=256k depth= 0.5: token_acc=76.0% exact=0.0% nll=1.2956
[retrieval] passkey len=256k depth= 0.9: token_acc=80.0% exact=20.0% nll=1.3086
[retrieval]    niah len=  2k depth= 0.1: token_acc=100.0% exact=100.0% nll=0.2537
[retrieval]    niah len=  2k depth= 0.5: token_acc=100.0% exact=100.0% nll=0.3559
[retrieval]    niah len=  2k depth= 0.9: token_acc=98.0% exact=90.0% nll=0.2585
[retrieval]    niah len=  4k depth= 0.1: token_acc=98.0% exact=90.0% nll=0.2478
[retrieval]    niah len=  4k depth= 0.5: token_acc=100.0% exact=100.0% nll=0.2987
[retrieval]    niah len=  4k depth= 0.9: token_acc=98.0% exact=90.0% nll=0.2625
[retrieval]    niah len=  8k depth= 0.1: token_acc=78.0% exact=0.0% nll=1.3264
[retrieval]    niah len=  8k depth= 0.5: token_acc=80.0% exact=0.0% nll=1.2713
[retrieval]    niah len=  8k depth= 0.9: token_acc=100.0% exact=100.0% nll=0.5277
[retrieval]    niah len= 16k depth= 0.1: token_acc=80.0% exact=0.0% nll=1.5139
[retrieval]    niah len= 16k depth= 0.5: token_acc=80.0% exact=0.0% nll=1.4554
[retrieval]    niah len= 16k depth= 0.9: token_acc=100.0% exact=100.0% nll=0.4399
[retrieval]    niah len= 32k depth= 0.1: token_acc=80.0% exact=0.0% nll=1.4517
[retrieval]    niah len= 32k depth= 0.5: token_acc=80.0% exact=0.0% nll=1.3491
[retrieval]    niah len= 32k depth= 0.9: token_acc=96.0% exact=80.0% nll=0.6421
[retrieval]    niah len= 64k depth= 0.1: token_acc=80.0% exact=0.0% nll=1.6699
[retrieval]    niah len= 64k depth= 0.5: token_acc=80.0% exact=0.0% nll=1.4483
[retrieval]    niah len= 64k depth= 0.9: token_acc=84.0% exact=30.0% nll=1.2436
[retrieval]    niah len=128k depth= 0.1: token_acc=80.0% exact=0.0% nll=1.4669
[retrieval]    niah len=128k depth= 0.5: token_acc=88.0% exact=40.0% nll=1.0965
[retrieval]    niah len=128k depth= 0.9: token_acc=86.0% exact=30.0% nll=1.2327
[retrieval]    niah len=256k depth= 0.1: token_acc=80.0% exact=10.0% nll=1.1879
[retrieval]    niah len=256k depth= 0.5: token_acc=84.0% exact=20.0% nll=1.2000
[retrieval]    niah len=256k depth= 0.9: token_acc=100.0% exact=100.0% nll=0.5008

[retrieval] teacher-forced token accuracy %, per kind (rows=length, cols=depth):
  passkey:
    len     0.1    0.5    0.9
      2k   98.0   94.0   98.0
      4k   98.0   78.0   96.0
      8k   78.0   74.0   98.0
     16k   78.0   76.0   76.0
     32k   78.0   78.0   76.0
     64k   76.0   78.0   88.0
    128k   76.0   72.0   94.0
    256k   76.0   76.0   80.0
  niah:
    len     0.1    0.5    0.9
      2k  100.0  100.0   98.0
      4k   98.0  100.0   98.0
      8k   78.0   80.0  100.0
     16k   80.0   80.0  100.0
     32k   80.0   80.0   96.0
     64k   80.0   80.0   84.0
    128k   80.0   88.0   86.0
    256k   80.0   84.0  100.0

===RETRIEVAL_RESULTS_JSON===
{"benchmark": "retrieval", "protocol": "teacher-forced-needle-v2", "kinds": ["passkey", "niah"], "lengths": ["2k", "4k", "8k", "16k", "32k", "64k", "128k", "256k"], "depths": [0.1, 0.5, 0.9], "num_samples": 10, "value_tokens": 5, "seed": 1234, "paired_across_lengths_and_depths": true, "haystack": "synthetic-filler", "haystack_revision": null, "results": {"passkey": {"2k": {"0.1": 98.0, "0.5": 94.0, "0.9": 98.0}, "4k": {"0.1": 98.0, "0.5": 78.0, "0.9": 96.0}, "8k": {"0.1": 78.0, "0.5": 74.0, "0.9": 98.0}, "16k": {"0.1": 78.0, "0.5": 76.0, "0.9": 76.0}, "32k": {"0.1": 78.0, "0.5": 78.0, "0.9": 76.0}, "64k": {"0.1": 76.0, "0.5": 78.0, "0.9": 88.0}, "128k": {"0.1": 76.0, "0.5": 72.0, "0.9": 94.0}, "256k": {"0.1": 76.0, "0.5": 76.0, "0.9": 80.0}}, "niah": {"2k": {"0.1": 100.0, "0.5": 100.0, "0.9": 98.0}, "4k": {"0.1": 98.0, "0.5": 100.0, "0.9": 98.0}, "8k": {"0.1": 78.0, "0.5": 80.0, "0.9": 100.0}, "16k": {"0.1": 80.0, "0.5": 80.0, "0.9": 100.0}, "32k": {"0.1": 80.0, "0.5": 80.0, "0.9": 96.0}, "64k": {"0.1": 80.0, "0.5": 80.0, "0.9": 84.0}, "128k": {"0.1": 80.0, "0.5": 88.0, "0.9": 86.0}, "256k": {"0.1": 80.0, "0.5": 84.0, "0.9": 100.0}}}, "exact_results": {"passkey": {"2k": {"0.1": 90.0, "0.5": 70.0, "0.9": 90.0}, "4k": {"0.1": 90.0, "0.5": 0.0, "0.9": 80.0}, "8k": {"0.1": 0.0, "0.5": 0.0, "0.9": 90.0}, "16k": {"0.1": 0.0, "0.5": 0.0, "0.9": 10.0}, "32k": {"0.1": 0.0, "0.5": 0.0, "0.9": 0.0}, "64k": {"0.1": 0.0, "0.5": 0.0, "0.9": 60.0}, "128k": {"0.1": 0.0, "0.5": 0.0, "0.9": 70.0}, "256k": {"0.1": 0.0, "0.5": 0.0, "0.9": 20.0}}, "niah": {"2k": {"0.1": 100.0, "0.5": 100.0, "0.9": 90.0}, "4k": {"0.1": 90.0, "0.5": 100.0, "0.9": 90.0}, "8k": {"0.1": 0.0, "0.5": 0.0, "0.9": 100.0}, "16k": {"0.1": 0.0, "0.5": 0.0, "0.9": 100.0}, "32k": {"0.1": 0.0, "0.5": 0.0, "0.9": 80.0}, "64k": {"0.1": 0.0, "0.5": 0.0, "0.9": 30.0}, "128k": {"0.1": 0.0, "0.5": 40.0, "0.9": 30.0}, "256k": {"0.1": 10.0, "0.5": 20.0, "0.9": 100.0}}}, "nll_results": {"passkey": {"2k": {"0.1": 0.23212023973464965, "0.5": 0.6370323944091797, "0.9": 0.2349706172943115}, "4k": {"0.1": 0.20382974147796631, "0.5": 1.2506684398651122, "0.9": 0.266784029006958}, "8k": {"0.1": 1.5395440196990966, "0.5": 1.2947438526153565, "0.9": 0.5706135845184326}, "16k": {"0.1": 1.4531403160095215, "0.5": 1.457402410507202, "0.9": 1.3923789978027343}, "32k": {"0.1": 1.3969959831237793, "0.5": 1.381716356277466, "0.9": 1.4130334758758545}, "64k": {"0.1": 1.5961653232574462, "0.5": 1.3460443210601807, "0.9": 0.7793832516670227}, "128k": {"0.1": 1.3823404979705811, "0.5": 1.3858894252777099, "0.9": 0.6222344088554382}, "256k": {"0.1": 1.5343281841278076, "0.5": 1.2955564212799073, "0.9": 1.3085560584068299}}, "niah": {"2k": {"0.1": 0.2536634361743927, "0.5": 0.355936154127121, "0.9": 0.2585201406478882}, "4k": {"0.1": 0.24776433587074279, "0.5": 0.29867430448532106, "0.9": 0.26254106640815733}, "8k": {"0.1": 1.3263540649414063, "0.5": 1.2712549877166748, "0.9": 0.5276773619651794}, "16k": {"0.1": 1.5138980102539064, "0.5": 1.4553695011138916, "0.9": 0.43989832878112795}, "32k": {"0.1": 1.4517019557952882, "0.5": 1.3491313743591309, "0.9": 0.642061800956726}, "64k": {"0.1": 1.669935760498047, "0.5": 1.4483039951324463, "0.9": 1.2435546255111694}, "128k": {"0.1": 1.4669057655334472, "0.5": 1.0965127635002136, "0.9": 1.2327281880378722}, "256k": {"0.1": 1.1879007625579834, "0.5": 1.199966983795166, "0.9": 0.5007809185981751}}}, "oom_cells": [], "elapsed_s": 368.2, "unsupported_checkpoint": false, "model_config": {"vocab_size": 50304, "num_hidden_layers": 16, "hidden_size": 1024, "head_dim": 128, "attn_kernel_size": 4, "conv_kernel_size": 3, "max_position_embeddings": 2048, "rms_norm_eps": 1e-06, "dtype": "torch.bfloat16", "tie_word_embeddings": false, "num_random_keys": 0, "attn_online": false, "attn_k_block": 512, "attn_kernel": "triton", "attn_type": "nope", "polar_variant": "full", "wall_gate_bias": null, "attn_window": 512, "mem_enabled": true, "mem_chunk": 128, "mem_gamma_bias": 3.9, "mem_beta_bias": 0.0, "mem_kernel": "auto", "is_foveal": true, "foveal_config": {"checkpoint": "ChavyvAkvar/atma-10b-L40S-mbs16-nope__reg-baseline__distr-0__mem-1__win-0", "train_glob": "finewebedu10B/finewebedu_train_*.bin", "output_dir": "foveal_cpt/output/nope/lm_output_kl", "hf_cache": null, "dataset_repo": "kjj0/finewebedu10B-gpt2", "dataset_train_template": "finewebedu_train_{index:06d}.bin", "dataset_validation_file": "finewebedu_val_000000.bin", "auto_download_data": true, "adaptation_mode": "lm_output_kl", "sequence_length": 32768, "batch_tokens": 524288, "microbatch_sequences": 1, "train_tokens": 1000000000, "index_dim": 16, "page_size": 64, "query_block_size": 64, "local_window": 512, "remote_capacity": 64, "top_p": 0.95, "min_remote_pages": 0, "max_remote_pages": 32, "handoff_start_tokens": 50000000, "handoff_end_tokens": 200000000, "initial_top_p": 0.98, "initial_min_remote_pages": 8, "initial_max_remote_pages": 64, "teacher_query_blocks": 4, "teacher_interval": 1, "index_loss_weight": 0.1, "teacher_mean_weight": 0.5, "activation_checkpointing": false, "compile_model": true, "flex_compile": true, "flex_kernel_options": {"BLOCK_M": 64, "BLOCK_N": 64, "PRESCALE_QK": true}, "xent_impl": "eager", "xent_token_chunk": 4096, "xent_vocab_chunk": 2048, "base_lr_scale": 0.1, "index_lr": 0.001, "weight_decay": 0.01, "cooldown_fraction": 0.7, "grad_clip": 1.0, "log_every": 10, "save_every": 250, "keep_last_checkpoints": 1, "seed": 1234, "calibration_sequence_length": 4096, "calibration_batch_tokens": 65536, "calibration_tokens": 20000000, "calibration_lr": 0.001}, "adaptation_mode": "lm_output_kl", "base_checkpoint": "ChavyvAkvar/atma-10b-L40S-mbs16-nope__reg-baseline__distr-0__mem-1__win-0", "sequence_length": 32768, "local_window": 512}, "model_unsupported": [], "serving_metrics": null}
===END===
[run] done in 368.2s -> /home/sagemaker-user/atma/benchmarks/logs/foveal_cpt/retrieval_retrieval_synthetic_nope_lm_output_kl_5741e1a7cf.log
