You are using version 1 of 'kernels-community/causal-conv1d', but version 2 is available.
[run] benchmark=retrieval model=/home/sagemaker-user/.cache/huggingface/hub/models--ChavyvAkvar--atma-foveal-cpt-all/snapshots/e4cf2558793646c26d9e5a6c6eeadb4e1011cad3/rope/lm_output/cpt tasks=['passkey', 'niah'] lengths=['2k', '4k', '8k', '16k', '32k', '64k', '128k', '256k'] samples=10 gamma_clamp=None

Fetching 8 files:   0%|          | 0/8 [00:00<?, ?it/s]
Fetching 8 files: 100%|██████████| 8/8 [00:00<00:00, 1518.57it/s]

Fetching 4 files:   0%|          | 0/4 [00:00<?, ?it/s]
Fetching 4 files: 100%|██████████| 4/4 [00:00<00:00, 1585.60it/s]

Fetching 4 files:   0%|          | 0/4 [00:00<?, ?it/s]
Fetching 4 files: 100%|██████████| 4/4 [00:00<00:00, 1520.64it/s]
[retrieval] passkey len=  2k depth= 0.1: token_acc=60.0% exact=40.0% nll=1.6777
[retrieval] passkey len=  2k depth= 0.5: token_acc=80.0% exact=40.0% nll=0.8632
[retrieval] passkey len=  2k depth= 0.9: token_acc=98.0% exact=90.0% nll=0.1703
[retrieval] passkey len=  4k depth= 0.1: token_acc=36.0% exact=0.0% nll=3.1650
[retrieval] passkey len=  4k depth= 0.5: token_acc=4.0% exact=0.0% nll=4.5341
[retrieval] passkey len=  4k depth= 0.9: token_acc=98.0% exact=90.0% nll=0.3006
[retrieval] passkey len=  8k depth= 0.1: token_acc=6.0% exact=0.0% nll=5.4168
[retrieval] passkey len=  8k depth= 0.5: token_acc=10.0% exact=0.0% nll=4.4527
[retrieval] passkey len=  8k depth= 0.9: token_acc=2.0% exact=0.0% nll=5.2982
[retrieval] passkey len= 16k depth= 0.1: token_acc=0.0% exact=0.0% nll=5.1894
[retrieval] passkey len= 16k depth= 0.5: token_acc=0.0% exact=0.0% nll=5.0324
[retrieval] passkey len= 16k depth= 0.9: token_acc=0.0% exact=0.0% nll=4.8993
[retrieval] passkey len= 32k depth= 0.1: token_acc=0.0% exact=0.0% nll=5.3567
[retrieval] passkey len= 32k depth= 0.5: token_acc=0.0% exact=0.0% nll=5.3432
[retrieval] passkey len= 32k depth= 0.9: token_acc=0.0% exact=0.0% nll=5.2955
[retrieval] passkey len= 64k depth= 0.1: token_acc=0.0% exact=0.0% nll=6.2113
[retrieval] passkey len= 64k depth= 0.5: token_acc=0.0% exact=0.0% nll=6.2501
[retrieval] passkey len= 64k depth= 0.9: token_acc=0.0% exact=0.0% nll=6.2494
[retrieval] passkey len=128k depth= 0.1: token_acc=0.0% exact=0.0% nll=4.8346
[retrieval] passkey len=128k depth= 0.5: token_acc=0.0% exact=0.0% nll=4.8561
[retrieval] passkey len=128k depth= 0.9: token_acc=12.0% exact=0.0% nll=4.1032
[retrieval] passkey len=256k depth= 0.1: token_acc=0.0% exact=0.0% nll=5.9041
[retrieval] passkey len=256k depth= 0.5: token_acc=0.0% exact=0.0% nll=5.9483
[retrieval] passkey len=256k depth= 0.9: token_acc=0.0% exact=0.0% nll=5.9200
[retrieval]    niah len=  2k depth= 0.1: token_acc=50.0% exact=0.0% nll=2.0768
[retrieval]    niah len=  2k depth= 0.5: token_acc=94.0% exact=70.0% nll=0.3288
[retrieval]    niah len=  2k depth= 0.9: token_acc=86.0% exact=40.0% nll=0.4550
[retrieval]    niah len=  4k depth= 0.1: token_acc=44.0% exact=0.0% nll=2.5299
[retrieval]    niah len=  4k depth= 0.5: token_acc=12.0% exact=0.0% nll=3.4772
[retrieval]    niah len=  4k depth= 0.9: token_acc=94.0% exact=70.0% nll=0.4730
[retrieval]    niah len=  8k depth= 0.1: token_acc=22.0% exact=0.0% nll=3.1965
[retrieval]    niah len=  8k depth= 0.5: token_acc=20.0% exact=0.0% nll=4.0918
[retrieval]    niah len=  8k depth= 0.9: token_acc=0.0% exact=0.0% nll=4.7876
[retrieval]    niah len= 16k depth= 0.1: token_acc=4.0% exact=0.0% nll=4.7838
[retrieval]    niah len= 16k depth= 0.5: token_acc=2.0% exact=0.0% nll=4.7199
[retrieval]    niah len= 16k depth= 0.9: token_acc=4.0% exact=0.0% nll=4.8045
[retrieval]    niah len= 32k depth= 0.1: token_acc=0.0% exact=0.0% nll=5.1569
[retrieval]    niah len= 32k depth= 0.5: token_acc=0.0% exact=0.0% nll=5.1680
[retrieval]    niah len= 32k depth= 0.9: token_acc=0.0% exact=0.0% nll=5.2254
[retrieval]    niah len= 64k depth= 0.1: token_acc=2.0% exact=0.0% nll=5.4865
[retrieval]    niah len= 64k depth= 0.5: token_acc=2.0% exact=0.0% nll=5.5177
[retrieval]    niah len= 64k depth= 0.9: token_acc=2.0% exact=0.0% nll=5.4810
[retrieval]    niah len=128k depth= 0.1: token_acc=2.0% exact=0.0% nll=4.4562
[retrieval]    niah len=128k depth= 0.5: token_acc=2.0% exact=0.0% nll=4.4314
[retrieval]    niah len=128k depth= 0.9: token_acc=8.0% exact=0.0% nll=3.0735
[retrieval]    niah len=256k depth= 0.1: token_acc=0.0% exact=0.0% nll=4.9174
[retrieval]    niah len=256k depth= 0.5: token_acc=0.0% exact=0.0% nll=4.9179
[retrieval]    niah len=256k depth= 0.9: token_acc=0.0% exact=0.0% nll=4.9314
[run] done in 379.6s -> /home/sagemaker-user/atma/benchmarks/logs/foveal_cpt/retrieval_retrieval_real_rope_lm_output_b56bdf63ff.log
