You are using version 1 of 'kernels-community/causal-conv1d', but version 2 is available.
Warning: You are sending unauthenticated requests to the HF Hub. Please set a HF_TOKEN to enable higher rate limits and faster downloads.
[run] benchmark=retrieval model=/home/sagemaker-user/.cache/huggingface/hub/models--ChavyvAkvar--atma-foveal-cpt-all/snapshots/e4cf2558793646c26d9e5a6c6eeadb4e1011cad3/rope/kl/cpt tasks=['passkey', 'niah'] lengths=['2k', '4k', '8k', '16k', '32k', '64k', '128k', '256k'] samples=10 gamma_clamp=None

Fetching 8 files:   0%|          | 0/8 [00:00<?, ?it/s]
Fetching 8 files: 100%|██████████| 8/8 [00:00<00:00, 1903.15it/s]

Fetching 4 files:   0%|          | 0/4 [00:00<?, ?it/s]
Fetching 4 files: 100%|██████████| 4/4 [00:00<00:00, 2000.38it/s]

Fetching 4 files:   0%|          | 0/4 [00:00<?, ?it/s]
Fetching 4 files: 100%|██████████| 4/4 [00:00<00:00, 1735.51it/s]
[retrieval] passkey len=  2k depth= 0.1: token_acc=60.0% exact=30.0% nll=1.7818
[retrieval] passkey len=  2k depth= 0.5: token_acc=78.0% exact=40.0% nll=0.9727
[retrieval] passkey len=  2k depth= 0.9: token_acc=96.0% exact=90.0% nll=0.6417
[retrieval] passkey len=  4k depth= 0.1: token_acc=38.0% exact=0.0% nll=2.6774
[retrieval] passkey len=  4k depth= 0.5: token_acc=32.0% exact=0.0% nll=2.8572
[retrieval] passkey len=  4k depth= 0.9: token_acc=90.0% exact=60.0% nll=0.5289
[retrieval] passkey len=  8k depth= 0.1: token_acc=6.0% exact=0.0% nll=4.4807
[retrieval] passkey len=  8k depth= 0.5: token_acc=14.0% exact=0.0% nll=3.5830
[retrieval] passkey len=  8k depth= 0.9: token_acc=66.0% exact=10.0% nll=1.3872
[retrieval] passkey len= 16k depth= 0.1: token_acc=6.0% exact=0.0% nll=4.5183
[retrieval] passkey len= 16k depth= 0.5: token_acc=6.0% exact=0.0% nll=3.7697
[retrieval] passkey len= 16k depth= 0.9: token_acc=6.0% exact=0.0% nll=4.7843
[retrieval] passkey len= 32k depth= 0.1: token_acc=4.0% exact=0.0% nll=4.8765
[retrieval] passkey len= 32k depth= 0.5: token_acc=4.0% exact=0.0% nll=4.8675
[retrieval] passkey len= 32k depth= 0.9: token_acc=18.0% exact=0.0% nll=4.0175
[retrieval] passkey len= 64k depth= 0.1: token_acc=4.0% exact=0.0% nll=4.8374
[retrieval] passkey len= 64k depth= 0.5: token_acc=6.0% exact=0.0% nll=4.6874
[retrieval] passkey len= 64k depth= 0.9: token_acc=32.0% exact=0.0% nll=2.4569
[retrieval] passkey len=128k depth= 0.1: token_acc=6.0% exact=0.0% nll=4.8392
[retrieval] passkey len=128k depth= 0.5: token_acc=6.0% exact=0.0% nll=4.8342
[retrieval] passkey len=128k depth= 0.9: token_acc=6.0% exact=0.0% nll=4.8034
[retrieval] passkey len=256k depth= 0.1: token_acc=4.0% exact=0.0% nll=4.8348
[retrieval] passkey len=256k depth= 0.5: token_acc=4.0% exact=0.0% nll=4.8364
[retrieval] passkey len=256k depth= 0.9: token_acc=40.0% exact=0.0% nll=2.3655
[retrieval]    niah len=  2k depth= 0.1: token_acc=60.0% exact=0.0% nll=1.7059
[retrieval]    niah len=  2k depth= 0.5: token_acc=80.0% exact=30.0% nll=1.0397
[retrieval]    niah len=  2k depth= 0.9: token_acc=98.0% exact=90.0% nll=0.7026
[retrieval]    niah len=  4k depth= 0.1: token_acc=52.0% exact=0.0% nll=1.9346
[retrieval]    niah len=  4k depth= 0.5: token_acc=26.0% exact=0.0% nll=2.7386
[retrieval]    niah len=  4k depth= 0.9: token_acc=96.0% exact=80.0% nll=0.6947
[retrieval]    niah len=  8k depth= 0.1: token_acc=0.0% exact=0.0% nll=3.7000
[retrieval]    niah len=  8k depth= 0.5: token_acc=24.0% exact=0.0% nll=2.6123
[retrieval]    niah len=  8k depth= 0.9: token_acc=60.0% exact=0.0% nll=1.4514
[retrieval]    niah len= 16k depth= 0.1: token_acc=0.0% exact=0.0% nll=3.9113
[retrieval]    niah len= 16k depth= 0.5: token_acc=0.0% exact=0.0% nll=4.0153
[retrieval]    niah len= 16k depth= 0.9: token_acc=0.0% exact=0.0% nll=4.0059
[retrieval]    niah len= 32k depth= 0.1: token_acc=0.0% exact=0.0% nll=4.0172
[retrieval]    niah len= 32k depth= 0.5: token_acc=0.0% exact=0.0% nll=4.0148
[retrieval]    niah len= 32k depth= 0.9: token_acc=2.0% exact=0.0% nll=3.6536
[retrieval]    niah len= 64k depth= 0.1: token_acc=0.0% exact=0.0% nll=4.0568
[retrieval]    niah len= 64k depth= 0.5: token_acc=0.0% exact=0.0% nll=4.0072
[retrieval]    niah len= 64k depth= 0.9: token_acc=32.0% exact=0.0% nll=2.1382
[retrieval]    niah len=128k depth= 0.1: token_acc=0.0% exact=0.0% nll=3.9116
[retrieval]    niah len=128k depth= 0.5: token_acc=0.0% exact=0.0% nll=3.8933
[retrieval]    niah len=128k depth= 0.9: token_acc=0.0% exact=0.0% nll=3.8965
[retrieval]    niah len=256k depth= 0.1: token_acc=0.0% exact=0.0% nll=4.0759
[retrieval]    niah len=256k depth= 0.5: token_acc=0.0% exact=0.0% nll=4.0641
[retrieval]    niah len=256k depth= 0.9: token_acc=50.0% exact=0.0% nll=1.8949
[run] done in 373.6s -> /home/sagemaker-user/atma/benchmarks/logs/foveal_cpt/retrieval_retrieval_synthetic_rope_kl_ef546bfa23.log
