You are using version 1 of 'kernels-community/causal-conv1d', but version 2 is available.
Warning: You are sending unauthenticated requests to the HF Hub. Please set a HF_TOKEN to enable higher rate limits and faster downloads.
[run] benchmark=retrieval model=/home/sagemaker-user/.cache/huggingface/hub/models--ChavyvAkvar--atma-foveal-cpt-all/snapshots/e4cf2558793646c26d9e5a6c6eeadb4e1011cad3/nope/kl/cpt tasks=['passkey', 'niah'] lengths=['2k', '4k', '8k', '16k', '32k', '64k', '128k', '256k'] samples=10 gamma_clamp=None

Fetching 8 files:   0%|          | 0/8 [00:00<?, ?it/s]
Fetching 8 files: 100%|██████████| 8/8 [00:00<00:00, 1946.65it/s]

Fetching 4 files:   0%|          | 0/4 [00:00<?, ?it/s]
Fetching 4 files: 100%|██████████| 4/4 [00:00<00:00, 1701.20it/s]

Fetching 4 files:   0%|          | 0/4 [00:00<?, ?it/s]
Fetching 4 files: 100%|██████████| 4/4 [00:00<00:00, 1645.63it/s]
[retrieval] passkey len=  2k depth= 0.1: token_acc=98.0% exact=90.0% nll=0.2237
[retrieval] passkey len=  2k depth= 0.5: token_acc=78.0% exact=0.0% nll=1.1969
[retrieval] passkey len=  2k depth= 0.9: token_acc=98.0% exact=90.0% nll=0.1947
[retrieval] passkey len=  4k depth= 0.1: token_acc=82.0% exact=10.0% nll=1.2516
[retrieval] passkey len=  4k depth= 0.5: token_acc=78.0% exact=0.0% nll=1.1598
[retrieval] passkey len=  4k depth= 0.9: token_acc=96.0% exact=80.0% nll=0.2546
[retrieval] passkey len=  8k depth= 0.1: token_acc=78.0% exact=0.0% nll=1.3990
[retrieval] passkey len=  8k depth= 0.5: token_acc=76.0% exact=0.0% nll=1.3004
[retrieval] passkey len=  8k depth= 0.9: token_acc=78.0% exact=10.0% nll=1.3572
[retrieval] passkey len= 16k depth= 0.1: token_acc=78.0% exact=0.0% nll=1.3739
[retrieval] passkey len= 16k depth= 0.5: token_acc=76.0% exact=0.0% nll=1.3673
[retrieval] passkey len= 16k depth= 0.9: token_acc=76.0% exact=0.0% nll=1.4122
[retrieval] passkey len= 32k depth= 0.1: token_acc=76.0% exact=0.0% nll=1.3643
[retrieval] passkey len= 32k depth= 0.5: token_acc=78.0% exact=0.0% nll=1.3443
[retrieval] passkey len= 32k depth= 0.9: token_acc=76.0% exact=0.0% nll=1.3539
[retrieval] passkey len= 64k depth= 0.1: token_acc=76.0% exact=0.0% nll=1.5392
[retrieval] passkey len= 64k depth= 0.5: token_acc=78.0% exact=0.0% nll=1.2991
[retrieval] passkey len= 64k depth= 0.9: token_acc=76.0% exact=0.0% nll=1.4246
[retrieval] passkey len=128k depth= 0.1: token_acc=78.0% exact=0.0% nll=1.2904
[retrieval] passkey len=128k depth= 0.5: token_acc=72.0% exact=0.0% nll=1.3500
[retrieval] passkey len=128k depth= 0.9: token_acc=78.0% exact=0.0% nll=1.3280
[retrieval] passkey len=256k depth= 0.1: token_acc=76.0% exact=0.0% nll=1.4458
[retrieval] passkey len=256k depth= 0.5: token_acc=76.0% exact=0.0% nll=1.3532
[retrieval] passkey len=256k depth= 0.9: token_acc=76.0% exact=0.0% nll=1.4043
[retrieval]    niah len=  2k depth= 0.1: token_acc=100.0% exact=100.0% nll=0.2703
[retrieval]    niah len=  2k depth= 0.5: token_acc=92.0% exact=60.0% nll=0.6727
[retrieval]    niah len=  2k depth= 0.9: token_acc=100.0% exact=100.0% nll=0.2752
[retrieval]    niah len=  4k depth= 0.1: token_acc=98.0% exact=90.0% nll=0.2712
[retrieval]    niah len=  4k depth= 0.5: token_acc=100.0% exact=100.0% nll=0.3371
[retrieval]    niah len=  4k depth= 0.9: token_acc=98.0% exact=90.0% nll=0.2753
[retrieval]    niah len=  8k depth= 0.1: token_acc=78.0% exact=0.0% nll=1.2256
[retrieval]    niah len=  8k depth= 0.5: token_acc=80.0% exact=0.0% nll=1.2454
[retrieval]    niah len=  8k depth= 0.9: token_acc=90.0% exact=50.0% nll=0.9011
[retrieval]    niah len= 16k depth= 0.1: token_acc=80.0% exact=0.0% nll=1.3803
[retrieval]    niah len= 16k depth= 0.5: token_acc=80.0% exact=0.0% nll=1.4096
[retrieval]    niah len= 16k depth= 0.9: token_acc=80.0% exact=0.0% nll=1.1169
[retrieval]    niah len= 32k depth= 0.1: token_acc=80.0% exact=0.0% nll=1.2434
[retrieval]    niah len= 32k depth= 0.5: token_acc=78.0% exact=0.0% nll=1.3113
[retrieval]    niah len= 32k depth= 0.9: token_acc=82.0% exact=10.0% nll=1.1504
[retrieval]    niah len= 64k depth= 0.1: token_acc=80.0% exact=0.0% nll=1.3059
[retrieval]    niah len= 64k depth= 0.5: token_acc=80.0% exact=0.0% nll=1.3143
[retrieval]    niah len= 64k depth= 0.9: token_acc=78.0% exact=0.0% nll=1.2644
[retrieval]    niah len=128k depth= 0.1: token_acc=80.0% exact=0.0% nll=1.2625
[retrieval]    niah len=128k depth= 0.5: token_acc=78.0% exact=0.0% nll=1.3957
[retrieval]    niah len=128k depth= 0.9: token_acc=80.0% exact=0.0% nll=1.3901
[retrieval]    niah len=256k depth= 0.1: token_acc=80.0% exact=0.0% nll=1.1700
[retrieval]    niah len=256k depth= 0.5: token_acc=80.0% exact=0.0% nll=1.2523
[retrieval]    niah len=256k depth= 0.9: token_acc=94.0% exact=70.0% nll=0.7594
[run] done in 365.9s -> /home/sagemaker-user/atma/benchmarks/logs/foveal_cpt/retrieval_retrieval_synthetic_nope_kl_caefebe8ea.log
