[run] benchmark=retrieval model=/home/sagemaker-user/.cache/huggingface/hub/models--ChavyvAkvar--atma-foveal-cpt-all/snapshots/e4cf2558793646c26d9e5a6c6eeadb4e1011cad3/rope/lm_output/cpt tasks=['passkey', 'niah'] lengths=['2k', '4k', '8k', '16k', '32k', '64k', '128k', '256k'] samples=10 gamma_clamp=None
[retrieval] passkey len=  2k depth= 0.1: token_acc=36.0% exact=0.0% nll=2.4466
[retrieval] passkey len=  2k depth= 0.5: token_acc=66.0% exact=20.0% nll=1.4881
[retrieval] passkey len=  2k depth= 0.9: token_acc=94.0% exact=80.0% nll=0.5510
[retrieval] passkey len=  4k depth= 0.1: token_acc=48.0% exact=10.0% nll=1.8560
[retrieval] passkey len=  4k depth= 0.5: token_acc=14.0% exact=0.0% nll=3.5526
[retrieval] passkey len=  4k depth= 0.9: token_acc=90.0% exact=60.0% nll=0.5552
[retrieval] passkey len=  8k depth= 0.1: token_acc=18.0% exact=0.0% nll=3.9731
[retrieval] passkey len=  8k depth= 0.5: token_acc=14.0% exact=0.0% nll=3.1419
[retrieval] passkey len=  8k depth= 0.9: token_acc=10.0% exact=0.0% nll=4.4892
[retrieval] passkey len= 16k depth= 0.1: token_acc=10.0% exact=0.0% nll=3.8366
[retrieval] passkey len= 16k depth= 0.5: token_acc=8.0% exact=0.0% nll=4.1351
[retrieval] passkey len= 16k depth= 0.9: token_acc=14.0% exact=0.0% nll=3.7142
[retrieval] passkey len= 32k depth= 0.1: token_acc=8.0% exact=0.0% nll=4.3521
[retrieval] passkey len= 32k depth= 0.5: token_acc=12.0% exact=0.0% nll=3.5379
[retrieval] passkey len= 32k depth= 0.9: token_acc=8.0% exact=0.0% nll=3.7285
[retrieval] passkey len= 64k depth= 0.1: token_acc=6.0% exact=0.0% nll=4.5530
[retrieval] passkey len= 64k depth= 0.5: token_acc=6.0% exact=0.0% nll=4.6181
[retrieval] passkey len= 64k depth= 0.9: token_acc=14.0% exact=0.0% nll=4.0067
[retrieval] passkey len=128k depth= 0.1: token_acc=6.0% exact=0.0% nll=4.5012
[retrieval] passkey len=128k depth= 0.5: token_acc=4.0% exact=0.0% nll=4.2745
[retrieval] passkey len=128k depth= 0.9: token_acc=14.0% exact=0.0% nll=3.8803
[retrieval] passkey len=256k depth= 0.1: token_acc=8.0% exact=0.0% nll=3.8465
[retrieval] passkey len=256k depth= 0.5: token_acc=4.0% exact=0.0% nll=4.1639
[retrieval] passkey len=256k depth= 0.9: token_acc=20.0% exact=0.0% nll=3.9620
[retrieval]    niah len=  2k depth= 0.1: token_acc=36.0% exact=0.0% nll=2.0956
[retrieval]    niah len=  2k depth= 0.5: token_acc=68.0% exact=10.0% nll=1.3242
[retrieval]    niah len=  2k depth= 0.9: token_acc=98.0% exact=90.0% nll=0.6331
[retrieval]    niah len=  4k depth= 0.1: token_acc=44.0% exact=0.0% nll=1.7418
[retrieval]    niah len=  4k depth= 0.5: token_acc=6.0% exact=0.0% nll=2.9183
[retrieval]    niah len=  4k depth= 0.9: token_acc=96.0% exact=80.0% nll=0.6834
[retrieval]    niah len=  8k depth= 0.1: token_acc=4.0% exact=0.0% nll=3.6904
[retrieval]    niah len=  8k depth= 0.5: token_acc=18.0% exact=0.0% nll=2.8558
[retrieval]    niah len=  8k depth= 0.9: token_acc=2.0% exact=0.0% nll=4.0436
[retrieval]    niah len= 16k depth= 0.1: token_acc=0.0% exact=0.0% nll=3.9286
[retrieval]    niah len= 16k depth= 0.5: token_acc=0.0% exact=0.0% nll=3.9115
[retrieval]    niah len= 16k depth= 0.9: token_acc=0.0% exact=0.0% nll=3.9213
[retrieval]    niah len= 32k depth= 0.1: token_acc=18.0% exact=0.0% nll=2.8935
[retrieval]    niah len= 32k depth= 0.5: token_acc=6.0% exact=0.0% nll=3.7881
[retrieval]    niah len= 32k depth= 0.9: token_acc=4.0% exact=0.0% nll=3.5733
[retrieval]    niah len= 64k depth= 0.1: token_acc=0.0% exact=0.0% nll=4.0119
[retrieval]    niah len= 64k depth= 0.5: token_acc=0.0% exact=0.0% nll=4.1019
[retrieval]    niah len= 64k depth= 0.9: token_acc=0.0% exact=0.0% nll=4.0969
[retrieval]    niah len=128k depth= 0.1: token_acc=0.0% exact=0.0% nll=3.9095
[retrieval]    niah len=128k depth= 0.5: token_acc=0.0% exact=0.0% nll=3.7794
[retrieval]    niah len=128k depth= 0.9: token_acc=0.0% exact=0.0% nll=3.9152
[retrieval]    niah len=256k depth= 0.1: token_acc=0.0% exact=0.0% nll=3.9937
[retrieval]    niah len=256k depth= 0.5: token_acc=0.0% exact=0.0% nll=3.7569
[retrieval]    niah len=256k depth= 0.9: token_acc=12.0% exact=0.0% nll=3.7370

[retrieval] teacher-forced token accuracy %, per kind (rows=length, cols=depth):
  passkey:
    len     0.1    0.5    0.9
      2k   36.0   66.0   94.0
      4k   48.0   14.0   90.0
      8k   18.0   14.0   10.0
     16k   10.0    8.0   14.0
     32k    8.0   12.0    8.0
     64k    6.0    6.0   14.0
    128k    6.0    4.0   14.0
    256k    8.0    4.0   20.0
  niah:
    len     0.1    0.5    0.9
      2k   36.0   68.0   98.0
      4k   44.0    6.0   96.0
      8k    4.0   18.0    2.0
     16k    0.0    0.0    0.0
     32k   18.0    6.0    4.0
     64k    0.0    0.0    0.0
    128k    0.0    0.0    0.0
    256k    0.0    0.0   12.0

===RETRIEVAL_RESULTS_JSON===
{"benchmark": "retrieval", "protocol": "teacher-forced-needle-v2", "kinds": ["passkey", "niah"], "lengths": ["2k", "4k", "8k", "16k", "32k", "64k", "128k", "256k"], "depths": [0.1, 0.5, 0.9], "num_samples": 10, "value_tokens": 5, "seed": 1234, "paired_across_lengths_and_depths": true, "haystack": "synthetic-filler", "haystack_revision": null, "results": {"passkey": {"2k": {"0.1": 36.0, "0.5": 66.0, "0.9": 94.0}, "4k": {"0.1": 48.0, "0.5": 14.0, "0.9": 90.0}, "8k": {"0.1": 18.0, "0.5": 14.0, "0.9": 10.0}, "16k": {"0.1": 10.0, "0.5": 8.0, "0.9": 14.0}, "32k": {"0.1": 8.0, "0.5": 12.0, "0.9": 8.0}, "64k": {"0.1": 6.0, "0.5": 6.0, "0.9": 14.0}, "128k": {"0.1": 6.0, "0.5": 4.0, "0.9": 14.0}, "256k": {"0.1": 8.0, "0.5": 4.0, "0.9": 20.0}}, "niah": {"2k": {"0.1": 36.0, "0.5": 68.0, "0.9": 98.0}, "4k": {"0.1": 44.0, "0.5": 6.0, "0.9": 96.0}, "8k": {"0.1": 4.0, "0.5": 18.0, "0.9": 2.0}, "16k": {"0.1": 0.0, "0.5": 0.0, "0.9": 0.0}, "32k": {"0.1": 18.0, "0.5": 6.0, "0.9": 4.0}, "64k": {"0.1": 0.0, "0.5": 0.0, "0.9": 0.0}, "128k": {"0.1": 0.0, "0.5": 0.0, "0.9": 0.0}, "256k": {"0.1": 0.0, "0.5": 0.0, "0.9": 12.0}}}, "exact_results": {"passkey": {"2k": {"0.1": 0.0, "0.5": 20.0, "0.9": 80.0}, "4k": {"0.1": 10.0, "0.5": 0.0, "0.9": 60.0}, "8k": {"0.1": 0.0, "0.5": 0.0, "0.9": 0.0}, "16k": {"0.1": 0.0, "0.5": 0.0, "0.9": 0.0}, "32k": {"0.1": 0.0, "0.5": 0.0, "0.9": 0.0}, "64k": {"0.1": 0.0, "0.5": 0.0, "0.9": 0.0}, "128k": {"0.1": 0.0, "0.5": 0.0, "0.9": 0.0}, "256k": {"0.1": 0.0, "0.5": 0.0, "0.9": 0.0}}, "niah": {"2k": {"0.1": 0.0, "0.5": 10.0, "0.9": 90.0}, "4k": {"0.1": 0.0, "0.5": 0.0, "0.9": 80.0}, "8k": {"0.1": 0.0, "0.5": 0.0, "0.9": 0.0}, "16k": {"0.1": 0.0, "0.5": 0.0, "0.9": 0.0}, "32k": {"0.1": 0.0, "0.5": 0.0, "0.9": 0.0}, "64k": {"0.1": 0.0, "0.5": 0.0, "0.9": 0.0}, "128k": {"0.1": 0.0, "0.5": 0.0, "0.9": 0.0}, "256k": {"0.1": 0.0, "0.5": 0.0, "0.9": 0.0}}}, "nll_results": {"passkey": {"2k": {"0.1": 2.4465825748443604, "0.5": 1.4880844783782958, "0.9": 0.5509700536727905}, "4k": {"0.1": 1.856025857925415, "0.5": 3.552605094909668, "0.9": 0.5551548957824707}, "8k": {"0.1": 3.9731492614746093, "0.5": 3.1418584251403807, "0.9": 4.489194431304932}, "16k": {"0.1": 3.8365963745117186, "0.5": 4.1350852394104, "0.9": 3.714171943664551}, "32k": {"0.1": 4.352129669189453, "0.5": 3.5379308319091796, "0.9": 3.7285070037841797}, "64k": {"0.1": 4.553036689758301, "0.5": 4.618054885864257, "0.9": 4.006743583679199}, "128k": {"0.1": 4.501229362487793, "0.5": 4.274524230957031, "0.9": 3.880257873535156}, "256k": {"0.1": 3.8465449905395506, "0.5": 4.16385482788086, "0.9": 3.961980628967285}}, "niah": {"2k": {"0.1": 2.0955915069580078, "0.5": 1.3241515159606934, "0.9": 0.6330633401870728}, "4k": {"0.1": 1.7418056297302247, "0.5": 2.918314323425293, "0.9": 0.6834469509124755}, "8k": {"0.1": 3.6904208946228025, "0.5": 2.855815258026123, "0.9": 4.043574409484863}, "16k": {"0.1": 3.9285884857177735, "0.5": 3.9114672470092775, "0.9": 3.921321678161621}, "32k": {"0.1": 2.893532543182373, "0.5": 3.788108253479004, "0.9": 3.5733116912841796}, "64k": {"0.1": 4.011896553039551, "0.5": 4.101914482116699, "0.9": 4.096862640380859}, "128k": {"0.1": 3.909462471008301, "0.5": 3.779445838928223, "0.9": 3.915244903564453}, "256k": {"0.1": 3.993655815124512, "0.5": 3.756886405944824, "0.9": 3.7369931411743162}}}, "oom_cells": [], "elapsed_s": 386.9, "unsupported_checkpoint": false, "model_config": {"vocab_size": 50304, "num_hidden_layers": 16, "hidden_size": 1024, "head_dim": 128, "attn_kernel_size": 4, "conv_kernel_size": 3, "max_position_embeddings": 2048, "rms_norm_eps": 1e-06, "dtype": "torch.bfloat16", "tie_word_embeddings": false, "num_random_keys": 0, "attn_online": false, "attn_k_block": 512, "attn_kernel": "triton", "attn_type": "rope", "polar_variant": "full", "wall_gate_bias": null, "attn_window": 512, "mem_enabled": true, "mem_chunk": 128, "mem_gamma_bias": 3.9, "mem_beta_bias": 0.0, "mem_kernel": "auto", "is_foveal": true, "foveal_config": {"checkpoint": "ChavyvAkvar/atma-10b-L40S-mbs16-rope__reg-baseline__distr-0__mem-1__win-0", "train_glob": "finewebedu10B/finewebedu_train_*.bin", "output_dir": "foveal_cpt/output/rope/lm_output", "hf_cache": null, "dataset_repo": "kjj0/finewebedu10B-gpt2", "dataset_train_template": "finewebedu_train_{index:06d}.bin", "dataset_validation_file": "finewebedu_val_000000.bin", "auto_download_data": true, "adaptation_mode": "lm_output", "sequence_length": 32768, "batch_tokens": 524288, "microbatch_sequences": 1, "train_tokens": 1000000000, "index_dim": 16, "page_size": 64, "query_block_size": 64, "local_window": 512, "remote_capacity": 64, "top_p": 0.95, "min_remote_pages": 0, "max_remote_pages": 32, "handoff_start_tokens": 50000000, "handoff_end_tokens": 200000000, "initial_top_p": 0.98, "initial_min_remote_pages": 8, "initial_max_remote_pages": 64, "teacher_query_blocks": 4, "teacher_interval": 1, "index_loss_weight": 0.1, "teacher_mean_weight": 0.5, "activation_checkpointing": false, "compile_model": true, "flex_compile": true, "flex_kernel_options": {"BLOCK_M": 64, "BLOCK_N": 64, "PRESCALE_QK": true}, "xent_impl": "eager", "xent_token_chunk": 4096, "xent_vocab_chunk": 2048, "base_lr_scale": 0.1, "index_lr": 0.001, "weight_decay": 0.01, "cooldown_fraction": 0.7, "grad_clip": 1.0, "log_every": 10, "save_every": 250, "keep_last_checkpoints": 1, "seed": 1234, "calibration_sequence_length": 4096, "calibration_batch_tokens": 65536, "calibration_tokens": 20000000, "calibration_lr": 0.001}, "adaptation_mode": "lm_output", "base_checkpoint": "ChavyvAkvar/atma-10b-L40S-mbs16-rope__reg-baseline__distr-0__mem-1__win-0", "sequence_length": 32768, "local_window": 512}, "model_unsupported": [], "serving_metrics": null}
===END===
[run] done in 386.9s -> /home/sagemaker-user/atma/benchmarks/logs/foveal_cpt/retrieval_retrieval_synthetic_rope_lm_output_654271ff03.log
