You are using version 1 of 'kernels-community/causal-conv1d', but version 2 is available.
Warning: You are sending unauthenticated requests to the HF Hub. Please set a HF_TOKEN to enable higher rate limits and faster downloads.
[run] benchmark=retrieval model=/home/sagemaker-user/.cache/huggingface/hub/models--ChavyvAkvar--atma-foveal-cpt-all/snapshots/e4cf2558793646c26d9e5a6c6eeadb4e1011cad3/polar/lm_output_kl/cpt tasks=['passkey', 'niah'] lengths=['2k', '4k', '8k', '16k', '32k', '64k', '128k', '256k'] samples=10 gamma_clamp=None

Fetching 8 files:   0%|          | 0/8 [00:00<?, ?it/s]
Fetching 8 files: 100%|██████████| 8/8 [00:00<00:00, 1759.54it/s]

Fetching 4 files:   0%|          | 0/4 [00:00<?, ?it/s]
Fetching 4 files: 100%|██████████| 4/4 [00:00<00:00, 1740.38it/s]

Fetching 4 files:   0%|          | 0/4 [00:00<?, ?it/s]
Fetching 4 files: 100%|██████████| 4/4 [00:00<00:00, 1754.94it/s]
[retrieval] passkey len=  2k depth= 0.1: token_acc=94.0% exact=70.0% nll=1.1032
[retrieval] passkey len=  2k depth= 0.5: token_acc=98.0% exact=90.0% nll=0.8703
[retrieval] passkey len=  2k depth= 0.9: token_acc=96.0% exact=80.0% nll=0.2681
[retrieval] passkey len=  4k depth= 0.1: token_acc=94.0% exact=70.0% nll=1.0922
[retrieval] passkey len=  4k depth= 0.5: token_acc=94.0% exact=70.0% nll=0.9970
[retrieval] passkey len=  4k depth= 0.9: token_acc=96.0% exact=80.0% nll=0.2357
[retrieval] passkey len=  8k depth= 0.1: token_acc=80.0% exact=30.0% nll=1.1558
[retrieval] passkey len=  8k depth= 0.5: token_acc=90.0% exact=50.0% nll=1.0016
[retrieval] passkey len=  8k depth= 0.9: token_acc=90.0% exact=50.0% nll=0.9421
[retrieval] passkey len= 16k depth= 0.1: token_acc=94.0% exact=70.0% nll=0.9815
[retrieval] passkey len= 16k depth= 0.5: token_acc=92.0% exact=60.0% nll=0.9008
[retrieval] passkey len= 16k depth= 0.9: token_acc=84.0% exact=40.0% nll=1.1046
[retrieval] passkey len= 32k depth= 0.1: token_acc=82.0% exact=20.0% nll=1.2002
[retrieval] passkey len= 32k depth= 0.5: token_acc=80.0% exact=30.0% nll=1.4044
[retrieval] passkey len= 32k depth= 0.9: token_acc=86.0% exact=50.0% nll=1.0424
[retrieval] passkey len= 64k depth= 0.1: token_acc=92.0% exact=70.0% nll=1.0138
[retrieval] passkey len= 64k depth= 0.5: token_acc=74.0% exact=20.0% nll=1.5337
[retrieval] passkey len= 64k depth= 0.9: token_acc=92.0% exact=70.0% nll=0.8832
[retrieval] passkey len=128k depth= 0.1: token_acc=68.0% exact=10.0% nll=1.4328
[retrieval] passkey len=128k depth= 0.5: token_acc=74.0% exact=30.0% nll=1.5788
[retrieval] passkey len=128k depth= 0.9: token_acc=80.0% exact=30.0% nll=1.1753
[retrieval] passkey len=256k depth= 0.1: token_acc=80.0% exact=30.0% nll=1.3517
[retrieval] passkey len=256k depth= 0.5: token_acc=48.0% exact=0.0% nll=2.2027
[retrieval] passkey len=256k depth= 0.9: token_acc=76.0% exact=30.0% nll=1.3187
[retrieval]    niah len=  2k depth= 0.1: token_acc=88.0% exact=40.0% nll=0.8702
[retrieval]    niah len=  2k depth= 0.5: token_acc=98.0% exact=90.0% nll=0.4908
[retrieval]    niah len=  2k depth= 0.9: token_acc=100.0% exact=100.0% nll=0.3886
[retrieval]    niah len=  4k depth= 0.1: token_acc=100.0% exact=100.0% nll=0.7655
[retrieval]    niah len=  4k depth= 0.5: token_acc=94.0% exact=70.0% nll=0.8649
[retrieval]    niah len=  4k depth= 0.9: token_acc=100.0% exact=100.0% nll=0.3181
[retrieval]    niah len=  8k depth= 0.1: token_acc=96.0% exact=80.0% nll=0.8569
[retrieval]    niah len=  8k depth= 0.5: token_acc=90.0% exact=50.0% nll=0.8799
[retrieval]    niah len=  8k depth= 0.9: token_acc=100.0% exact=100.0% nll=0.8248
[retrieval]    niah len= 16k depth= 0.1: token_acc=98.0% exact=90.0% nll=0.6442
[retrieval]    niah len= 16k depth= 0.5: token_acc=100.0% exact=100.0% nll=0.6969
[retrieval]    niah len= 16k depth= 0.9: token_acc=90.0% exact=60.0% nll=0.7798
[retrieval]    niah len= 32k depth= 0.1: token_acc=84.0% exact=30.0% nll=1.0751
[retrieval]    niah len= 32k depth= 0.5: token_acc=82.0% exact=20.0% nll=1.3338
[retrieval]    niah len= 32k depth= 0.9: token_acc=78.0% exact=10.0% nll=1.1486
[retrieval]    niah len= 64k depth= 0.1: token_acc=100.0% exact=100.0% nll=0.7978
[retrieval]    niah len= 64k depth= 0.5: token_acc=86.0% exact=30.0% nll=0.8863
[retrieval]    niah len= 64k depth= 0.9: token_acc=98.0% exact=90.0% nll=0.9025
[retrieval]    niah len=128k depth= 0.1: token_acc=90.0% exact=50.0% nll=0.8168
[retrieval]    niah len=128k depth= 0.5: token_acc=94.0% exact=80.0% nll=0.9687
[retrieval]    niah len=128k depth= 0.9: token_acc=88.0% exact=40.0% nll=0.8420
[retrieval]    niah len=256k depth= 0.1: token_acc=74.0% exact=10.0% nll=1.2361
[retrieval]    niah len=256k depth= 0.5: token_acc=68.0% exact=0.0% nll=1.3825
[retrieval]    niah len=256k depth= 0.9: token_acc=92.0% exact=60.0% nll=1.1007
[run] done in 328.8s -> /home/sagemaker-user/atma/benchmarks/logs/foveal_cpt/retrieval_retrieval_synthetic_polar_lm_output_kl_761c38dfd3.log
