You are using version 1 of 'kernels-community/causal-conv1d', but version 2 is available.
[run] benchmark=retrieval model=/home/sagemaker-user/.cache/huggingface/hub/models--ChavyvAkvar--atma-foveal-cpt-all/snapshots/e4cf2558793646c26d9e5a6c6eeadb4e1011cad3/polar/lm_output/cpt tasks=['passkey', 'niah'] lengths=['2k', '4k', '8k', '16k', '32k', '64k', '128k', '256k'] samples=10 gamma_clamp=None

Fetching 8 files:   0%|          | 0/8 [00:00<?, ?it/s]
Fetching 8 files: 100%|██████████| 8/8 [00:00<00:00, 1589.35it/s]

Fetching 4 files:   0%|          | 0/4 [00:00<?, ?it/s]
Fetching 4 files: 100%|██████████| 4/4 [00:00<00:00, 1528.68it/s]

Fetching 4 files:   0%|          | 0/4 [00:00<?, ?it/s]
Fetching 4 files: 100%|██████████| 4/4 [00:00<00:00, 1519.68it/s]
[retrieval] passkey len=  2k depth= 0.1: token_acc=100.0% exact=100.0% nll=0.1188
[retrieval] passkey len=  2k depth= 0.5: token_acc=92.0% exact=60.0% nll=0.3667
[retrieval] passkey len=  2k depth= 0.9: token_acc=96.0% exact=80.0% nll=0.2340
[retrieval] passkey len=  4k depth= 0.1: token_acc=72.0% exact=20.0% nll=1.2703
[retrieval] passkey len=  4k depth= 0.5: token_acc=20.0% exact=0.0% nll=2.9859
[retrieval] passkey len=  4k depth= 0.9: token_acc=98.0% exact=90.0% nll=0.2555
[retrieval] passkey len=  8k depth= 0.1: token_acc=8.0% exact=0.0% nll=4.0508
[retrieval] passkey len=  8k depth= 0.5: token_acc=0.0% exact=0.0% nll=5.2519
[retrieval] passkey len=  8k depth= 0.9: token_acc=0.0% exact=0.0% nll=5.2947
[retrieval] passkey len= 16k depth= 0.1: token_acc=0.0% exact=0.0% nll=5.3870
[retrieval] passkey len= 16k depth= 0.5: token_acc=0.0% exact=0.0% nll=5.5091
[retrieval] passkey len= 16k depth= 0.9: token_acc=0.0% exact=0.0% nll=5.5195
[retrieval] passkey len= 32k depth= 0.1: token_acc=0.0% exact=0.0% nll=5.3637
[retrieval] passkey len= 32k depth= 0.5: token_acc=0.0% exact=0.0% nll=5.5521
[retrieval] passkey len= 32k depth= 0.9: token_acc=0.0% exact=0.0% nll=5.4935
[retrieval] passkey len= 64k depth= 0.1: token_acc=0.0% exact=0.0% nll=6.3229
[retrieval] passkey len= 64k depth= 0.5: token_acc=0.0% exact=0.0% nll=6.3044
[retrieval] passkey len= 64k depth= 0.9: token_acc=0.0% exact=0.0% nll=5.7189
[retrieval] passkey len=128k depth= 0.1: token_acc=0.0% exact=0.0% nll=5.0658
[retrieval] passkey len=128k depth= 0.5: token_acc=0.0% exact=0.0% nll=5.0611
[retrieval] passkey len=128k depth= 0.9: token_acc=2.0% exact=0.0% nll=5.0944
[retrieval] passkey len=256k depth= 0.1: token_acc=0.0% exact=0.0% nll=5.4225
[retrieval] passkey len=256k depth= 0.5: token_acc=0.0% exact=0.0% nll=5.4093
[retrieval] passkey len=256k depth= 0.9: token_acc=0.0% exact=0.0% nll=5.3926
[retrieval]    niah len=  2k depth= 0.1: token_acc=100.0% exact=100.0% nll=0.1291
[retrieval]    niah len=  2k depth= 0.5: token_acc=100.0% exact=100.0% nll=0.3257
[retrieval]    niah len=  2k depth= 0.9: token_acc=98.0% exact=90.0% nll=0.2951
[retrieval]    niah len=  4k depth= 0.1: token_acc=46.0% exact=0.0% nll=2.3991
[retrieval]    niah len=  4k depth= 0.5: token_acc=56.0% exact=10.0% nll=2.5183
[retrieval]    niah len=  4k depth= 0.9: token_acc=100.0% exact=100.0% nll=0.1598
[retrieval]    niah len=  8k depth= 0.1: token_acc=14.0% exact=0.0% nll=3.0071
[retrieval]    niah len=  8k depth= 0.5: token_acc=0.0% exact=0.0% nll=4.4298
[retrieval]    niah len=  8k depth= 0.9: token_acc=2.0% exact=0.0% nll=4.3799
[retrieval]    niah len= 16k depth= 0.1: token_acc=0.0% exact=0.0% nll=5.3309
[retrieval]    niah len= 16k depth= 0.5: token_acc=0.0% exact=0.0% nll=5.2502
[retrieval]    niah len= 16k depth= 0.9: token_acc=0.0% exact=0.0% nll=5.2417
[retrieval]    niah len= 32k depth= 0.1: token_acc=0.0% exact=0.0% nll=5.0103
[retrieval]    niah len= 32k depth= 0.5: token_acc=0.0% exact=0.0% nll=4.9985
[retrieval]    niah len= 32k depth= 0.9: token_acc=0.0% exact=0.0% nll=4.9205
[retrieval]    niah len= 64k depth= 0.1: token_acc=0.0% exact=0.0% nll=5.8568
[retrieval]    niah len= 64k depth= 0.5: token_acc=0.0% exact=0.0% nll=5.8483
[retrieval]    niah len= 64k depth= 0.9: token_acc=0.0% exact=0.0% nll=4.8762
[retrieval]    niah len=128k depth= 0.1: token_acc=0.0% exact=0.0% nll=4.3759
[retrieval]    niah len=128k depth= 0.5: token_acc=0.0% exact=0.0% nll=4.3738
[retrieval]    niah len=128k depth= 0.9: token_acc=0.0% exact=0.0% nll=4.3839
[retrieval]    niah len=256k depth= 0.1: token_acc=0.0% exact=0.0% nll=5.1020
[retrieval]    niah len=256k depth= 0.5: token_acc=0.0% exact=0.0% nll=5.0766
[retrieval]    niah len=256k depth= 0.9: token_acc=0.0% exact=0.0% nll=5.0542
[run] done in 335.9s -> /home/sagemaker-user/atma/benchmarks/logs/foveal_cpt/retrieval_retrieval_real_polar_lm_output_5ad0348867.log
