[run] benchmark=retrieval model=/home/sagemaker-user/.cache/huggingface/hub/models--ChavyvAkvar--atma-foveal-cpt-all/snapshots/e4cf2558793646c26d9e5a6c6eeadb4e1011cad3/nope/local/cpt tasks=['passkey', 'niah'] lengths=['2k', '4k', '8k', '16k', '32k', '64k', '128k', '256k'] samples=10 gamma_clamp=None
[retrieval] passkey len=  2k depth= 0.1: token_acc=2.0% exact=0.0% nll=5.4984
[retrieval] passkey len=  2k depth= 0.5: token_acc=2.0% exact=0.0% nll=5.4990
[retrieval] passkey len=  2k depth= 0.9: token_acc=96.0% exact=80.0% nll=0.1923
[retrieval] passkey len=  4k depth= 0.1: token_acc=0.0% exact=0.0% nll=6.0662
[retrieval] passkey len=  4k depth= 0.5: token_acc=0.0% exact=0.0% nll=6.0614
[retrieval] passkey len=  4k depth= 0.9: token_acc=98.0% exact=90.0% nll=0.2108
[retrieval] passkey len=  8k depth= 0.1: token_acc=0.0% exact=0.0% nll=5.3668
[retrieval] passkey len=  8k depth= 0.5: token_acc=0.0% exact=0.0% nll=5.3653
[retrieval] passkey len=  8k depth= 0.9: token_acc=0.0% exact=0.0% nll=5.3681
[retrieval] passkey len= 16k depth= 0.1: token_acc=2.0% exact=0.0% nll=5.3016
[retrieval] passkey len= 16k depth= 0.5: token_acc=2.0% exact=0.0% nll=5.3040
[retrieval] passkey len= 16k depth= 0.9: token_acc=2.0% exact=0.0% nll=5.3016
[retrieval] passkey len= 32k depth= 0.1: token_acc=0.0% exact=0.0% nll=5.5173
[retrieval] passkey len= 32k depth= 0.5: token_acc=0.0% exact=0.0% nll=5.5094
[retrieval] passkey len= 32k depth= 0.9: token_acc=0.0% exact=0.0% nll=5.5092
[retrieval] passkey len= 64k depth= 0.1: token_acc=0.0% exact=0.0% nll=6.8001
[retrieval] passkey len= 64k depth= 0.5: token_acc=0.0% exact=0.0% nll=6.7993
[retrieval] passkey len= 64k depth= 0.9: token_acc=0.0% exact=0.0% nll=6.7905
[retrieval] passkey len=128k depth= 0.1: token_acc=4.0% exact=0.0% nll=4.8955
[retrieval] passkey len=128k depth= 0.5: token_acc=4.0% exact=0.0% nll=4.9004
[retrieval] passkey len=128k depth= 0.9: token_acc=4.0% exact=0.0% nll=4.9054
[retrieval] passkey len=256k depth= 0.1: token_acc=4.0% exact=0.0% nll=5.5191
[retrieval] passkey len=256k depth= 0.5: token_acc=4.0% exact=0.0% nll=5.5198
[retrieval] passkey len=256k depth= 0.9: token_acc=4.0% exact=0.0% nll=5.5260
[retrieval]    niah len=  2k depth= 0.1: token_acc=0.0% exact=0.0% nll=4.9972
[retrieval]    niah len=  2k depth= 0.5: token_acc=0.0% exact=0.0% nll=5.0054
[retrieval]    niah len=  2k depth= 0.9: token_acc=100.0% exact=100.0% nll=0.1417
[retrieval]    niah len=  4k depth= 0.1: token_acc=0.0% exact=0.0% nll=5.3264
[retrieval]    niah len=  4k depth= 0.5: token_acc=0.0% exact=0.0% nll=5.3215
[retrieval]    niah len=  4k depth= 0.9: token_acc=100.0% exact=100.0% nll=0.2443
[retrieval]    niah len=  8k depth= 0.1: token_acc=0.0% exact=0.0% nll=4.4435
[retrieval]    niah len=  8k depth= 0.5: token_acc=0.0% exact=0.0% nll=4.4392
[retrieval]    niah len=  8k depth= 0.9: token_acc=2.0% exact=0.0% nll=4.4328
[retrieval]    niah len= 16k depth= 0.1: token_acc=0.0% exact=0.0% nll=5.3618
[retrieval]    niah len= 16k depth= 0.5: token_acc=0.0% exact=0.0% nll=5.3535
[retrieval]    niah len= 16k depth= 0.9: token_acc=0.0% exact=0.0% nll=5.3522
[retrieval]    niah len= 32k depth= 0.1: token_acc=0.0% exact=0.0% nll=5.1182
[retrieval]    niah len= 32k depth= 0.5: token_acc=0.0% exact=0.0% nll=5.1239
[retrieval]    niah len= 32k depth= 0.9: token_acc=0.0% exact=0.0% nll=5.1201
[retrieval]    niah len= 64k depth= 0.1: token_acc=0.0% exact=0.0% nll=6.3506
[retrieval]    niah len= 64k depth= 0.5: token_acc=0.0% exact=0.0% nll=6.3470
[retrieval]    niah len= 64k depth= 0.9: token_acc=0.0% exact=0.0% nll=6.3472
[retrieval]    niah len=128k depth= 0.1: token_acc=4.0% exact=0.0% nll=4.7992
[retrieval]    niah len=128k depth= 0.5: token_acc=4.0% exact=0.0% nll=4.8024
[retrieval]    niah len=128k depth= 0.9: token_acc=4.0% exact=0.0% nll=4.8033
[retrieval]    niah len=256k depth= 0.1: token_acc=0.0% exact=0.0% nll=5.1647
[retrieval]    niah len=256k depth= 0.5: token_acc=0.0% exact=0.0% nll=5.1632
[retrieval]    niah len=256k depth= 0.9: token_acc=0.0% exact=0.0% nll=5.1654

[retrieval] teacher-forced token accuracy %, per kind (rows=length, cols=depth):
  passkey:
    len     0.1    0.5    0.9
      2k    2.0    2.0   96.0
      4k    0.0    0.0   98.0
      8k    0.0    0.0    0.0
     16k    2.0    2.0    2.0
     32k    0.0    0.0    0.0
     64k    0.0    0.0    0.0
    128k    4.0    4.0    4.0
    256k    4.0    4.0    4.0
  niah:
    len     0.1    0.5    0.9
      2k    0.0    0.0  100.0
      4k    0.0    0.0  100.0
      8k    0.0    0.0    2.0
     16k    0.0    0.0    0.0
     32k    0.0    0.0    0.0
     64k    0.0    0.0    0.0
    128k    4.0    4.0    4.0
    256k    0.0    0.0    0.0

===RETRIEVAL_RESULTS_JSON===
{"benchmark": "retrieval", "protocol": "teacher-forced-needle-v2", "kinds": ["passkey", "niah"], "lengths": ["2k", "4k", "8k", "16k", "32k", "64k", "128k", "256k"], "depths": [0.1, 0.5, 0.9], "num_samples": 10, "value_tokens": 5, "seed": 1234, "paired_across_lengths_and_depths": true, "haystack": "codelion/finepdfs-1B", "haystack_revision": null, "results": {"passkey": {"2k": {"0.1": 2.0, "0.5": 2.0, "0.9": 96.0}, "4k": {"0.1": 0.0, "0.5": 0.0, "0.9": 98.0}, "8k": {"0.1": 0.0, "0.5": 0.0, "0.9": 0.0}, "16k": {"0.1": 2.0, "0.5": 2.0, "0.9": 2.0}, "32k": {"0.1": 0.0, "0.5": 0.0, "0.9": 0.0}, "64k": {"0.1": 0.0, "0.5": 0.0, "0.9": 0.0}, "128k": {"0.1": 4.0, "0.5": 4.0, "0.9": 4.0}, "256k": {"0.1": 4.0, "0.5": 4.0, "0.9": 4.0}}, "niah": {"2k": {"0.1": 0.0, "0.5": 0.0, "0.9": 100.0}, "4k": {"0.1": 0.0, "0.5": 0.0, "0.9": 100.0}, "8k": {"0.1": 0.0, "0.5": 0.0, "0.9": 2.0}, "16k": {"0.1": 0.0, "0.5": 0.0, "0.9": 0.0}, "32k": {"0.1": 0.0, "0.5": 0.0, "0.9": 0.0}, "64k": {"0.1": 0.0, "0.5": 0.0, "0.9": 0.0}, "128k": {"0.1": 4.0, "0.5": 4.0, "0.9": 4.0}, "256k": {"0.1": 0.0, "0.5": 0.0, "0.9": 0.0}}}, "exact_results": {"passkey": {"2k": {"0.1": 0.0, "0.5": 0.0, "0.9": 80.0}, "4k": {"0.1": 0.0, "0.5": 0.0, "0.9": 90.0}, "8k": {"0.1": 0.0, "0.5": 0.0, "0.9": 0.0}, "16k": {"0.1": 0.0, "0.5": 0.0, "0.9": 0.0}, "32k": {"0.1": 0.0, "0.5": 0.0, "0.9": 0.0}, "64k": {"0.1": 0.0, "0.5": 0.0, "0.9": 0.0}, "128k": {"0.1": 0.0, "0.5": 0.0, "0.9": 0.0}, "256k": {"0.1": 0.0, "0.5": 0.0, "0.9": 0.0}}, "niah": {"2k": {"0.1": 0.0, "0.5": 0.0, "0.9": 100.0}, "4k": {"0.1": 0.0, "0.5": 0.0, "0.9": 100.0}, "8k": {"0.1": 0.0, "0.5": 0.0, "0.9": 0.0}, "16k": {"0.1": 0.0, "0.5": 0.0, "0.9": 0.0}, "32k": {"0.1": 0.0, "0.5": 0.0, "0.9": 0.0}, "64k": {"0.1": 0.0, "0.5": 0.0, "0.9": 0.0}, "128k": {"0.1": 0.0, "0.5": 0.0, "0.9": 0.0}, "256k": {"0.1": 0.0, "0.5": 0.0, "0.9": 0.0}}}, "nll_results": {"passkey": {"2k": {"0.1": 5.498437919616699, "0.5": 5.498958053588868, "0.9": 0.1923089361190796}, "4k": {"0.1": 6.066181602478028, "0.5": 6.061430625915527, "0.9": 0.21080788016319274}, "8k": {"0.1": 5.366761779785156, "0.5": 5.36525592803955, "0.9": 5.3680517196655275}, "16k": {"0.1": 5.301616325378418, "0.5": 5.303983192443848, "0.9": 5.301580009460449}, "32k": {"0.1": 5.517315063476563, "0.5": 5.509394645690918, "0.9": 5.509223594665527}, "64k": {"0.1": 6.8001194763183594, "0.5": 6.799332809448242, "0.9": 6.790515441894531}, "128k": {"0.1": 4.895513954162598, "0.5": 4.900359878540039, "0.9": 4.905409278869629}, "256k": {"0.1": 5.519126319885254, "0.5": 5.519839172363281, "0.9": 5.526041069030762}}, "niah": {"2k": {"0.1": 4.997181434631347, "0.5": 5.005379257202148, "0.9": 0.14172744274139404}, "4k": {"0.1": 5.326355247497559, "0.5": 5.321513023376465, "0.9": 0.24427359342575072}, "8k": {"0.1": 4.443483085632324, "0.5": 4.439158401489258, "0.9": 4.432848358154297}, "16k": {"0.1": 5.361807518005371, "0.5": 5.353479042053222, "0.9": 5.352156791687012}, "32k": {"0.1": 5.118235931396485, "0.5": 5.1239256668090825, "0.9": 5.120094337463379}, "64k": {"0.1": 6.350595359802246, "0.5": 6.347042617797851, "0.9": 6.347198257446289}, "128k": {"0.1": 4.799179992675781, "0.5": 4.8024105453491215, "0.9": 4.803263130187989}, "256k": {"0.1": 5.164748764038086, "0.5": 5.163226699829101, "0.9": 5.165390434265137}}}, "oom_cells": [], "elapsed_s": 343.6, "unsupported_checkpoint": false, "model_config": {"vocab_size": 50304, "num_hidden_layers": 16, "hidden_size": 1024, "head_dim": 128, "attn_kernel_size": 4, "conv_kernel_size": 3, "max_position_embeddings": 2048, "rms_norm_eps": 1e-06, "dtype": "torch.bfloat16", "tie_word_embeddings": false, "num_random_keys": 0, "attn_online": false, "attn_k_block": 512, "attn_kernel": "triton", "attn_type": "nope", "polar_variant": "full", "wall_gate_bias": null, "attn_window": 512, "mem_enabled": true, "mem_chunk": 128, "mem_gamma_bias": 3.9, "mem_beta_bias": 0.0, "mem_kernel": "auto", "is_foveal": true, "foveal_config": {"checkpoint": "ChavyvAkvar/atma-10b-L40S-mbs16-nope__reg-baseline__distr-0__mem-1__win-0", "train_glob": "finewebedu10B/finewebedu_train_*.bin", "output_dir": "foveal_cpt/output/nope/local", "hf_cache": null, "dataset_repo": "kjj0/finewebedu10B-gpt2", "dataset_train_template": "finewebedu_train_{index:06d}.bin", "dataset_validation_file": "finewebedu_val_000000.bin", "auto_download_data": true, "adaptation_mode": "local", "sequence_length": 32768, "batch_tokens": 524288, "microbatch_sequences": 1, "train_tokens": 1000000000, "index_dim": 16, "page_size": 64, "query_block_size": 64, "local_window": 512, "remote_capacity": 1, "top_p": 1.0, "min_remote_pages": 0, "max_remote_pages": 0, "handoff_start_tokens": 50000000, "handoff_end_tokens": 200000000, "initial_top_p": 1.0, "initial_min_remote_pages": 0, "initial_max_remote_pages": 0, "teacher_query_blocks": 4, "teacher_interval": 1, "index_loss_weight": 0.1, "teacher_mean_weight": 0.5, "activation_checkpointing": false, "compile_model": true, "flex_compile": true, "flex_kernel_options": {"BLOCK_M": 64, "BLOCK_N": 64, "PRESCALE_QK": true}, "xent_impl": "eager", "xent_token_chunk": 4096, "xent_vocab_chunk": 2048, "base_lr_scale": 0.1, "index_lr": 0.001, "weight_decay": 0.01, "cooldown_fraction": 0.7, "grad_clip": 1.0, "log_every": 10, "save_every": 250, "keep_last_checkpoints": 1, "seed": 1234, "calibration_sequence_length": 4096, "calibration_batch_tokens": 65536, "calibration_tokens": 20000000, "calibration_lr": 0.001}, "adaptation_mode": "local", "base_checkpoint": "ChavyvAkvar/atma-10b-L40S-mbs16-nope__reg-baseline__distr-0__mem-1__win-0", "sequence_length": 32768, "local_window": 512}, "model_unsupported": [], "serving_metrics": null}
===END===
[run] done in 343.6s -> /home/sagemaker-user/atma/benchmarks/logs/foveal_cpt/retrieval_retrieval_real_nope_local_6d27b6471a.log
