[run] benchmark=retrieval model=/home/sagemaker-user/.cache/huggingface/hub/models--ChavyvAkvar--atma-foveal-cpt-all/snapshots/e4cf2558793646c26d9e5a6c6eeadb4e1011cad3/rope/lm_output/cpt tasks=['passkey', 'niah'] lengths=['2k', '4k', '8k', '16k', '32k', '64k', '128k', '256k'] samples=10 gamma_clamp=None
[retrieval] passkey len=  2k depth= 0.1: token_acc=60.0% exact=40.0% nll=1.6777
[retrieval] passkey len=  2k depth= 0.5: token_acc=80.0% exact=40.0% nll=0.8632
[retrieval] passkey len=  2k depth= 0.9: token_acc=98.0% exact=90.0% nll=0.1703
[retrieval] passkey len=  4k depth= 0.1: token_acc=36.0% exact=0.0% nll=3.1650
[retrieval] passkey len=  4k depth= 0.5: token_acc=4.0% exact=0.0% nll=4.5341
[retrieval] passkey len=  4k depth= 0.9: token_acc=98.0% exact=90.0% nll=0.3006
[retrieval] passkey len=  8k depth= 0.1: token_acc=6.0% exact=0.0% nll=5.4168
[retrieval] passkey len=  8k depth= 0.5: token_acc=10.0% exact=0.0% nll=4.4527
[retrieval] passkey len=  8k depth= 0.9: token_acc=2.0% exact=0.0% nll=5.2982
[retrieval] passkey len= 16k depth= 0.1: token_acc=0.0% exact=0.0% nll=5.1894
[retrieval] passkey len= 16k depth= 0.5: token_acc=0.0% exact=0.0% nll=5.0324
[retrieval] passkey len= 16k depth= 0.9: token_acc=0.0% exact=0.0% nll=4.8993
[retrieval] passkey len= 32k depth= 0.1: token_acc=0.0% exact=0.0% nll=5.3567
[retrieval] passkey len= 32k depth= 0.5: token_acc=0.0% exact=0.0% nll=5.3432
[retrieval] passkey len= 32k depth= 0.9: token_acc=0.0% exact=0.0% nll=5.2955
[retrieval] passkey len= 64k depth= 0.1: token_acc=0.0% exact=0.0% nll=6.2113
[retrieval] passkey len= 64k depth= 0.5: token_acc=0.0% exact=0.0% nll=6.2501
[retrieval] passkey len= 64k depth= 0.9: token_acc=0.0% exact=0.0% nll=6.2494
[retrieval] passkey len=128k depth= 0.1: token_acc=0.0% exact=0.0% nll=4.8346
[retrieval] passkey len=128k depth= 0.5: token_acc=0.0% exact=0.0% nll=4.8561
[retrieval] passkey len=128k depth= 0.9: token_acc=12.0% exact=0.0% nll=4.1032
[retrieval] passkey len=256k depth= 0.1: token_acc=0.0% exact=0.0% nll=5.9041
[retrieval] passkey len=256k depth= 0.5: token_acc=0.0% exact=0.0% nll=5.9483
[retrieval] passkey len=256k depth= 0.9: token_acc=0.0% exact=0.0% nll=5.9200
[retrieval]    niah len=  2k depth= 0.1: token_acc=50.0% exact=0.0% nll=2.0768
[retrieval]    niah len=  2k depth= 0.5: token_acc=94.0% exact=70.0% nll=0.3288
[retrieval]    niah len=  2k depth= 0.9: token_acc=86.0% exact=40.0% nll=0.4550
[retrieval]    niah len=  4k depth= 0.1: token_acc=44.0% exact=0.0% nll=2.5299
[retrieval]    niah len=  4k depth= 0.5: token_acc=12.0% exact=0.0% nll=3.4772
[retrieval]    niah len=  4k depth= 0.9: token_acc=94.0% exact=70.0% nll=0.4730
[retrieval]    niah len=  8k depth= 0.1: token_acc=22.0% exact=0.0% nll=3.1965
[retrieval]    niah len=  8k depth= 0.5: token_acc=20.0% exact=0.0% nll=4.0918
[retrieval]    niah len=  8k depth= 0.9: token_acc=0.0% exact=0.0% nll=4.7876
[retrieval]    niah len= 16k depth= 0.1: token_acc=4.0% exact=0.0% nll=4.7838
[retrieval]    niah len= 16k depth= 0.5: token_acc=2.0% exact=0.0% nll=4.7199
[retrieval]    niah len= 16k depth= 0.9: token_acc=4.0% exact=0.0% nll=4.8045
[retrieval]    niah len= 32k depth= 0.1: token_acc=0.0% exact=0.0% nll=5.1569
[retrieval]    niah len= 32k depth= 0.5: token_acc=0.0% exact=0.0% nll=5.1680
[retrieval]    niah len= 32k depth= 0.9: token_acc=0.0% exact=0.0% nll=5.2254
[retrieval]    niah len= 64k depth= 0.1: token_acc=2.0% exact=0.0% nll=5.4865
[retrieval]    niah len= 64k depth= 0.5: token_acc=2.0% exact=0.0% nll=5.5177
[retrieval]    niah len= 64k depth= 0.9: token_acc=2.0% exact=0.0% nll=5.4810
[retrieval]    niah len=128k depth= 0.1: token_acc=2.0% exact=0.0% nll=4.4562
[retrieval]    niah len=128k depth= 0.5: token_acc=2.0% exact=0.0% nll=4.4314
[retrieval]    niah len=128k depth= 0.9: token_acc=8.0% exact=0.0% nll=3.0735
[retrieval]    niah len=256k depth= 0.1: token_acc=0.0% exact=0.0% nll=4.9174
[retrieval]    niah len=256k depth= 0.5: token_acc=0.0% exact=0.0% nll=4.9179
[retrieval]    niah len=256k depth= 0.9: token_acc=0.0% exact=0.0% nll=4.9314

[retrieval] teacher-forced token accuracy %, per kind (rows=length, cols=depth):
  passkey:
    len     0.1    0.5    0.9
      2k   60.0   80.0   98.0
      4k   36.0    4.0   98.0
      8k    6.0   10.0    2.0
     16k    0.0    0.0    0.0
     32k    0.0    0.0    0.0
     64k    0.0    0.0    0.0
    128k    0.0    0.0   12.0
    256k    0.0    0.0    0.0
  niah:
    len     0.1    0.5    0.9
      2k   50.0   94.0   86.0
      4k   44.0   12.0   94.0
      8k   22.0   20.0    0.0
     16k    4.0    2.0    4.0
     32k    0.0    0.0    0.0
     64k    2.0    2.0    2.0
    128k    2.0    2.0    8.0
    256k    0.0    0.0    0.0

===RETRIEVAL_RESULTS_JSON===
{"benchmark": "retrieval", "protocol": "teacher-forced-needle-v2", "kinds": ["passkey", "niah"], "lengths": ["2k", "4k", "8k", "16k", "32k", "64k", "128k", "256k"], "depths": [0.1, 0.5, 0.9], "num_samples": 10, "value_tokens": 5, "seed": 1234, "paired_across_lengths_and_depths": true, "haystack": "codelion/finepdfs-1B", "haystack_revision": null, "results": {"passkey": {"2k": {"0.1": 60.0, "0.5": 80.0, "0.9": 98.0}, "4k": {"0.1": 36.0, "0.5": 4.0, "0.9": 98.0}, "8k": {"0.1": 6.0, "0.5": 10.0, "0.9": 2.0}, "16k": {"0.1": 0.0, "0.5": 0.0, "0.9": 0.0}, "32k": {"0.1": 0.0, "0.5": 0.0, "0.9": 0.0}, "64k": {"0.1": 0.0, "0.5": 0.0, "0.9": 0.0}, "128k": {"0.1": 0.0, "0.5": 0.0, "0.9": 12.0}, "256k": {"0.1": 0.0, "0.5": 0.0, "0.9": 0.0}}, "niah": {"2k": {"0.1": 50.0, "0.5": 94.0, "0.9": 86.0}, "4k": {"0.1": 44.0, "0.5": 12.0, "0.9": 94.0}, "8k": {"0.1": 22.0, "0.5": 20.0, "0.9": 0.0}, "16k": {"0.1": 4.0, "0.5": 2.0, "0.9": 4.0}, "32k": {"0.1": 0.0, "0.5": 0.0, "0.9": 0.0}, "64k": {"0.1": 2.0, "0.5": 2.0, "0.9": 2.0}, "128k": {"0.1": 2.0, "0.5": 2.0, "0.9": 8.0}, "256k": {"0.1": 0.0, "0.5": 0.0, "0.9": 0.0}}}, "exact_results": {"passkey": {"2k": {"0.1": 40.0, "0.5": 40.0, "0.9": 90.0}, "4k": {"0.1": 0.0, "0.5": 0.0, "0.9": 90.0}, "8k": {"0.1": 0.0, "0.5": 0.0, "0.9": 0.0}, "16k": {"0.1": 0.0, "0.5": 0.0, "0.9": 0.0}, "32k": {"0.1": 0.0, "0.5": 0.0, "0.9": 0.0}, "64k": {"0.1": 0.0, "0.5": 0.0, "0.9": 0.0}, "128k": {"0.1": 0.0, "0.5": 0.0, "0.9": 0.0}, "256k": {"0.1": 0.0, "0.5": 0.0, "0.9": 0.0}}, "niah": {"2k": {"0.1": 0.0, "0.5": 70.0, "0.9": 40.0}, "4k": {"0.1": 0.0, "0.5": 0.0, "0.9": 70.0}, "8k": {"0.1": 0.0, "0.5": 0.0, "0.9": 0.0}, "16k": {"0.1": 0.0, "0.5": 0.0, "0.9": 0.0}, "32k": {"0.1": 0.0, "0.5": 0.0, "0.9": 0.0}, "64k": {"0.1": 0.0, "0.5": 0.0, "0.9": 0.0}, "128k": {"0.1": 0.0, "0.5": 0.0, "0.9": 0.0}, "256k": {"0.1": 0.0, "0.5": 0.0, "0.9": 0.0}}}, "nll_results": {"passkey": {"2k": {"0.1": 1.6777345645427704, "0.5": 0.863163241147995, "0.9": 0.170343696475029}, "4k": {"0.1": 3.1649601745605467, "0.5": 4.534127388000488, "0.9": 0.30058210372924804}, "8k": {"0.1": 5.416810493469239, "0.5": 4.452716941833496, "0.9": 5.298218421936035}, "16k": {"0.1": 5.189385261535644, "0.5": 5.032357139587402, "0.9": 4.899341201782226}, "32k": {"0.1": 5.356737899780273, "0.5": 5.343239631652832, "0.9": 5.295513763427734}, "64k": {"0.1": 6.211256599426269, "0.5": 6.250069847106934, "0.9": 6.249413871765137}, "128k": {"0.1": 4.834614715576172, "0.5": 4.856067543029785, "0.9": 4.103153038024902}, "256k": {"0.1": 5.904110527038574, "0.5": 5.948326454162598, "0.9": 5.919959526062012}}, "niah": {"2k": {"0.1": 2.07681848526001, "0.5": 0.32877010583877564, "0.9": 0.45504462242126464}, "4k": {"0.1": 2.5299275016784666, "0.5": 3.477198448181152, "0.9": 0.47295197010040285}, "8k": {"0.1": 3.196460132598877, "0.5": 4.091798057556153, "0.9": 4.787572364807129}, "16k": {"0.1": 4.783757629394532, "0.5": 4.719902877807617, "0.9": 4.804512214660645}, "32k": {"0.1": 5.156897888183594, "0.5": 5.167993965148926, "0.9": 5.225410079956054}, "64k": {"0.1": 5.486456832885742, "0.5": 5.517715950012207, "0.9": 5.481003494262695}, "128k": {"0.1": 4.456151008605957, "0.5": 4.431379013061523, "0.9": 3.0735091400146484}, "256k": {"0.1": 4.91742317199707, "0.5": 4.917861328125, "0.9": 4.931395111083984}}}, "oom_cells": [], "elapsed_s": 379.6, "unsupported_checkpoint": false, "model_config": {"vocab_size": 50304, "num_hidden_layers": 16, "hidden_size": 1024, "head_dim": 128, "attn_kernel_size": 4, "conv_kernel_size": 3, "max_position_embeddings": 2048, "rms_norm_eps": 1e-06, "dtype": "torch.bfloat16", "tie_word_embeddings": false, "num_random_keys": 0, "attn_online": false, "attn_k_block": 512, "attn_kernel": "triton", "attn_type": "rope", "polar_variant": "full", "wall_gate_bias": null, "attn_window": 512, "mem_enabled": true, "mem_chunk": 128, "mem_gamma_bias": 3.9, "mem_beta_bias": 0.0, "mem_kernel": "auto", "is_foveal": true, "foveal_config": {"checkpoint": "ChavyvAkvar/atma-10b-L40S-mbs16-rope__reg-baseline__distr-0__mem-1__win-0", "train_glob": "finewebedu10B/finewebedu_train_*.bin", "output_dir": "foveal_cpt/output/rope/lm_output", "hf_cache": null, "dataset_repo": "kjj0/finewebedu10B-gpt2", "dataset_train_template": "finewebedu_train_{index:06d}.bin", "dataset_validation_file": "finewebedu_val_000000.bin", "auto_download_data": true, "adaptation_mode": "lm_output", "sequence_length": 32768, "batch_tokens": 524288, "microbatch_sequences": 1, "train_tokens": 1000000000, "index_dim": 16, "page_size": 64, "query_block_size": 64, "local_window": 512, "remote_capacity": 64, "top_p": 0.95, "min_remote_pages": 0, "max_remote_pages": 32, "handoff_start_tokens": 50000000, "handoff_end_tokens": 200000000, "initial_top_p": 0.98, "initial_min_remote_pages": 8, "initial_max_remote_pages": 64, "teacher_query_blocks": 4, "teacher_interval": 1, "index_loss_weight": 0.1, "teacher_mean_weight": 0.5, "activation_checkpointing": false, "compile_model": true, "flex_compile": true, "flex_kernel_options": {"BLOCK_M": 64, "BLOCK_N": 64, "PRESCALE_QK": true}, "xent_impl": "eager", "xent_token_chunk": 4096, "xent_vocab_chunk": 2048, "base_lr_scale": 0.1, "index_lr": 0.001, "weight_decay": 0.01, "cooldown_fraction": 0.7, "grad_clip": 1.0, "log_every": 10, "save_every": 250, "keep_last_checkpoints": 1, "seed": 1234, "calibration_sequence_length": 4096, "calibration_batch_tokens": 65536, "calibration_tokens": 20000000, "calibration_lr": 0.001}, "adaptation_mode": "lm_output", "base_checkpoint": "ChavyvAkvar/atma-10b-L40S-mbs16-rope__reg-baseline__distr-0__mem-1__win-0", "sequence_length": 32768, "local_window": 512}, "model_unsupported": [], "serving_metrics": null}
===END===
[run] done in 379.6s -> /home/sagemaker-user/atma/benchmarks/logs/foveal_cpt/retrieval_retrieval_real_rope_lm_output_b56bdf63ff.log
