[run] benchmark=retrieval model=/home/sagemaker-user/.cache/huggingface/hub/models--ChavyvAkvar--atma-foveal-cpt-all/snapshots/e4cf2558793646c26d9e5a6c6eeadb4e1011cad3/rope/local/cpt tasks=['passkey', 'niah'] lengths=['2k', '4k', '8k', '16k', '32k', '64k', '128k', '256k'] samples=10 gamma_clamp=None
[retrieval] passkey len=  2k depth= 0.1: token_acc=6.0% exact=0.0% nll=4.6296
[retrieval] passkey len=  2k depth= 0.5: token_acc=4.0% exact=0.0% nll=4.6253
[retrieval] passkey len=  2k depth= 0.9: token_acc=88.0% exact=60.0% nll=0.5910
[retrieval] passkey len=  4k depth= 0.1: token_acc=6.0% exact=0.0% nll=4.5767
[retrieval] passkey len=  4k depth= 0.5: token_acc=6.0% exact=0.0% nll=4.5739
[retrieval] passkey len=  4k depth= 0.9: token_acc=84.0% exact=50.0% nll=0.7562
[retrieval] passkey len=  8k depth= 0.1: token_acc=4.0% exact=0.0% nll=4.5838
[retrieval] passkey len=  8k depth= 0.5: token_acc=4.0% exact=0.0% nll=4.5927
[retrieval] passkey len=  8k depth= 0.9: token_acc=4.0% exact=0.0% nll=4.5945
[retrieval] passkey len= 16k depth= 0.1: token_acc=2.0% exact=0.0% nll=4.6135
[retrieval] passkey len= 16k depth= 0.5: token_acc=2.0% exact=0.0% nll=4.6047
[retrieval] passkey len= 16k depth= 0.9: token_acc=2.0% exact=0.0% nll=4.6185
[retrieval] passkey len= 32k depth= 0.1: token_acc=2.0% exact=0.0% nll=4.6147
[retrieval] passkey len= 32k depth= 0.5: token_acc=2.0% exact=0.0% nll=4.6064
[retrieval] passkey len= 32k depth= 0.9: token_acc=2.0% exact=0.0% nll=4.5978
[retrieval] passkey len= 64k depth= 0.1: token_acc=2.0% exact=0.0% nll=4.5985
[retrieval] passkey len= 64k depth= 0.5: token_acc=2.0% exact=0.0% nll=4.5933
[retrieval] passkey len= 64k depth= 0.9: token_acc=2.0% exact=0.0% nll=4.5861
[retrieval] passkey len=128k depth= 0.1: token_acc=2.0% exact=0.0% nll=4.6138
[retrieval] passkey len=128k depth= 0.5: token_acc=4.0% exact=0.0% nll=4.6130
[retrieval] passkey len=128k depth= 0.9: token_acc=2.0% exact=0.0% nll=4.5963
[retrieval] passkey len=256k depth= 0.1: token_acc=2.0% exact=0.0% nll=4.5696
[retrieval] passkey len=256k depth= 0.5: token_acc=2.0% exact=0.0% nll=4.5696
[retrieval] passkey len=256k depth= 0.9: token_acc=2.0% exact=0.0% nll=4.5556
[retrieval]    niah len=  2k depth= 0.1: token_acc=0.0% exact=0.0% nll=4.0183
[retrieval]    niah len=  2k depth= 0.5: token_acc=0.0% exact=0.0% nll=4.0202
[retrieval]    niah len=  2k depth= 0.9: token_acc=98.0% exact=90.0% nll=0.5904
[retrieval]    niah len=  4k depth= 0.1: token_acc=0.0% exact=0.0% nll=3.9983
[retrieval]    niah len=  4k depth= 0.5: token_acc=0.0% exact=0.0% nll=4.0131
[retrieval]    niah len=  4k depth= 0.9: token_acc=94.0% exact=70.0% nll=0.7681
[retrieval]    niah len=  8k depth= 0.1: token_acc=0.0% exact=0.0% nll=4.0730
[retrieval]    niah len=  8k depth= 0.5: token_acc=0.0% exact=0.0% nll=4.0693
[retrieval]    niah len=  8k depth= 0.9: token_acc=0.0% exact=0.0% nll=4.0743
[retrieval]    niah len= 16k depth= 0.1: token_acc=0.0% exact=0.0% nll=4.0831
[retrieval]    niah len= 16k depth= 0.5: token_acc=0.0% exact=0.0% nll=4.0854
[retrieval]    niah len= 16k depth= 0.9: token_acc=0.0% exact=0.0% nll=4.0756
[retrieval]    niah len= 32k depth= 0.1: token_acc=0.0% exact=0.0% nll=4.0972
[retrieval]    niah len= 32k depth= 0.5: token_acc=0.0% exact=0.0% nll=4.0992
[retrieval]    niah len= 32k depth= 0.9: token_acc=0.0% exact=0.0% nll=4.0988
[retrieval]    niah len= 64k depth= 0.1: token_acc=0.0% exact=0.0% nll=4.0291
[retrieval]    niah len= 64k depth= 0.5: token_acc=0.0% exact=0.0% nll=4.0262
[retrieval]    niah len= 64k depth= 0.9: token_acc=0.0% exact=0.0% nll=4.0218
[retrieval]    niah len=128k depth= 0.1: token_acc=2.0% exact=0.0% nll=3.9415
[retrieval]    niah len=128k depth= 0.5: token_acc=2.0% exact=0.0% nll=3.9446
[retrieval]    niah len=128k depth= 0.9: token_acc=2.0% exact=0.0% nll=3.9438
[retrieval]    niah len=256k depth= 0.1: token_acc=0.0% exact=0.0% nll=4.1046
[retrieval]    niah len=256k depth= 0.5: token_acc=0.0% exact=0.0% nll=4.1039
[retrieval]    niah len=256k depth= 0.9: token_acc=0.0% exact=0.0% nll=4.1020

[retrieval] teacher-forced token accuracy %, per kind (rows=length, cols=depth):
  passkey:
    len     0.1    0.5    0.9
      2k    6.0    4.0   88.0
      4k    6.0    6.0   84.0
      8k    4.0    4.0    4.0
     16k    2.0    2.0    2.0
     32k    2.0    2.0    2.0
     64k    2.0    2.0    2.0
    128k    2.0    4.0    2.0
    256k    2.0    2.0    2.0
  niah:
    len     0.1    0.5    0.9
      2k    0.0    0.0   98.0
      4k    0.0    0.0   94.0
      8k    0.0    0.0    0.0
     16k    0.0    0.0    0.0
     32k    0.0    0.0    0.0
     64k    0.0    0.0    0.0
    128k    2.0    2.0    2.0
    256k    0.0    0.0    0.0

===RETRIEVAL_RESULTS_JSON===
{"benchmark": "retrieval", "protocol": "teacher-forced-needle-v2", "kinds": ["passkey", "niah"], "lengths": ["2k", "4k", "8k", "16k", "32k", "64k", "128k", "256k"], "depths": [0.1, 0.5, 0.9], "num_samples": 10, "value_tokens": 5, "seed": 1234, "paired_across_lengths_and_depths": true, "haystack": "synthetic-filler", "haystack_revision": null, "results": {"passkey": {"2k": {"0.1": 6.0, "0.5": 4.0, "0.9": 88.0}, "4k": {"0.1": 6.0, "0.5": 6.0, "0.9": 84.0}, "8k": {"0.1": 4.0, "0.5": 4.0, "0.9": 4.0}, "16k": {"0.1": 2.0, "0.5": 2.0, "0.9": 2.0}, "32k": {"0.1": 2.0, "0.5": 2.0, "0.9": 2.0}, "64k": {"0.1": 2.0, "0.5": 2.0, "0.9": 2.0}, "128k": {"0.1": 2.0, "0.5": 4.0, "0.9": 2.0}, "256k": {"0.1": 2.0, "0.5": 2.0, "0.9": 2.0}}, "niah": {"2k": {"0.1": 0.0, "0.5": 0.0, "0.9": 98.0}, "4k": {"0.1": 0.0, "0.5": 0.0, "0.9": 94.0}, "8k": {"0.1": 0.0, "0.5": 0.0, "0.9": 0.0}, "16k": {"0.1": 0.0, "0.5": 0.0, "0.9": 0.0}, "32k": {"0.1": 0.0, "0.5": 0.0, "0.9": 0.0}, "64k": {"0.1": 0.0, "0.5": 0.0, "0.9": 0.0}, "128k": {"0.1": 2.0, "0.5": 2.0, "0.9": 2.0}, "256k": {"0.1": 0.0, "0.5": 0.0, "0.9": 0.0}}}, "exact_results": {"passkey": {"2k": {"0.1": 0.0, "0.5": 0.0, "0.9": 60.0}, "4k": {"0.1": 0.0, "0.5": 0.0, "0.9": 50.0}, "8k": {"0.1": 0.0, "0.5": 0.0, "0.9": 0.0}, "16k": {"0.1": 0.0, "0.5": 0.0, "0.9": 0.0}, "32k": {"0.1": 0.0, "0.5": 0.0, "0.9": 0.0}, "64k": {"0.1": 0.0, "0.5": 0.0, "0.9": 0.0}, "128k": {"0.1": 0.0, "0.5": 0.0, "0.9": 0.0}, "256k": {"0.1": 0.0, "0.5": 0.0, "0.9": 0.0}}, "niah": {"2k": {"0.1": 0.0, "0.5": 0.0, "0.9": 90.0}, "4k": {"0.1": 0.0, "0.5": 0.0, "0.9": 70.0}, "8k": {"0.1": 0.0, "0.5": 0.0, "0.9": 0.0}, "16k": {"0.1": 0.0, "0.5": 0.0, "0.9": 0.0}, "32k": {"0.1": 0.0, "0.5": 0.0, "0.9": 0.0}, "64k": {"0.1": 0.0, "0.5": 0.0, "0.9": 0.0}, "128k": {"0.1": 0.0, "0.5": 0.0, "0.9": 0.0}, "256k": {"0.1": 0.0, "0.5": 0.0, "0.9": 0.0}}}, "nll_results": {"passkey": {"2k": {"0.1": 4.629588470458985, "0.5": 4.625330924987793, "0.9": 0.5909836363792419}, "4k": {"0.1": 4.576741065979004, "0.5": 4.573894309997558, "0.9": 0.7562181854248047}, "8k": {"0.1": 4.583817749023438, "0.5": 4.592670669555664, "0.9": 4.594465675354004}, "16k": {"0.1": 4.613494606018066, "0.5": 4.604747009277344, "0.9": 4.618510818481445}, "32k": {"0.1": 4.614651107788086, "0.5": 4.60635856628418, "0.9": 4.597767372131347}, "64k": {"0.1": 4.5985174560546875, "0.5": 4.5933316040039065, "0.9": 4.5861285781860355}, "128k": {"0.1": 4.613804969787598, "0.5": 4.613002738952637, "0.9": 4.596298751831054}, "256k": {"0.1": 4.569592704772949, "0.5": 4.569626235961914, "0.9": 4.555576133728027}}, "niah": {"2k": {"0.1": 4.018324775695801, "0.5": 4.0201655197143555, "0.9": 0.5904460048675537}, "4k": {"0.1": 3.9982930755615236, "0.5": 4.01305591583252, "0.9": 0.7681233310699462}, "8k": {"0.1": 4.073004150390625, "0.5": 4.06925552368164, "0.9": 4.074336776733398}, "16k": {"0.1": 4.0831459045410154, "0.5": 4.085403976440429, "0.9": 4.075604400634766}, "32k": {"0.1": 4.097238922119141, "0.5": 4.099178695678711, "0.9": 4.098793716430664}, "64k": {"0.1": 4.0290968704223635, "0.5": 4.026223754882812, "0.9": 4.021819305419922}, "128k": {"0.1": 3.9414803695678713, "0.5": 3.9446044921875, "0.9": 3.943794708251953}, "256k": {"0.1": 4.104640121459961, "0.5": 4.1039370346069335, "0.9": 4.101996269226074}}}, "oom_cells": [], "elapsed_s": 353.4, "unsupported_checkpoint": false, "model_config": {"vocab_size": 50304, "num_hidden_layers": 16, "hidden_size": 1024, "head_dim": 128, "attn_kernel_size": 4, "conv_kernel_size": 3, "max_position_embeddings": 2048, "rms_norm_eps": 1e-06, "dtype": "torch.bfloat16", "tie_word_embeddings": false, "num_random_keys": 0, "attn_online": false, "attn_k_block": 512, "attn_kernel": "triton", "attn_type": "rope", "polar_variant": "full", "wall_gate_bias": null, "attn_window": 512, "mem_enabled": true, "mem_chunk": 128, "mem_gamma_bias": 3.9, "mem_beta_bias": 0.0, "mem_kernel": "auto", "is_foveal": true, "foveal_config": {"checkpoint": "ChavyvAkvar/atma-10b-L40S-mbs16-rope__reg-baseline__distr-0__mem-1__win-0", "train_glob": "finewebedu10B/finewebedu_train_*.bin", "output_dir": "foveal_cpt/output/rope/local", "hf_cache": null, "dataset_repo": "kjj0/finewebedu10B-gpt2", "dataset_train_template": "finewebedu_train_{index:06d}.bin", "dataset_validation_file": "finewebedu_val_000000.bin", "auto_download_data": true, "adaptation_mode": "local", "sequence_length": 32768, "batch_tokens": 524288, "microbatch_sequences": 1, "train_tokens": 1000000000, "index_dim": 16, "page_size": 64, "query_block_size": 64, "local_window": 512, "remote_capacity": 1, "top_p": 1.0, "min_remote_pages": 0, "max_remote_pages": 0, "handoff_start_tokens": 50000000, "handoff_end_tokens": 200000000, "initial_top_p": 1.0, "initial_min_remote_pages": 0, "initial_max_remote_pages": 0, "teacher_query_blocks": 4, "teacher_interval": 1, "index_loss_weight": 0.1, "teacher_mean_weight": 0.5, "activation_checkpointing": false, "compile_model": true, "flex_compile": true, "flex_kernel_options": {"BLOCK_M": 64, "BLOCK_N": 64, "PRESCALE_QK": true}, "xent_impl": "eager", "xent_token_chunk": 4096, "xent_vocab_chunk": 2048, "base_lr_scale": 0.1, "index_lr": 0.001, "weight_decay": 0.01, "cooldown_fraction": 0.7, "grad_clip": 1.0, "log_every": 10, "save_every": 250, "keep_last_checkpoints": 1, "seed": 1234, "calibration_sequence_length": 4096, "calibration_batch_tokens": 65536, "calibration_tokens": 20000000, "calibration_lr": 0.001}, "adaptation_mode": "local", "base_checkpoint": "ChavyvAkvar/atma-10b-L40S-mbs16-rope__reg-baseline__distr-0__mem-1__win-0", "sequence_length": 32768, "local_window": 512}, "model_unsupported": [], "serving_metrics": null}
===END===
[run] done in 353.4s -> /home/sagemaker-user/atma/benchmarks/logs/foveal_cpt/retrieval_retrieval_synthetic_rope_local_d6c1232106.log
