You are using version 1 of 'kernels-community/causal-conv1d', but version 2 is available.
[run] benchmark=retrieval model=/home/sagemaker-user/.cache/huggingface/hub/models--ChavyvAkvar--atma-foveal-cpt-all/snapshots/e4cf2558793646c26d9e5a6c6eeadb4e1011cad3/nope/local/cpt tasks=['passkey', 'niah'] lengths=['2k', '4k', '8k', '16k', '32k', '64k', '128k', '256k'] samples=10 gamma_clamp=None

Fetching 8 files:   0%|          | 0/8 [00:00<?, ?it/s]
Fetching 8 files: 100%|██████████| 8/8 [00:00<00:00, 1859.49it/s]

Fetching 4 files:   0%|          | 0/4 [00:00<?, ?it/s]
Fetching 4 files: 100%|██████████| 4/4 [00:00<00:00, 1969.85it/s]
Warning: You are sending unauthenticated requests to the HF Hub. Please set a HF_TOKEN to enable higher rate limits and faster downloads.

Fetching 4 files:   0%|          | 0/4 [00:00<?, ?it/s]
Fetching 4 files: 100%|██████████| 4/4 [00:00<00:00, 1874.55it/s]
[retrieval] passkey len=  2k depth= 0.1: token_acc=0.0% exact=0.0% nll=4.6640
[retrieval] passkey len=  2k depth= 0.5: token_acc=0.0% exact=0.0% nll=4.6862
[retrieval] passkey len=  2k depth= 0.9: token_acc=98.0% exact=90.0% nll=0.2391
[retrieval] passkey len=  4k depth= 0.1: token_acc=0.0% exact=0.0% nll=4.6482
[retrieval] passkey len=  4k depth= 0.5: token_acc=0.0% exact=0.0% nll=4.6683
[retrieval] passkey len=  4k depth= 0.9: token_acc=96.0% exact=80.0% nll=0.2632
[retrieval] passkey len=  8k depth= 0.1: token_acc=2.0% exact=0.0% nll=4.6500
[retrieval] passkey len=  8k depth= 0.5: token_acc=2.0% exact=0.0% nll=4.6532
[retrieval] passkey len=  8k depth= 0.9: token_acc=2.0% exact=0.0% nll=4.6596
[retrieval] passkey len= 16k depth= 0.1: token_acc=0.0% exact=0.0% nll=4.8460
[retrieval] passkey len= 16k depth= 0.5: token_acc=0.0% exact=0.0% nll=4.8480
[retrieval] passkey len= 16k depth= 0.9: token_acc=0.0% exact=0.0% nll=4.8536
[retrieval] passkey len= 32k depth= 0.1: token_acc=0.0% exact=0.0% nll=4.6842
[retrieval] passkey len= 32k depth= 0.5: token_acc=0.0% exact=0.0% nll=4.6842
[retrieval] passkey len= 32k depth= 0.9: token_acc=0.0% exact=0.0% nll=4.6809
[retrieval] passkey len= 64k depth= 0.1: token_acc=2.0% exact=0.0% nll=4.8755
[retrieval] passkey len= 64k depth= 0.5: token_acc=2.0% exact=0.0% nll=4.8788
[retrieval] passkey len= 64k depth= 0.9: token_acc=2.0% exact=0.0% nll=4.8683
[retrieval] passkey len=128k depth= 0.1: token_acc=0.0% exact=0.0% nll=4.6637
[retrieval] passkey len=128k depth= 0.5: token_acc=0.0% exact=0.0% nll=4.6669
[retrieval] passkey len=128k depth= 0.9: token_acc=0.0% exact=0.0% nll=4.6521
[retrieval] passkey len=256k depth= 0.1: token_acc=0.0% exact=0.0% nll=4.7480
[retrieval] passkey len=256k depth= 0.5: token_acc=0.0% exact=0.0% nll=4.7463
[retrieval] passkey len=256k depth= 0.9: token_acc=0.0% exact=0.0% nll=4.7472
[retrieval]    niah len=  2k depth= 0.1: token_acc=2.0% exact=0.0% nll=4.4812
[retrieval]    niah len=  2k depth= 0.5: token_acc=0.0% exact=0.0% nll=4.5285
[retrieval]    niah len=  2k depth= 0.9: token_acc=98.0% exact=90.0% nll=0.3518
[retrieval]    niah len=  4k depth= 0.1: token_acc=4.0% exact=0.0% nll=4.4316
[retrieval]    niah len=  4k depth= 0.5: token_acc=4.0% exact=0.0% nll=4.4764
[retrieval]    niah len=  4k depth= 0.9: token_acc=98.0% exact=90.0% nll=0.3076
[retrieval]    niah len=  8k depth= 0.1: token_acc=0.0% exact=0.0% nll=4.5797
[retrieval]    niah len=  8k depth= 0.5: token_acc=0.0% exact=0.0% nll=4.5684
[retrieval]    niah len=  8k depth= 0.9: token_acc=0.0% exact=0.0% nll=4.5963
[retrieval]    niah len= 16k depth= 0.1: token_acc=2.0% exact=0.0% nll=4.5861
[retrieval]    niah len= 16k depth= 0.5: token_acc=2.0% exact=0.0% nll=4.5770
[retrieval]    niah len= 16k depth= 0.9: token_acc=0.0% exact=0.0% nll=4.5731
[retrieval]    niah len= 32k depth= 0.1: token_acc=0.0% exact=0.0% nll=4.5275
[retrieval]    niah len= 32k depth= 0.5: token_acc=0.0% exact=0.0% nll=4.5204
[retrieval]    niah len= 32k depth= 0.9: token_acc=0.0% exact=0.0% nll=4.5074
[retrieval]    niah len= 64k depth= 0.1: token_acc=2.0% exact=0.0% nll=4.5146
[retrieval]    niah len= 64k depth= 0.5: token_acc=2.0% exact=0.0% nll=4.5086
[retrieval]    niah len= 64k depth= 0.9: token_acc=2.0% exact=0.0% nll=4.4925
[retrieval]    niah len=128k depth= 0.1: token_acc=2.0% exact=0.0% nll=4.4973
[retrieval]    niah len=128k depth= 0.5: token_acc=2.0% exact=0.0% nll=4.4921
[retrieval]    niah len=128k depth= 0.9: token_acc=2.0% exact=0.0% nll=4.4835
[retrieval]    niah len=256k depth= 0.1: token_acc=0.0% exact=0.0% nll=4.4691
[retrieval]    niah len=256k depth= 0.5: token_acc=0.0% exact=0.0% nll=4.4668
[retrieval]    niah len=256k depth= 0.9: token_acc=0.0% exact=0.0% nll=4.4644
[run] done in 375.4s -> /home/sagemaker-user/atma/benchmarks/logs/foveal_cpt/retrieval_retrieval_synthetic_nope_local_8a32297a93.log
