You are using version 1 of 'kernels-community/causal-conv1d', but version 2 is available.
[run] benchmark=retrieval model=/home/sagemaker-user/.cache/huggingface/hub/models--ChavyvAkvar--atma-foveal-cpt-all/snapshots/e4cf2558793646c26d9e5a6c6eeadb4e1011cad3/nope/lm_output/cpt tasks=['passkey', 'niah'] lengths=['2k', '4k', '8k', '16k', '32k', '64k', '128k', '256k'] samples=10 gamma_clamp=None

Fetching 8 files:   0%|          | 0/8 [00:00<?, ?it/s]
Fetching 8 files: 100%|██████████| 8/8 [00:00<00:00, 1605.40it/s]

Fetching 4 files:   0%|          | 0/4 [00:00<?, ?it/s]
Fetching 4 files: 100%|██████████| 4/4 [00:00<00:00, 1584.25it/s]

Fetching 4 files:   0%|          | 0/4 [00:00<?, ?it/s]
Fetching 4 files: 100%|██████████| 4/4 [00:00<00:00, 1504.55it/s]
[retrieval] passkey len=  2k depth= 0.1: token_acc=100.0% exact=100.0% nll=0.1704
[retrieval] passkey len=  2k depth= 0.5: token_acc=100.0% exact=100.0% nll=0.1289
[retrieval] passkey len=  2k depth= 0.9: token_acc=96.0% exact=80.0% nll=0.1923
[retrieval] passkey len=  4k depth= 0.1: token_acc=100.0% exact=100.0% nll=0.3967
[retrieval] passkey len=  4k depth= 0.5: token_acc=2.0% exact=0.0% nll=5.0897
[retrieval] passkey len=  4k depth= 0.9: token_acc=98.0% exact=90.0% nll=0.2398
[retrieval] passkey len=  8k depth= 0.1: token_acc=10.0% exact=0.0% nll=4.3752
[retrieval] passkey len=  8k depth= 0.5: token_acc=0.0% exact=0.0% nll=5.3279
[retrieval] passkey len=  8k depth= 0.9: token_acc=0.0% exact=0.0% nll=5.3404
[retrieval] passkey len= 16k depth= 0.1: token_acc=0.0% exact=0.0% nll=5.3008
[retrieval] passkey len= 16k depth= 0.5: token_acc=2.0% exact=0.0% nll=5.4652
[retrieval] passkey len= 16k depth= 0.9: token_acc=0.0% exact=0.0% nll=5.5389
[retrieval] passkey len= 32k depth= 0.1: token_acc=4.0% exact=0.0% nll=5.2814
[retrieval] passkey len= 32k depth= 0.5: token_acc=6.0% exact=0.0% nll=5.0883
[retrieval] passkey len= 32k depth= 0.9: token_acc=4.0% exact=0.0% nll=5.3003
[retrieval] passkey len= 64k depth= 0.1: token_acc=0.0% exact=0.0% nll=6.7226
[retrieval] passkey len= 64k depth= 0.5: token_acc=6.0% exact=0.0% nll=5.7082
[retrieval] passkey len= 64k depth= 0.9: token_acc=0.0% exact=0.0% nll=6.7497
[retrieval] passkey len=128k depth= 0.1: token_acc=6.0% exact=0.0% nll=4.8554
[retrieval] passkey len=128k depth= 0.5: token_acc=4.0% exact=0.0% nll=4.9688
[retrieval] passkey len=128k depth= 0.9: token_acc=4.0% exact=0.0% nll=4.9646
[retrieval] passkey len=256k depth= 0.1: token_acc=2.0% exact=0.0% nll=5.2547
[retrieval] passkey len=256k depth= 0.5: token_acc=2.0% exact=0.0% nll=5.2674
[retrieval] passkey len=256k depth= 0.9: token_acc=4.0% exact=0.0% nll=5.2401
[retrieval]    niah len=  2k depth= 0.1: token_acc=100.0% exact=100.0% nll=0.2289
[retrieval]    niah len=  2k depth= 0.5: token_acc=98.0% exact=90.0% nll=0.3110
[retrieval]    niah len=  2k depth= 0.9: token_acc=100.0% exact=100.0% nll=0.1352
[retrieval]    niah len=  4k depth= 0.1: token_acc=90.0% exact=80.0% nll=0.7816
[retrieval]    niah len=  4k depth= 0.5: token_acc=22.0% exact=0.0% nll=3.9719
[retrieval]    niah len=  4k depth= 0.9: token_acc=100.0% exact=100.0% nll=0.2409
[retrieval]    niah len=  8k depth= 0.1: token_acc=4.0% exact=0.0% nll=4.3385
[retrieval]    niah len=  8k depth= 0.5: token_acc=2.0% exact=0.0% nll=4.3190
[retrieval]    niah len=  8k depth= 0.9: token_acc=2.0% exact=0.0% nll=4.3607
[retrieval]    niah len= 16k depth= 0.1: token_acc=0.0% exact=0.0% nll=5.1763
[retrieval]    niah len= 16k depth= 0.5: token_acc=0.0% exact=0.0% nll=4.9473
[retrieval]    niah len= 16k depth= 0.9: token_acc=0.0% exact=0.0% nll=5.2655
[retrieval]    niah len= 32k depth= 0.1: token_acc=0.0% exact=0.0% nll=5.0147
[retrieval]    niah len= 32k depth= 0.5: token_acc=0.0% exact=0.0% nll=5.0115
[retrieval]    niah len= 32k depth= 0.9: token_acc=0.0% exact=0.0% nll=4.9676
[retrieval]    niah len= 64k depth= 0.1: token_acc=0.0% exact=0.0% nll=5.8461
[retrieval]    niah len= 64k depth= 0.5: token_acc=0.0% exact=0.0% nll=5.7697
[retrieval]    niah len= 64k depth= 0.9: token_acc=0.0% exact=0.0% nll=5.8489
[retrieval]    niah len=128k depth= 0.1: token_acc=2.0% exact=0.0% nll=4.8232
[retrieval]    niah len=128k depth= 0.5: token_acc=2.0% exact=0.0% nll=4.8211
[retrieval]    niah len=128k depth= 0.9: token_acc=2.0% exact=0.0% nll=4.8183
[retrieval]    niah len=256k depth= 0.1: token_acc=0.0% exact=0.0% nll=4.9586
[retrieval]    niah len=256k depth= 0.5: token_acc=0.0% exact=0.0% nll=4.9665
[retrieval]    niah len=256k depth= 0.9: token_acc=0.0% exact=0.0% nll=4.9935
[run] done in 375.2s -> /home/sagemaker-user/atma/benchmarks/logs/foveal_cpt/retrieval_retrieval_real_nope_lm_output_f0a1bb1074.log
