[run] benchmark=retrieval model=/home/sagemaker-user/.cache/huggingface/hub/models--ChavyvAkvar--atma-foveal-cpt-all/snapshots/e4cf2558793646c26d9e5a6c6eeadb4e1011cad3/polar/lm_output_kl/cpt tasks=['passkey', 'niah'] lengths=['2k', '4k', '8k', '16k', '32k', '64k', '128k', '256k'] samples=10 gamma_clamp=None
[retrieval] passkey len=  2k depth= 0.1: token_acc=100.0% exact=100.0% nll=0.1179
[retrieval] passkey len=  2k depth= 0.5: token_acc=100.0% exact=100.0% nll=0.1890
[retrieval] passkey len=  2k depth= 0.9: token_acc=96.0% exact=80.0% nll=0.2251
[retrieval] passkey len=  4k depth= 0.1: token_acc=20.0% exact=0.0% nll=3.1594
[retrieval] passkey len=  4k depth= 0.5: token_acc=98.0% exact=90.0% nll=0.2834
[retrieval] passkey len=  4k depth= 0.9: token_acc=96.0% exact=80.0% nll=0.2349
[retrieval] passkey len=  8k depth= 0.1: token_acc=0.0% exact=0.0% nll=5.3173
[retrieval] passkey len=  8k depth= 0.5: token_acc=50.0% exact=0.0% nll=3.0183
[retrieval] passkey len=  8k depth= 0.9: token_acc=98.0% exact=90.0% nll=0.5420
[retrieval] passkey len= 16k depth= 0.1: token_acc=0.0% exact=0.0% nll=5.4430
[retrieval] passkey len= 16k depth= 0.5: token_acc=0.0% exact=0.0% nll=5.2030
[retrieval] passkey len= 16k depth= 0.9: token_acc=38.0% exact=0.0% nll=3.1651
[retrieval] passkey len= 32k depth= 0.1: token_acc=0.0% exact=0.0% nll=5.4692
[retrieval] passkey len= 32k depth= 0.5: token_acc=0.0% exact=0.0% nll=5.4764
[retrieval] passkey len= 32k depth= 0.9: token_acc=40.0% exact=0.0% nll=3.1897
[retrieval] passkey len= 64k depth= 0.1: token_acc=0.0% exact=0.0% nll=6.6359
[retrieval] passkey len= 64k depth= 0.5: token_acc=0.0% exact=0.0% nll=6.6534
[retrieval] passkey len= 64k depth= 0.9: token_acc=22.0% exact=0.0% nll=4.6450
[retrieval] passkey len=128k depth= 0.1: token_acc=0.0% exact=0.0% nll=5.2323
[retrieval] passkey len=128k depth= 0.5: token_acc=2.0% exact=0.0% nll=5.0907
[retrieval] passkey len=128k depth= 0.9: token_acc=2.0% exact=0.0% nll=5.1946
[retrieval] passkey len=256k depth= 0.1: token_acc=0.0% exact=0.0% nll=5.3445
[retrieval] passkey len=256k depth= 0.5: token_acc=0.0% exact=0.0% nll=5.3580
[retrieval] passkey len=256k depth= 0.9: token_acc=0.0% exact=0.0% nll=5.3290
[retrieval]    niah len=  2k depth= 0.1: token_acc=100.0% exact=100.0% nll=0.1252
[retrieval]    niah len=  2k depth= 0.5: token_acc=100.0% exact=100.0% nll=0.2512
[retrieval]    niah len=  2k depth= 0.9: token_acc=98.0% exact=90.0% nll=0.3263
[retrieval]    niah len=  4k depth= 0.1: token_acc=72.0% exact=50.0% nll=1.5904
[retrieval]    niah len=  4k depth= 0.5: token_acc=94.0% exact=70.0% nll=0.4437
[retrieval]    niah len=  4k depth= 0.9: token_acc=100.0% exact=100.0% nll=0.1500
[retrieval]    niah len=  8k depth= 0.1: token_acc=2.0% exact=0.0% nll=4.4792
[retrieval]    niah len=  8k depth= 0.5: token_acc=0.0% exact=0.0% nll=4.0119
[retrieval]    niah len=  8k depth= 0.9: token_acc=70.0% exact=0.0% nll=0.9332
[retrieval]    niah len= 16k depth= 0.1: token_acc=0.0% exact=0.0% nll=5.2201
[retrieval]    niah len= 16k depth= 0.5: token_acc=0.0% exact=0.0% nll=5.1383
[retrieval]    niah len= 16k depth= 0.9: token_acc=36.0% exact=0.0% nll=2.0133
[retrieval]    niah len= 32k depth= 0.1: token_acc=0.0% exact=0.0% nll=5.1189
[retrieval]    niah len= 32k depth= 0.5: token_acc=0.0% exact=0.0% nll=5.1192
[retrieval]    niah len= 32k depth= 0.9: token_acc=48.0% exact=0.0% nll=2.1970
[retrieval]    niah len= 64k depth= 0.1: token_acc=0.0% exact=0.0% nll=5.9278
[retrieval]    niah len= 64k depth= 0.5: token_acc=0.0% exact=0.0% nll=5.9369
[retrieval]    niah len= 64k depth= 0.9: token_acc=0.0% exact=0.0% nll=5.5043
[retrieval]    niah len=128k depth= 0.1: token_acc=0.0% exact=0.0% nll=4.5272
[retrieval]    niah len=128k depth= 0.5: token_acc=0.0% exact=0.0% nll=4.5329
[retrieval]    niah len=128k depth= 0.9: token_acc=0.0% exact=0.0% nll=4.6794
[retrieval]    niah len=256k depth= 0.1: token_acc=0.0% exact=0.0% nll=5.2552
[retrieval]    niah len=256k depth= 0.5: token_acc=0.0% exact=0.0% nll=5.2753
[retrieval]    niah len=256k depth= 0.9: token_acc=0.0% exact=0.0% nll=5.3402

[retrieval] teacher-forced token accuracy %, per kind (rows=length, cols=depth):
  passkey:
    len     0.1    0.5    0.9
      2k  100.0  100.0   96.0
      4k   20.0   98.0   96.0
      8k    0.0   50.0   98.0
     16k    0.0    0.0   38.0
     32k    0.0    0.0   40.0
     64k    0.0    0.0   22.0
    128k    0.0    2.0    2.0
    256k    0.0    0.0    0.0
  niah:
    len     0.1    0.5    0.9
      2k  100.0  100.0   98.0
      4k   72.0   94.0  100.0
      8k    2.0    0.0   70.0
     16k    0.0    0.0   36.0
     32k    0.0    0.0   48.0
     64k    0.0    0.0    0.0
    128k    0.0    0.0    0.0
    256k    0.0    0.0    0.0

===RETRIEVAL_RESULTS_JSON===
{"benchmark": "retrieval", "protocol": "teacher-forced-needle-v2", "kinds": ["passkey", "niah"], "lengths": ["2k", "4k", "8k", "16k", "32k", "64k", "128k", "256k"], "depths": [0.1, 0.5, 0.9], "num_samples": 10, "value_tokens": 5, "seed": 1234, "paired_across_lengths_and_depths": true, "haystack": "codelion/finepdfs-1B", "haystack_revision": null, "results": {"passkey": {"2k": {"0.1": 100.0, "0.5": 100.0, "0.9": 96.0}, "4k": {"0.1": 20.0, "0.5": 98.0, "0.9": 96.0}, "8k": {"0.1": 0.0, "0.5": 50.0, "0.9": 98.0}, "16k": {"0.1": 0.0, "0.5": 0.0, "0.9": 38.0}, "32k": {"0.1": 0.0, "0.5": 0.0, "0.9": 40.0}, "64k": {"0.1": 0.0, "0.5": 0.0, "0.9": 22.0}, "128k": {"0.1": 0.0, "0.5": 2.0, "0.9": 2.0}, "256k": {"0.1": 0.0, "0.5": 0.0, "0.9": 0.0}}, "niah": {"2k": {"0.1": 100.0, "0.5": 100.0, "0.9": 98.0}, "4k": {"0.1": 72.0, "0.5": 94.0, "0.9": 100.0}, "8k": {"0.1": 2.0, "0.5": 0.0, "0.9": 70.0}, "16k": {"0.1": 0.0, "0.5": 0.0, "0.9": 36.0}, "32k": {"0.1": 0.0, "0.5": 0.0, "0.9": 48.0}, "64k": {"0.1": 0.0, "0.5": 0.0, "0.9": 0.0}, "128k": {"0.1": 0.0, "0.5": 0.0, "0.9": 0.0}, "256k": {"0.1": 0.0, "0.5": 0.0, "0.9": 0.0}}}, "exact_results": {"passkey": {"2k": {"0.1": 100.0, "0.5": 100.0, "0.9": 80.0}, "4k": {"0.1": 0.0, "0.5": 90.0, "0.9": 80.0}, "8k": {"0.1": 0.0, "0.5": 0.0, "0.9": 90.0}, "16k": {"0.1": 0.0, "0.5": 0.0, "0.9": 0.0}, "32k": {"0.1": 0.0, "0.5": 0.0, "0.9": 0.0}, "64k": {"0.1": 0.0, "0.5": 0.0, "0.9": 0.0}, "128k": {"0.1": 0.0, "0.5": 0.0, "0.9": 0.0}, "256k": {"0.1": 0.0, "0.5": 0.0, "0.9": 0.0}}, "niah": {"2k": {"0.1": 100.0, "0.5": 100.0, "0.9": 90.0}, "4k": {"0.1": 50.0, "0.5": 70.0, "0.9": 100.0}, "8k": {"0.1": 0.0, "0.5": 0.0, "0.9": 0.0}, "16k": {"0.1": 0.0, "0.5": 0.0, "0.9": 0.0}, "32k": {"0.1": 0.0, "0.5": 0.0, "0.9": 0.0}, "64k": {"0.1": 0.0, "0.5": 0.0, "0.9": 0.0}, "128k": {"0.1": 0.0, "0.5": 0.0, "0.9": 0.0}, "256k": {"0.1": 0.0, "0.5": 0.0, "0.9": 0.0}}}, "nll_results": {"passkey": {"2k": {"0.1": 0.11793103456497192, "0.5": 0.1890063488483429, "0.9": 0.22506751656532287}, "4k": {"0.1": 3.1593629789352415, "0.5": 0.2834256982803345, "0.9": 0.23486592650413513}, "8k": {"0.1": 5.317263221740722, "0.5": 3.0182686042785645, "0.9": 0.5420067381858825}, "16k": {"0.1": 5.443040924072266, "0.5": 5.2030375289916995, "0.9": 3.1650993537902834}, "32k": {"0.1": 5.469201316833496, "0.5": 5.476446838378906, "0.9": 3.189733486175537}, "64k": {"0.1": 6.635907096862793, "0.5": 6.653377914428711, "0.9": 4.644968757629394}, "128k": {"0.1": 5.232306137084961, "0.5": 5.090732307434082, "0.9": 5.194601402282715}, "256k": {"0.1": 5.344526100158691, "0.5": 5.3580280303955075, "0.9": 5.329025459289551}}, "niah": {"2k": {"0.1": 0.12523974120616913, "0.5": 0.25121450185775757, "0.9": 0.3262500262260437}, "4k": {"0.1": 1.5904469251632691, "0.5": 0.44366366386413575, "0.9": 0.15003373026847838}, "8k": {"0.1": 4.479205551147461, "0.5": 4.011903457641601, "0.9": 0.9331953763961792}, "16k": {"0.1": 5.220146598815918, "0.5": 5.138260231018067, "0.9": 2.0132791233062743}, "32k": {"0.1": 5.118857154846191, "0.5": 5.1192294692993165, "0.9": 2.19698899269104}, "64k": {"0.1": 5.927787132263184, "0.5": 5.936887092590332, "0.9": 5.504319229125977}, "128k": {"0.1": 4.527248229980469, "0.5": 4.53285846710205, "0.9": 4.679389457702637}, "256k": {"0.1": 5.255173149108887, "0.5": 5.275308876037598, "0.9": 5.340161895751953}}}, "oom_cells": [], "elapsed_s": 337.4, "unsupported_checkpoint": false, "model_config": {"vocab_size": 50304, "num_hidden_layers": 16, "hidden_size": 1024, "head_dim": 128, "attn_kernel_size": 4, "conv_kernel_size": 3, "max_position_embeddings": 2048, "rms_norm_eps": 1e-06, "dtype": "torch.bfloat16", "tie_word_embeddings": false, "num_random_keys": 0, "attn_online": false, "attn_k_block": 512, "attn_kernel": "triton", "attn_type": "polar", "polar_variant": "full", "wall_gate_bias": null, "attn_window": 512, "mem_enabled": true, "mem_chunk": 128, "mem_gamma_bias": 3.9, "mem_beta_bias": 0.0, "mem_kernel": "auto", "is_foveal": true, "foveal_config": {"checkpoint": "ChavyvAkvar/atma-10b-L40S-mbs16-polar__reg-baseline__distr-0__mem-1__win-0", "train_glob": "finewebedu10B/finewebedu_train_*.bin", "output_dir": "foveal_cpt/output/polar/lm_output_kl", "hf_cache": null, "dataset_repo": "kjj0/finewebedu10B-gpt2", "dataset_train_template": "finewebedu_train_{index:06d}.bin", "dataset_validation_file": "finewebedu_val_000000.bin", "auto_download_data": true, "adaptation_mode": "lm_output_kl", "sequence_length": 32768, "batch_tokens": 524288, "microbatch_sequences": 1, "train_tokens": 1000000000, "index_dim": 16, "page_size": 64, "query_block_size": 64, "local_window": 512, "remote_capacity": 64, "top_p": 0.95, "min_remote_pages": 0, "max_remote_pages": 32, "handoff_start_tokens": 50000000, "handoff_end_tokens": 200000000, "initial_top_p": 0.98, "initial_min_remote_pages": 8, "initial_max_remote_pages": 64, "teacher_query_blocks": 4, "teacher_interval": 1, "index_loss_weight": 0.1, "teacher_mean_weight": 0.5, "activation_checkpointing": false, "compile_model": true, "flex_compile": true, "flex_kernel_options": {"BLOCK_M": 64, "BLOCK_N": 64, "PRESCALE_QK": true}, "xent_impl": "eager", "xent_token_chunk": 4096, "xent_vocab_chunk": 2048, "base_lr_scale": 0.1, "index_lr": 0.001, "weight_decay": 0.01, "cooldown_fraction": 0.7, "grad_clip": 1.0, "log_every": 10, "save_every": 250, "keep_last_checkpoints": 1, "seed": 1234, "calibration_sequence_length": 4096, "calibration_batch_tokens": 65536, "calibration_tokens": 20000000, "calibration_lr": 0.001}, "adaptation_mode": "lm_output_kl", "base_checkpoint": "ChavyvAkvar/atma-10b-L40S-mbs16-polar__reg-baseline__distr-0__mem-1__win-0", "sequence_length": 32768, "local_window": 512}, "model_unsupported": [], "serving_metrics": null}
===END===
[run] done in 337.4s -> /home/sagemaker-user/atma/benchmarks/logs/foveal_cpt/retrieval_retrieval_real_polar_lm_output_kl_8913eb65e0.log
