[run] benchmark=retrieval model=/home/sagemaker-user/.cache/huggingface/hub/models--ChavyvAkvar--atma-foveal-cpt-all/snapshots/e4cf2558793646c26d9e5a6c6eeadb4e1011cad3/polar/kl/cpt tasks=['passkey', 'niah'] lengths=['2k', '4k', '8k', '16k', '32k', '64k', '128k', '256k'] samples=10 gamma_clamp=None
[retrieval] passkey len=  2k depth= 0.1: token_acc=94.0% exact=70.0% nll=1.0325
[retrieval] passkey len=  2k depth= 0.5: token_acc=100.0% exact=100.0% nll=0.7512
[retrieval] passkey len=  2k depth= 0.9: token_acc=98.0% exact=90.0% nll=0.2408
[retrieval] passkey len=  4k depth= 0.1: token_acc=92.0% exact=60.0% nll=1.0228
[retrieval] passkey len=  4k depth= 0.5: token_acc=88.0% exact=60.0% nll=1.1862
[retrieval] passkey len=  4k depth= 0.9: token_acc=96.0% exact=80.0% nll=0.1834
[retrieval] passkey len=  8k depth= 0.1: token_acc=90.0% exact=60.0% nll=1.1001
[retrieval] passkey len=  8k depth= 0.5: token_acc=94.0% exact=70.0% nll=1.0062
[retrieval] passkey len=  8k depth= 0.9: token_acc=84.0% exact=40.0% nll=1.0732
[retrieval] passkey len= 16k depth= 0.1: token_acc=92.0% exact=60.0% nll=1.0089
[retrieval] passkey len= 16k depth= 0.5: token_acc=92.0% exact=60.0% nll=1.0711
[retrieval] passkey len= 16k depth= 0.9: token_acc=86.0% exact=40.0% nll=1.1909
[retrieval] passkey len= 32k depth= 0.1: token_acc=82.0% exact=30.0% nll=1.1740
[retrieval] passkey len= 32k depth= 0.5: token_acc=78.0% exact=40.0% nll=1.5419
[retrieval] passkey len= 32k depth= 0.9: token_acc=92.0% exact=70.0% nll=1.0191
[retrieval] passkey len= 64k depth= 0.1: token_acc=92.0% exact=60.0% nll=1.0187
[retrieval] passkey len= 64k depth= 0.5: token_acc=90.0% exact=60.0% nll=1.1845
[retrieval] passkey len= 64k depth= 0.9: token_acc=90.0% exact=50.0% nll=0.9385
[retrieval] passkey len=128k depth= 0.1: token_acc=80.0% exact=20.0% nll=1.2789
[retrieval] passkey len=128k depth= 0.5: token_acc=82.0% exact=40.0% nll=1.3541
[retrieval] passkey len=128k depth= 0.9: token_acc=86.0% exact=40.0% nll=1.0522
[retrieval] passkey len=256k depth= 0.1: token_acc=80.0% exact=40.0% nll=1.3345
[retrieval] passkey len=256k depth= 0.5: token_acc=58.0% exact=10.0% nll=2.1752
[retrieval] passkey len=256k depth= 0.9: token_acc=80.0% exact=30.0% nll=1.3520
[retrieval]    niah len=  2k depth= 0.1: token_acc=90.0% exact=50.0% nll=0.8873
[retrieval]    niah len=  2k depth= 0.5: token_acc=98.0% exact=90.0% nll=0.6092
[retrieval]    niah len=  2k depth= 0.9: token_acc=100.0% exact=100.0% nll=0.4212
[retrieval]    niah len=  4k depth= 0.1: token_acc=100.0% exact=100.0% nll=0.7845
[retrieval]    niah len=  4k depth= 0.5: token_acc=94.0% exact=70.0% nll=0.8490
[retrieval]    niah len=  4k depth= 0.9: token_acc=100.0% exact=100.0% nll=0.3498
[retrieval]    niah len=  8k depth= 0.1: token_acc=98.0% exact=90.0% nll=0.8089
[retrieval]    niah len=  8k depth= 0.5: token_acc=92.0% exact=60.0% nll=0.9916
[retrieval]    niah len=  8k depth= 0.9: token_acc=100.0% exact=100.0% nll=0.9151
[retrieval]    niah len= 16k depth= 0.1: token_acc=98.0% exact=90.0% nll=0.6918
[retrieval]    niah len= 16k depth= 0.5: token_acc=98.0% exact=90.0% nll=0.7331
[retrieval]    niah len= 16k depth= 0.9: token_acc=92.0% exact=60.0% nll=0.8925
[retrieval]    niah len= 32k depth= 0.1: token_acc=88.0% exact=40.0% nll=1.0360
[retrieval]    niah len= 32k depth= 0.5: token_acc=74.0% exact=0.0% nll=1.3867
[retrieval]    niah len= 32k depth= 0.9: token_acc=88.0% exact=50.0% nll=1.1412
[retrieval]    niah len= 64k depth= 0.1: token_acc=100.0% exact=100.0% nll=0.8552
[retrieval]    niah len= 64k depth= 0.5: token_acc=92.0% exact=60.0% nll=0.8994
[retrieval]    niah len= 64k depth= 0.9: token_acc=98.0% exact=90.0% nll=0.8531
[retrieval]    niah len=128k depth= 0.1: token_acc=96.0% exact=80.0% nll=0.6966
[retrieval]    niah len=128k depth= 0.5: token_acc=100.0% exact=100.0% nll=0.6702
[retrieval]    niah len=128k depth= 0.9: token_acc=94.0% exact=70.0% nll=0.7644
[retrieval]    niah len=256k depth= 0.1: token_acc=82.0% exact=20.0% nll=1.1253
[retrieval]    niah len=256k depth= 0.5: token_acc=92.0% exact=60.0% nll=1.1620
[retrieval]    niah len=256k depth= 0.9: token_acc=94.0% exact=70.0% nll=1.0449

[retrieval] teacher-forced token accuracy %, per kind (rows=length, cols=depth):
  passkey:
    len     0.1    0.5    0.9
      2k   94.0  100.0   98.0
      4k   92.0   88.0   96.0
      8k   90.0   94.0   84.0
     16k   92.0   92.0   86.0
     32k   82.0   78.0   92.0
     64k   92.0   90.0   90.0
    128k   80.0   82.0   86.0
    256k   80.0   58.0   80.0
  niah:
    len     0.1    0.5    0.9
      2k   90.0   98.0  100.0
      4k  100.0   94.0  100.0
      8k   98.0   92.0  100.0
     16k   98.0   98.0   92.0
     32k   88.0   74.0   88.0
     64k  100.0   92.0   98.0
    128k   96.0  100.0   94.0
    256k   82.0   92.0   94.0

===RETRIEVAL_RESULTS_JSON===
{"benchmark": "retrieval", "protocol": "teacher-forced-needle-v2", "kinds": ["passkey", "niah"], "lengths": ["2k", "4k", "8k", "16k", "32k", "64k", "128k", "256k"], "depths": [0.1, 0.5, 0.9], "num_samples": 10, "value_tokens": 5, "seed": 1234, "paired_across_lengths_and_depths": true, "haystack": "synthetic-filler", "haystack_revision": null, "results": {"passkey": {"2k": {"0.1": 94.0, "0.5": 100.0, "0.9": 98.0}, "4k": {"0.1": 92.0, "0.5": 88.0, "0.9": 96.0}, "8k": {"0.1": 90.0, "0.5": 94.0, "0.9": 84.0}, "16k": {"0.1": 92.0, "0.5": 92.0, "0.9": 86.0}, "32k": {"0.1": 82.0, "0.5": 78.0, "0.9": 92.0}, "64k": {"0.1": 92.0, "0.5": 90.0, "0.9": 90.0}, "128k": {"0.1": 80.0, "0.5": 82.0, "0.9": 86.0}, "256k": {"0.1": 80.0, "0.5": 58.0, "0.9": 80.0}}, "niah": {"2k": {"0.1": 90.0, "0.5": 98.0, "0.9": 100.0}, "4k": {"0.1": 100.0, "0.5": 94.0, "0.9": 100.0}, "8k": {"0.1": 98.0, "0.5": 92.0, "0.9": 100.0}, "16k": {"0.1": 98.0, "0.5": 98.0, "0.9": 92.0}, "32k": {"0.1": 88.0, "0.5": 74.0, "0.9": 88.0}, "64k": {"0.1": 100.0, "0.5": 92.0, "0.9": 98.0}, "128k": {"0.1": 96.0, "0.5": 100.0, "0.9": 94.0}, "256k": {"0.1": 82.0, "0.5": 92.0, "0.9": 94.0}}}, "exact_results": {"passkey": {"2k": {"0.1": 70.0, "0.5": 100.0, "0.9": 90.0}, "4k": {"0.1": 60.0, "0.5": 60.0, "0.9": 80.0}, "8k": {"0.1": 60.0, "0.5": 70.0, "0.9": 40.0}, "16k": {"0.1": 60.0, "0.5": 60.0, "0.9": 40.0}, "32k": {"0.1": 30.0, "0.5": 40.0, "0.9": 70.0}, "64k": {"0.1": 60.0, "0.5": 60.0, "0.9": 50.0}, "128k": {"0.1": 20.0, "0.5": 40.0, "0.9": 40.0}, "256k": {"0.1": 40.0, "0.5": 10.0, "0.9": 30.0}}, "niah": {"2k": {"0.1": 50.0, "0.5": 90.0, "0.9": 100.0}, "4k": {"0.1": 100.0, "0.5": 70.0, "0.9": 100.0}, "8k": {"0.1": 90.0, "0.5": 60.0, "0.9": 100.0}, "16k": {"0.1": 90.0, "0.5": 90.0, "0.9": 60.0}, "32k": {"0.1": 40.0, "0.5": 0.0, "0.9": 50.0}, "64k": {"0.1": 100.0, "0.5": 60.0, "0.9": 90.0}, "128k": {"0.1": 80.0, "0.5": 100.0, "0.9": 70.0}, "256k": {"0.1": 20.0, "0.5": 60.0, "0.9": 70.0}}}, "nll_results": {"passkey": {"2k": {"0.1": 1.0325313091278077, "0.5": 0.7512070298194885, "0.9": 0.2408176839351654}, "4k": {"0.1": 1.0227801132202148, "0.5": 1.18624831199646, "0.9": 0.18341998934745787}, "8k": {"0.1": 1.1001015663146974, "0.5": 1.0061868619918823, "0.9": 1.073212399482727}, "16k": {"0.1": 1.0088998365402222, "0.5": 1.0711076164245605, "0.9": 1.1909078168869018}, "32k": {"0.1": 1.1739857482910157, "0.5": 1.5419146156311034, "0.9": 1.0190689706802367}, "64k": {"0.1": 1.0186960411071777, "0.5": 1.1845210218429565, "0.9": 0.9384697961807251}, "128k": {"0.1": 1.278891077041626, "0.5": 1.3540544414520264, "0.9": 1.0522402477264405}, "256k": {"0.1": 1.334533281326294, "0.5": 2.175168581008911, "0.9": 1.352027072906494}}, "niah": {"2k": {"0.1": 0.8873221063613892, "0.5": 0.6091674613952637, "0.9": 0.4212284398078918}, "4k": {"0.1": 0.7844921684265137, "0.5": 0.8490322017669678, "0.9": 0.3498430585861206}, "8k": {"0.1": 0.808868203163147, "0.5": 0.991590085029602, "0.9": 0.915090537071228}, "16k": {"0.1": 0.6917813062667847, "0.5": 0.7331047105789185, "0.9": 0.892471251487732}, "32k": {"0.1": 1.0359913539886474, "0.5": 1.3866563320159913, "0.9": 1.141230401992798}, "64k": {"0.1": 0.8552051448822021, "0.5": 0.8993995857238769, "0.9": 0.853051438331604}, "128k": {"0.1": 0.6965645551681519, "0.5": 0.6701910281181336, "0.9": 0.7643518686294556}, "256k": {"0.1": 1.1252739334106445, "0.5": 1.1619505596160888, "0.9": 1.0448963451385498}}}, "oom_cells": [], "elapsed_s": 327.0, "unsupported_checkpoint": false, "model_config": {"vocab_size": 50304, "num_hidden_layers": 16, "hidden_size": 1024, "head_dim": 128, "attn_kernel_size": 4, "conv_kernel_size": 3, "max_position_embeddings": 2048, "rms_norm_eps": 1e-06, "dtype": "torch.bfloat16", "tie_word_embeddings": false, "num_random_keys": 0, "attn_online": false, "attn_k_block": 512, "attn_kernel": "triton", "attn_type": "polar", "polar_variant": "full", "wall_gate_bias": null, "attn_window": 512, "mem_enabled": true, "mem_chunk": 128, "mem_gamma_bias": 3.9, "mem_beta_bias": 0.0, "mem_kernel": "auto", "is_foveal": true, "foveal_config": {"checkpoint": "ChavyvAkvar/atma-10b-L40S-mbs16-polar__reg-baseline__distr-0__mem-1__win-0", "train_glob": "finewebedu10B/finewebedu_train_*.bin", "output_dir": "foveal_cpt/output/polar/kl", "hf_cache": null, "dataset_repo": "kjj0/finewebedu10B-gpt2", "dataset_train_template": "finewebedu_train_{index:06d}.bin", "dataset_validation_file": "finewebedu_val_000000.bin", "auto_download_data": true, "adaptation_mode": "kl", "sequence_length": 32768, "batch_tokens": 524288, "microbatch_sequences": 1, "train_tokens": 1000000000, "index_dim": 16, "page_size": 64, "query_block_size": 64, "local_window": 512, "remote_capacity": 64, "top_p": 0.95, "min_remote_pages": 0, "max_remote_pages": 32, "handoff_start_tokens": 50000000, "handoff_end_tokens": 200000000, "initial_top_p": 0.98, "initial_min_remote_pages": 8, "initial_max_remote_pages": 64, "teacher_query_blocks": 4, "teacher_interval": 1, "index_loss_weight": 0.1, "teacher_mean_weight": 0.5, "activation_checkpointing": false, "compile_model": true, "flex_compile": true, "flex_kernel_options": {"BLOCK_M": 64, "BLOCK_N": 64, "PRESCALE_QK": true}, "xent_impl": "eager", "xent_token_chunk": 4096, "xent_vocab_chunk": 2048, "base_lr_scale": 0.1, "index_lr": 0.001, "weight_decay": 0.01, "cooldown_fraction": 0.7, "grad_clip": 1.0, "log_every": 10, "save_every": 250, "keep_last_checkpoints": 1, "seed": 1234, "calibration_sequence_length": 4096, "calibration_batch_tokens": 65536, "calibration_tokens": 20000000, "calibration_lr": 0.001}, "adaptation_mode": "kl", "base_checkpoint": "ChavyvAkvar/atma-10b-L40S-mbs16-polar__reg-baseline__distr-0__mem-1__win-0", "sequence_length": 32768, "local_window": 512}, "model_unsupported": [], "serving_metrics": null}
===END===
[run] done in 327.0s -> /home/sagemaker-user/atma/benchmarks/logs/foveal_cpt/retrieval_retrieval_synthetic_polar_kl_4b6cb311e4.log
