[run] benchmark=retrieval model=/home/sagemaker-user/.cache/huggingface/hub/models--ChavyvAkvar--atma-foveal-cpt-all/snapshots/e4cf2558793646c26d9e5a6c6eeadb4e1011cad3/rope/lm_output_kl/cpt tasks=['passkey', 'niah'] lengths=['2k', '4k', '8k', '16k', '32k', '64k', '128k', '256k'] samples=10 gamma_clamp=None
[retrieval] passkey len=  2k depth= 0.1: token_acc=92.0% exact=60.0% nll=0.6492
[retrieval] passkey len=  2k depth= 0.5: token_acc=80.0% exact=20.0% nll=0.9680
[retrieval] passkey len=  2k depth= 0.9: token_acc=96.0% exact=80.0% nll=0.2549
[retrieval] passkey len=  4k depth= 0.1: token_acc=0.0% exact=0.0% nll=5.2751
[retrieval] passkey len=  4k depth= 0.5: token_acc=32.0% exact=0.0% nll=2.9193
[retrieval] passkey len=  4k depth= 0.9: token_acc=96.0% exact=80.0% nll=0.3161
[retrieval] passkey len=  8k depth= 0.1: token_acc=2.0% exact=0.0% nll=5.4945
[retrieval] passkey len=  8k depth= 0.5: token_acc=30.0% exact=0.0% nll=4.4394
[retrieval] passkey len=  8k depth= 0.9: token_acc=92.0% exact=60.0% nll=0.3710
[retrieval] passkey len= 16k depth= 0.1: token_acc=2.0% exact=0.0% nll=5.2820
[retrieval] passkey len= 16k depth= 0.5: token_acc=2.0% exact=0.0% nll=5.2620
[retrieval] passkey len= 16k depth= 0.9: token_acc=2.0% exact=0.0% nll=5.2263
[retrieval] passkey len= 32k depth= 0.1: token_acc=0.0% exact=0.0% nll=5.3575
[retrieval] passkey len= 32k depth= 0.5: token_acc=0.0% exact=0.0% nll=5.3495
[retrieval] passkey len= 32k depth= 0.9: token_acc=0.0% exact=0.0% nll=5.3432
[retrieval] passkey len= 64k depth= 0.1: token_acc=0.0% exact=0.0% nll=6.3406
[retrieval] passkey len= 64k depth= 0.5: token_acc=0.0% exact=0.0% nll=6.2886
[retrieval] passkey len= 64k depth= 0.9: token_acc=74.0% exact=20.0% nll=1.3946
[retrieval] passkey len=128k depth= 0.1: token_acc=0.0% exact=0.0% nll=4.7676
[retrieval] passkey len=128k depth= 0.5: token_acc=0.0% exact=0.0% nll=4.7809
[retrieval] passkey len=128k depth= 0.9: token_acc=0.0% exact=0.0% nll=4.7701
[retrieval] passkey len=256k depth= 0.1: token_acc=0.0% exact=0.0% nll=5.8203
[retrieval] passkey len=256k depth= 0.5: token_acc=0.0% exact=0.0% nll=5.7972
[retrieval] passkey len=256k depth= 0.9: token_acc=34.0% exact=0.0% nll=3.9971
[retrieval]    niah len=  2k depth= 0.1: token_acc=84.0% exact=40.0% nll=1.1735
[retrieval]    niah len=  2k depth= 0.5: token_acc=92.0% exact=60.0% nll=0.4901
[retrieval]    niah len=  2k depth= 0.9: token_acc=88.0% exact=40.0% nll=0.4231
[retrieval]    niah len=  4k depth= 0.1: token_acc=2.0% exact=0.0% nll=4.8362
[retrieval]    niah len=  4k depth= 0.5: token_acc=32.0% exact=0.0% nll=3.0264
[retrieval]    niah len=  4k depth= 0.9: token_acc=90.0% exact=50.0% nll=0.5410
[retrieval]    niah len=  8k depth= 0.1: token_acc=0.0% exact=0.0% nll=4.7560
[retrieval]    niah len=  8k depth= 0.5: token_acc=18.0% exact=0.0% nll=3.8113
[retrieval]    niah len=  8k depth= 0.9: token_acc=92.0% exact=70.0% nll=0.3515
[retrieval]    niah len= 16k depth= 0.1: token_acc=4.0% exact=0.0% nll=4.8184
[retrieval]    niah len= 16k depth= 0.5: token_acc=4.0% exact=0.0% nll=4.6726
[retrieval]    niah len= 16k depth= 0.9: token_acc=4.0% exact=0.0% nll=4.8266
[retrieval]    niah len= 32k depth= 0.1: token_acc=2.0% exact=0.0% nll=4.9901
[retrieval]    niah len= 32k depth= 0.5: token_acc=2.0% exact=0.0% nll=4.9839
[retrieval]    niah len= 32k depth= 0.9: token_acc=2.0% exact=0.0% nll=4.9697
[retrieval]    niah len= 64k depth= 0.1: token_acc=0.0% exact=0.0% nll=5.5382
[retrieval]    niah len= 64k depth= 0.5: token_acc=4.0% exact=0.0% nll=5.1097
[retrieval]    niah len= 64k depth= 0.9: token_acc=88.0% exact=60.0% nll=1.1284
[retrieval]    niah len=128k depth= 0.1: token_acc=0.0% exact=0.0% nll=4.4588
[retrieval]    niah len=128k depth= 0.5: token_acc=0.0% exact=0.0% nll=4.4259
[retrieval]    niah len=128k depth= 0.9: token_acc=0.0% exact=0.0% nll=4.4384
[retrieval]    niah len=256k depth= 0.1: token_acc=0.0% exact=0.0% nll=4.9765
[retrieval]    niah len=256k depth= 0.5: token_acc=0.0% exact=0.0% nll=4.9941
[retrieval]    niah len=256k depth= 0.9: token_acc=42.0% exact=0.0% nll=2.2339

[retrieval] teacher-forced token accuracy %, per kind (rows=length, cols=depth):
  passkey:
    len     0.1    0.5    0.9
      2k   92.0   80.0   96.0
      4k    0.0   32.0   96.0
      8k    2.0   30.0   92.0
     16k    2.0    2.0    2.0
     32k    0.0    0.0    0.0
     64k    0.0    0.0   74.0
    128k    0.0    0.0    0.0
    256k    0.0    0.0   34.0
  niah:
    len     0.1    0.5    0.9
      2k   84.0   92.0   88.0
      4k    2.0   32.0   90.0
      8k    0.0   18.0   92.0
     16k    4.0    4.0    4.0
     32k    2.0    2.0    2.0
     64k    0.0    4.0   88.0
    128k    0.0    0.0    0.0
    256k    0.0    0.0   42.0

===RETRIEVAL_RESULTS_JSON===
{"benchmark": "retrieval", "protocol": "teacher-forced-needle-v2", "kinds": ["passkey", "niah"], "lengths": ["2k", "4k", "8k", "16k", "32k", "64k", "128k", "256k"], "depths": [0.1, 0.5, 0.9], "num_samples": 10, "value_tokens": 5, "seed": 1234, "paired_across_lengths_and_depths": true, "haystack": "codelion/finepdfs-1B", "haystack_revision": null, "results": {"passkey": {"2k": {"0.1": 92.0, "0.5": 80.0, "0.9": 96.0}, "4k": {"0.1": 0.0, "0.5": 32.0, "0.9": 96.0}, "8k": {"0.1": 2.0, "0.5": 30.0, "0.9": 92.0}, "16k": {"0.1": 2.0, "0.5": 2.0, "0.9": 2.0}, "32k": {"0.1": 0.0, "0.5": 0.0, "0.9": 0.0}, "64k": {"0.1": 0.0, "0.5": 0.0, "0.9": 74.0}, "128k": {"0.1": 0.0, "0.5": 0.0, "0.9": 0.0}, "256k": {"0.1": 0.0, "0.5": 0.0, "0.9": 34.0}}, "niah": {"2k": {"0.1": 84.0, "0.5": 92.0, "0.9": 88.0}, "4k": {"0.1": 2.0, "0.5": 32.0, "0.9": 90.0}, "8k": {"0.1": 0.0, "0.5": 18.0, "0.9": 92.0}, "16k": {"0.1": 4.0, "0.5": 4.0, "0.9": 4.0}, "32k": {"0.1": 2.0, "0.5": 2.0, "0.9": 2.0}, "64k": {"0.1": 0.0, "0.5": 4.0, "0.9": 88.0}, "128k": {"0.1": 0.0, "0.5": 0.0, "0.9": 0.0}, "256k": {"0.1": 0.0, "0.5": 0.0, "0.9": 42.0}}}, "exact_results": {"passkey": {"2k": {"0.1": 60.0, "0.5": 20.0, "0.9": 80.0}, "4k": {"0.1": 0.0, "0.5": 0.0, "0.9": 80.0}, "8k": {"0.1": 0.0, "0.5": 0.0, "0.9": 60.0}, "16k": {"0.1": 0.0, "0.5": 0.0, "0.9": 0.0}, "32k": {"0.1": 0.0, "0.5": 0.0, "0.9": 0.0}, "64k": {"0.1": 0.0, "0.5": 0.0, "0.9": 20.0}, "128k": {"0.1": 0.0, "0.5": 0.0, "0.9": 0.0}, "256k": {"0.1": 0.0, "0.5": 0.0, "0.9": 0.0}}, "niah": {"2k": {"0.1": 40.0, "0.5": 60.0, "0.9": 40.0}, "4k": {"0.1": 0.0, "0.5": 0.0, "0.9": 50.0}, "8k": {"0.1": 0.0, "0.5": 0.0, "0.9": 70.0}, "16k": {"0.1": 0.0, "0.5": 0.0, "0.9": 0.0}, "32k": {"0.1": 0.0, "0.5": 0.0, "0.9": 0.0}, "64k": {"0.1": 0.0, "0.5": 0.0, "0.9": 60.0}, "128k": {"0.1": 0.0, "0.5": 0.0, "0.9": 0.0}, "256k": {"0.1": 0.0, "0.5": 0.0, "0.9": 0.0}}}, "nll_results": {"passkey": {"2k": {"0.1": 0.6491755747795105, "0.5": 0.9679916286468506, "0.9": 0.2549312436580658}, "4k": {"0.1": 5.275122146606446, "0.5": 2.91933292388916, "0.9": 0.3161169135570526}, "8k": {"0.1": 5.494525604248047, "0.5": 4.439382781982422, "0.9": 0.3709737992286682}, "16k": {"0.1": 5.282031021118164, "0.5": 5.262049331665039, "0.9": 5.226323547363282}, "32k": {"0.1": 5.357475624084473, "0.5": 5.349450988769531, "0.9": 5.343248634338379}, "64k": {"0.1": 6.340625953674317, "0.5": 6.288630027770996, "0.9": 1.3946112775802613}, "128k": {"0.1": 4.767638931274414, "0.5": 4.780943641662597, "0.9": 4.770065422058106}, "256k": {"0.1": 5.820316772460938, "0.5": 5.797152099609375, "0.9": 3.9971483039855955}}, "niah": {"2k": {"0.1": 1.1734824562072754, "0.5": 0.49012346029281617, "0.9": 0.42306827545166015}, "4k": {"0.1": 4.836159057617188, "0.5": 3.0263937950134276, "0.9": 0.540991084575653}, "8k": {"0.1": 4.755964202880859, "0.5": 3.8113362312316896, "0.9": 0.3515236508846283}, "16k": {"0.1": 4.818350410461425, "0.5": 4.672573051452637, "0.9": 4.826565475463867}, "32k": {"0.1": 4.990056114196777, "0.5": 4.983879508972168, "0.9": 4.969708175659179}, "64k": {"0.1": 5.538210754394531, "0.5": 5.109715385437012, "0.9": 1.1284394121170045}, "128k": {"0.1": 4.458762168884277, "0.5": 4.42585018157959, "0.9": 4.438388977050781}, "256k": {"0.1": 4.976488914489746, "0.5": 4.99405517578125, "0.9": 2.2338561248779296}}}, "oom_cells": [], "elapsed_s": 380.3, "unsupported_checkpoint": false, "model_config": {"vocab_size": 50304, "num_hidden_layers": 16, "hidden_size": 1024, "head_dim": 128, "attn_kernel_size": 4, "conv_kernel_size": 3, "max_position_embeddings": 2048, "rms_norm_eps": 1e-06, "dtype": "torch.bfloat16", "tie_word_embeddings": false, "num_random_keys": 0, "attn_online": false, "attn_k_block": 512, "attn_kernel": "triton", "attn_type": "rope", "polar_variant": "full", "wall_gate_bias": null, "attn_window": 512, "mem_enabled": true, "mem_chunk": 128, "mem_gamma_bias": 3.9, "mem_beta_bias": 0.0, "mem_kernel": "auto", "is_foveal": true, "foveal_config": {"checkpoint": "ChavyvAkvar/atma-10b-L40S-mbs16-rope__reg-baseline__distr-0__mem-1__win-0", "train_glob": "finewebedu10B/finewebedu_train_*.bin", "output_dir": "foveal_cpt/output/rope/lm_output_kl", "hf_cache": null, "dataset_repo": "kjj0/finewebedu10B-gpt2", "dataset_train_template": "finewebedu_train_{index:06d}.bin", "dataset_validation_file": "finewebedu_val_000000.bin", "auto_download_data": true, "adaptation_mode": "lm_output_kl", "sequence_length": 32768, "batch_tokens": 524288, "microbatch_sequences": 1, "train_tokens": 1000000000, "index_dim": 16, "page_size": 64, "query_block_size": 64, "local_window": 512, "remote_capacity": 64, "top_p": 0.95, "min_remote_pages": 0, "max_remote_pages": 32, "handoff_start_tokens": 50000000, "handoff_end_tokens": 200000000, "initial_top_p": 0.98, "initial_min_remote_pages": 8, "initial_max_remote_pages": 64, "teacher_query_blocks": 4, "teacher_interval": 1, "index_loss_weight": 0.1, "teacher_mean_weight": 0.5, "activation_checkpointing": false, "compile_model": true, "flex_compile": true, "flex_kernel_options": {"BLOCK_M": 64, "BLOCK_N": 64, "PRESCALE_QK": true}, "xent_impl": "eager", "xent_token_chunk": 4096, "xent_vocab_chunk": 2048, "base_lr_scale": 0.1, "index_lr": 0.001, "weight_decay": 0.01, "cooldown_fraction": 0.7, "grad_clip": 1.0, "log_every": 10, "save_every": 250, "keep_last_checkpoints": 1, "seed": 1234, "calibration_sequence_length": 4096, "calibration_batch_tokens": 65536, "calibration_tokens": 20000000, "calibration_lr": 0.001}, "adaptation_mode": "lm_output_kl", "base_checkpoint": "ChavyvAkvar/atma-10b-L40S-mbs16-rope__reg-baseline__distr-0__mem-1__win-0", "sequence_length": 32768, "local_window": 512}, "model_unsupported": [], "serving_metrics": null}
===END===
[run] done in 380.3s -> /home/sagemaker-user/atma/benchmarks/logs/foveal_cpt/retrieval_retrieval_real_rope_lm_output_kl_300f1a5270.log
