You are using version 1 of 'kernels-community/causal-conv1d', but version 2 is available.
[run] benchmark=retrieval model=/home/sagemaker-user/.cache/huggingface/hub/models--ChavyvAkvar--atma-foveal-cpt-all/snapshots/e4cf2558793646c26d9e5a6c6eeadb4e1011cad3/polar/local/cpt tasks=['passkey', 'niah'] lengths=['2k', '4k', '8k', '16k', '32k', '64k', '128k', '256k'] samples=10 gamma_clamp=None

Fetching 8 files:   0%|          | 0/8 [00:00<?, ?it/s]
Fetching 8 files: 100%|██████████| 8/8 [00:00<00:00, 1612.11it/s]

Fetching 4 files:   0%|          | 0/4 [00:00<?, ?it/s]
Fetching 4 files: 100%|██████████| 4/4 [00:00<00:00, 1655.70it/s]

Fetching 4 files:   0%|          | 0/4 [00:00<?, ?it/s]
Fetching 4 files: 100%|██████████| 4/4 [00:00<00:00, 1566.65it/s]
[retrieval] passkey len=  2k depth= 0.1: token_acc=0.0% exact=0.0% nll=5.5183
[retrieval] passkey len=  2k depth= 0.5: token_acc=0.0% exact=0.0% nll=5.5100
[retrieval] passkey len=  2k depth= 0.9: token_acc=96.0% exact=80.0% nll=0.2484
[retrieval] passkey len=  4k depth= 0.1: token_acc=0.0% exact=0.0% nll=5.7547
[retrieval] passkey len=  4k depth= 0.5: token_acc=0.0% exact=0.0% nll=5.7207
[retrieval] passkey len=  4k depth= 0.9: token_acc=98.0% exact=90.0% nll=0.2758
[retrieval] passkey len=  8k depth= 0.1: token_acc=2.0% exact=0.0% nll=5.3188
[retrieval] passkey len=  8k depth= 0.5: token_acc=0.0% exact=0.0% nll=5.3137
[retrieval] passkey len=  8k depth= 0.9: token_acc=0.0% exact=0.0% nll=5.2384
[retrieval] passkey len= 16k depth= 0.1: token_acc=0.0% exact=0.0% nll=5.5541
[retrieval] passkey len= 16k depth= 0.5: token_acc=0.0% exact=0.0% nll=5.5527
[retrieval] passkey len= 16k depth= 0.9: token_acc=0.0% exact=0.0% nll=5.5163
[retrieval] passkey len= 32k depth= 0.1: token_acc=0.0% exact=0.0% nll=5.5231
[retrieval] passkey len= 32k depth= 0.5: token_acc=0.0% exact=0.0% nll=5.5197
[retrieval] passkey len= 32k depth= 0.9: token_acc=0.0% exact=0.0% nll=5.4790
[retrieval] passkey len= 64k depth= 0.1: token_acc=2.0% exact=0.0% nll=6.6411
[retrieval] passkey len= 64k depth= 0.5: token_acc=2.0% exact=0.0% nll=6.6437
[retrieval] passkey len= 64k depth= 0.9: token_acc=2.0% exact=0.0% nll=6.6298
[retrieval] passkey len=128k depth= 0.1: token_acc=2.0% exact=0.0% nll=5.1226
[retrieval] passkey len=128k depth= 0.5: token_acc=2.0% exact=0.0% nll=5.1239
[retrieval] passkey len=128k depth= 0.9: token_acc=2.0% exact=0.0% nll=5.1259
[retrieval] passkey len=256k depth= 0.1: token_acc=0.0% exact=0.0% nll=5.4452
[retrieval] passkey len=256k depth= 0.5: token_acc=0.0% exact=0.0% nll=5.4463
[retrieval] passkey len=256k depth= 0.9: token_acc=0.0% exact=0.0% nll=5.4383
[retrieval]    niah len=  2k depth= 0.1: token_acc=0.0% exact=0.0% nll=5.0263
[retrieval]    niah len=  2k depth= 0.5: token_acc=0.0% exact=0.0% nll=5.0374
[retrieval]    niah len=  2k depth= 0.9: token_acc=98.0% exact=90.0% nll=0.3691
[retrieval]    niah len=  4k depth= 0.1: token_acc=0.0% exact=0.0% nll=5.4865
[retrieval]    niah len=  4k depth= 0.5: token_acc=0.0% exact=0.0% nll=5.4256
[retrieval]    niah len=  4k depth= 0.9: token_acc=100.0% exact=100.0% nll=0.1939
[retrieval]    niah len=  8k depth= 0.1: token_acc=0.0% exact=0.0% nll=4.3327
[retrieval]    niah len=  8k depth= 0.5: token_acc=0.0% exact=0.0% nll=4.3270
[retrieval]    niah len=  8k depth= 0.9: token_acc=0.0% exact=0.0% nll=4.2528
[retrieval]    niah len= 16k depth= 0.1: token_acc=0.0% exact=0.0% nll=5.2123
[retrieval]    niah len= 16k depth= 0.5: token_acc=0.0% exact=0.0% nll=5.2093
[retrieval]    niah len= 16k depth= 0.9: token_acc=0.0% exact=0.0% nll=5.1758
[retrieval]    niah len= 32k depth= 0.1: token_acc=0.0% exact=0.0% nll=5.0537
[retrieval]    niah len= 32k depth= 0.5: token_acc=0.0% exact=0.0% nll=5.0506
[retrieval]    niah len= 32k depth= 0.9: token_acc=0.0% exact=0.0% nll=4.9662
[retrieval]    niah len= 64k depth= 0.1: token_acc=0.0% exact=0.0% nll=6.0731
[retrieval]    niah len= 64k depth= 0.5: token_acc=0.0% exact=0.0% nll=6.0661
[retrieval]    niah len= 64k depth= 0.9: token_acc=0.0% exact=0.0% nll=6.0447
[retrieval]    niah len=128k depth= 0.1: token_acc=0.0% exact=0.0% nll=4.4063
[retrieval]    niah len=128k depth= 0.5: token_acc=0.0% exact=0.0% nll=4.4140
[retrieval]    niah len=128k depth= 0.9: token_acc=0.0% exact=0.0% nll=4.4110
[retrieval]    niah len=256k depth= 0.1: token_acc=0.0% exact=0.0% nll=5.0375
[retrieval]    niah len=256k depth= 0.5: token_acc=0.0% exact=0.0% nll=5.0333
[retrieval]    niah len=256k depth= 0.9: token_acc=0.0% exact=0.0% nll=5.0366
[run] done in 320.3s -> /home/sagemaker-user/atma/benchmarks/logs/foveal_cpt/retrieval_retrieval_real_polar_local_1a27e8a01b.log
