You are using version 1 of 'kernels-community/causal-conv1d', but version 2 is available.
[run] benchmark=retrieval model=/home/sagemaker-user/.cache/huggingface/hub/models--ChavyvAkvar--atma-foveal-cpt-all/snapshots/e4cf2558793646c26d9e5a6c6eeadb4e1011cad3/polar/lm_output_kl/cpt tasks=['passkey', 'niah'] lengths=['2k', '4k', '8k', '16k', '32k', '64k', '128k', '256k'] samples=10 gamma_clamp=None

Fetching 8 files:   0%|          | 0/8 [00:00<?, ?it/s]
Fetching 8 files: 100%|██████████| 8/8 [00:00<00:00, 1510.03it/s]

Fetching 4 files:   0%|          | 0/4 [00:00<?, ?it/s]
Fetching 4 files: 100%|██████████| 4/4 [00:00<00:00, 1541.60it/s]

Fetching 4 files:   0%|          | 0/4 [00:00<?, ?it/s]
Fetching 4 files: 100%|██████████| 4/4 [00:00<00:00, 1533.71it/s]
[retrieval] passkey len=  2k depth= 0.1: token_acc=100.0% exact=100.0% nll=0.1179
[retrieval] passkey len=  2k depth= 0.5: token_acc=100.0% exact=100.0% nll=0.1890
[retrieval] passkey len=  2k depth= 0.9: token_acc=96.0% exact=80.0% nll=0.2251
[retrieval] passkey len=  4k depth= 0.1: token_acc=20.0% exact=0.0% nll=3.1594
[retrieval] passkey len=  4k depth= 0.5: token_acc=98.0% exact=90.0% nll=0.2834
[retrieval] passkey len=  4k depth= 0.9: token_acc=96.0% exact=80.0% nll=0.2349
[retrieval] passkey len=  8k depth= 0.1: token_acc=0.0% exact=0.0% nll=5.3173
[retrieval] passkey len=  8k depth= 0.5: token_acc=50.0% exact=0.0% nll=3.0183
[retrieval] passkey len=  8k depth= 0.9: token_acc=98.0% exact=90.0% nll=0.5420
[retrieval] passkey len= 16k depth= 0.1: token_acc=0.0% exact=0.0% nll=5.4430
[retrieval] passkey len= 16k depth= 0.5: token_acc=0.0% exact=0.0% nll=5.2030
[retrieval] passkey len= 16k depth= 0.9: token_acc=38.0% exact=0.0% nll=3.1651
[retrieval] passkey len= 32k depth= 0.1: token_acc=0.0% exact=0.0% nll=5.4692
[retrieval] passkey len= 32k depth= 0.5: token_acc=0.0% exact=0.0% nll=5.4764
[retrieval] passkey len= 32k depth= 0.9: token_acc=40.0% exact=0.0% nll=3.1897
[retrieval] passkey len= 64k depth= 0.1: token_acc=0.0% exact=0.0% nll=6.6359
[retrieval] passkey len= 64k depth= 0.5: token_acc=0.0% exact=0.0% nll=6.6534
[retrieval] passkey len= 64k depth= 0.9: token_acc=22.0% exact=0.0% nll=4.6450
[retrieval] passkey len=128k depth= 0.1: token_acc=0.0% exact=0.0% nll=5.2323
[retrieval] passkey len=128k depth= 0.5: token_acc=2.0% exact=0.0% nll=5.0907
[retrieval] passkey len=128k depth= 0.9: token_acc=2.0% exact=0.0% nll=5.1946
[retrieval] passkey len=256k depth= 0.1: token_acc=0.0% exact=0.0% nll=5.3445
[retrieval] passkey len=256k depth= 0.5: token_acc=0.0% exact=0.0% nll=5.3580
[retrieval] passkey len=256k depth= 0.9: token_acc=0.0% exact=0.0% nll=5.3290
[retrieval]    niah len=  2k depth= 0.1: token_acc=100.0% exact=100.0% nll=0.1252
[retrieval]    niah len=  2k depth= 0.5: token_acc=100.0% exact=100.0% nll=0.2512
[retrieval]    niah len=  2k depth= 0.9: token_acc=98.0% exact=90.0% nll=0.3263
[retrieval]    niah len=  4k depth= 0.1: token_acc=72.0% exact=50.0% nll=1.5904
[retrieval]    niah len=  4k depth= 0.5: token_acc=94.0% exact=70.0% nll=0.4437
[retrieval]    niah len=  4k depth= 0.9: token_acc=100.0% exact=100.0% nll=0.1500
[retrieval]    niah len=  8k depth= 0.1: token_acc=2.0% exact=0.0% nll=4.4792
[retrieval]    niah len=  8k depth= 0.5: token_acc=0.0% exact=0.0% nll=4.0119
[retrieval]    niah len=  8k depth= 0.9: token_acc=70.0% exact=0.0% nll=0.9332
[retrieval]    niah len= 16k depth= 0.1: token_acc=0.0% exact=0.0% nll=5.2201
[retrieval]    niah len= 16k depth= 0.5: token_acc=0.0% exact=0.0% nll=5.1383
[retrieval]    niah len= 16k depth= 0.9: token_acc=36.0% exact=0.0% nll=2.0133
[retrieval]    niah len= 32k depth= 0.1: token_acc=0.0% exact=0.0% nll=5.1189
[retrieval]    niah len= 32k depth= 0.5: token_acc=0.0% exact=0.0% nll=5.1192
[retrieval]    niah len= 32k depth= 0.9: token_acc=48.0% exact=0.0% nll=2.1970
[retrieval]    niah len= 64k depth= 0.1: token_acc=0.0% exact=0.0% nll=5.9278
[retrieval]    niah len= 64k depth= 0.5: token_acc=0.0% exact=0.0% nll=5.9369
[retrieval]    niah len= 64k depth= 0.9: token_acc=0.0% exact=0.0% nll=5.5043
[retrieval]    niah len=128k depth= 0.1: token_acc=0.0% exact=0.0% nll=4.5272
[retrieval]    niah len=128k depth= 0.5: token_acc=0.0% exact=0.0% nll=4.5329
[retrieval]    niah len=128k depth= 0.9: token_acc=0.0% exact=0.0% nll=4.6794
[retrieval]    niah len=256k depth= 0.1: token_acc=0.0% exact=0.0% nll=5.2552
[retrieval]    niah len=256k depth= 0.5: token_acc=0.0% exact=0.0% nll=5.2753
[retrieval]    niah len=256k depth= 0.9: token_acc=0.0% exact=0.0% nll=5.3402
[run] done in 337.4s -> /home/sagemaker-user/atma/benchmarks/logs/foveal_cpt/retrieval_retrieval_real_polar_lm_output_kl_8913eb65e0.log
