[run] benchmark=retrieval model=/home/sagemaker-user/.cache/huggingface/hub/models--ChavyvAkvar--atma-foveal-cpt-all/snapshots/e4cf2558793646c26d9e5a6c6eeadb4e1011cad3/nope/local/cpt tasks=['passkey', 'niah'] lengths=['2k', '4k', '8k', '16k', '32k', '64k', '128k', '256k'] samples=10 gamma_clamp=None
[retrieval] passkey len=  2k depth= 0.1: token_acc=0.0% exact=0.0% nll=4.6640
[retrieval] passkey len=  2k depth= 0.5: token_acc=0.0% exact=0.0% nll=4.6862
[retrieval] passkey len=  2k depth= 0.9: token_acc=98.0% exact=90.0% nll=0.2391
[retrieval] passkey len=  4k depth= 0.1: token_acc=0.0% exact=0.0% nll=4.6482
[retrieval] passkey len=  4k depth= 0.5: token_acc=0.0% exact=0.0% nll=4.6683
[retrieval] passkey len=  4k depth= 0.9: token_acc=96.0% exact=80.0% nll=0.2632
[retrieval] passkey len=  8k depth= 0.1: token_acc=2.0% exact=0.0% nll=4.6500
[retrieval] passkey len=  8k depth= 0.5: token_acc=2.0% exact=0.0% nll=4.6532
[retrieval] passkey len=  8k depth= 0.9: token_acc=2.0% exact=0.0% nll=4.6596
[retrieval] passkey len= 16k depth= 0.1: token_acc=0.0% exact=0.0% nll=4.8460
[retrieval] passkey len= 16k depth= 0.5: token_acc=0.0% exact=0.0% nll=4.8480
[retrieval] passkey len= 16k depth= 0.9: token_acc=0.0% exact=0.0% nll=4.8536
[retrieval] passkey len= 32k depth= 0.1: token_acc=0.0% exact=0.0% nll=4.6842
[retrieval] passkey len= 32k depth= 0.5: token_acc=0.0% exact=0.0% nll=4.6842
[retrieval] passkey len= 32k depth= 0.9: token_acc=0.0% exact=0.0% nll=4.6809
[retrieval] passkey len= 64k depth= 0.1: token_acc=2.0% exact=0.0% nll=4.8755
[retrieval] passkey len= 64k depth= 0.5: token_acc=2.0% exact=0.0% nll=4.8788
[retrieval] passkey len= 64k depth= 0.9: token_acc=2.0% exact=0.0% nll=4.8683
[retrieval] passkey len=128k depth= 0.1: token_acc=0.0% exact=0.0% nll=4.6637
[retrieval] passkey len=128k depth= 0.5: token_acc=0.0% exact=0.0% nll=4.6669
[retrieval] passkey len=128k depth= 0.9: token_acc=0.0% exact=0.0% nll=4.6521
[retrieval] passkey len=256k depth= 0.1: token_acc=0.0% exact=0.0% nll=4.7480
[retrieval] passkey len=256k depth= 0.5: token_acc=0.0% exact=0.0% nll=4.7463
[retrieval] passkey len=256k depth= 0.9: token_acc=0.0% exact=0.0% nll=4.7472
[retrieval]    niah len=  2k depth= 0.1: token_acc=2.0% exact=0.0% nll=4.4812
[retrieval]    niah len=  2k depth= 0.5: token_acc=0.0% exact=0.0% nll=4.5285
[retrieval]    niah len=  2k depth= 0.9: token_acc=98.0% exact=90.0% nll=0.3518
[retrieval]    niah len=  4k depth= 0.1: token_acc=4.0% exact=0.0% nll=4.4316
[retrieval]    niah len=  4k depth= 0.5: token_acc=4.0% exact=0.0% nll=4.4764
[retrieval]    niah len=  4k depth= 0.9: token_acc=98.0% exact=90.0% nll=0.3076
[retrieval]    niah len=  8k depth= 0.1: token_acc=0.0% exact=0.0% nll=4.5797
[retrieval]    niah len=  8k depth= 0.5: token_acc=0.0% exact=0.0% nll=4.5684
[retrieval]    niah len=  8k depth= 0.9: token_acc=0.0% exact=0.0% nll=4.5963
[retrieval]    niah len= 16k depth= 0.1: token_acc=2.0% exact=0.0% nll=4.5861
[retrieval]    niah len= 16k depth= 0.5: token_acc=2.0% exact=0.0% nll=4.5770
[retrieval]    niah len= 16k depth= 0.9: token_acc=0.0% exact=0.0% nll=4.5731
[retrieval]    niah len= 32k depth= 0.1: token_acc=0.0% exact=0.0% nll=4.5275
[retrieval]    niah len= 32k depth= 0.5: token_acc=0.0% exact=0.0% nll=4.5204
[retrieval]    niah len= 32k depth= 0.9: token_acc=0.0% exact=0.0% nll=4.5074
[retrieval]    niah len= 64k depth= 0.1: token_acc=2.0% exact=0.0% nll=4.5146
[retrieval]    niah len= 64k depth= 0.5: token_acc=2.0% exact=0.0% nll=4.5086
[retrieval]    niah len= 64k depth= 0.9: token_acc=2.0% exact=0.0% nll=4.4925
[retrieval]    niah len=128k depth= 0.1: token_acc=2.0% exact=0.0% nll=4.4973
[retrieval]    niah len=128k depth= 0.5: token_acc=2.0% exact=0.0% nll=4.4921
[retrieval]    niah len=128k depth= 0.9: token_acc=2.0% exact=0.0% nll=4.4835
[retrieval]    niah len=256k depth= 0.1: token_acc=0.0% exact=0.0% nll=4.4691
[retrieval]    niah len=256k depth= 0.5: token_acc=0.0% exact=0.0% nll=4.4668
[retrieval]    niah len=256k depth= 0.9: token_acc=0.0% exact=0.0% nll=4.4644

[retrieval] teacher-forced token accuracy %, per kind (rows=length, cols=depth):
  passkey:
    len     0.1    0.5    0.9
      2k    0.0    0.0   98.0
      4k    0.0    0.0   96.0
      8k    2.0    2.0    2.0
     16k    0.0    0.0    0.0
     32k    0.0    0.0    0.0
     64k    2.0    2.0    2.0
    128k    0.0    0.0    0.0
    256k    0.0    0.0    0.0
  niah:
    len     0.1    0.5    0.9
      2k    2.0    0.0   98.0
      4k    4.0    4.0   98.0
      8k    0.0    0.0    0.0
     16k    2.0    2.0    0.0
     32k    0.0    0.0    0.0
     64k    2.0    2.0    2.0
    128k    2.0    2.0    2.0
    256k    0.0    0.0    0.0

===RETRIEVAL_RESULTS_JSON===
{"benchmark": "retrieval", "protocol": "teacher-forced-needle-v2", "kinds": ["passkey", "niah"], "lengths": ["2k", "4k", "8k", "16k", "32k", "64k", "128k", "256k"], "depths": [0.1, 0.5, 0.9], "num_samples": 10, "value_tokens": 5, "seed": 1234, "paired_across_lengths_and_depths": true, "haystack": "synthetic-filler", "haystack_revision": null, "results": {"passkey": {"2k": {"0.1": 0.0, "0.5": 0.0, "0.9": 98.0}, "4k": {"0.1": 0.0, "0.5": 0.0, "0.9": 96.0}, "8k": {"0.1": 2.0, "0.5": 2.0, "0.9": 2.0}, "16k": {"0.1": 0.0, "0.5": 0.0, "0.9": 0.0}, "32k": {"0.1": 0.0, "0.5": 0.0, "0.9": 0.0}, "64k": {"0.1": 2.0, "0.5": 2.0, "0.9": 2.0}, "128k": {"0.1": 0.0, "0.5": 0.0, "0.9": 0.0}, "256k": {"0.1": 0.0, "0.5": 0.0, "0.9": 0.0}}, "niah": {"2k": {"0.1": 2.0, "0.5": 0.0, "0.9": 98.0}, "4k": {"0.1": 4.0, "0.5": 4.0, "0.9": 98.0}, "8k": {"0.1": 0.0, "0.5": 0.0, "0.9": 0.0}, "16k": {"0.1": 2.0, "0.5": 2.0, "0.9": 0.0}, "32k": {"0.1": 0.0, "0.5": 0.0, "0.9": 0.0}, "64k": {"0.1": 2.0, "0.5": 2.0, "0.9": 2.0}, "128k": {"0.1": 2.0, "0.5": 2.0, "0.9": 2.0}, "256k": {"0.1": 0.0, "0.5": 0.0, "0.9": 0.0}}}, "exact_results": {"passkey": {"2k": {"0.1": 0.0, "0.5": 0.0, "0.9": 90.0}, "4k": {"0.1": 0.0, "0.5": 0.0, "0.9": 80.0}, "8k": {"0.1": 0.0, "0.5": 0.0, "0.9": 0.0}, "16k": {"0.1": 0.0, "0.5": 0.0, "0.9": 0.0}, "32k": {"0.1": 0.0, "0.5": 0.0, "0.9": 0.0}, "64k": {"0.1": 0.0, "0.5": 0.0, "0.9": 0.0}, "128k": {"0.1": 0.0, "0.5": 0.0, "0.9": 0.0}, "256k": {"0.1": 0.0, "0.5": 0.0, "0.9": 0.0}}, "niah": {"2k": {"0.1": 0.0, "0.5": 0.0, "0.9": 90.0}, "4k": {"0.1": 0.0, "0.5": 0.0, "0.9": 90.0}, "8k": {"0.1": 0.0, "0.5": 0.0, "0.9": 0.0}, "16k": {"0.1": 0.0, "0.5": 0.0, "0.9": 0.0}, "32k": {"0.1": 0.0, "0.5": 0.0, "0.9": 0.0}, "64k": {"0.1": 0.0, "0.5": 0.0, "0.9": 0.0}, "128k": {"0.1": 0.0, "0.5": 0.0, "0.9": 0.0}, "256k": {"0.1": 0.0, "0.5": 0.0, "0.9": 0.0}}}, "nll_results": {"passkey": {"2k": {"0.1": 4.66401294708252, "0.5": 4.686188201904297, "0.9": 0.23910906791687012}, "4k": {"0.1": 4.648195533752442, "0.5": 4.668339233398438, "0.9": 0.263223979473114}, "8k": {"0.1": 4.650002212524414, "0.5": 4.653206481933593, "0.9": 4.659603805541992}, "16k": {"0.1": 4.845956916809082, "0.5": 4.848042106628418, "0.9": 4.8536057281494145}, "32k": {"0.1": 4.684197311401367, "0.5": 4.684238891601563, "0.9": 4.680906944274902}, "64k": {"0.1": 4.875472030639648, "0.5": 4.878801498413086, "0.9": 4.868337135314942}, "128k": {"0.1": 4.663733825683594, "0.5": 4.666879501342773, "0.9": 4.652061347961426}, "256k": {"0.1": 4.747982559204101, "0.5": 4.746293144226074, "0.9": 4.747249526977539}}, "niah": {"2k": {"0.1": 4.481246910095215, "0.5": 4.528533515930175, "0.9": 0.35177481651306153}, "4k": {"0.1": 4.431623382568359, "0.5": 4.476416358947754, "0.9": 0.3076058328151703}, "8k": {"0.1": 4.579729080200195, "0.5": 4.568358345031738, "0.9": 4.596303672790527}, "16k": {"0.1": 4.5860512161254885, "0.5": 4.576966438293457, "0.9": 4.573051300048828}, "32k": {"0.1": 4.527540054321289, "0.5": 4.520394287109375, "0.9": 4.507368698120117}, "64k": {"0.1": 4.5145703887939455, "0.5": 4.508646392822266, "0.9": 4.492461204528809}, "128k": {"0.1": 4.497341613769532, "0.5": 4.492124099731445, "0.9": 4.483509292602539}, "256k": {"0.1": 4.4690812301635745, "0.5": 4.466786994934082, "0.9": 4.464393005371094}}}, "oom_cells": [], "elapsed_s": 375.4, "unsupported_checkpoint": false, "model_config": {"vocab_size": 50304, "num_hidden_layers": 16, "hidden_size": 1024, "head_dim": 128, "attn_kernel_size": 4, "conv_kernel_size": 3, "max_position_embeddings": 2048, "rms_norm_eps": 1e-06, "dtype": "torch.bfloat16", "tie_word_embeddings": false, "num_random_keys": 0, "attn_online": false, "attn_k_block": 512, "attn_kernel": "triton", "attn_type": "nope", "polar_variant": "full", "wall_gate_bias": null, "attn_window": 512, "mem_enabled": true, "mem_chunk": 128, "mem_gamma_bias": 3.9, "mem_beta_bias": 0.0, "mem_kernel": "auto", "is_foveal": true, "foveal_config": {"checkpoint": "ChavyvAkvar/atma-10b-L40S-mbs16-nope__reg-baseline__distr-0__mem-1__win-0", "train_glob": "finewebedu10B/finewebedu_train_*.bin", "output_dir": "foveal_cpt/output/nope/local", "hf_cache": null, "dataset_repo": "kjj0/finewebedu10B-gpt2", "dataset_train_template": "finewebedu_train_{index:06d}.bin", "dataset_validation_file": "finewebedu_val_000000.bin", "auto_download_data": true, "adaptation_mode": "local", "sequence_length": 32768, "batch_tokens": 524288, "microbatch_sequences": 1, "train_tokens": 1000000000, "index_dim": 16, "page_size": 64, "query_block_size": 64, "local_window": 512, "remote_capacity": 1, "top_p": 1.0, "min_remote_pages": 0, "max_remote_pages": 0, "handoff_start_tokens": 50000000, "handoff_end_tokens": 200000000, "initial_top_p": 1.0, "initial_min_remote_pages": 0, "initial_max_remote_pages": 0, "teacher_query_blocks": 4, "teacher_interval": 1, "index_loss_weight": 0.1, "teacher_mean_weight": 0.5, "activation_checkpointing": false, "compile_model": true, "flex_compile": true, "flex_kernel_options": {"BLOCK_M": 64, "BLOCK_N": 64, "PRESCALE_QK": true}, "xent_impl": "eager", "xent_token_chunk": 4096, "xent_vocab_chunk": 2048, "base_lr_scale": 0.1, "index_lr": 0.001, "weight_decay": 0.01, "cooldown_fraction": 0.7, "grad_clip": 1.0, "log_every": 10, "save_every": 250, "keep_last_checkpoints": 1, "seed": 1234, "calibration_sequence_length": 4096, "calibration_batch_tokens": 65536, "calibration_tokens": 20000000, "calibration_lr": 0.001}, "adaptation_mode": "local", "base_checkpoint": "ChavyvAkvar/atma-10b-L40S-mbs16-nope__reg-baseline__distr-0__mem-1__win-0", "sequence_length": 32768, "local_window": 512}, "model_unsupported": [], "serving_metrics": null}
===END===
[run] done in 375.4s -> /home/sagemaker-user/atma/benchmarks/logs/foveal_cpt/retrieval_retrieval_synthetic_nope_local_8a32297a93.log
