[run] benchmark=retrieval model=/home/sagemaker-user/.cache/huggingface/hub/models--ChavyvAkvar--atma-foveal-cpt-all/snapshots/e4cf2558793646c26d9e5a6c6eeadb4e1011cad3/nope/lm_output/cpt tasks=['passkey', 'niah'] lengths=['2k', '4k', '8k', '16k', '32k', '64k', '128k', '256k'] samples=10 gamma_clamp=None
[retrieval] passkey len=  2k depth= 0.1: token_acc=76.0% exact=60.0% nll=1.3945
[retrieval] passkey len=  2k depth= 0.5: token_acc=78.0% exact=40.0% nll=1.0984
[retrieval] passkey len=  2k depth= 0.9: token_acc=96.0% exact=80.0% nll=0.2941
[retrieval] passkey len=  4k depth= 0.1: token_acc=32.0% exact=10.0% nll=2.6491
[retrieval] passkey len=  4k depth= 0.5: token_acc=30.0% exact=0.0% nll=3.1922
[retrieval] passkey len=  4k depth= 0.9: token_acc=94.0% exact=70.0% nll=0.3648
[retrieval] passkey len=  8k depth= 0.1: token_acc=30.0% exact=10.0% nll=2.6982
[retrieval] passkey len=  8k depth= 0.5: token_acc=14.0% exact=0.0% nll=3.9173
[retrieval] passkey len=  8k depth= 0.9: token_acc=12.0% exact=0.0% nll=3.9660
[retrieval] passkey len= 16k depth= 0.1: token_acc=12.0% exact=0.0% nll=3.3942
[retrieval] passkey len= 16k depth= 0.5: token_acc=2.0% exact=0.0% nll=4.3189
[retrieval] passkey len= 16k depth= 0.9: token_acc=2.0% exact=0.0% nll=4.3156
[retrieval] passkey len= 32k depth= 0.1: token_acc=12.0% exact=0.0% nll=3.5188
[retrieval] passkey len= 32k depth= 0.5: token_acc=0.0% exact=0.0% nll=4.5649
[retrieval] passkey len= 32k depth= 0.9: token_acc=8.0% exact=0.0% nll=4.1763
[retrieval] passkey len= 64k depth= 0.1: token_acc=4.0% exact=0.0% nll=4.0855
[retrieval] passkey len= 64k depth= 0.5: token_acc=2.0% exact=0.0% nll=4.6842
[retrieval] passkey len= 64k depth= 0.9: token_acc=8.0% exact=0.0% nll=4.3954
[retrieval] passkey len=128k depth= 0.1: token_acc=4.0% exact=0.0% nll=4.3782
[retrieval] passkey len=128k depth= 0.5: token_acc=0.0% exact=0.0% nll=4.5867
[retrieval] passkey len=128k depth= 0.9: token_acc=0.0% exact=0.0% nll=4.5814
[retrieval] passkey len=256k depth= 0.1: token_acc=14.0% exact=0.0% nll=4.1241
[retrieval] passkey len=256k depth= 0.5: token_acc=4.0% exact=0.0% nll=4.3902
[retrieval] passkey len=256k depth= 0.9: token_acc=2.0% exact=0.0% nll=4.4384
[retrieval]    niah len=  2k depth= 0.1: token_acc=54.0% exact=30.0% nll=2.3988
[retrieval]    niah len=  2k depth= 0.5: token_acc=88.0% exact=80.0% nll=0.8978
[retrieval]    niah len=  2k depth= 0.9: token_acc=98.0% exact=90.0% nll=0.3055
[retrieval]    niah len=  4k depth= 0.1: token_acc=74.0% exact=50.0% nll=1.2073
[retrieval]    niah len=  4k depth= 0.5: token_acc=24.0% exact=0.0% nll=2.7401
[retrieval]    niah len=  4k depth= 0.9: token_acc=98.0% exact=90.0% nll=0.3156
[retrieval]    niah len=  8k depth= 0.1: token_acc=24.0% exact=0.0% nll=2.9628
[retrieval]    niah len=  8k depth= 0.5: token_acc=14.0% exact=0.0% nll=3.6979
[retrieval]    niah len=  8k depth= 0.9: token_acc=0.0% exact=0.0% nll=4.3070
[retrieval]    niah len= 16k depth= 0.1: token_acc=14.0% exact=0.0% nll=3.2895
[retrieval]    niah len= 16k depth= 0.5: token_acc=0.0% exact=0.0% nll=4.6411
[retrieval]    niah len= 16k depth= 0.9: token_acc=0.0% exact=0.0% nll=4.6056
[retrieval]    niah len= 32k depth= 0.1: token_acc=2.0% exact=0.0% nll=3.8830
[retrieval]    niah len= 32k depth= 0.5: token_acc=0.0% exact=0.0% nll=4.4824
[retrieval]    niah len= 32k depth= 0.9: token_acc=0.0% exact=0.0% nll=4.4590
[retrieval]    niah len= 64k depth= 0.1: token_acc=0.0% exact=0.0% nll=4.5618
[retrieval]    niah len= 64k depth= 0.5: token_acc=2.0% exact=0.0% nll=4.5062
[retrieval]    niah len= 64k depth= 0.9: token_acc=0.0% exact=0.0% nll=4.5709
[retrieval]    niah len=128k depth= 0.1: token_acc=0.0% exact=0.0% nll=4.4769
[retrieval]    niah len=128k depth= 0.5: token_acc=0.0% exact=0.0% nll=4.4817
[retrieval]    niah len=128k depth= 0.9: token_acc=0.0% exact=0.0% nll=4.4674
[retrieval]    niah len=256k depth= 0.1: token_acc=0.0% exact=0.0% nll=4.4131
[retrieval]    niah len=256k depth= 0.5: token_acc=0.0% exact=0.0% nll=4.4115
[retrieval]    niah len=256k depth= 0.9: token_acc=0.0% exact=0.0% nll=4.2793

[retrieval] teacher-forced token accuracy %, per kind (rows=length, cols=depth):
  passkey:
    len     0.1    0.5    0.9
      2k   76.0   78.0   96.0
      4k   32.0   30.0   94.0
      8k   30.0   14.0   12.0
     16k   12.0    2.0    2.0
     32k   12.0    0.0    8.0
     64k    4.0    2.0    8.0
    128k    4.0    0.0    0.0
    256k   14.0    4.0    2.0
  niah:
    len     0.1    0.5    0.9
      2k   54.0   88.0   98.0
      4k   74.0   24.0   98.0
      8k   24.0   14.0    0.0
     16k   14.0    0.0    0.0
     32k    2.0    0.0    0.0
     64k    0.0    2.0    0.0
    128k    0.0    0.0    0.0
    256k    0.0    0.0    0.0

===RETRIEVAL_RESULTS_JSON===
{"benchmark": "retrieval", "protocol": "teacher-forced-needle-v2", "kinds": ["passkey", "niah"], "lengths": ["2k", "4k", "8k", "16k", "32k", "64k", "128k", "256k"], "depths": [0.1, 0.5, 0.9], "num_samples": 10, "value_tokens": 5, "seed": 1234, "paired_across_lengths_and_depths": true, "haystack": "synthetic-filler", "haystack_revision": null, "results": {"passkey": {"2k": {"0.1": 76.0, "0.5": 78.0, "0.9": 96.0}, "4k": {"0.1": 32.0, "0.5": 30.0, "0.9": 94.0}, "8k": {"0.1": 30.0, "0.5": 14.0, "0.9": 12.0}, "16k": {"0.1": 12.0, "0.5": 2.0, "0.9": 2.0}, "32k": {"0.1": 12.0, "0.5": 0.0, "0.9": 8.0}, "64k": {"0.1": 4.0, "0.5": 2.0, "0.9": 8.0}, "128k": {"0.1": 4.0, "0.5": 0.0, "0.9": 0.0}, "256k": {"0.1": 14.0, "0.5": 4.0, "0.9": 2.0}}, "niah": {"2k": {"0.1": 54.0, "0.5": 88.0, "0.9": 98.0}, "4k": {"0.1": 74.0, "0.5": 24.0, "0.9": 98.0}, "8k": {"0.1": 24.0, "0.5": 14.0, "0.9": 0.0}, "16k": {"0.1": 14.0, "0.5": 0.0, "0.9": 0.0}, "32k": {"0.1": 2.0, "0.5": 0.0, "0.9": 0.0}, "64k": {"0.1": 0.0, "0.5": 2.0, "0.9": 0.0}, "128k": {"0.1": 0.0, "0.5": 0.0, "0.9": 0.0}, "256k": {"0.1": 0.0, "0.5": 0.0, "0.9": 0.0}}}, "exact_results": {"passkey": {"2k": {"0.1": 60.0, "0.5": 40.0, "0.9": 80.0}, "4k": {"0.1": 10.0, "0.5": 0.0, "0.9": 70.0}, "8k": {"0.1": 10.0, "0.5": 0.0, "0.9": 0.0}, "16k": {"0.1": 0.0, "0.5": 0.0, "0.9": 0.0}, "32k": {"0.1": 0.0, "0.5": 0.0, "0.9": 0.0}, "64k": {"0.1": 0.0, "0.5": 0.0, "0.9": 0.0}, "128k": {"0.1": 0.0, "0.5": 0.0, "0.9": 0.0}, "256k": {"0.1": 0.0, "0.5": 0.0, "0.9": 0.0}}, "niah": {"2k": {"0.1": 30.0, "0.5": 80.0, "0.9": 90.0}, "4k": {"0.1": 50.0, "0.5": 0.0, "0.9": 90.0}, "8k": {"0.1": 0.0, "0.5": 0.0, "0.9": 0.0}, "16k": {"0.1": 0.0, "0.5": 0.0, "0.9": 0.0}, "32k": {"0.1": 0.0, "0.5": 0.0, "0.9": 0.0}, "64k": {"0.1": 0.0, "0.5": 0.0, "0.9": 0.0}, "128k": {"0.1": 0.0, "0.5": 0.0, "0.9": 0.0}, "256k": {"0.1": 0.0, "0.5": 0.0, "0.9": 0.0}}}, "nll_results": {"passkey": {"2k": {"0.1": 1.3945374584197998, "0.5": 1.0983862900733947, "0.9": 0.2941435718536377}, "4k": {"0.1": 2.649078006744385, "0.5": 3.1921707153320313, "0.9": 0.36483274698257445}, "8k": {"0.1": 2.698228511810303, "0.5": 3.9173148345947264, "0.9": 3.966043930053711}, "16k": {"0.1": 3.394213218688965, "0.5": 4.318855895996093, "0.9": 4.3155678939819335}, "32k": {"0.1": 3.5187872505187987, "0.5": 4.564866561889648, "0.9": 4.176342658996582}, "64k": {"0.1": 4.085474014282227, "0.5": 4.684205894470215, "0.9": 4.395377578735352}, "128k": {"0.1": 4.378158035278321, "0.5": 4.586679306030273, "0.9": 4.5813635635375975}, "256k": {"0.1": 4.124056434631347, "0.5": 4.390203933715821, "0.9": 4.438443260192871}}, "niah": {"2k": {"0.1": 2.398791015148163, "0.5": 0.8978389549255371, "0.9": 0.30551111698150635}, "4k": {"0.1": 1.207336597442627, "0.5": 2.7401156616210938, "0.9": 0.3156330525875092}, "8k": {"0.1": 2.962816066741943, "0.5": 3.6979081344604494, "0.9": 4.306965446472168}, "16k": {"0.1": 3.28954891204834, "0.5": 4.641091003417968, "0.9": 4.605569648742676}, "32k": {"0.1": 3.8830031967163086, "0.5": 4.482445335388183, "0.9": 4.4590468597412105}, "64k": {"0.1": 4.561835021972656, "0.5": 4.50616340637207, "0.9": 4.570945701599121}, "128k": {"0.1": 4.476933288574219, "0.5": 4.481655807495117, "0.9": 4.467448425292969}, "256k": {"0.1": 4.41310302734375, "0.5": 4.411488571166992, "0.9": 4.279258689880371}}}, "oom_cells": [], "elapsed_s": 379.6, "unsupported_checkpoint": false, "model_config": {"vocab_size": 50304, "num_hidden_layers": 16, "hidden_size": 1024, "head_dim": 128, "attn_kernel_size": 4, "conv_kernel_size": 3, "max_position_embeddings": 2048, "rms_norm_eps": 1e-06, "dtype": "torch.bfloat16", "tie_word_embeddings": false, "num_random_keys": 0, "attn_online": false, "attn_k_block": 512, "attn_kernel": "triton", "attn_type": "nope", "polar_variant": "full", "wall_gate_bias": null, "attn_window": 512, "mem_enabled": true, "mem_chunk": 128, "mem_gamma_bias": 3.9, "mem_beta_bias": 0.0, "mem_kernel": "auto", "is_foveal": true, "foveal_config": {"checkpoint": "ChavyvAkvar/atma-10b-L40S-mbs16-nope__reg-baseline__distr-0__mem-1__win-0", "train_glob": "finewebedu10B/finewebedu_train_*.bin", "output_dir": "foveal_cpt/output/nope/lm_output", "hf_cache": null, "dataset_repo": "kjj0/finewebedu10B-gpt2", "dataset_train_template": "finewebedu_train_{index:06d}.bin", "dataset_validation_file": "finewebedu_val_000000.bin", "auto_download_data": true, "adaptation_mode": "lm_output", "sequence_length": 32768, "batch_tokens": 524288, "microbatch_sequences": 1, "train_tokens": 1000000000, "index_dim": 16, "page_size": 64, "query_block_size": 64, "local_window": 512, "remote_capacity": 64, "top_p": 0.95, "min_remote_pages": 0, "max_remote_pages": 32, "handoff_start_tokens": 50000000, "handoff_end_tokens": 200000000, "initial_top_p": 0.98, "initial_min_remote_pages": 8, "initial_max_remote_pages": 64, "teacher_query_blocks": 4, "teacher_interval": 1, "index_loss_weight": 0.1, "teacher_mean_weight": 0.5, "activation_checkpointing": false, "compile_model": true, "flex_compile": true, "flex_kernel_options": {"BLOCK_M": 64, "BLOCK_N": 64, "PRESCALE_QK": true}, "xent_impl": "eager", "xent_token_chunk": 4096, "xent_vocab_chunk": 2048, "base_lr_scale": 0.1, "index_lr": 0.001, "weight_decay": 0.01, "cooldown_fraction": 0.7, "grad_clip": 1.0, "log_every": 10, "save_every": 250, "keep_last_checkpoints": 1, "seed": 1234, "calibration_sequence_length": 4096, "calibration_batch_tokens": 65536, "calibration_tokens": 20000000, "calibration_lr": 0.001}, "adaptation_mode": "lm_output", "base_checkpoint": "ChavyvAkvar/atma-10b-L40S-mbs16-nope__reg-baseline__distr-0__mem-1__win-0", "sequence_length": 32768, "local_window": 512}, "model_unsupported": [], "serving_metrics": null}
===END===
[run] done in 379.6s -> /home/sagemaker-user/atma/benchmarks/logs/foveal_cpt/retrieval_retrieval_synthetic_nope_lm_output_fc4c87df50.log
