You are using version 1 of 'kernels-community/causal-conv1d', but version 2 is available.
[run] benchmark=retrieval model=/home/sagemaker-user/.cache/huggingface/hub/models--ChavyvAkvar--atma-foveal-cpt-all/snapshots/e4cf2558793646c26d9e5a6c6eeadb4e1011cad3/rope/lm_output_kl/cpt tasks=['passkey', 'niah'] lengths=['2k', '4k', '8k', '16k', '32k', '64k', '128k', '256k'] samples=10 gamma_clamp=None

Fetching 8 files:   0%|          | 0/8 [00:00<?, ?it/s]
Fetching 8 files: 100%|██████████| 8/8 [00:00<00:00, 1544.22it/s]

Fetching 4 files:   0%|          | 0/4 [00:00<?, ?it/s]
Fetching 4 files: 100%|██████████| 4/4 [00:00<00:00, 1561.83it/s]

Fetching 4 files:   0%|          | 0/4 [00:00<?, ?it/s]
Fetching 4 files: 100%|██████████| 4/4 [00:00<00:00, 1532.03it/s]
[retrieval] passkey len=  2k depth= 0.1: token_acc=92.0% exact=60.0% nll=0.6492
[retrieval] passkey len=  2k depth= 0.5: token_acc=80.0% exact=20.0% nll=0.9680
[retrieval] passkey len=  2k depth= 0.9: token_acc=96.0% exact=80.0% nll=0.2549
[retrieval] passkey len=  4k depth= 0.1: token_acc=0.0% exact=0.0% nll=5.2751
[retrieval] passkey len=  4k depth= 0.5: token_acc=32.0% exact=0.0% nll=2.9193
[retrieval] passkey len=  4k depth= 0.9: token_acc=96.0% exact=80.0% nll=0.3161
[retrieval] passkey len=  8k depth= 0.1: token_acc=2.0% exact=0.0% nll=5.4945
[retrieval] passkey len=  8k depth= 0.5: token_acc=30.0% exact=0.0% nll=4.4394
[retrieval] passkey len=  8k depth= 0.9: token_acc=92.0% exact=60.0% nll=0.3710
[retrieval] passkey len= 16k depth= 0.1: token_acc=2.0% exact=0.0% nll=5.2820
[retrieval] passkey len= 16k depth= 0.5: token_acc=2.0% exact=0.0% nll=5.2620
[retrieval] passkey len= 16k depth= 0.9: token_acc=2.0% exact=0.0% nll=5.2263
[retrieval] passkey len= 32k depth= 0.1: token_acc=0.0% exact=0.0% nll=5.3575
[retrieval] passkey len= 32k depth= 0.5: token_acc=0.0% exact=0.0% nll=5.3495
[retrieval] passkey len= 32k depth= 0.9: token_acc=0.0% exact=0.0% nll=5.3432
[retrieval] passkey len= 64k depth= 0.1: token_acc=0.0% exact=0.0% nll=6.3406
[retrieval] passkey len= 64k depth= 0.5: token_acc=0.0% exact=0.0% nll=6.2886
[retrieval] passkey len= 64k depth= 0.9: token_acc=74.0% exact=20.0% nll=1.3946
[retrieval] passkey len=128k depth= 0.1: token_acc=0.0% exact=0.0% nll=4.7676
[retrieval] passkey len=128k depth= 0.5: token_acc=0.0% exact=0.0% nll=4.7809
[retrieval] passkey len=128k depth= 0.9: token_acc=0.0% exact=0.0% nll=4.7701
[retrieval] passkey len=256k depth= 0.1: token_acc=0.0% exact=0.0% nll=5.8203
[retrieval] passkey len=256k depth= 0.5: token_acc=0.0% exact=0.0% nll=5.7972
[retrieval] passkey len=256k depth= 0.9: token_acc=34.0% exact=0.0% nll=3.9971
[retrieval]    niah len=  2k depth= 0.1: token_acc=84.0% exact=40.0% nll=1.1735
[retrieval]    niah len=  2k depth= 0.5: token_acc=92.0% exact=60.0% nll=0.4901
[retrieval]    niah len=  2k depth= 0.9: token_acc=88.0% exact=40.0% nll=0.4231
[retrieval]    niah len=  4k depth= 0.1: token_acc=2.0% exact=0.0% nll=4.8362
[retrieval]    niah len=  4k depth= 0.5: token_acc=32.0% exact=0.0% nll=3.0264
[retrieval]    niah len=  4k depth= 0.9: token_acc=90.0% exact=50.0% nll=0.5410
[retrieval]    niah len=  8k depth= 0.1: token_acc=0.0% exact=0.0% nll=4.7560
[retrieval]    niah len=  8k depth= 0.5: token_acc=18.0% exact=0.0% nll=3.8113
[retrieval]    niah len=  8k depth= 0.9: token_acc=92.0% exact=70.0% nll=0.3515
[retrieval]    niah len= 16k depth= 0.1: token_acc=4.0% exact=0.0% nll=4.8184
[retrieval]    niah len= 16k depth= 0.5: token_acc=4.0% exact=0.0% nll=4.6726
[retrieval]    niah len= 16k depth= 0.9: token_acc=4.0% exact=0.0% nll=4.8266
[retrieval]    niah len= 32k depth= 0.1: token_acc=2.0% exact=0.0% nll=4.9901
[retrieval]    niah len= 32k depth= 0.5: token_acc=2.0% exact=0.0% nll=4.9839
[retrieval]    niah len= 32k depth= 0.9: token_acc=2.0% exact=0.0% nll=4.9697
[retrieval]    niah len= 64k depth= 0.1: token_acc=0.0% exact=0.0% nll=5.5382
[retrieval]    niah len= 64k depth= 0.5: token_acc=4.0% exact=0.0% nll=5.1097
[retrieval]    niah len= 64k depth= 0.9: token_acc=88.0% exact=60.0% nll=1.1284
[retrieval]    niah len=128k depth= 0.1: token_acc=0.0% exact=0.0% nll=4.4588
[retrieval]    niah len=128k depth= 0.5: token_acc=0.0% exact=0.0% nll=4.4259
[retrieval]    niah len=128k depth= 0.9: token_acc=0.0% exact=0.0% nll=4.4384
[retrieval]    niah len=256k depth= 0.1: token_acc=0.0% exact=0.0% nll=4.9765
[retrieval]    niah len=256k depth= 0.5: token_acc=0.0% exact=0.0% nll=4.9941
[retrieval]    niah len=256k depth= 0.9: token_acc=42.0% exact=0.0% nll=2.2339
[run] done in 380.3s -> /home/sagemaker-user/atma/benchmarks/logs/foveal_cpt/retrieval_retrieval_real_rope_lm_output_kl_300f1a5270.log
