You are using version 1 of 'kernels-community/causal-conv1d', but version 2 is available.
[run] benchmark=retrieval model=/home/sagemaker-user/.cache/huggingface/hub/models--ChavyvAkvar--atma-foveal-cpt-all/snapshots/e4cf2558793646c26d9e5a6c6eeadb4e1011cad3/polar/kl/cpt tasks=['passkey', 'niah'] lengths=['2k', '4k', '8k', '16k', '32k', '64k', '128k', '256k'] samples=10 gamma_clamp=None

Fetching 8 files:   0%|          | 0/8 [00:00<?, ?it/s]
Fetching 8 files: 100%|██████████| 8/8 [00:00<00:00, 1894.23it/s]

Fetching 4 files:   0%|          | 0/4 [00:00<?, ?it/s]
Fetching 4 files: 100%|██████████| 4/4 [00:00<00:00, 1797.43it/s]
Warning: You are sending unauthenticated requests to the HF Hub. Please set a HF_TOKEN to enable higher rate limits and faster downloads.

Fetching 4 files:   0%|          | 0/4 [00:00<?, ?it/s]
Fetching 4 files: 100%|██████████| 4/4 [00:00<00:00, 1862.07it/s]
[retrieval] passkey len=  2k depth= 0.1: token_acc=94.0% exact=70.0% nll=1.0325
[retrieval] passkey len=  2k depth= 0.5: token_acc=100.0% exact=100.0% nll=0.7512
[retrieval] passkey len=  2k depth= 0.9: token_acc=98.0% exact=90.0% nll=0.2408
[retrieval] passkey len=  4k depth= 0.1: token_acc=92.0% exact=60.0% nll=1.0228
[retrieval] passkey len=  4k depth= 0.5: token_acc=88.0% exact=60.0% nll=1.1862
[retrieval] passkey len=  4k depth= 0.9: token_acc=96.0% exact=80.0% nll=0.1834
[retrieval] passkey len=  8k depth= 0.1: token_acc=90.0% exact=60.0% nll=1.1001
[retrieval] passkey len=  8k depth= 0.5: token_acc=94.0% exact=70.0% nll=1.0062
[retrieval] passkey len=  8k depth= 0.9: token_acc=84.0% exact=40.0% nll=1.0732
[retrieval] passkey len= 16k depth= 0.1: token_acc=92.0% exact=60.0% nll=1.0089
[retrieval] passkey len= 16k depth= 0.5: token_acc=92.0% exact=60.0% nll=1.0711
[retrieval] passkey len= 16k depth= 0.9: token_acc=86.0% exact=40.0% nll=1.1909
[retrieval] passkey len= 32k depth= 0.1: token_acc=82.0% exact=30.0% nll=1.1740
[retrieval] passkey len= 32k depth= 0.5: token_acc=78.0% exact=40.0% nll=1.5419
[retrieval] passkey len= 32k depth= 0.9: token_acc=92.0% exact=70.0% nll=1.0191
[retrieval] passkey len= 64k depth= 0.1: token_acc=92.0% exact=60.0% nll=1.0187
[retrieval] passkey len= 64k depth= 0.5: token_acc=90.0% exact=60.0% nll=1.1845
[retrieval] passkey len= 64k depth= 0.9: token_acc=90.0% exact=50.0% nll=0.9385
[retrieval] passkey len=128k depth= 0.1: token_acc=80.0% exact=20.0% nll=1.2789
[retrieval] passkey len=128k depth= 0.5: token_acc=82.0% exact=40.0% nll=1.3541
[retrieval] passkey len=128k depth= 0.9: token_acc=86.0% exact=40.0% nll=1.0522
[retrieval] passkey len=256k depth= 0.1: token_acc=80.0% exact=40.0% nll=1.3345
[retrieval] passkey len=256k depth= 0.5: token_acc=58.0% exact=10.0% nll=2.1752
[retrieval] passkey len=256k depth= 0.9: token_acc=80.0% exact=30.0% nll=1.3520
[retrieval]    niah len=  2k depth= 0.1: token_acc=90.0% exact=50.0% nll=0.8873
[retrieval]    niah len=  2k depth= 0.5: token_acc=98.0% exact=90.0% nll=0.6092
[retrieval]    niah len=  2k depth= 0.9: token_acc=100.0% exact=100.0% nll=0.4212
[retrieval]    niah len=  4k depth= 0.1: token_acc=100.0% exact=100.0% nll=0.7845
[retrieval]    niah len=  4k depth= 0.5: token_acc=94.0% exact=70.0% nll=0.8490
[retrieval]    niah len=  4k depth= 0.9: token_acc=100.0% exact=100.0% nll=0.3498
[retrieval]    niah len=  8k depth= 0.1: token_acc=98.0% exact=90.0% nll=0.8089
[retrieval]    niah len=  8k depth= 0.5: token_acc=92.0% exact=60.0% nll=0.9916
[retrieval]    niah len=  8k depth= 0.9: token_acc=100.0% exact=100.0% nll=0.9151
[retrieval]    niah len= 16k depth= 0.1: token_acc=98.0% exact=90.0% nll=0.6918
[retrieval]    niah len= 16k depth= 0.5: token_acc=98.0% exact=90.0% nll=0.7331
[retrieval]    niah len= 16k depth= 0.9: token_acc=92.0% exact=60.0% nll=0.8925
[retrieval]    niah len= 32k depth= 0.1: token_acc=88.0% exact=40.0% nll=1.0360
[retrieval]    niah len= 32k depth= 0.5: token_acc=74.0% exact=0.0% nll=1.3867
[retrieval]    niah len= 32k depth= 0.9: token_acc=88.0% exact=50.0% nll=1.1412
[retrieval]    niah len= 64k depth= 0.1: token_acc=100.0% exact=100.0% nll=0.8552
[retrieval]    niah len= 64k depth= 0.5: token_acc=92.0% exact=60.0% nll=0.8994
[retrieval]    niah len= 64k depth= 0.9: token_acc=98.0% exact=90.0% nll=0.8531
[retrieval]    niah len=128k depth= 0.1: token_acc=96.0% exact=80.0% nll=0.6966
[retrieval]    niah len=128k depth= 0.5: token_acc=100.0% exact=100.0% nll=0.6702
[retrieval]    niah len=128k depth= 0.9: token_acc=94.0% exact=70.0% nll=0.7644
[retrieval]    niah len=256k depth= 0.1: token_acc=82.0% exact=20.0% nll=1.1253
[retrieval]    niah len=256k depth= 0.5: token_acc=92.0% exact=60.0% nll=1.1620
[retrieval]    niah len=256k depth= 0.9: token_acc=94.0% exact=70.0% nll=1.0449
[run] done in 327.0s -> /home/sagemaker-user/atma/benchmarks/logs/foveal_cpt/retrieval_retrieval_synthetic_polar_kl_4b6cb311e4.log
