[run] benchmark=retrieval model=/home/sagemaker-user/.cache/huggingface/hub/models--ChavyvAkvar--atma-foveal-cpt-all/snapshots/e4cf2558793646c26d9e5a6c6eeadb4e1011cad3/rope/local/cpt tasks=['passkey', 'niah'] lengths=['2k', '4k', '8k', '16k', '32k', '64k', '128k', '256k'] samples=10 gamma_clamp=None
[retrieval] passkey len=  2k depth= 0.1: token_acc=4.0% exact=0.0% nll=5.2865
[retrieval] passkey len=  2k depth= 0.5: token_acc=4.0% exact=0.0% nll=5.2734
[retrieval] passkey len=  2k depth= 0.9: token_acc=98.0% exact=90.0% nll=0.1912
[retrieval] passkey len=  4k depth= 0.1: token_acc=0.0% exact=0.0% nll=5.2323
[retrieval] passkey len=  4k depth= 0.5: token_acc=0.0% exact=0.0% nll=5.2218
[retrieval] passkey len=  4k depth= 0.9: token_acc=98.0% exact=90.0% nll=0.3184
[retrieval] passkey len=  8k depth= 0.1: token_acc=0.0% exact=0.0% nll=5.5409
[retrieval] passkey len=  8k depth= 0.5: token_acc=0.0% exact=0.0% nll=5.5426
[retrieval] passkey len=  8k depth= 0.9: token_acc=0.0% exact=0.0% nll=5.5395
[retrieval] passkey len= 16k depth= 0.1: token_acc=0.0% exact=0.0% nll=5.2170
[retrieval] passkey len= 16k depth= 0.5: token_acc=0.0% exact=0.0% nll=5.2102
[retrieval] passkey len= 16k depth= 0.9: token_acc=0.0% exact=0.0% nll=5.2072
[retrieval] passkey len= 32k depth= 0.1: token_acc=0.0% exact=0.0% nll=5.3648
[retrieval] passkey len= 32k depth= 0.5: token_acc=0.0% exact=0.0% nll=5.3624
[retrieval] passkey len= 32k depth= 0.9: token_acc=0.0% exact=0.0% nll=5.3411
[retrieval] passkey len= 64k depth= 0.1: token_acc=0.0% exact=0.0% nll=6.4107
[retrieval] passkey len= 64k depth= 0.5: token_acc=0.0% exact=0.0% nll=6.4113
[retrieval] passkey len= 64k depth= 0.9: token_acc=0.0% exact=0.0% nll=6.4103
[retrieval] passkey len=128k depth= 0.1: token_acc=0.0% exact=0.0% nll=4.8481
[retrieval] passkey len=128k depth= 0.5: token_acc=0.0% exact=0.0% nll=4.8457
[retrieval] passkey len=128k depth= 0.9: token_acc=0.0% exact=0.0% nll=4.8453
[retrieval] passkey len=256k depth= 0.1: token_acc=0.0% exact=0.0% nll=5.9740
[retrieval] passkey len=256k depth= 0.5: token_acc=0.0% exact=0.0% nll=5.9765
[retrieval] passkey len=256k depth= 0.9: token_acc=0.0% exact=0.0% nll=5.9666
[retrieval]    niah len=  2k depth= 0.1: token_acc=2.0% exact=0.0% nll=4.5736
[retrieval]    niah len=  2k depth= 0.5: token_acc=2.0% exact=0.0% nll=4.5698
[retrieval]    niah len=  2k depth= 0.9: token_acc=88.0% exact=40.0% nll=0.4526
[retrieval]    niah len=  4k depth= 0.1: token_acc=2.0% exact=0.0% nll=4.7294
[retrieval]    niah len=  4k depth= 0.5: token_acc=2.0% exact=0.0% nll=4.7150
[retrieval]    niah len=  4k depth= 0.9: token_acc=94.0% exact=70.0% nll=0.5296
[retrieval]    niah len=  8k depth= 0.1: token_acc=0.0% exact=0.0% nll=4.6133
[retrieval]    niah len=  8k depth= 0.5: token_acc=0.0% exact=0.0% nll=4.6084
[retrieval]    niah len=  8k depth= 0.9: token_acc=2.0% exact=0.0% nll=4.5960
[retrieval]    niah len= 16k depth= 0.1: token_acc=2.0% exact=0.0% nll=4.8258
[retrieval]    niah len= 16k depth= 0.5: token_acc=2.0% exact=0.0% nll=4.8191
[retrieval]    niah len= 16k depth= 0.9: token_acc=2.0% exact=0.0% nll=4.8125
[retrieval]    niah len= 32k depth= 0.1: token_acc=2.0% exact=0.0% nll=5.0761
[retrieval]    niah len= 32k depth= 0.5: token_acc=2.0% exact=0.0% nll=5.0770
[retrieval]    niah len= 32k depth= 0.9: token_acc=2.0% exact=0.0% nll=5.0561
[retrieval]    niah len= 64k depth= 0.1: token_acc=2.0% exact=0.0% nll=5.6069
[retrieval]    niah len= 64k depth= 0.5: token_acc=2.0% exact=0.0% nll=5.6080
[retrieval]    niah len= 64k depth= 0.9: token_acc=2.0% exact=0.0% nll=5.5995
[retrieval]    niah len=128k depth= 0.1: token_acc=2.0% exact=0.0% nll=4.4458
[retrieval]    niah len=128k depth= 0.5: token_acc=2.0% exact=0.0% nll=4.4428
[retrieval]    niah len=128k depth= 0.9: token_acc=2.0% exact=0.0% nll=4.4461
[retrieval]    niah len=256k depth= 0.1: token_acc=0.0% exact=0.0% nll=4.8976
[retrieval]    niah len=256k depth= 0.5: token_acc=0.0% exact=0.0% nll=4.8983
[retrieval]    niah len=256k depth= 0.9: token_acc=0.0% exact=0.0% nll=4.8971

[retrieval] teacher-forced token accuracy %, per kind (rows=length, cols=depth):
  passkey:
    len     0.1    0.5    0.9
      2k    4.0    4.0   98.0
      4k    0.0    0.0   98.0
      8k    0.0    0.0    0.0
     16k    0.0    0.0    0.0
     32k    0.0    0.0    0.0
     64k    0.0    0.0    0.0
    128k    0.0    0.0    0.0
    256k    0.0    0.0    0.0
  niah:
    len     0.1    0.5    0.9
      2k    2.0    2.0   88.0
      4k    2.0    2.0   94.0
      8k    0.0    0.0    2.0
     16k    2.0    2.0    2.0
     32k    2.0    2.0    2.0
     64k    2.0    2.0    2.0
    128k    2.0    2.0    2.0
    256k    0.0    0.0    0.0

===RETRIEVAL_RESULTS_JSON===
{"benchmark": "retrieval", "protocol": "teacher-forced-needle-v2", "kinds": ["passkey", "niah"], "lengths": ["2k", "4k", "8k", "16k", "32k", "64k", "128k", "256k"], "depths": [0.1, 0.5, 0.9], "num_samples": 10, "value_tokens": 5, "seed": 1234, "paired_across_lengths_and_depths": true, "haystack": "codelion/finepdfs-1B", "haystack_revision": null, "results": {"passkey": {"2k": {"0.1": 4.0, "0.5": 4.0, "0.9": 98.0}, "4k": {"0.1": 0.0, "0.5": 0.0, "0.9": 98.0}, "8k": {"0.1": 0.0, "0.5": 0.0, "0.9": 0.0}, "16k": {"0.1": 0.0, "0.5": 0.0, "0.9": 0.0}, "32k": {"0.1": 0.0, "0.5": 0.0, "0.9": 0.0}, "64k": {"0.1": 0.0, "0.5": 0.0, "0.9": 0.0}, "128k": {"0.1": 0.0, "0.5": 0.0, "0.9": 0.0}, "256k": {"0.1": 0.0, "0.5": 0.0, "0.9": 0.0}}, "niah": {"2k": {"0.1": 2.0, "0.5": 2.0, "0.9": 88.0}, "4k": {"0.1": 2.0, "0.5": 2.0, "0.9": 94.0}, "8k": {"0.1": 0.0, "0.5": 0.0, "0.9": 2.0}, "16k": {"0.1": 2.0, "0.5": 2.0, "0.9": 2.0}, "32k": {"0.1": 2.0, "0.5": 2.0, "0.9": 2.0}, "64k": {"0.1": 2.0, "0.5": 2.0, "0.9": 2.0}, "128k": {"0.1": 2.0, "0.5": 2.0, "0.9": 2.0}, "256k": {"0.1": 0.0, "0.5": 0.0, "0.9": 0.0}}}, "exact_results": {"passkey": {"2k": {"0.1": 0.0, "0.5": 0.0, "0.9": 90.0}, "4k": {"0.1": 0.0, "0.5": 0.0, "0.9": 90.0}, "8k": {"0.1": 0.0, "0.5": 0.0, "0.9": 0.0}, "16k": {"0.1": 0.0, "0.5": 0.0, "0.9": 0.0}, "32k": {"0.1": 0.0, "0.5": 0.0, "0.9": 0.0}, "64k": {"0.1": 0.0, "0.5": 0.0, "0.9": 0.0}, "128k": {"0.1": 0.0, "0.5": 0.0, "0.9": 0.0}, "256k": {"0.1": 0.0, "0.5": 0.0, "0.9": 0.0}}, "niah": {"2k": {"0.1": 0.0, "0.5": 0.0, "0.9": 40.0}, "4k": {"0.1": 0.0, "0.5": 0.0, "0.9": 70.0}, "8k": {"0.1": 0.0, "0.5": 0.0, "0.9": 0.0}, "16k": {"0.1": 0.0, "0.5": 0.0, "0.9": 0.0}, "32k": {"0.1": 0.0, "0.5": 0.0, "0.9": 0.0}, "64k": {"0.1": 0.0, "0.5": 0.0, "0.9": 0.0}, "128k": {"0.1": 0.0, "0.5": 0.0, "0.9": 0.0}, "256k": {"0.1": 0.0, "0.5": 0.0, "0.9": 0.0}}}, "nll_results": {"passkey": {"2k": {"0.1": 5.28652400970459, "0.5": 5.2734140777587895, "0.9": 0.19115256130695343}, "4k": {"0.1": 5.232258186340332, "0.5": 5.221786613464356, "0.9": 0.31836182832717896}, "8k": {"0.1": 5.540920295715332, "0.5": 5.542641067504883, "0.9": 5.539501075744629}, "16k": {"0.1": 5.216976127624512, "0.5": 5.2102328872680665, "0.9": 5.207212142944336}, "32k": {"0.1": 5.364803848266601, "0.5": 5.362429084777832, "0.9": 5.341141090393067}, "64k": {"0.1": 6.41066463470459, "0.5": 6.411269111633301, "0.9": 6.410316581726074}, "128k": {"0.1": 4.848149757385254, "0.5": 4.845654602050781, "0.9": 4.845289344787598}, "256k": {"0.1": 5.973965072631836, "0.5": 5.976464805603027, "0.9": 5.966640243530273}}, "niah": {"2k": {"0.1": 4.573630104064941, "0.5": 4.5697806930541995, "0.9": 0.45256933450698855}, "4k": {"0.1": 4.7294128799438475, "0.5": 4.714993743896485, "0.9": 0.5295580697059631}, "8k": {"0.1": 4.613317375183105, "0.5": 4.608443031311035, "0.9": 4.596023063659668}, "16k": {"0.1": 4.825775299072266, "0.5": 4.819137496948242, "0.9": 4.812494239807129}, "32k": {"0.1": 5.076056976318359, "0.5": 5.076993370056153, "0.9": 5.056128349304199}, "64k": {"0.1": 5.606854438781738, "0.5": 5.608002319335937, "0.9": 5.5995009231567385}, "128k": {"0.1": 4.445822486877441, "0.5": 4.442839965820313, "0.9": 4.44611930847168}, "256k": {"0.1": 4.89761116027832, "0.5": 4.898288345336914, "0.9": 4.897062644958496}}}, "oom_cells": [], "elapsed_s": 345.7, "unsupported_checkpoint": false, "model_config": {"vocab_size": 50304, "num_hidden_layers": 16, "hidden_size": 1024, "head_dim": 128, "attn_kernel_size": 4, "conv_kernel_size": 3, "max_position_embeddings": 2048, "rms_norm_eps": 1e-06, "dtype": "torch.bfloat16", "tie_word_embeddings": false, "num_random_keys": 0, "attn_online": false, "attn_k_block": 512, "attn_kernel": "triton", "attn_type": "rope", "polar_variant": "full", "wall_gate_bias": null, "attn_window": 512, "mem_enabled": true, "mem_chunk": 128, "mem_gamma_bias": 3.9, "mem_beta_bias": 0.0, "mem_kernel": "auto", "is_foveal": true, "foveal_config": {"checkpoint": "ChavyvAkvar/atma-10b-L40S-mbs16-rope__reg-baseline__distr-0__mem-1__win-0", "train_glob": "finewebedu10B/finewebedu_train_*.bin", "output_dir": "foveal_cpt/output/rope/local", "hf_cache": null, "dataset_repo": "kjj0/finewebedu10B-gpt2", "dataset_train_template": "finewebedu_train_{index:06d}.bin", "dataset_validation_file": "finewebedu_val_000000.bin", "auto_download_data": true, "adaptation_mode": "local", "sequence_length": 32768, "batch_tokens": 524288, "microbatch_sequences": 1, "train_tokens": 1000000000, "index_dim": 16, "page_size": 64, "query_block_size": 64, "local_window": 512, "remote_capacity": 1, "top_p": 1.0, "min_remote_pages": 0, "max_remote_pages": 0, "handoff_start_tokens": 50000000, "handoff_end_tokens": 200000000, "initial_top_p": 1.0, "initial_min_remote_pages": 0, "initial_max_remote_pages": 0, "teacher_query_blocks": 4, "teacher_interval": 1, "index_loss_weight": 0.1, "teacher_mean_weight": 0.5, "activation_checkpointing": false, "compile_model": true, "flex_compile": true, "flex_kernel_options": {"BLOCK_M": 64, "BLOCK_N": 64, "PRESCALE_QK": true}, "xent_impl": "eager", "xent_token_chunk": 4096, "xent_vocab_chunk": 2048, "base_lr_scale": 0.1, "index_lr": 0.001, "weight_decay": 0.01, "cooldown_fraction": 0.7, "grad_clip": 1.0, "log_every": 10, "save_every": 250, "keep_last_checkpoints": 1, "seed": 1234, "calibration_sequence_length": 4096, "calibration_batch_tokens": 65536, "calibration_tokens": 20000000, "calibration_lr": 0.001}, "adaptation_mode": "local", "base_checkpoint": "ChavyvAkvar/atma-10b-L40S-mbs16-rope__reg-baseline__distr-0__mem-1__win-0", "sequence_length": 32768, "local_window": 512}, "model_unsupported": [], "serving_metrics": null}
===END===
[run] done in 345.7s -> /home/sagemaker-user/atma/benchmarks/logs/foveal_cpt/retrieval_retrieval_real_rope_local_fc841a60f8.log
