You are using version 1 of 'kernels-community/causal-conv1d', but version 2 is available.
Warning: You are sending unauthenticated requests to the HF Hub. Please set a HF_TOKEN to enable higher rate limits and faster downloads.
[run] benchmark=retrieval model=/home/sagemaker-user/.cache/huggingface/hub/models--ChavyvAkvar--atma-foveal-cpt-all/snapshots/e4cf2558793646c26d9e5a6c6eeadb4e1011cad3/rope/lm_output_kl/cpt tasks=['passkey', 'niah'] lengths=['2k', '4k', '8k', '16k', '32k', '64k', '128k', '256k'] samples=10 gamma_clamp=None

Fetching 8 files:   0%|          | 0/8 [00:00<?, ?it/s]
Fetching 8 files: 100%|██████████| 8/8 [00:00<00:00, 1856.71it/s]

Fetching 4 files:   0%|          | 0/4 [00:00<?, ?it/s]
Fetching 4 files: 100%|██████████| 4/4 [00:00<00:00, 1921.79it/s]

Fetching 4 files:   0%|          | 0/4 [00:00<?, ?it/s]
Fetching 4 files: 100%|██████████| 4/4 [00:00<00:00, 1794.74it/s]
[retrieval] passkey len=  2k depth= 0.1: token_acc=58.0% exact=30.0% nll=1.9064
[retrieval] passkey len=  2k depth= 0.5: token_acc=74.0% exact=30.0% nll=1.0770
[retrieval] passkey len=  2k depth= 0.9: token_acc=94.0% exact=80.0% nll=0.6316
[retrieval] passkey len=  4k depth= 0.1: token_acc=42.0% exact=0.0% nll=1.7399
[retrieval] passkey len=  4k depth= 0.5: token_acc=20.0% exact=0.0% nll=3.3557
[retrieval] passkey len=  4k depth= 0.9: token_acc=90.0% exact=60.0% nll=0.5235
[retrieval] passkey len=  8k depth= 0.1: token_acc=10.0% exact=0.0% nll=3.5573
[retrieval] passkey len=  8k depth= 0.5: token_acc=8.0% exact=0.0% nll=3.5242
[retrieval] passkey len=  8k depth= 0.9: token_acc=22.0% exact=0.0% nll=4.0425
[retrieval] passkey len= 16k depth= 0.1: token_acc=8.0% exact=0.0% nll=3.6739
[retrieval] passkey len= 16k depth= 0.5: token_acc=6.0% exact=0.0% nll=4.3006
[retrieval] passkey len= 16k depth= 0.9: token_acc=6.0% exact=0.0% nll=4.7000
[retrieval] passkey len= 32k depth= 0.1: token_acc=8.0% exact=0.0% nll=4.7876
[retrieval] passkey len= 32k depth= 0.5: token_acc=8.0% exact=0.0% nll=4.7820
[retrieval] passkey len= 32k depth= 0.9: token_acc=18.0% exact=0.0% nll=4.1177
[retrieval] passkey len= 64k depth= 0.1: token_acc=6.0% exact=0.0% nll=4.6982
[retrieval] passkey len= 64k depth= 0.5: token_acc=8.0% exact=0.0% nll=4.7149
[retrieval] passkey len= 64k depth= 0.9: token_acc=6.0% exact=0.0% nll=4.7015
[retrieval] passkey len=128k depth= 0.1: token_acc=8.0% exact=0.0% nll=4.6834
[retrieval] passkey len=128k depth= 0.5: token_acc=8.0% exact=0.0% nll=4.6804
[retrieval] passkey len=128k depth= 0.9: token_acc=8.0% exact=0.0% nll=4.6558
[retrieval] passkey len=256k depth= 0.1: token_acc=6.0% exact=0.0% nll=4.6578
[retrieval] passkey len=256k depth= 0.5: token_acc=6.0% exact=0.0% nll=4.6507
[retrieval] passkey len=256k depth= 0.9: token_acc=16.0% exact=0.0% nll=2.7574
[retrieval]    niah len=  2k depth= 0.1: token_acc=60.0% exact=0.0% nll=1.7516
[retrieval]    niah len=  2k depth= 0.5: token_acc=80.0% exact=30.0% nll=1.0981
[retrieval]    niah len=  2k depth= 0.9: token_acc=98.0% exact=90.0% nll=0.6929
[retrieval]    niah len=  4k depth= 0.1: token_acc=20.0% exact=0.0% nll=2.4415
[retrieval]    niah len=  4k depth= 0.5: token_acc=10.0% exact=0.0% nll=2.8773
[retrieval]    niah len=  4k depth= 0.9: token_acc=94.0% exact=70.0% nll=0.6565
[retrieval]    niah len=  8k depth= 0.1: token_acc=0.0% exact=0.0% nll=3.3246
[retrieval]    niah len=  8k depth= 0.5: token_acc=22.0% exact=0.0% nll=2.7172
[retrieval]    niah len=  8k depth= 0.9: token_acc=4.0% exact=0.0% nll=4.0183
[retrieval]    niah len= 16k depth= 0.1: token_acc=0.0% exact=0.0% nll=3.7724
[retrieval]    niah len= 16k depth= 0.5: token_acc=0.0% exact=0.0% nll=3.9066
[retrieval]    niah len= 16k depth= 0.9: token_acc=0.0% exact=0.0% nll=3.9005
[retrieval]    niah len= 32k depth= 0.1: token_acc=0.0% exact=0.0% nll=3.8780
[retrieval]    niah len= 32k depth= 0.5: token_acc=0.0% exact=0.0% nll=3.8787
[retrieval]    niah len= 32k depth= 0.9: token_acc=2.0% exact=0.0% nll=3.5755
[retrieval]    niah len= 64k depth= 0.1: token_acc=0.0% exact=0.0% nll=3.9055
[retrieval]    niah len= 64k depth= 0.5: token_acc=0.0% exact=0.0% nll=3.8993
[retrieval]    niah len= 64k depth= 0.9: token_acc=0.0% exact=0.0% nll=3.9355
[retrieval]    niah len=128k depth= 0.1: token_acc=0.0% exact=0.0% nll=3.7767
[retrieval]    niah len=128k depth= 0.5: token_acc=0.0% exact=0.0% nll=3.7708
[retrieval]    niah len=128k depth= 0.9: token_acc=0.0% exact=0.0% nll=3.7654
[retrieval]    niah len=256k depth= 0.1: token_acc=0.0% exact=0.0% nll=3.8808
[retrieval]    niah len=256k depth= 0.5: token_acc=0.0% exact=0.0% nll=3.8759
[retrieval]    niah len=256k depth= 0.9: token_acc=20.0% exact=0.0% nll=2.2830
[run] done in 374.6s -> /home/sagemaker-user/atma/benchmarks/logs/foveal_cpt/retrieval_retrieval_synthetic_rope_lm_output_kl_9895220a94.log
