[run] benchmark=retrieval model=/home/sagemaker-user/.cache/huggingface/hub/models--ChavyvAkvar--atma-foveal-cpt-all/snapshots/e4cf2558793646c26d9e5a6c6eeadb4e1011cad3/nope/lm_output_kl/cpt tasks=['passkey', 'niah'] lengths=['2k', '4k', '8k', '16k', '32k', '64k', '128k', '256k'] samples=10 gamma_clamp=None
[retrieval] passkey len=  2k depth= 0.1: token_acc=100.0% exact=100.0% nll=0.1463
[retrieval] passkey len=  2k depth= 0.5: token_acc=100.0% exact=100.0% nll=0.1244
[retrieval] passkey len=  2k depth= 0.9: token_acc=96.0% exact=80.0% nll=0.2215
[retrieval] passkey len=  4k depth= 0.1: token_acc=0.0% exact=0.0% nll=5.5070
[retrieval] passkey len=  4k depth= 0.5: token_acc=98.0% exact=90.0% nll=0.2338
[retrieval] passkey len=  4k depth= 0.9: token_acc=98.0% exact=90.0% nll=0.2722
[retrieval] passkey len=  8k depth= 0.1: token_acc=2.0% exact=0.0% nll=5.1825
[retrieval] passkey len=  8k depth= 0.5: token_acc=44.0% exact=0.0% nll=3.0126
[retrieval] passkey len=  8k depth= 0.9: token_acc=100.0% exact=100.0% nll=0.2293
[retrieval] passkey len= 16k depth= 0.1: token_acc=0.0% exact=0.0% nll=5.1546
[retrieval] passkey len= 16k depth= 0.5: token_acc=0.0% exact=0.0% nll=5.2196
[retrieval] passkey len= 16k depth= 0.9: token_acc=4.0% exact=0.0% nll=4.8702
[retrieval] passkey len= 32k depth= 0.1: token_acc=2.0% exact=0.0% nll=5.4173
[retrieval] passkey len= 32k depth= 0.5: token_acc=2.0% exact=0.0% nll=5.4089
[retrieval] passkey len= 32k depth= 0.9: token_acc=62.0% exact=0.0% nll=2.3967
[retrieval] passkey len= 64k depth= 0.1: token_acc=0.0% exact=0.0% nll=6.7656
[retrieval] passkey len= 64k depth= 0.5: token_acc=0.0% exact=0.0% nll=6.7129
[retrieval] passkey len= 64k depth= 0.9: token_acc=6.0% exact=0.0% nll=5.0644
[retrieval] passkey len=128k depth= 0.1: token_acc=2.0% exact=0.0% nll=4.7498
[retrieval] passkey len=128k depth= 0.5: token_acc=2.0% exact=0.0% nll=4.7854
[retrieval] passkey len=128k depth= 0.9: token_acc=2.0% exact=0.0% nll=4.7499
[retrieval] passkey len=256k depth= 0.1: token_acc=2.0% exact=0.0% nll=5.0872
[retrieval] passkey len=256k depth= 0.5: token_acc=2.0% exact=0.0% nll=5.1422
[retrieval] passkey len=256k depth= 0.9: token_acc=2.0% exact=0.0% nll=5.1635
[retrieval]    niah len=  2k depth= 0.1: token_acc=100.0% exact=100.0% nll=0.1770
[retrieval]    niah len=  2k depth= 0.5: token_acc=80.0% exact=0.0% nll=1.0555
[retrieval]    niah len=  2k depth= 0.9: token_acc=100.0% exact=100.0% nll=0.1123
[retrieval]    niah len=  4k depth= 0.1: token_acc=0.0% exact=0.0% nll=5.1762
[retrieval]    niah len=  4k depth= 0.5: token_acc=100.0% exact=100.0% nll=0.2100
[retrieval]    niah len=  4k depth= 0.9: token_acc=100.0% exact=100.0% nll=0.2303
[retrieval]    niah len=  8k depth= 0.1: token_acc=2.0% exact=0.0% nll=4.5244
[retrieval]    niah len=  8k depth= 0.5: token_acc=0.0% exact=0.0% nll=4.6996
[retrieval]    niah len=  8k depth= 0.9: token_acc=100.0% exact=100.0% nll=0.1271
[retrieval]    niah len= 16k depth= 0.1: token_acc=0.0% exact=0.0% nll=5.1976
[retrieval]    niah len= 16k depth= 0.5: token_acc=0.0% exact=0.0% nll=5.1787
[retrieval]    niah len= 16k depth= 0.9: token_acc=0.0% exact=0.0% nll=5.2995
[retrieval]    niah len= 32k depth= 0.1: token_acc=0.0% exact=0.0% nll=4.9205
[retrieval]    niah len= 32k depth= 0.5: token_acc=0.0% exact=0.0% nll=4.9475
[retrieval]    niah len= 32k depth= 0.9: token_acc=50.0% exact=0.0% nll=2.4701
[retrieval]    niah len= 64k depth= 0.1: token_acc=0.0% exact=0.0% nll=6.6039
[retrieval]    niah len= 64k depth= 0.5: token_acc=0.0% exact=0.0% nll=6.6189
[retrieval]    niah len= 64k depth= 0.9: token_acc=0.0% exact=0.0% nll=6.5259
[retrieval]    niah len=128k depth= 0.1: token_acc=2.0% exact=0.0% nll=4.7776
[retrieval]    niah len=128k depth= 0.5: token_acc=2.0% exact=0.0% nll=4.7894
[retrieval]    niah len=128k depth= 0.9: token_acc=2.0% exact=0.0% nll=4.8706
[retrieval]    niah len=256k depth= 0.1: token_acc=2.0% exact=0.0% nll=4.5265
[retrieval]    niah len=256k depth= 0.5: token_acc=2.0% exact=0.0% nll=4.5632
[retrieval]    niah len=256k depth= 0.9: token_acc=2.0% exact=0.0% nll=4.5916

[retrieval] teacher-forced token accuracy %, per kind (rows=length, cols=depth):
  passkey:
    len     0.1    0.5    0.9
      2k  100.0  100.0   96.0
      4k    0.0   98.0   98.0
      8k    2.0   44.0  100.0
     16k    0.0    0.0    4.0
     32k    2.0    2.0   62.0
     64k    0.0    0.0    6.0
    128k    2.0    2.0    2.0
    256k    2.0    2.0    2.0
  niah:
    len     0.1    0.5    0.9
      2k  100.0   80.0  100.0
      4k    0.0  100.0  100.0
      8k    2.0    0.0  100.0
     16k    0.0    0.0    0.0
     32k    0.0    0.0   50.0
     64k    0.0    0.0    0.0
    128k    2.0    2.0    2.0
    256k    2.0    2.0    2.0

===RETRIEVAL_RESULTS_JSON===
{"benchmark": "retrieval", "protocol": "teacher-forced-needle-v2", "kinds": ["passkey", "niah"], "lengths": ["2k", "4k", "8k", "16k", "32k", "64k", "128k", "256k"], "depths": [0.1, 0.5, 0.9], "num_samples": 10, "value_tokens": 5, "seed": 1234, "paired_across_lengths_and_depths": true, "haystack": "codelion/finepdfs-1B", "haystack_revision": null, "results": {"passkey": {"2k": {"0.1": 100.0, "0.5": 100.0, "0.9": 96.0}, "4k": {"0.1": 0.0, "0.5": 98.0, "0.9": 98.0}, "8k": {"0.1": 2.0, "0.5": 44.0, "0.9": 100.0}, "16k": {"0.1": 0.0, "0.5": 0.0, "0.9": 4.0}, "32k": {"0.1": 2.0, "0.5": 2.0, "0.9": 62.0}, "64k": {"0.1": 0.0, "0.5": 0.0, "0.9": 6.0}, "128k": {"0.1": 2.0, "0.5": 2.0, "0.9": 2.0}, "256k": {"0.1": 2.0, "0.5": 2.0, "0.9": 2.0}}, "niah": {"2k": {"0.1": 100.0, "0.5": 80.0, "0.9": 100.0}, "4k": {"0.1": 0.0, "0.5": 100.0, "0.9": 100.0}, "8k": {"0.1": 2.0, "0.5": 0.0, "0.9": 100.0}, "16k": {"0.1": 0.0, "0.5": 0.0, "0.9": 0.0}, "32k": {"0.1": 0.0, "0.5": 0.0, "0.9": 50.0}, "64k": {"0.1": 0.0, "0.5": 0.0, "0.9": 0.0}, "128k": {"0.1": 2.0, "0.5": 2.0, "0.9": 2.0}, "256k": {"0.1": 2.0, "0.5": 2.0, "0.9": 2.0}}}, "exact_results": {"passkey": {"2k": {"0.1": 100.0, "0.5": 100.0, "0.9": 80.0}, "4k": {"0.1": 0.0, "0.5": 90.0, "0.9": 90.0}, "8k": {"0.1": 0.0, "0.5": 0.0, "0.9": 100.0}, "16k": {"0.1": 0.0, "0.5": 0.0, "0.9": 0.0}, "32k": {"0.1": 0.0, "0.5": 0.0, "0.9": 0.0}, "64k": {"0.1": 0.0, "0.5": 0.0, "0.9": 0.0}, "128k": {"0.1": 0.0, "0.5": 0.0, "0.9": 0.0}, "256k": {"0.1": 0.0, "0.5": 0.0, "0.9": 0.0}}, "niah": {"2k": {"0.1": 100.0, "0.5": 0.0, "0.9": 100.0}, "4k": {"0.1": 0.0, "0.5": 100.0, "0.9": 100.0}, "8k": {"0.1": 0.0, "0.5": 0.0, "0.9": 100.0}, "16k": {"0.1": 0.0, "0.5": 0.0, "0.9": 0.0}, "32k": {"0.1": 0.0, "0.5": 0.0, "0.9": 0.0}, "64k": {"0.1": 0.0, "0.5": 0.0, "0.9": 0.0}, "128k": {"0.1": 0.0, "0.5": 0.0, "0.9": 0.0}, "256k": {"0.1": 0.0, "0.5": 0.0, "0.9": 0.0}}}, "nll_results": {"passkey": {"2k": {"0.1": 0.14632800757884978, "0.5": 0.12439346909523011, "0.9": 0.22147538781166076}, "4k": {"0.1": 5.50698917388916, "0.5": 0.2338368570804596, "0.9": 0.2721782696247101}, "8k": {"0.1": 5.18248046875, "0.5": 3.0125682830810545, "0.9": 0.2292667293548584}, "16k": {"0.1": 5.154574546813965, "0.5": 5.219568367004395, "0.9": 4.870218200683594}, "32k": {"0.1": 5.417261238098145, "0.5": 5.4089030838012695, "0.9": 2.3967090225219727}, "64k": {"0.1": 6.765589790344238, "0.5": 6.71291561126709, "0.9": 5.064355697631836}, "128k": {"0.1": 4.7498376846313475, "0.5": 4.785388679504394, "0.9": 4.74986644744873}, "256k": {"0.1": 5.0871718215942385, "0.5": 5.142184257507324, "0.9": 5.163499755859375}}, "niah": {"2k": {"0.1": 0.1770373046398163, "0.5": 1.0554907703399659, "0.9": 0.11232706189155578}, "4k": {"0.1": 5.176169090270996, "0.5": 0.2099636673927307, "0.9": 0.23031133890151978}, "8k": {"0.1": 4.524368438720703, "0.5": 4.699610710144043, "0.9": 0.1270855897665024}, "16k": {"0.1": 5.1975979995727535, "0.5": 5.1786809921264645, "0.9": 5.299474449157715}, "32k": {"0.1": 4.920455894470215, "0.5": 4.947497940063476, "0.9": 2.470055732727051}, "64k": {"0.1": 6.6039237213134765, "0.5": 6.618886604309082, "0.9": 6.525899581909179}, "128k": {"0.1": 4.7775639724731445, "0.5": 4.789429969787598, "0.9": 4.870582885742188}, "256k": {"0.1": 4.526507987976074, "0.5": 4.563165817260742, "0.9": 4.591644515991211}}}, "oom_cells": [], "elapsed_s": 375.4, "unsupported_checkpoint": false, "model_config": {"vocab_size": 50304, "num_hidden_layers": 16, "hidden_size": 1024, "head_dim": 128, "attn_kernel_size": 4, "conv_kernel_size": 3, "max_position_embeddings": 2048, "rms_norm_eps": 1e-06, "dtype": "torch.bfloat16", "tie_word_embeddings": false, "num_random_keys": 0, "attn_online": false, "attn_k_block": 512, "attn_kernel": "triton", "attn_type": "nope", "polar_variant": "full", "wall_gate_bias": null, "attn_window": 512, "mem_enabled": true, "mem_chunk": 128, "mem_gamma_bias": 3.9, "mem_beta_bias": 0.0, "mem_kernel": "auto", "is_foveal": true, "foveal_config": {"checkpoint": "ChavyvAkvar/atma-10b-L40S-mbs16-nope__reg-baseline__distr-0__mem-1__win-0", "train_glob": "finewebedu10B/finewebedu_train_*.bin", "output_dir": "foveal_cpt/output/nope/lm_output_kl", "hf_cache": null, "dataset_repo": "kjj0/finewebedu10B-gpt2", "dataset_train_template": "finewebedu_train_{index:06d}.bin", "dataset_validation_file": "finewebedu_val_000000.bin", "auto_download_data": true, "adaptation_mode": "lm_output_kl", "sequence_length": 32768, "batch_tokens": 524288, "microbatch_sequences": 1, "train_tokens": 1000000000, "index_dim": 16, "page_size": 64, "query_block_size": 64, "local_window": 512, "remote_capacity": 64, "top_p": 0.95, "min_remote_pages": 0, "max_remote_pages": 32, "handoff_start_tokens": 50000000, "handoff_end_tokens": 200000000, "initial_top_p": 0.98, "initial_min_remote_pages": 8, "initial_max_remote_pages": 64, "teacher_query_blocks": 4, "teacher_interval": 1, "index_loss_weight": 0.1, "teacher_mean_weight": 0.5, "activation_checkpointing": false, "compile_model": true, "flex_compile": true, "flex_kernel_options": {"BLOCK_M": 64, "BLOCK_N": 64, "PRESCALE_QK": true}, "xent_impl": "eager", "xent_token_chunk": 4096, "xent_vocab_chunk": 2048, "base_lr_scale": 0.1, "index_lr": 0.001, "weight_decay": 0.01, "cooldown_fraction": 0.7, "grad_clip": 1.0, "log_every": 10, "save_every": 250, "keep_last_checkpoints": 1, "seed": 1234, "calibration_sequence_length": 4096, "calibration_batch_tokens": 65536, "calibration_tokens": 20000000, "calibration_lr": 0.001}, "adaptation_mode": "lm_output_kl", "base_checkpoint": "ChavyvAkvar/atma-10b-L40S-mbs16-nope__reg-baseline__distr-0__mem-1__win-0", "sequence_length": 32768, "local_window": 512}, "model_unsupported": [], "serving_metrics": null}
===END===
[run] done in 375.4s -> /home/sagemaker-user/atma/benchmarks/logs/foveal_cpt/retrieval_retrieval_real_nope_lm_output_kl_241d30d0e4.log
