[run] benchmark=retrieval model=/home/sagemaker-user/.cache/huggingface/hub/models--ChavyvAkvar--atma-foveal-cpt-all/snapshots/e4cf2558793646c26d9e5a6c6eeadb4e1011cad3/polar/lm_output_kl/cpt tasks=['passkey', 'niah'] lengths=['2k', '4k', '8k', '16k', '32k', '64k', '128k', '256k'] samples=10 gamma_clamp=None
[retrieval] passkey len=  2k depth= 0.1: token_acc=94.0% exact=70.0% nll=1.1032
[retrieval] passkey len=  2k depth= 0.5: token_acc=98.0% exact=90.0% nll=0.8703
[retrieval] passkey len=  2k depth= 0.9: token_acc=96.0% exact=80.0% nll=0.2681
[retrieval] passkey len=  4k depth= 0.1: token_acc=94.0% exact=70.0% nll=1.0922
[retrieval] passkey len=  4k depth= 0.5: token_acc=94.0% exact=70.0% nll=0.9970
[retrieval] passkey len=  4k depth= 0.9: token_acc=96.0% exact=80.0% nll=0.2357
[retrieval] passkey len=  8k depth= 0.1: token_acc=80.0% exact=30.0% nll=1.1558
[retrieval] passkey len=  8k depth= 0.5: token_acc=90.0% exact=50.0% nll=1.0016
[retrieval] passkey len=  8k depth= 0.9: token_acc=90.0% exact=50.0% nll=0.9421
[retrieval] passkey len= 16k depth= 0.1: token_acc=94.0% exact=70.0% nll=0.9815
[retrieval] passkey len= 16k depth= 0.5: token_acc=92.0% exact=60.0% nll=0.9008
[retrieval] passkey len= 16k depth= 0.9: token_acc=84.0% exact=40.0% nll=1.1046
[retrieval] passkey len= 32k depth= 0.1: token_acc=82.0% exact=20.0% nll=1.2002
[retrieval] passkey len= 32k depth= 0.5: token_acc=80.0% exact=30.0% nll=1.4044
[retrieval] passkey len= 32k depth= 0.9: token_acc=86.0% exact=50.0% nll=1.0424
[retrieval] passkey len= 64k depth= 0.1: token_acc=92.0% exact=70.0% nll=1.0138
[retrieval] passkey len= 64k depth= 0.5: token_acc=74.0% exact=20.0% nll=1.5337
[retrieval] passkey len= 64k depth= 0.9: token_acc=92.0% exact=70.0% nll=0.8832
[retrieval] passkey len=128k depth= 0.1: token_acc=68.0% exact=10.0% nll=1.4328
[retrieval] passkey len=128k depth= 0.5: token_acc=74.0% exact=30.0% nll=1.5788
[retrieval] passkey len=128k depth= 0.9: token_acc=80.0% exact=30.0% nll=1.1753
[retrieval] passkey len=256k depth= 0.1: token_acc=80.0% exact=30.0% nll=1.3517
[retrieval] passkey len=256k depth= 0.5: token_acc=48.0% exact=0.0% nll=2.2027
[retrieval] passkey len=256k depth= 0.9: token_acc=76.0% exact=30.0% nll=1.3187
[retrieval]    niah len=  2k depth= 0.1: token_acc=88.0% exact=40.0% nll=0.8702
[retrieval]    niah len=  2k depth= 0.5: token_acc=98.0% exact=90.0% nll=0.4908
[retrieval]    niah len=  2k depth= 0.9: token_acc=100.0% exact=100.0% nll=0.3886
[retrieval]    niah len=  4k depth= 0.1: token_acc=100.0% exact=100.0% nll=0.7655
[retrieval]    niah len=  4k depth= 0.5: token_acc=94.0% exact=70.0% nll=0.8649
[retrieval]    niah len=  4k depth= 0.9: token_acc=100.0% exact=100.0% nll=0.3181
[retrieval]    niah len=  8k depth= 0.1: token_acc=96.0% exact=80.0% nll=0.8569
[retrieval]    niah len=  8k depth= 0.5: token_acc=90.0% exact=50.0% nll=0.8799
[retrieval]    niah len=  8k depth= 0.9: token_acc=100.0% exact=100.0% nll=0.8248
[retrieval]    niah len= 16k depth= 0.1: token_acc=98.0% exact=90.0% nll=0.6442
[retrieval]    niah len= 16k depth= 0.5: token_acc=100.0% exact=100.0% nll=0.6969
[retrieval]    niah len= 16k depth= 0.9: token_acc=90.0% exact=60.0% nll=0.7798
[retrieval]    niah len= 32k depth= 0.1: token_acc=84.0% exact=30.0% nll=1.0751
[retrieval]    niah len= 32k depth= 0.5: token_acc=82.0% exact=20.0% nll=1.3338
[retrieval]    niah len= 32k depth= 0.9: token_acc=78.0% exact=10.0% nll=1.1486
[retrieval]    niah len= 64k depth= 0.1: token_acc=100.0% exact=100.0% nll=0.7978
[retrieval]    niah len= 64k depth= 0.5: token_acc=86.0% exact=30.0% nll=0.8863
[retrieval]    niah len= 64k depth= 0.9: token_acc=98.0% exact=90.0% nll=0.9025
[retrieval]    niah len=128k depth= 0.1: token_acc=90.0% exact=50.0% nll=0.8168
[retrieval]    niah len=128k depth= 0.5: token_acc=94.0% exact=80.0% nll=0.9687
[retrieval]    niah len=128k depth= 0.9: token_acc=88.0% exact=40.0% nll=0.8420
[retrieval]    niah len=256k depth= 0.1: token_acc=74.0% exact=10.0% nll=1.2361
[retrieval]    niah len=256k depth= 0.5: token_acc=68.0% exact=0.0% nll=1.3825
[retrieval]    niah len=256k depth= 0.9: token_acc=92.0% exact=60.0% nll=1.1007

[retrieval] teacher-forced token accuracy %, per kind (rows=length, cols=depth):
  passkey:
    len     0.1    0.5    0.9
      2k   94.0   98.0   96.0
      4k   94.0   94.0   96.0
      8k   80.0   90.0   90.0
     16k   94.0   92.0   84.0
     32k   82.0   80.0   86.0
     64k   92.0   74.0   92.0
    128k   68.0   74.0   80.0
    256k   80.0   48.0   76.0
  niah:
    len     0.1    0.5    0.9
      2k   88.0   98.0  100.0
      4k  100.0   94.0  100.0
      8k   96.0   90.0  100.0
     16k   98.0  100.0   90.0
     32k   84.0   82.0   78.0
     64k  100.0   86.0   98.0
    128k   90.0   94.0   88.0
    256k   74.0   68.0   92.0

===RETRIEVAL_RESULTS_JSON===
{"benchmark": "retrieval", "protocol": "teacher-forced-needle-v2", "kinds": ["passkey", "niah"], "lengths": ["2k", "4k", "8k", "16k", "32k", "64k", "128k", "256k"], "depths": [0.1, 0.5, 0.9], "num_samples": 10, "value_tokens": 5, "seed": 1234, "paired_across_lengths_and_depths": true, "haystack": "synthetic-filler", "haystack_revision": null, "results": {"passkey": {"2k": {"0.1": 94.0, "0.5": 98.0, "0.9": 96.0}, "4k": {"0.1": 94.0, "0.5": 94.0, "0.9": 96.0}, "8k": {"0.1": 80.0, "0.5": 90.0, "0.9": 90.0}, "16k": {"0.1": 94.0, "0.5": 92.0, "0.9": 84.0}, "32k": {"0.1": 82.0, "0.5": 80.0, "0.9": 86.0}, "64k": {"0.1": 92.0, "0.5": 74.0, "0.9": 92.0}, "128k": {"0.1": 68.0, "0.5": 74.0, "0.9": 80.0}, "256k": {"0.1": 80.0, "0.5": 48.0, "0.9": 76.0}}, "niah": {"2k": {"0.1": 88.0, "0.5": 98.0, "0.9": 100.0}, "4k": {"0.1": 100.0, "0.5": 94.0, "0.9": 100.0}, "8k": {"0.1": 96.0, "0.5": 90.0, "0.9": 100.0}, "16k": {"0.1": 98.0, "0.5": 100.0, "0.9": 90.0}, "32k": {"0.1": 84.0, "0.5": 82.0, "0.9": 78.0}, "64k": {"0.1": 100.0, "0.5": 86.0, "0.9": 98.0}, "128k": {"0.1": 90.0, "0.5": 94.0, "0.9": 88.0}, "256k": {"0.1": 74.0, "0.5": 68.0, "0.9": 92.0}}}, "exact_results": {"passkey": {"2k": {"0.1": 70.0, "0.5": 90.0, "0.9": 80.0}, "4k": {"0.1": 70.0, "0.5": 70.0, "0.9": 80.0}, "8k": {"0.1": 30.0, "0.5": 50.0, "0.9": 50.0}, "16k": {"0.1": 70.0, "0.5": 60.0, "0.9": 40.0}, "32k": {"0.1": 20.0, "0.5": 30.0, "0.9": 50.0}, "64k": {"0.1": 70.0, "0.5": 20.0, "0.9": 70.0}, "128k": {"0.1": 10.0, "0.5": 30.0, "0.9": 30.0}, "256k": {"0.1": 30.0, "0.5": 0.0, "0.9": 30.0}}, "niah": {"2k": {"0.1": 40.0, "0.5": 90.0, "0.9": 100.0}, "4k": {"0.1": 100.0, "0.5": 70.0, "0.9": 100.0}, "8k": {"0.1": 80.0, "0.5": 50.0, "0.9": 100.0}, "16k": {"0.1": 90.0, "0.5": 100.0, "0.9": 60.0}, "32k": {"0.1": 30.0, "0.5": 20.0, "0.9": 10.0}, "64k": {"0.1": 100.0, "0.5": 30.0, "0.9": 90.0}, "128k": {"0.1": 50.0, "0.5": 80.0, "0.9": 40.0}, "256k": {"0.1": 10.0, "0.5": 0.0, "0.9": 60.0}}}, "nll_results": {"passkey": {"2k": {"0.1": 1.1032059049606324, "0.5": 0.8702848291397095, "0.9": 0.26813018798828125}, "4k": {"0.1": 1.092165665626526, "0.5": 0.9969969081878662, "0.9": 0.23568444490432738}, "8k": {"0.1": 1.1557608127593995, "0.5": 1.0015696668624878, "0.9": 0.942054762840271}, "16k": {"0.1": 0.9815039110183715, "0.5": 0.9008237552642823, "0.9": 1.1046133327484131}, "32k": {"0.1": 1.2002055835723877, "0.5": 1.4044288825988769, "0.9": 1.0423991203308105}, "64k": {"0.1": 1.013771529197693, "0.5": 1.5336846065521241, "0.9": 0.8831949472427368}, "128k": {"0.1": 1.4328439140319824, "0.5": 1.57877459526062, "0.9": 1.175278868675232}, "256k": {"0.1": 1.3517341995239258, "0.5": 2.2026507663726806, "0.9": 1.3187408447265625}}, "niah": {"2k": {"0.1": 0.8702198505401612, "0.5": 0.4908308553695679, "0.9": 0.38859904527664185}, "4k": {"0.1": 0.7654682588577271, "0.5": 0.8648789834976196, "0.9": 0.31808277606964114}, "8k": {"0.1": 0.8568956851959229, "0.5": 0.8798752069473267, "0.9": 0.8248046398162842}, "16k": {"0.1": 0.6442474699020386, "0.5": 0.696866044998169, "0.9": 0.7798489809036255}, "32k": {"0.1": 1.0750810527801513, "0.5": 1.33379150390625, "0.9": 1.1486315536499023}, "64k": {"0.1": 0.7978033828735351, "0.5": 0.8863329792022705, "0.9": 0.9025405931472779}, "128k": {"0.1": 0.8168252944946289, "0.5": 0.9687134838104248, "0.9": 0.8419571733474731}, "256k": {"0.1": 1.2360758018493652, "0.5": 1.3825155353546144, "0.9": 1.10070650100708}}}, "oom_cells": [], "elapsed_s": 328.8, "unsupported_checkpoint": false, "model_config": {"vocab_size": 50304, "num_hidden_layers": 16, "hidden_size": 1024, "head_dim": 128, "attn_kernel_size": 4, "conv_kernel_size": 3, "max_position_embeddings": 2048, "rms_norm_eps": 1e-06, "dtype": "torch.bfloat16", "tie_word_embeddings": false, "num_random_keys": 0, "attn_online": false, "attn_k_block": 512, "attn_kernel": "triton", "attn_type": "polar", "polar_variant": "full", "wall_gate_bias": null, "attn_window": 512, "mem_enabled": true, "mem_chunk": 128, "mem_gamma_bias": 3.9, "mem_beta_bias": 0.0, "mem_kernel": "auto", "is_foveal": true, "foveal_config": {"checkpoint": "ChavyvAkvar/atma-10b-L40S-mbs16-polar__reg-baseline__distr-0__mem-1__win-0", "train_glob": "finewebedu10B/finewebedu_train_*.bin", "output_dir": "foveal_cpt/output/polar/lm_output_kl", "hf_cache": null, "dataset_repo": "kjj0/finewebedu10B-gpt2", "dataset_train_template": "finewebedu_train_{index:06d}.bin", "dataset_validation_file": "finewebedu_val_000000.bin", "auto_download_data": true, "adaptation_mode": "lm_output_kl", "sequence_length": 32768, "batch_tokens": 524288, "microbatch_sequences": 1, "train_tokens": 1000000000, "index_dim": 16, "page_size": 64, "query_block_size": 64, "local_window": 512, "remote_capacity": 64, "top_p": 0.95, "min_remote_pages": 0, "max_remote_pages": 32, "handoff_start_tokens": 50000000, "handoff_end_tokens": 200000000, "initial_top_p": 0.98, "initial_min_remote_pages": 8, "initial_max_remote_pages": 64, "teacher_query_blocks": 4, "teacher_interval": 1, "index_loss_weight": 0.1, "teacher_mean_weight": 0.5, "activation_checkpointing": false, "compile_model": true, "flex_compile": true, "flex_kernel_options": {"BLOCK_M": 64, "BLOCK_N": 64, "PRESCALE_QK": true}, "xent_impl": "eager", "xent_token_chunk": 4096, "xent_vocab_chunk": 2048, "base_lr_scale": 0.1, "index_lr": 0.001, "weight_decay": 0.01, "cooldown_fraction": 0.7, "grad_clip": 1.0, "log_every": 10, "save_every": 250, "keep_last_checkpoints": 1, "seed": 1234, "calibration_sequence_length": 4096, "calibration_batch_tokens": 65536, "calibration_tokens": 20000000, "calibration_lr": 0.001}, "adaptation_mode": "lm_output_kl", "base_checkpoint": "ChavyvAkvar/atma-10b-L40S-mbs16-polar__reg-baseline__distr-0__mem-1__win-0", "sequence_length": 32768, "local_window": 512}, "model_unsupported": [], "serving_metrics": null}
===END===
[run] done in 328.8s -> /home/sagemaker-user/atma/benchmarks/logs/foveal_cpt/retrieval_retrieval_synthetic_polar_lm_output_kl_761c38dfd3.log
