You are using version 1 of 'kernels-community/causal-conv1d', but version 2 is available.
[run] benchmark=retrieval model=/home/sagemaker-user/.cache/huggingface/hub/models--ChavyvAkvar--atma-foveal-cpt-all/snapshots/e4cf2558793646c26d9e5a6c6eeadb4e1011cad3/rope/local/cpt tasks=['passkey', 'niah'] lengths=['2k', '4k', '8k', '16k', '32k', '64k', '128k', '256k'] samples=10 gamma_clamp=None

Fetching 8 files:   0%|          | 0/8 [00:00<?, ?it/s]
Fetching 8 files: 100%|██████████| 8/8 [00:00<00:00, 1615.14it/s]

Fetching 4 files:   0%|          | 0/4 [00:00<?, ?it/s]
Fetching 4 files: 100%|██████████| 4/4 [00:00<00:00, 1544.29it/s]

Fetching 4 files:   0%|          | 0/4 [00:00<?, ?it/s]
Fetching 4 files: 100%|██████████| 4/4 [00:00<00:00, 1487.08it/s]
[retrieval] passkey len=  2k depth= 0.1: token_acc=4.0% exact=0.0% nll=5.2865
[retrieval] passkey len=  2k depth= 0.5: token_acc=4.0% exact=0.0% nll=5.2734
[retrieval] passkey len=  2k depth= 0.9: token_acc=98.0% exact=90.0% nll=0.1912
[retrieval] passkey len=  4k depth= 0.1: token_acc=0.0% exact=0.0% nll=5.2323
[retrieval] passkey len=  4k depth= 0.5: token_acc=0.0% exact=0.0% nll=5.2218
[retrieval] passkey len=  4k depth= 0.9: token_acc=98.0% exact=90.0% nll=0.3184
[retrieval] passkey len=  8k depth= 0.1: token_acc=0.0% exact=0.0% nll=5.5409
[retrieval] passkey len=  8k depth= 0.5: token_acc=0.0% exact=0.0% nll=5.5426
[retrieval] passkey len=  8k depth= 0.9: token_acc=0.0% exact=0.0% nll=5.5395
[retrieval] passkey len= 16k depth= 0.1: token_acc=0.0% exact=0.0% nll=5.2170
[retrieval] passkey len= 16k depth= 0.5: token_acc=0.0% exact=0.0% nll=5.2102
[retrieval] passkey len= 16k depth= 0.9: token_acc=0.0% exact=0.0% nll=5.2072
[retrieval] passkey len= 32k depth= 0.1: token_acc=0.0% exact=0.0% nll=5.3648
[retrieval] passkey len= 32k depth= 0.5: token_acc=0.0% exact=0.0% nll=5.3624
[retrieval] passkey len= 32k depth= 0.9: token_acc=0.0% exact=0.0% nll=5.3411
[retrieval] passkey len= 64k depth= 0.1: token_acc=0.0% exact=0.0% nll=6.4107
[retrieval] passkey len= 64k depth= 0.5: token_acc=0.0% exact=0.0% nll=6.4113
[retrieval] passkey len= 64k depth= 0.9: token_acc=0.0% exact=0.0% nll=6.4103
[retrieval] passkey len=128k depth= 0.1: token_acc=0.0% exact=0.0% nll=4.8481
[retrieval] passkey len=128k depth= 0.5: token_acc=0.0% exact=0.0% nll=4.8457
[retrieval] passkey len=128k depth= 0.9: token_acc=0.0% exact=0.0% nll=4.8453
[retrieval] passkey len=256k depth= 0.1: token_acc=0.0% exact=0.0% nll=5.9740
[retrieval] passkey len=256k depth= 0.5: token_acc=0.0% exact=0.0% nll=5.9765
[retrieval] passkey len=256k depth= 0.9: token_acc=0.0% exact=0.0% nll=5.9666
[retrieval]    niah len=  2k depth= 0.1: token_acc=2.0% exact=0.0% nll=4.5736
[retrieval]    niah len=  2k depth= 0.5: token_acc=2.0% exact=0.0% nll=4.5698
[retrieval]    niah len=  2k depth= 0.9: token_acc=88.0% exact=40.0% nll=0.4526
[retrieval]    niah len=  4k depth= 0.1: token_acc=2.0% exact=0.0% nll=4.7294
[retrieval]    niah len=  4k depth= 0.5: token_acc=2.0% exact=0.0% nll=4.7150
[retrieval]    niah len=  4k depth= 0.9: token_acc=94.0% exact=70.0% nll=0.5296
[retrieval]    niah len=  8k depth= 0.1: token_acc=0.0% exact=0.0% nll=4.6133
[retrieval]    niah len=  8k depth= 0.5: token_acc=0.0% exact=0.0% nll=4.6084
[retrieval]    niah len=  8k depth= 0.9: token_acc=2.0% exact=0.0% nll=4.5960
[retrieval]    niah len= 16k depth= 0.1: token_acc=2.0% exact=0.0% nll=4.8258
[retrieval]    niah len= 16k depth= 0.5: token_acc=2.0% exact=0.0% nll=4.8191
[retrieval]    niah len= 16k depth= 0.9: token_acc=2.0% exact=0.0% nll=4.8125
[retrieval]    niah len= 32k depth= 0.1: token_acc=2.0% exact=0.0% nll=5.0761
[retrieval]    niah len= 32k depth= 0.5: token_acc=2.0% exact=0.0% nll=5.0770
[retrieval]    niah len= 32k depth= 0.9: token_acc=2.0% exact=0.0% nll=5.0561
[retrieval]    niah len= 64k depth= 0.1: token_acc=2.0% exact=0.0% nll=5.6069
[retrieval]    niah len= 64k depth= 0.5: token_acc=2.0% exact=0.0% nll=5.6080
[retrieval]    niah len= 64k depth= 0.9: token_acc=2.0% exact=0.0% nll=5.5995
[retrieval]    niah len=128k depth= 0.1: token_acc=2.0% exact=0.0% nll=4.4458
[retrieval]    niah len=128k depth= 0.5: token_acc=2.0% exact=0.0% nll=4.4428
[retrieval]    niah len=128k depth= 0.9: token_acc=2.0% exact=0.0% nll=4.4461
[retrieval]    niah len=256k depth= 0.1: token_acc=0.0% exact=0.0% nll=4.8976
[retrieval]    niah len=256k depth= 0.5: token_acc=0.0% exact=0.0% nll=4.8983
[retrieval]    niah len=256k depth= 0.9: token_acc=0.0% exact=0.0% nll=4.8971
[run] done in 345.7s -> /home/sagemaker-user/atma/benchmarks/logs/foveal_cpt/retrieval_retrieval_real_rope_local_fc841a60f8.log
