[run] benchmark=retrieval model=/home/sagemaker-user/.cache/huggingface/hub/models--ChavyvAkvar--atma-foveal-cpt-all/snapshots/e4cf2558793646c26d9e5a6c6eeadb4e1011cad3/nope/lm_output/cpt tasks=['passkey', 'niah'] lengths=['2k', '4k', '8k', '16k', '32k', '64k', '128k', '256k'] samples=10 gamma_clamp=None
[retrieval] passkey len=  2k depth= 0.1: token_acc=100.0% exact=100.0% nll=0.1704
[retrieval] passkey len=  2k depth= 0.5: token_acc=100.0% exact=100.0% nll=0.1289
[retrieval] passkey len=  2k depth= 0.9: token_acc=96.0% exact=80.0% nll=0.1923
[retrieval] passkey len=  4k depth= 0.1: token_acc=100.0% exact=100.0% nll=0.3967
[retrieval] passkey len=  4k depth= 0.5: token_acc=2.0% exact=0.0% nll=5.0897
[retrieval] passkey len=  4k depth= 0.9: token_acc=98.0% exact=90.0% nll=0.2398
[retrieval] passkey len=  8k depth= 0.1: token_acc=10.0% exact=0.0% nll=4.3752
[retrieval] passkey len=  8k depth= 0.5: token_acc=0.0% exact=0.0% nll=5.3279
[retrieval] passkey len=  8k depth= 0.9: token_acc=0.0% exact=0.0% nll=5.3404
[retrieval] passkey len= 16k depth= 0.1: token_acc=0.0% exact=0.0% nll=5.3008
[retrieval] passkey len= 16k depth= 0.5: token_acc=2.0% exact=0.0% nll=5.4652
[retrieval] passkey len= 16k depth= 0.9: token_acc=0.0% exact=0.0% nll=5.5389
[retrieval] passkey len= 32k depth= 0.1: token_acc=4.0% exact=0.0% nll=5.2814
[retrieval] passkey len= 32k depth= 0.5: token_acc=6.0% exact=0.0% nll=5.0883
[retrieval] passkey len= 32k depth= 0.9: token_acc=4.0% exact=0.0% nll=5.3003
[retrieval] passkey len= 64k depth= 0.1: token_acc=0.0% exact=0.0% nll=6.7226
[retrieval] passkey len= 64k depth= 0.5: token_acc=6.0% exact=0.0% nll=5.7082
[retrieval] passkey len= 64k depth= 0.9: token_acc=0.0% exact=0.0% nll=6.7497
[retrieval] passkey len=128k depth= 0.1: token_acc=6.0% exact=0.0% nll=4.8554
[retrieval] passkey len=128k depth= 0.5: token_acc=4.0% exact=0.0% nll=4.9688
[retrieval] passkey len=128k depth= 0.9: token_acc=4.0% exact=0.0% nll=4.9646
[retrieval] passkey len=256k depth= 0.1: token_acc=2.0% exact=0.0% nll=5.2547
[retrieval] passkey len=256k depth= 0.5: token_acc=2.0% exact=0.0% nll=5.2674
[retrieval] passkey len=256k depth= 0.9: token_acc=4.0% exact=0.0% nll=5.2401
[retrieval]    niah len=  2k depth= 0.1: token_acc=100.0% exact=100.0% nll=0.2289
[retrieval]    niah len=  2k depth= 0.5: token_acc=98.0% exact=90.0% nll=0.3110
[retrieval]    niah len=  2k depth= 0.9: token_acc=100.0% exact=100.0% nll=0.1352
[retrieval]    niah len=  4k depth= 0.1: token_acc=90.0% exact=80.0% nll=0.7816
[retrieval]    niah len=  4k depth= 0.5: token_acc=22.0% exact=0.0% nll=3.9719
[retrieval]    niah len=  4k depth= 0.9: token_acc=100.0% exact=100.0% nll=0.2409
[retrieval]    niah len=  8k depth= 0.1: token_acc=4.0% exact=0.0% nll=4.3385
[retrieval]    niah len=  8k depth= 0.5: token_acc=2.0% exact=0.0% nll=4.3190
[retrieval]    niah len=  8k depth= 0.9: token_acc=2.0% exact=0.0% nll=4.3607
[retrieval]    niah len= 16k depth= 0.1: token_acc=0.0% exact=0.0% nll=5.1763
[retrieval]    niah len= 16k depth= 0.5: token_acc=0.0% exact=0.0% nll=4.9473
[retrieval]    niah len= 16k depth= 0.9: token_acc=0.0% exact=0.0% nll=5.2655
[retrieval]    niah len= 32k depth= 0.1: token_acc=0.0% exact=0.0% nll=5.0147
[retrieval]    niah len= 32k depth= 0.5: token_acc=0.0% exact=0.0% nll=5.0115
[retrieval]    niah len= 32k depth= 0.9: token_acc=0.0% exact=0.0% nll=4.9676
[retrieval]    niah len= 64k depth= 0.1: token_acc=0.0% exact=0.0% nll=5.8461
[retrieval]    niah len= 64k depth= 0.5: token_acc=0.0% exact=0.0% nll=5.7697
[retrieval]    niah len= 64k depth= 0.9: token_acc=0.0% exact=0.0% nll=5.8489
[retrieval]    niah len=128k depth= 0.1: token_acc=2.0% exact=0.0% nll=4.8232
[retrieval]    niah len=128k depth= 0.5: token_acc=2.0% exact=0.0% nll=4.8211
[retrieval]    niah len=128k depth= 0.9: token_acc=2.0% exact=0.0% nll=4.8183
[retrieval]    niah len=256k depth= 0.1: token_acc=0.0% exact=0.0% nll=4.9586
[retrieval]    niah len=256k depth= 0.5: token_acc=0.0% exact=0.0% nll=4.9665
[retrieval]    niah len=256k depth= 0.9: token_acc=0.0% exact=0.0% nll=4.9935

[retrieval] teacher-forced token accuracy %, per kind (rows=length, cols=depth):
  passkey:
    len     0.1    0.5    0.9
      2k  100.0  100.0   96.0
      4k  100.0    2.0   98.0
      8k   10.0    0.0    0.0
     16k    0.0    2.0    0.0
     32k    4.0    6.0    4.0
     64k    0.0    6.0    0.0
    128k    6.0    4.0    4.0
    256k    2.0    2.0    4.0
  niah:
    len     0.1    0.5    0.9
      2k  100.0   98.0  100.0
      4k   90.0   22.0  100.0
      8k    4.0    2.0    2.0
     16k    0.0    0.0    0.0
     32k    0.0    0.0    0.0
     64k    0.0    0.0    0.0
    128k    2.0    2.0    2.0
    256k    0.0    0.0    0.0

===RETRIEVAL_RESULTS_JSON===
{"benchmark": "retrieval", "protocol": "teacher-forced-needle-v2", "kinds": ["passkey", "niah"], "lengths": ["2k", "4k", "8k", "16k", "32k", "64k", "128k", "256k"], "depths": [0.1, 0.5, 0.9], "num_samples": 10, "value_tokens": 5, "seed": 1234, "paired_across_lengths_and_depths": true, "haystack": "codelion/finepdfs-1B", "haystack_revision": null, "results": {"passkey": {"2k": {"0.1": 100.0, "0.5": 100.0, "0.9": 96.0}, "4k": {"0.1": 100.0, "0.5": 2.0, "0.9": 98.0}, "8k": {"0.1": 10.0, "0.5": 0.0, "0.9": 0.0}, "16k": {"0.1": 0.0, "0.5": 2.0, "0.9": 0.0}, "32k": {"0.1": 4.0, "0.5": 6.0, "0.9": 4.0}, "64k": {"0.1": 0.0, "0.5": 6.0, "0.9": 0.0}, "128k": {"0.1": 6.0, "0.5": 4.0, "0.9": 4.0}, "256k": {"0.1": 2.0, "0.5": 2.0, "0.9": 4.0}}, "niah": {"2k": {"0.1": 100.0, "0.5": 98.0, "0.9": 100.0}, "4k": {"0.1": 90.0, "0.5": 22.0, "0.9": 100.0}, "8k": {"0.1": 4.0, "0.5": 2.0, "0.9": 2.0}, "16k": {"0.1": 0.0, "0.5": 0.0, "0.9": 0.0}, "32k": {"0.1": 0.0, "0.5": 0.0, "0.9": 0.0}, "64k": {"0.1": 0.0, "0.5": 0.0, "0.9": 0.0}, "128k": {"0.1": 2.0, "0.5": 2.0, "0.9": 2.0}, "256k": {"0.1": 0.0, "0.5": 0.0, "0.9": 0.0}}}, "exact_results": {"passkey": {"2k": {"0.1": 100.0, "0.5": 100.0, "0.9": 80.0}, "4k": {"0.1": 100.0, "0.5": 0.0, "0.9": 90.0}, "8k": {"0.1": 0.0, "0.5": 0.0, "0.9": 0.0}, "16k": {"0.1": 0.0, "0.5": 0.0, "0.9": 0.0}, "32k": {"0.1": 0.0, "0.5": 0.0, "0.9": 0.0}, "64k": {"0.1": 0.0, "0.5": 0.0, "0.9": 0.0}, "128k": {"0.1": 0.0, "0.5": 0.0, "0.9": 0.0}, "256k": {"0.1": 0.0, "0.5": 0.0, "0.9": 0.0}}, "niah": {"2k": {"0.1": 100.0, "0.5": 90.0, "0.9": 100.0}, "4k": {"0.1": 80.0, "0.5": 0.0, "0.9": 100.0}, "8k": {"0.1": 0.0, "0.5": 0.0, "0.9": 0.0}, "16k": {"0.1": 0.0, "0.5": 0.0, "0.9": 0.0}, "32k": {"0.1": 0.0, "0.5": 0.0, "0.9": 0.0}, "64k": {"0.1": 0.0, "0.5": 0.0, "0.9": 0.0}, "128k": {"0.1": 0.0, "0.5": 0.0, "0.9": 0.0}, "256k": {"0.1": 0.0, "0.5": 0.0, "0.9": 0.0}}}, "nll_results": {"passkey": {"2k": {"0.1": 0.17044832348823546, "0.5": 0.1288691359758377, "0.9": 0.19229356348514556}, "4k": {"0.1": 0.3967230200767517, "0.5": 5.089651679992675, "0.9": 0.23982072353363038}, "8k": {"0.1": 4.3751522827148435, "0.5": 5.327909774780274, "0.9": 5.34043170928955}, "16k": {"0.1": 5.300818519592285, "0.5": 5.4652007293701175, "0.9": 5.538910636901855}, "32k": {"0.1": 5.281408462524414, "0.5": 5.088264007568359, "0.9": 5.300338020324707}, "64k": {"0.1": 6.722598838806152, "0.5": 5.7081589508056645, "0.9": 6.749691925048828}, "128k": {"0.1": 4.855426445007324, "0.5": 4.968843688964844, "0.9": 4.964577255249023}, "256k": {"0.1": 5.254706115722656, "0.5": 5.2673726272583, "0.9": 5.240139083862305}}, "niah": {"2k": {"0.1": 0.22889442324638368, "0.5": 0.3109820926189423, "0.9": 0.1351986438035965}, "4k": {"0.1": 0.7816423869132996, "0.5": 3.9719253253936766, "0.9": 0.24090540051460266}, "8k": {"0.1": 4.338483390808105, "0.5": 4.319009323120117, "0.9": 4.360667495727539}, "16k": {"0.1": 5.176348571777344, "0.5": 4.947293128967285, "0.9": 5.265514335632324}, "32k": {"0.1": 5.014706993103028, "0.5": 5.011471138000489, "0.9": 4.967649459838867}, "64k": {"0.1": 5.846099853515625, "0.5": 5.769719619750976, "0.9": 5.8489145660400395}, "128k": {"0.1": 4.823225746154785, "0.5": 4.821057891845703, "0.9": 4.81827033996582}, "256k": {"0.1": 4.958583221435547, "0.5": 4.966526641845703, "0.9": 4.993484535217285}}}, "oom_cells": [], "elapsed_s": 375.2, "unsupported_checkpoint": false, "model_config": {"vocab_size": 50304, "num_hidden_layers": 16, "hidden_size": 1024, "head_dim": 128, "attn_kernel_size": 4, "conv_kernel_size": 3, "max_position_embeddings": 2048, "rms_norm_eps": 1e-06, "dtype": "torch.bfloat16", "tie_word_embeddings": false, "num_random_keys": 0, "attn_online": false, "attn_k_block": 512, "attn_kernel": "triton", "attn_type": "nope", "polar_variant": "full", "wall_gate_bias": null, "attn_window": 512, "mem_enabled": true, "mem_chunk": 128, "mem_gamma_bias": 3.9, "mem_beta_bias": 0.0, "mem_kernel": "auto", "is_foveal": true, "foveal_config": {"checkpoint": "ChavyvAkvar/atma-10b-L40S-mbs16-nope__reg-baseline__distr-0__mem-1__win-0", "train_glob": "finewebedu10B/finewebedu_train_*.bin", "output_dir": "foveal_cpt/output/nope/lm_output", "hf_cache": null, "dataset_repo": "kjj0/finewebedu10B-gpt2", "dataset_train_template": "finewebedu_train_{index:06d}.bin", "dataset_validation_file": "finewebedu_val_000000.bin", "auto_download_data": true, "adaptation_mode": "lm_output", "sequence_length": 32768, "batch_tokens": 524288, "microbatch_sequences": 1, "train_tokens": 1000000000, "index_dim": 16, "page_size": 64, "query_block_size": 64, "local_window": 512, "remote_capacity": 64, "top_p": 0.95, "min_remote_pages": 0, "max_remote_pages": 32, "handoff_start_tokens": 50000000, "handoff_end_tokens": 200000000, "initial_top_p": 0.98, "initial_min_remote_pages": 8, "initial_max_remote_pages": 64, "teacher_query_blocks": 4, "teacher_interval": 1, "index_loss_weight": 0.1, "teacher_mean_weight": 0.5, "activation_checkpointing": false, "compile_model": true, "flex_compile": true, "flex_kernel_options": {"BLOCK_M": 64, "BLOCK_N": 64, "PRESCALE_QK": true}, "xent_impl": "eager", "xent_token_chunk": 4096, "xent_vocab_chunk": 2048, "base_lr_scale": 0.1, "index_lr": 0.001, "weight_decay": 0.01, "cooldown_fraction": 0.7, "grad_clip": 1.0, "log_every": 10, "save_every": 250, "keep_last_checkpoints": 1, "seed": 1234, "calibration_sequence_length": 4096, "calibration_batch_tokens": 65536, "calibration_tokens": 20000000, "calibration_lr": 0.001}, "adaptation_mode": "lm_output", "base_checkpoint": "ChavyvAkvar/atma-10b-L40S-mbs16-nope__reg-baseline__distr-0__mem-1__win-0", "sequence_length": 32768, "local_window": 512}, "model_unsupported": [], "serving_metrics": null}
===END===
[run] done in 375.2s -> /home/sagemaker-user/atma/benchmarks/logs/foveal_cpt/retrieval_retrieval_real_nope_lm_output_f0a1bb1074.log
