You are using version 1 of 'kernels-community/causal-conv1d', but version 2 is available.
[run] benchmark=retrieval model=/home/sagemaker-user/.cache/huggingface/hub/models--ChavyvAkvar--atma-foveal-cpt-all/snapshots/e4cf2558793646c26d9e5a6c6eeadb4e1011cad3/nope/lm_output/cpt tasks=['passkey', 'niah'] lengths=['2k', '4k', '8k', '16k', '32k', '64k', '128k', '256k'] samples=10 gamma_clamp=None

Fetching 8 files:   0%|          | 0/8 [00:00<?, ?it/s]
Fetching 8 files: 100%|██████████| 8/8 [00:00<00:00, 1866.21it/s]

Fetching 4 files:   0%|          | 0/4 [00:00<?, ?it/s]
Fetching 4 files: 100%|██████████| 4/4 [00:00<00:00, 1991.36it/s]
Warning: You are sending unauthenticated requests to the HF Hub. Please set a HF_TOKEN to enable higher rate limits and faster downloads.

Fetching 4 files:   0%|          | 0/4 [00:00<?, ?it/s]
Fetching 4 files: 100%|██████████| 4/4 [00:00<00:00, 1903.47it/s]
[retrieval] passkey len=  2k depth= 0.1: token_acc=76.0% exact=60.0% nll=1.3945
[retrieval] passkey len=  2k depth= 0.5: token_acc=78.0% exact=40.0% nll=1.0984
[retrieval] passkey len=  2k depth= 0.9: token_acc=96.0% exact=80.0% nll=0.2941
[retrieval] passkey len=  4k depth= 0.1: token_acc=32.0% exact=10.0% nll=2.6491
[retrieval] passkey len=  4k depth= 0.5: token_acc=30.0% exact=0.0% nll=3.1922
[retrieval] passkey len=  4k depth= 0.9: token_acc=94.0% exact=70.0% nll=0.3648
[retrieval] passkey len=  8k depth= 0.1: token_acc=30.0% exact=10.0% nll=2.6982
[retrieval] passkey len=  8k depth= 0.5: token_acc=14.0% exact=0.0% nll=3.9173
[retrieval] passkey len=  8k depth= 0.9: token_acc=12.0% exact=0.0% nll=3.9660
[retrieval] passkey len= 16k depth= 0.1: token_acc=12.0% exact=0.0% nll=3.3942
[retrieval] passkey len= 16k depth= 0.5: token_acc=2.0% exact=0.0% nll=4.3189
[retrieval] passkey len= 16k depth= 0.9: token_acc=2.0% exact=0.0% nll=4.3156
[retrieval] passkey len= 32k depth= 0.1: token_acc=12.0% exact=0.0% nll=3.5188
[retrieval] passkey len= 32k depth= 0.5: token_acc=0.0% exact=0.0% nll=4.5649
[retrieval] passkey len= 32k depth= 0.9: token_acc=8.0% exact=0.0% nll=4.1763
[retrieval] passkey len= 64k depth= 0.1: token_acc=4.0% exact=0.0% nll=4.0855
[retrieval] passkey len= 64k depth= 0.5: token_acc=2.0% exact=0.0% nll=4.6842
[retrieval] passkey len= 64k depth= 0.9: token_acc=8.0% exact=0.0% nll=4.3954
[retrieval] passkey len=128k depth= 0.1: token_acc=4.0% exact=0.0% nll=4.3782
[retrieval] passkey len=128k depth= 0.5: token_acc=0.0% exact=0.0% nll=4.5867
[retrieval] passkey len=128k depth= 0.9: token_acc=0.0% exact=0.0% nll=4.5814
[retrieval] passkey len=256k depth= 0.1: token_acc=14.0% exact=0.0% nll=4.1241
[retrieval] passkey len=256k depth= 0.5: token_acc=4.0% exact=0.0% nll=4.3902
[retrieval] passkey len=256k depth= 0.9: token_acc=2.0% exact=0.0% nll=4.4384
[retrieval]    niah len=  2k depth= 0.1: token_acc=54.0% exact=30.0% nll=2.3988
[retrieval]    niah len=  2k depth= 0.5: token_acc=88.0% exact=80.0% nll=0.8978
[retrieval]    niah len=  2k depth= 0.9: token_acc=98.0% exact=90.0% nll=0.3055
[retrieval]    niah len=  4k depth= 0.1: token_acc=74.0% exact=50.0% nll=1.2073
[retrieval]    niah len=  4k depth= 0.5: token_acc=24.0% exact=0.0% nll=2.7401
[retrieval]    niah len=  4k depth= 0.9: token_acc=98.0% exact=90.0% nll=0.3156
[retrieval]    niah len=  8k depth= 0.1: token_acc=24.0% exact=0.0% nll=2.9628
[retrieval]    niah len=  8k depth= 0.5: token_acc=14.0% exact=0.0% nll=3.6979
[retrieval]    niah len=  8k depth= 0.9: token_acc=0.0% exact=0.0% nll=4.3070
[retrieval]    niah len= 16k depth= 0.1: token_acc=14.0% exact=0.0% nll=3.2895
[retrieval]    niah len= 16k depth= 0.5: token_acc=0.0% exact=0.0% nll=4.6411
[retrieval]    niah len= 16k depth= 0.9: token_acc=0.0% exact=0.0% nll=4.6056
[retrieval]    niah len= 32k depth= 0.1: token_acc=2.0% exact=0.0% nll=3.8830
[retrieval]    niah len= 32k depth= 0.5: token_acc=0.0% exact=0.0% nll=4.4824
[retrieval]    niah len= 32k depth= 0.9: token_acc=0.0% exact=0.0% nll=4.4590
[retrieval]    niah len= 64k depth= 0.1: token_acc=0.0% exact=0.0% nll=4.5618
[retrieval]    niah len= 64k depth= 0.5: token_acc=2.0% exact=0.0% nll=4.5062
[retrieval]    niah len= 64k depth= 0.9: token_acc=0.0% exact=0.0% nll=4.5709
[retrieval]    niah len=128k depth= 0.1: token_acc=0.0% exact=0.0% nll=4.4769
[retrieval]    niah len=128k depth= 0.5: token_acc=0.0% exact=0.0% nll=4.4817
[retrieval]    niah len=128k depth= 0.9: token_acc=0.0% exact=0.0% nll=4.4674
[retrieval]    niah len=256k depth= 0.1: token_acc=0.0% exact=0.0% nll=4.4131
[retrieval]    niah len=256k depth= 0.5: token_acc=0.0% exact=0.0% nll=4.4115
[retrieval]    niah len=256k depth= 0.9: token_acc=0.0% exact=0.0% nll=4.2793
[run] done in 379.6s -> /home/sagemaker-user/atma/benchmarks/logs/foveal_cpt/retrieval_retrieval_synthetic_nope_lm_output_fc4c87df50.log
