[run] benchmark=retrieval model=/home/sagemaker-user/.cache/huggingface/hub/models--ChavyvAkvar--atma-foveal-cpt-all/snapshots/e4cf2558793646c26d9e5a6c6eeadb4e1011cad3/nope/kl/cpt tasks=['passkey', 'niah'] lengths=['2k', '4k', '8k', '16k', '32k', '64k', '128k', '256k'] samples=10 gamma_clamp=None
[retrieval] passkey len=  2k depth= 0.1: token_acc=100.0% exact=100.0% nll=0.1389
[retrieval] passkey len=  2k depth= 0.5: token_acc=94.0% exact=70.0% nll=0.3645
[retrieval] passkey len=  2k depth= 0.9: token_acc=96.0% exact=80.0% nll=0.2213
[retrieval] passkey len=  4k depth= 0.1: token_acc=0.0% exact=0.0% nll=5.6074
[retrieval] passkey len=  4k depth= 0.5: token_acc=98.0% exact=90.0% nll=0.2257
[retrieval] passkey len=  4k depth= 0.9: token_acc=98.0% exact=90.0% nll=0.2868
[retrieval] passkey len=  8k depth= 0.1: token_acc=0.0% exact=0.0% nll=5.2266
[retrieval] passkey len=  8k depth= 0.5: token_acc=46.0% exact=0.0% nll=3.0123
[retrieval] passkey len=  8k depth= 0.9: token_acc=98.0% exact=90.0% nll=0.2401
[retrieval] passkey len= 16k depth= 0.1: token_acc=0.0% exact=0.0% nll=5.2419
[retrieval] passkey len= 16k depth= 0.5: token_acc=0.0% exact=0.0% nll=5.2736
[retrieval] passkey len= 16k depth= 0.9: token_acc=4.0% exact=0.0% nll=5.1357
[retrieval] passkey len= 32k depth= 0.1: token_acc=2.0% exact=0.0% nll=5.5708
[retrieval] passkey len= 32k depth= 0.5: token_acc=2.0% exact=0.0% nll=5.5694
[retrieval] passkey len= 32k depth= 0.9: token_acc=20.0% exact=0.0% nll=4.2755
[retrieval] passkey len= 64k depth= 0.1: token_acc=0.0% exact=0.0% nll=6.5965
[retrieval] passkey len= 64k depth= 0.5: token_acc=0.0% exact=0.0% nll=6.3881
[retrieval] passkey len= 64k depth= 0.9: token_acc=0.0% exact=0.0% nll=6.4558
[retrieval] passkey len=128k depth= 0.1: token_acc=4.0% exact=0.0% nll=5.0806
[retrieval] passkey len=128k depth= 0.5: token_acc=2.0% exact=0.0% nll=5.0728
[retrieval] passkey len=128k depth= 0.9: token_acc=2.0% exact=0.0% nll=5.0523
[retrieval] passkey len=256k depth= 0.1: token_acc=2.0% exact=0.0% nll=5.5661
[retrieval] passkey len=256k depth= 0.5: token_acc=2.0% exact=0.0% nll=5.6123
[retrieval] passkey len=256k depth= 0.9: token_acc=2.0% exact=0.0% nll=5.6617
[retrieval]    niah len=  2k depth= 0.1: token_acc=100.0% exact=100.0% nll=0.1817
[retrieval]    niah len=  2k depth= 0.5: token_acc=80.0% exact=0.0% nll=1.0614
[retrieval]    niah len=  2k depth= 0.9: token_acc=100.0% exact=100.0% nll=0.1177
[retrieval]    niah len=  4k depth= 0.1: token_acc=0.0% exact=0.0% nll=5.2280
[retrieval]    niah len=  4k depth= 0.5: token_acc=100.0% exact=100.0% nll=0.2492
[retrieval]    niah len=  4k depth= 0.9: token_acc=100.0% exact=100.0% nll=0.2446
[retrieval]    niah len=  8k depth= 0.1: token_acc=0.0% exact=0.0% nll=4.6259
[retrieval]    niah len=  8k depth= 0.5: token_acc=0.0% exact=0.0% nll=4.4849
[retrieval]    niah len=  8k depth= 0.9: token_acc=100.0% exact=100.0% nll=0.1120
[retrieval]    niah len= 16k depth= 0.1: token_acc=0.0% exact=0.0% nll=5.1854
[retrieval]    niah len= 16k depth= 0.5: token_acc=0.0% exact=0.0% nll=5.1857
[retrieval]    niah len= 16k depth= 0.9: token_acc=0.0% exact=0.0% nll=5.6895
[retrieval]    niah len= 32k depth= 0.1: token_acc=0.0% exact=0.0% nll=4.9072
[retrieval]    niah len= 32k depth= 0.5: token_acc=0.0% exact=0.0% nll=4.9188
[retrieval]    niah len= 32k depth= 0.9: token_acc=26.0% exact=0.0% nll=3.2928
[retrieval]    niah len= 64k depth= 0.1: token_acc=0.0% exact=0.0% nll=6.2295
[retrieval]    niah len= 64k depth= 0.5: token_acc=0.0% exact=0.0% nll=6.1107
[retrieval]    niah len= 64k depth= 0.9: token_acc=0.0% exact=0.0% nll=6.3067
[retrieval]    niah len=128k depth= 0.1: token_acc=2.0% exact=0.0% nll=4.8152
[retrieval]    niah len=128k depth= 0.5: token_acc=2.0% exact=0.0% nll=4.7972
[retrieval]    niah len=128k depth= 0.9: token_acc=0.0% exact=0.0% nll=4.7901
[retrieval]    niah len=256k depth= 0.1: token_acc=0.0% exact=0.0% nll=5.0640
[retrieval]    niah len=256k depth= 0.5: token_acc=0.0% exact=0.0% nll=5.0264
[retrieval]    niah len=256k depth= 0.9: token_acc=0.0% exact=0.0% nll=5.0874

[retrieval] teacher-forced token accuracy %, per kind (rows=length, cols=depth):
  passkey:
    len     0.1    0.5    0.9
      2k  100.0   94.0   96.0
      4k    0.0   98.0   98.0
      8k    0.0   46.0   98.0
     16k    0.0    0.0    4.0
     32k    2.0    2.0   20.0
     64k    0.0    0.0    0.0
    128k    4.0    2.0    2.0
    256k    2.0    2.0    2.0
  niah:
    len     0.1    0.5    0.9
      2k  100.0   80.0  100.0
      4k    0.0  100.0  100.0
      8k    0.0    0.0  100.0
     16k    0.0    0.0    0.0
     32k    0.0    0.0   26.0
     64k    0.0    0.0    0.0
    128k    2.0    2.0    0.0
    256k    0.0    0.0    0.0

===RETRIEVAL_RESULTS_JSON===
{"benchmark": "retrieval", "protocol": "teacher-forced-needle-v2", "kinds": ["passkey", "niah"], "lengths": ["2k", "4k", "8k", "16k", "32k", "64k", "128k", "256k"], "depths": [0.1, 0.5, 0.9], "num_samples": 10, "value_tokens": 5, "seed": 1234, "paired_across_lengths_and_depths": true, "haystack": "codelion/finepdfs-1B", "haystack_revision": null, "results": {"passkey": {"2k": {"0.1": 100.0, "0.5": 94.0, "0.9": 96.0}, "4k": {"0.1": 0.0, "0.5": 98.0, "0.9": 98.0}, "8k": {"0.1": 0.0, "0.5": 46.0, "0.9": 98.0}, "16k": {"0.1": 0.0, "0.5": 0.0, "0.9": 4.0}, "32k": {"0.1": 2.0, "0.5": 2.0, "0.9": 20.0}, "64k": {"0.1": 0.0, "0.5": 0.0, "0.9": 0.0}, "128k": {"0.1": 4.0, "0.5": 2.0, "0.9": 2.0}, "256k": {"0.1": 2.0, "0.5": 2.0, "0.9": 2.0}}, "niah": {"2k": {"0.1": 100.0, "0.5": 80.0, "0.9": 100.0}, "4k": {"0.1": 0.0, "0.5": 100.0, "0.9": 100.0}, "8k": {"0.1": 0.0, "0.5": 0.0, "0.9": 100.0}, "16k": {"0.1": 0.0, "0.5": 0.0, "0.9": 0.0}, "32k": {"0.1": 0.0, "0.5": 0.0, "0.9": 26.0}, "64k": {"0.1": 0.0, "0.5": 0.0, "0.9": 0.0}, "128k": {"0.1": 2.0, "0.5": 2.0, "0.9": 0.0}, "256k": {"0.1": 0.0, "0.5": 0.0, "0.9": 0.0}}}, "exact_results": {"passkey": {"2k": {"0.1": 100.0, "0.5": 70.0, "0.9": 80.0}, "4k": {"0.1": 0.0, "0.5": 90.0, "0.9": 90.0}, "8k": {"0.1": 0.0, "0.5": 0.0, "0.9": 90.0}, "16k": {"0.1": 0.0, "0.5": 0.0, "0.9": 0.0}, "32k": {"0.1": 0.0, "0.5": 0.0, "0.9": 0.0}, "64k": {"0.1": 0.0, "0.5": 0.0, "0.9": 0.0}, "128k": {"0.1": 0.0, "0.5": 0.0, "0.9": 0.0}, "256k": {"0.1": 0.0, "0.5": 0.0, "0.9": 0.0}}, "niah": {"2k": {"0.1": 100.0, "0.5": 0.0, "0.9": 100.0}, "4k": {"0.1": 0.0, "0.5": 100.0, "0.9": 100.0}, "8k": {"0.1": 0.0, "0.5": 0.0, "0.9": 100.0}, "16k": {"0.1": 0.0, "0.5": 0.0, "0.9": 0.0}, "32k": {"0.1": 0.0, "0.5": 0.0, "0.9": 0.0}, "64k": {"0.1": 0.0, "0.5": 0.0, "0.9": 0.0}, "128k": {"0.1": 0.0, "0.5": 0.0, "0.9": 0.0}, "256k": {"0.1": 0.0, "0.5": 0.0, "0.9": 0.0}}}, "nll_results": {"passkey": {"2k": {"0.1": 0.13891287088394166, "0.5": 0.36451767742633817, "0.9": 0.22131893575191497}, "4k": {"0.1": 5.607432670593262, "0.5": 0.22570207715034485, "0.9": 0.28683436393737793}, "8k": {"0.1": 5.226562118530273, "0.5": 3.0123212242126467, "0.9": 0.24008070230484008}, "16k": {"0.1": 5.241887168884277, "0.5": 5.273648490905762, "0.9": 5.135695266723633}, "32k": {"0.1": 5.570757865905762, "0.5": 5.569444160461426, "0.9": 4.275523853302002}, "64k": {"0.1": 6.596537780761719, "0.5": 6.388071708679199, "0.9": 6.455811309814453}, "128k": {"0.1": 5.080580177307129, "0.5": 5.072778244018554, "0.9": 5.052274742126465}, "256k": {"0.1": 5.566146812438965, "0.5": 5.612323989868164, "0.9": 5.661749343872071}}, "niah": {"2k": {"0.1": 0.18171077966690063, "0.5": 1.061440839767456, "0.9": 0.11769564807415009}, "4k": {"0.1": 5.228033409118653, "0.5": 0.24924800038337708, "0.9": 0.24460252165794372}, "8k": {"0.1": 4.625854225158691, "0.5": 4.484874992370606, "0.9": 0.11202364325523377}, "16k": {"0.1": 5.185410118103027, "0.5": 5.185707855224609, "0.9": 5.689517288208008}, "32k": {"0.1": 4.907191619873047, "0.5": 4.918822479248047, "0.9": 3.2928398513793944}, "64k": {"0.1": 6.229470138549805, "0.5": 6.110746879577636, "0.9": 6.306720695495605}, "128k": {"0.1": 4.815197639465332, "0.5": 4.797234001159668, "0.9": 4.790123558044433}, "256k": {"0.1": 5.0640261840820315, "0.5": 5.026414375305176, "0.9": 5.087366981506348}}}, "oom_cells": [], "elapsed_s": 374.3, "unsupported_checkpoint": false, "model_config": {"vocab_size": 50304, "num_hidden_layers": 16, "hidden_size": 1024, "head_dim": 128, "attn_kernel_size": 4, "conv_kernel_size": 3, "max_position_embeddings": 2048, "rms_norm_eps": 1e-06, "dtype": "torch.bfloat16", "tie_word_embeddings": false, "num_random_keys": 0, "attn_online": false, "attn_k_block": 512, "attn_kernel": "triton", "attn_type": "nope", "polar_variant": "full", "wall_gate_bias": null, "attn_window": 512, "mem_enabled": true, "mem_chunk": 128, "mem_gamma_bias": 3.9, "mem_beta_bias": 0.0, "mem_kernel": "auto", "is_foveal": true, "foveal_config": {"checkpoint": "ChavyvAkvar/atma-10b-L40S-mbs16-nope__reg-baseline__distr-0__mem-1__win-0", "train_glob": "finewebedu10B/finewebedu_train_*.bin", "output_dir": "foveal_cpt/output/nope/kl", "hf_cache": null, "dataset_repo": "kjj0/finewebedu10B-gpt2", "dataset_train_template": "finewebedu_train_{index:06d}.bin", "dataset_validation_file": "finewebedu_val_000000.bin", "auto_download_data": true, "adaptation_mode": "kl", "sequence_length": 32768, "batch_tokens": 524288, "microbatch_sequences": 1, "train_tokens": 1000000000, "index_dim": 16, "page_size": 64, "query_block_size": 64, "local_window": 512, "remote_capacity": 64, "top_p": 0.95, "min_remote_pages": 0, "max_remote_pages": 32, "handoff_start_tokens": 50000000, "handoff_end_tokens": 200000000, "initial_top_p": 0.98, "initial_min_remote_pages": 8, "initial_max_remote_pages": 64, "teacher_query_blocks": 4, "teacher_interval": 1, "index_loss_weight": 0.1, "teacher_mean_weight": 0.5, "activation_checkpointing": false, "compile_model": true, "flex_compile": true, "flex_kernel_options": {"BLOCK_M": 64, "BLOCK_N": 64, "PRESCALE_QK": true}, "xent_impl": "eager", "xent_token_chunk": 4096, "xent_vocab_chunk": 2048, "base_lr_scale": 0.1, "index_lr": 0.001, "weight_decay": 0.01, "cooldown_fraction": 0.7, "grad_clip": 1.0, "log_every": 10, "save_every": 250, "keep_last_checkpoints": 1, "seed": 1234, "calibration_sequence_length": 4096, "calibration_batch_tokens": 65536, "calibration_tokens": 20000000, "calibration_lr": 0.001}, "adaptation_mode": "kl", "base_checkpoint": "ChavyvAkvar/atma-10b-L40S-mbs16-nope__reg-baseline__distr-0__mem-1__win-0", "sequence_length": 32768, "local_window": 512}, "model_unsupported": [], "serving_metrics": null}
===END===
[run] done in 374.3s -> /home/sagemaker-user/atma/benchmarks/logs/foveal_cpt/retrieval_retrieval_real_nope_kl_daecf8ba15.log
