You are using version 1 of 'kernels-community/causal-conv1d', but version 2 is available.
[run] benchmark=retrieval model=/home/sagemaker-user/.cache/huggingface/hub/models--ChavyvAkvar--atma-foveal-cpt-all/snapshots/e4cf2558793646c26d9e5a6c6eeadb4e1011cad3/nope/kl/cpt tasks=['passkey', 'niah'] lengths=['2k', '4k', '8k', '16k', '32k', '64k', '128k', '256k'] samples=10 gamma_clamp=None

Fetching 8 files:   0%|          | 0/8 [00:00<?, ?it/s]
Fetching 8 files: 100%|██████████| 8/8 [00:00<00:00, 1554.53it/s]

Fetching 4 files:   0%|          | 0/4 [00:00<?, ?it/s]
Fetching 4 files: 100%|██████████| 4/4 [00:00<00:00, 1566.50it/s]

Fetching 4 files:   0%|          | 0/4 [00:00<?, ?it/s]
Fetching 4 files: 100%|██████████| 4/4 [00:00<00:00, 1511.05it/s]
[retrieval] passkey len=  2k depth= 0.1: token_acc=100.0% exact=100.0% nll=0.1389
[retrieval] passkey len=  2k depth= 0.5: token_acc=94.0% exact=70.0% nll=0.3645
[retrieval] passkey len=  2k depth= 0.9: token_acc=96.0% exact=80.0% nll=0.2213
[retrieval] passkey len=  4k depth= 0.1: token_acc=0.0% exact=0.0% nll=5.6074
[retrieval] passkey len=  4k depth= 0.5: token_acc=98.0% exact=90.0% nll=0.2257
[retrieval] passkey len=  4k depth= 0.9: token_acc=98.0% exact=90.0% nll=0.2868
[retrieval] passkey len=  8k depth= 0.1: token_acc=0.0% exact=0.0% nll=5.2266
[retrieval] passkey len=  8k depth= 0.5: token_acc=46.0% exact=0.0% nll=3.0123
[retrieval] passkey len=  8k depth= 0.9: token_acc=98.0% exact=90.0% nll=0.2401
[retrieval] passkey len= 16k depth= 0.1: token_acc=0.0% exact=0.0% nll=5.2419
[retrieval] passkey len= 16k depth= 0.5: token_acc=0.0% exact=0.0% nll=5.2736
[retrieval] passkey len= 16k depth= 0.9: token_acc=4.0% exact=0.0% nll=5.1357
[retrieval] passkey len= 32k depth= 0.1: token_acc=2.0% exact=0.0% nll=5.5708
[retrieval] passkey len= 32k depth= 0.5: token_acc=2.0% exact=0.0% nll=5.5694
[retrieval] passkey len= 32k depth= 0.9: token_acc=20.0% exact=0.0% nll=4.2755
[retrieval] passkey len= 64k depth= 0.1: token_acc=0.0% exact=0.0% nll=6.5965
[retrieval] passkey len= 64k depth= 0.5: token_acc=0.0% exact=0.0% nll=6.3881
[retrieval] passkey len= 64k depth= 0.9: token_acc=0.0% exact=0.0% nll=6.4558
[retrieval] passkey len=128k depth= 0.1: token_acc=4.0% exact=0.0% nll=5.0806
[retrieval] passkey len=128k depth= 0.5: token_acc=2.0% exact=0.0% nll=5.0728
[retrieval] passkey len=128k depth= 0.9: token_acc=2.0% exact=0.0% nll=5.0523
[retrieval] passkey len=256k depth= 0.1: token_acc=2.0% exact=0.0% nll=5.5661
[retrieval] passkey len=256k depth= 0.5: token_acc=2.0% exact=0.0% nll=5.6123
[retrieval] passkey len=256k depth= 0.9: token_acc=2.0% exact=0.0% nll=5.6617
[retrieval]    niah len=  2k depth= 0.1: token_acc=100.0% exact=100.0% nll=0.1817
[retrieval]    niah len=  2k depth= 0.5: token_acc=80.0% exact=0.0% nll=1.0614
[retrieval]    niah len=  2k depth= 0.9: token_acc=100.0% exact=100.0% nll=0.1177
[retrieval]    niah len=  4k depth= 0.1: token_acc=0.0% exact=0.0% nll=5.2280
[retrieval]    niah len=  4k depth= 0.5: token_acc=100.0% exact=100.0% nll=0.2492
[retrieval]    niah len=  4k depth= 0.9: token_acc=100.0% exact=100.0% nll=0.2446
[retrieval]    niah len=  8k depth= 0.1: token_acc=0.0% exact=0.0% nll=4.6259
[retrieval]    niah len=  8k depth= 0.5: token_acc=0.0% exact=0.0% nll=4.4849
[retrieval]    niah len=  8k depth= 0.9: token_acc=100.0% exact=100.0% nll=0.1120
[retrieval]    niah len= 16k depth= 0.1: token_acc=0.0% exact=0.0% nll=5.1854
[retrieval]    niah len= 16k depth= 0.5: token_acc=0.0% exact=0.0% nll=5.1857
[retrieval]    niah len= 16k depth= 0.9: token_acc=0.0% exact=0.0% nll=5.6895
[retrieval]    niah len= 32k depth= 0.1: token_acc=0.0% exact=0.0% nll=4.9072
[retrieval]    niah len= 32k depth= 0.5: token_acc=0.0% exact=0.0% nll=4.9188
[retrieval]    niah len= 32k depth= 0.9: token_acc=26.0% exact=0.0% nll=3.2928
[retrieval]    niah len= 64k depth= 0.1: token_acc=0.0% exact=0.0% nll=6.2295
[retrieval]    niah len= 64k depth= 0.5: token_acc=0.0% exact=0.0% nll=6.1107
[retrieval]    niah len= 64k depth= 0.9: token_acc=0.0% exact=0.0% nll=6.3067
[retrieval]    niah len=128k depth= 0.1: token_acc=2.0% exact=0.0% nll=4.8152
[retrieval]    niah len=128k depth= 0.5: token_acc=2.0% exact=0.0% nll=4.7972
[retrieval]    niah len=128k depth= 0.9: token_acc=0.0% exact=0.0% nll=4.7901
[retrieval]    niah len=256k depth= 0.1: token_acc=0.0% exact=0.0% nll=5.0640
[retrieval]    niah len=256k depth= 0.5: token_acc=0.0% exact=0.0% nll=5.0264
[retrieval]    niah len=256k depth= 0.9: token_acc=0.0% exact=0.0% nll=5.0874
[run] done in 374.3s -> /home/sagemaker-user/atma/benchmarks/logs/foveal_cpt/retrieval_retrieval_real_nope_kl_daecf8ba15.log
