Warning: You are sending unauthenticated requests to the HF Hub. Please set a HF_TOKEN to enable higher rate limits and faster downloads.
You are using version 1 of 'kernels-community/causal-conv1d', but version 2 is available.
[run] benchmark=serving model=/home/sagemaker-user/.cache/huggingface/hub/models--ChavyvAkvar--atma-foveal-cpt-all/snapshots/e4cf2558793646c26d9e5a6c6eeadb4e1011cad3/rope/lm_output/cpt tasks=[] lengths=['2k', '4k', '8k', '16k', '32k', '64k', '128k', '256k'] samples=100 gamma_clamp=None

Fetching 8 files:   0%|          | 0/8 [00:00<?, ?it/s]
Fetching 8 files: 100%|██████████| 8/8 [00:00<00:00, 1876.23it/s]

Fetching 4 files:   0%|          | 0/4 [00:00<?, ?it/s]
Fetching 4 files: 100%|██████████| 4/4 [00:00<00:00, 1830.57it/s]
Loading weights from checkpoint: /home/sagemaker-user/.cache/huggingface/hub/models--ChavyvAkvar--atma-foveal-cpt-all/snapshots/e4cf2558793646c26d9e5a6c6eeadb4e1011cad3/rope/lm_output/cpt/cpt-step-001908.pt
KV cache: 4 layers, 16 blocks × 256 (16.8 MB)
Warming up model...
Warmup complete.
Capturing CUDA graphs for decode...
CUDA graphs captured for batch sizes: [1]
[serving] context=   2k prefill=13057.6 tok/s decode=459.5 tok/s peak=0.87 GiB

Fetching 4 files:   0%|          | 0/4 [00:00<?, ?it/s]
Fetching 4 files: 100%|██████████| 4/4 [00:00<00:00, 1639.84it/s]
Loading weights from checkpoint: /home/sagemaker-user/.cache/huggingface/hub/models--ChavyvAkvar--atma-foveal-cpt-all/snapshots/e4cf2558793646c26d9e5a6c6eeadb4e1011cad3/rope/lm_output/cpt/cpt-step-001908.pt
KV cache: 4 layers, 17 blocks × 256 (17.8 MB)
Warming up model...
Warmup complete.
Capturing CUDA graphs for decode...
CUDA graphs captured for batch sizes: [1]
[serving] context=   4k prefill=117100.5 tok/s decode=456.7 tok/s peak=0.97 GiB

Fetching 4 files:   0%|          | 0/4 [00:00<?, ?it/s]
Fetching 4 files: 100%|██████████| 4/4 [00:00<00:00, 1699.47it/s]
Loading weights from checkpoint: /home/sagemaker-user/.cache/huggingface/hub/models--ChavyvAkvar--atma-foveal-cpt-all/snapshots/e4cf2558793646c26d9e5a6c6eeadb4e1011cad3/rope/lm_output/cpt/cpt-step-001908.pt
KV cache: 4 layers, 33 blocks × 256 (34.6 MB)
Warming up model...
Warmup complete.
Capturing CUDA graphs for decode...
CUDA graphs captured for batch sizes: [1]
[serving] context=   8k prefill=151759.7 tok/s decode=461.3 tok/s peak=1.17 GiB

Fetching 4 files:   0%|          | 0/4 [00:00<?, ?it/s]
Fetching 4 files: 100%|██████████| 4/4 [00:00<00:00, 1682.60it/s]
Loading weights from checkpoint: /home/sagemaker-user/.cache/huggingface/hub/models--ChavyvAkvar--atma-foveal-cpt-all/snapshots/e4cf2558793646c26d9e5a6c6eeadb4e1011cad3/rope/lm_output/cpt/cpt-step-001908.pt
KV cache: 4 layers, 65 blocks × 256 (68.2 MB)
Warming up model...
Warmup complete.
Capturing CUDA graphs for decode...
CUDA graphs captured for batch sizes: [1]
[serving] context=  16k prefill=165531.0 tok/s decode=461.0 tok/s peak=1.61 GiB

Fetching 4 files:   0%|          | 0/4 [00:00<?, ?it/s]
Fetching 4 files: 100%|██████████| 4/4 [00:00<00:00, 1812.77it/s]
Loading weights from checkpoint: /home/sagemaker-user/.cache/huggingface/hub/models--ChavyvAkvar--atma-foveal-cpt-all/snapshots/e4cf2558793646c26d9e5a6c6eeadb4e1011cad3/rope/lm_output/cpt/cpt-step-001908.pt
KV cache: 4 layers, 129 blocks × 256 (135.3 MB)
Warming up model...
Warmup complete.
Capturing CUDA graphs for decode...
CUDA graphs captured for batch sizes: [1]
[serving] context=  32k prefill=155151.4 tok/s decode=457.4 tok/s peak=2.39 GiB

Fetching 4 files:   0%|          | 0/4 [00:00<?, ?it/s]
Fetching 4 files: 100%|██████████| 4/4 [00:00<00:00, 1626.49it/s]
Loading weights from checkpoint: /home/sagemaker-user/.cache/huggingface/hub/models--ChavyvAkvar--atma-foveal-cpt-all/snapshots/e4cf2558793646c26d9e5a6c6eeadb4e1011cad3/rope/lm_output/cpt/cpt-step-001908.pt
KV cache: 4 layers, 257 blocks × 256 (269.5 MB)
Warming up model...
Warmup complete.
Capturing CUDA graphs for decode...
CUDA graphs captured for batch sizes: [1]
[serving] context=  64k prefill=154204.6 tok/s decode=458.8 tok/s peak=4.14 GiB

Fetching 4 files:   0%|          | 0/4 [00:00<?, ?it/s]
Fetching 4 files: 100%|██████████| 4/4 [00:00<00:00, 1789.95it/s]
Loading weights from checkpoint: /home/sagemaker-user/.cache/huggingface/hub/models--ChavyvAkvar--atma-foveal-cpt-all/snapshots/e4cf2558793646c26d9e5a6c6eeadb4e1011cad3/rope/lm_output/cpt/cpt-step-001908.pt
KV cache: 4 layers, 513 blocks × 256 (537.9 MB)
Warming up model...
Warmup complete.
Capturing CUDA graphs for decode...
CUDA graphs captured for batch sizes: [1]
[serving] context= 128k prefill=154803.4 tok/s decode=451.3 tok/s peak=7.51 GiB

Fetching 4 files:   0%|          | 0/4 [00:00<?, ?it/s]
Fetching 4 files: 100%|██████████| 4/4 [00:00<00:00, 1749.63it/s]
Loading weights from checkpoint: /home/sagemaker-user/.cache/huggingface/hub/models--ChavyvAkvar--atma-foveal-cpt-all/snapshots/e4cf2558793646c26d9e5a6c6eeadb4e1011cad3/rope/lm_output/cpt/cpt-step-001908.pt
KV cache: 4 layers, 1025 blocks × 256 (1074.8 MB)
Warming up model...
Warmup complete.
Capturing CUDA graphs for decode...
CUDA graphs captured for batch sizes: [1]
[serving] context= 256k prefill=150157.4 tok/s decode=446.3 tok/s peak=14.26 GiB

Fetching 4 files:   0%|          | 0/4 [00:00<?, ?it/s]
Fetching 4 files: 100%|██████████| 4/4 [00:00<00:00, 1827.78it/s]
[run] done in 108.7s -> /home/sagemaker-user/atma/benchmarks/logs/foveal_cpt/serving_serving_generation_rope_lm_output_c51042fd60.log
