Warning: You are sending unauthenticated requests to the HF Hub. Please set a HF_TOKEN to enable higher rate limits and faster downloads.
You are using version 1 of 'kernels-community/causal-conv1d', but version 2 is available.
[run] benchmark=serving model=/home/sagemaker-user/.cache/huggingface/hub/models--ChavyvAkvar--atma-foveal-cpt-all/snapshots/e4cf2558793646c26d9e5a6c6eeadb4e1011cad3/polar/kl/cpt tasks=[] lengths=['2k', '4k', '8k', '16k', '32k', '64k', '128k'] samples=100 gamma_clamp=None

Fetching 8 files:   0%|          | 0/8 [00:00<?, ?it/s]
Fetching 8 files: 100%|██████████| 8/8 [00:00<00:00, 1824.70it/s]

Fetching 4 files:   0%|          | 0/4 [00:00<?, ?it/s]
Fetching 4 files: 100%|██████████| 4/4 [00:00<00:00, 1904.99it/s]
ModelRunner rank 0 starting on device: cuda
Total parameters: 378.22M
Loading weights from checkpoint: /home/sagemaker-user/.cache/huggingface/hub/models--ChavyvAkvar--atma-foveal-cpt-all/snapshots/e4cf2558793646c26d9e5a6c6eeadb4e1011cad3/polar/kl/cpt/cpt-step-001908.pt
Per-seq state tables (conv + mem): 28 keys, 2.2 MB
KV cache: 4 layers, 16 blocks × 256 (16.8 MB)
Warming up model...
Warmup complete.
Capturing CUDA graphs for decode...
CUDA graphs captured for batch sizes: [1]
Warning: Failed loading tokenizer from custom path '/home/sagemaker-user/.cache/huggingface/hub/models--ChavyvAkvar--atma-foveal-cpt-all/snapshots/e4cf2558793646c26d9e5a6c6eeadb4e1011cad3/polar/kl/cpt/cpt-step-001908.pt'. Falling back to standard 'gpt2' tokenizer.
[serving] context=   2k prefill=15100.9 tok/s decode=469.0 tok/s peak=0.87 GiB

Fetching 4 files:   0%|          | 0/4 [00:00<?, ?it/s]
Fetching 4 files: 100%|██████████| 4/4 [00:00<00:00, 1516.38it/s]
ModelRunner rank 0 starting on device: cuda
Total parameters: 378.22M
Loading weights from checkpoint: /home/sagemaker-user/.cache/huggingface/hub/models--ChavyvAkvar--atma-foveal-cpt-all/snapshots/e4cf2558793646c26d9e5a6c6eeadb4e1011cad3/polar/kl/cpt/cpt-step-001908.pt
Per-seq state tables (conv + mem): 28 keys, 2.2 MB
KV cache: 4 layers, 17 blocks × 256 (17.8 MB)
Warming up model...
Warmup complete.
Capturing CUDA graphs for decode...
CUDA graphs captured for batch sizes: [1]
Warning: Failed loading tokenizer from custom path '/home/sagemaker-user/.cache/huggingface/hub/models--ChavyvAkvar--atma-foveal-cpt-all/snapshots/e4cf2558793646c26d9e5a6c6eeadb4e1011cad3/polar/kl/cpt/cpt-step-001908.pt'. Falling back to standard 'gpt2' tokenizer.
[serving] context=   4k prefill=133426.0 tok/s decode=468.5 tok/s peak=0.98 GiB

Fetching 4 files:   0%|          | 0/4 [00:00<?, ?it/s]
Fetching 4 files: 100%|██████████| 4/4 [00:00<00:00, 1698.27it/s]
ModelRunner rank 0 starting on device: cuda
Total parameters: 378.22M
Loading weights from checkpoint: /home/sagemaker-user/.cache/huggingface/hub/models--ChavyvAkvar--atma-foveal-cpt-all/snapshots/e4cf2558793646c26d9e5a6c6eeadb4e1011cad3/polar/kl/cpt/cpt-step-001908.pt
Per-seq state tables (conv + mem): 28 keys, 2.2 MB
KV cache: 4 layers, 33 blocks × 256 (34.6 MB)
Warming up model...
Warmup complete.
Capturing CUDA graphs for decode...
CUDA graphs captured for batch sizes: [1]
Warning: Failed loading tokenizer from custom path '/home/sagemaker-user/.cache/huggingface/hub/models--ChavyvAkvar--atma-foveal-cpt-all/snapshots/e4cf2558793646c26d9e5a6c6eeadb4e1011cad3/polar/kl/cpt/cpt-step-001908.pt'. Falling back to standard 'gpt2' tokenizer.
[serving] context=   8k prefill=174170.7 tok/s decode=467.6 tok/s peak=1.15 GiB

Fetching 4 files:   0%|          | 0/4 [00:00<?, ?it/s]
Fetching 4 files: 100%|██████████| 4/4 [00:00<00:00, 1715.64it/s]
ModelRunner rank 0 starting on device: cuda
Total parameters: 378.22M
Loading weights from checkpoint: /home/sagemaker-user/.cache/huggingface/hub/models--ChavyvAkvar--atma-foveal-cpt-all/snapshots/e4cf2558793646c26d9e5a6c6eeadb4e1011cad3/polar/kl/cpt/cpt-step-001908.pt
Per-seq state tables (conv + mem): 28 keys, 2.2 MB
KV cache: 4 layers, 65 blocks × 256 (68.2 MB)
Warming up model...
Warmup complete.
Capturing CUDA graphs for decode...
CUDA graphs captured for batch sizes: [1]
Warning: Failed loading tokenizer from custom path '/home/sagemaker-user/.cache/huggingface/hub/models--ChavyvAkvar--atma-foveal-cpt-all/snapshots/e4cf2558793646c26d9e5a6c6eeadb4e1011cad3/polar/kl/cpt/cpt-step-001908.pt'. Falling back to standard 'gpt2' tokenizer.
[serving] context=  16k prefill=187445.9 tok/s decode=468.0 tok/s peak=1.54 GiB

Fetching 4 files:   0%|          | 0/4 [00:00<?, ?it/s]
Fetching 4 files: 100%|██████████| 4/4 [00:00<00:00, 1702.75it/s]
ModelRunner rank 0 starting on device: cuda
Total parameters: 378.22M
Loading weights from checkpoint: /home/sagemaker-user/.cache/huggingface/hub/models--ChavyvAkvar--atma-foveal-cpt-all/snapshots/e4cf2558793646c26d9e5a6c6eeadb4e1011cad3/polar/kl/cpt/cpt-step-001908.pt
Per-seq state tables (conv + mem): 28 keys, 2.2 MB
KV cache: 4 layers, 129 blocks × 256 (135.3 MB)
Warming up model...
Warmup complete.
Capturing CUDA graphs for decode...
CUDA graphs captured for batch sizes: [1]
Warning: Failed loading tokenizer from custom path '/home/sagemaker-user/.cache/huggingface/hub/models--ChavyvAkvar--atma-foveal-cpt-all/snapshots/e4cf2558793646c26d9e5a6c6eeadb4e1011cad3/polar/kl/cpt/cpt-step-001908.pt'. Falling back to standard 'gpt2' tokenizer.
[serving] context=  32k prefill=170961.9 tok/s decode=465.1 tok/s peak=2.33 GiB

Fetching 4 files:   0%|          | 0/4 [00:00<?, ?it/s]
Fetching 4 files: 100%|██████████| 4/4 [00:00<00:00, 1723.92it/s]
ModelRunner rank 0 starting on device: cuda
Total parameters: 378.22M
Loading weights from checkpoint: /home/sagemaker-user/.cache/huggingface/hub/models--ChavyvAkvar--atma-foveal-cpt-all/snapshots/e4cf2558793646c26d9e5a6c6eeadb4e1011cad3/polar/kl/cpt/cpt-step-001908.pt
Per-seq state tables (conv + mem): 28 keys, 2.2 MB
KV cache: 4 layers, 257 blocks × 256 (269.5 MB)
Warming up model...
Warmup complete.
Capturing CUDA graphs for decode...
CUDA graphs captured for batch sizes: [1]
Warning: Failed loading tokenizer from custom path '/home/sagemaker-user/.cache/huggingface/hub/models--ChavyvAkvar--atma-foveal-cpt-all/snapshots/e4cf2558793646c26d9e5a6c6eeadb4e1011cad3/polar/kl/cpt/cpt-step-001908.pt'. Falling back to standard 'gpt2' tokenizer.
[serving] context=  64k prefill=171201.3 tok/s decode=462.1 tok/s peak=3.89 GiB

Fetching 4 files:   0%|          | 0/4 [00:00<?, ?it/s]
Fetching 4 files: 100%|██████████| 4/4 [00:00<00:00, 1681.42it/s]
ModelRunner rank 0 starting on device: cuda
Total parameters: 378.22M
Loading weights from checkpoint: /home/sagemaker-user/.cache/huggingface/hub/models--ChavyvAkvar--atma-foveal-cpt-all/snapshots/e4cf2558793646c26d9e5a6c6eeadb4e1011cad3/polar/kl/cpt/cpt-step-001908.pt
Per-seq state tables (conv + mem): 28 keys, 2.2 MB
KV cache: 4 layers, 513 blocks × 256 (537.9 MB)
Warming up model...
Warmup complete.
Capturing CUDA graphs for decode...
CUDA graphs captured for batch sizes: [1]
Warning: Failed loading tokenizer from custom path '/home/sagemaker-user/.cache/huggingface/hub/models--ChavyvAkvar--atma-foveal-cpt-all/snapshots/e4cf2558793646c26d9e5a6c6eeadb4e1011cad3/polar/kl/cpt/cpt-step-001908.pt'. Falling back to standard 'gpt2' tokenizer.
[serving] context= 128k prefill=170383.6 tok/s decode=458.7 tok/s peak=7.26 GiB

Fetching 4 files:   0%|          | 0/4 [00:00<?, ?it/s]
Fetching 4 files: 100%|██████████| 4/4 [00:00<00:00, 1697.07it/s]
[run] done in 94.6s -> /home/sagemaker-user/atma/benchmarks/logs/foveal_cpt/serving_serving_generation_polar_kl_102de2bb91.log
